cargo :     Finished `test` profile [unoptimized + debuginfo] target(s) in 0.52s
At line:1 char:1
+ cargo test --no-fail-fast 2>&1 | Out-File -FilePath test_output.txt - ...
+ ~~~~~~~~~~~~~~~~~~~~~~~~~~~~~~
    + CategoryInfo          : NotSpecified: (    Finished `t...get(s) in 0.52s:String) [], RemoteException
    + FullyQualifiedErrorId : NativeCommandError
 
     Running unittests src\lib.rs (target\debug\deps\baals-4db2144cae90bddb.exe)

running 12 tests
test types::tests::test_merkle_tree_empty ... ok
test types::tests::test_merkle_tree_consistency ... ok
test types::tests::test_merkle_tree_single_leaf ... ok
test types::tests::test_merkle_tree_four_leaves ... ok
test types::tests::test_merkle_tree_three_leaves ... ok
test types::tests::test_merkle_tree_tampered_proof_fails ... ok
test types::tests::test_merkle_tree_wrong_root_fails ... ok
test types::tests::test_block_hash_calculation ... ok
test types::tests::test_merkle_tree_invalid_leaf_index ... ok
test types::tests::test_merkle_tree_two_leaves ... ok
test types::tests::test_sparse_merkle_proof_roundtrip ... ok
test types::tests::test_transaction_signing_and_verification ... ok

test result: ok. 12 passed; 0 failed; 0 ignored; 0 measured; 0 filtered out; finished in 0.03s

     Running unittests src\main.rs (target\debug\deps\baalsd-6d369be512ed6334.exe)

running 0 tests

test result: ok. 0 passed; 0 failed; 0 ignored; 0 measured; 0 filtered out; finished in 0.00s

     Running tests\cli_daemon.rs (target\debug\deps\cli_daemon-9244bf2bda74fb00.exe)

running 1 test
test test_cli_node_daemon_start_and_stop ... ignored, Flaky under Windows test harness with detached daemon process

test result: ok. 0 passed; 0 failed; 1 ignored; 0 measured; 0 filtered out; finished in 0.00s

     Running tests\cli_lifecycle.rs (target\debug\deps\cli_lifecycle-3bb5ef85ebd47f6d.exe)

running 1 test
test test_cli_node_lifecycle_start_status_stop ... FAILED

failures:

---- test_cli_node_lifecycle_start_status_stop stdout ----

thread 'test_cli_node_lifecycle_start_status_stop' (19968) panicked at tests\cli_lifecycle.rs:56:5:
pid file should exist after start
note: run with `RUST_BACKTRACE=1` environment variable to display a backtrace


failures:
    test_cli_node_lifecycle_start_status_stop

test result: FAILED. 0 passed; 1 failed; 0 ignored; 0 measured; 0 filtered out; finished in 10.04s

error: test failed, to rerun pass `--test cli_lifecycle`
     Running tests\golden.rs (target\debug\deps\golden-c695025a969b2dab.exe)

running 1 test
test generate_golden_data ... ok

test result: ok. 1 passed; 0 failed; 0 ignored; 0 measured; 0 filtered out; finished in 0.00s

     Running tests\integration.rs (target\debug\deps\integration-7bfc6d2c1fca7e45.exe)

running 44 tests
[2026-05-07T06:54:29.312Z INFO  integration] [TEST] Starting test_contract_deploy_and_execution
[2026-05-07T06:54:29.312Z INFO  integration] [TEST] Starting test_block_production_and_chain_state
[2026-05-07T06:54:29.312Z INFO  integration] [TEST] Starting contract gas metering tests
test golden::generate_golden_data ... ok
[2026-05-07T06:54:29.395Z INFO  integration] [TEST] Contract gas metering tests completed successfully
[2026-05-07T06:54:29.396Z INFO  baals::runtime] BaaLS Runtime started (auto-block disabled)
[2026-05-07T06:54:29.396Z INFO  baals::runtime] BaaLS Runtime started (auto-block disabled)
[2026-05-07T06:54:29.396Z INFO  baals::runtime] BaaLS Runtime started (auto-block disabled)
[2026-05-07T06:54:29.397Z INFO  baals::runtime] BaaLS Runtime started (auto-block disabled)
[2026-05-07T06:54:29.400Z INFO  baals::runtime] BaaLS Runtime started (auto-block disabled)
[2026-05-07T06:54:29.402Z INFO  baals::runtime] BaaLS Runtime started (auto-block disabled)
test test_contract_gas_metering ... ok
[2026-05-07T06:54:29.406Z INFO  baals::runtime] [RUNTIME] Deploying contract from deployer: 
8b0166f1593c8f5e6af3363336b497926472ac6120b51a41fe1c31bde3838406
[2026-05-07T06:54:29.409Z INFO  integration] [P0-5] Starting fork/reorg test with common ancestor
[2026-05-07T06:54:29.411Z INFO  baals::runtime] Transaction submitted: 
ee999d60bff5677e2aaeab248a1d9b0ff8e8ab6a623f9f5bbe69070a9c69ef4a
[2026-05-07T06:54:29.412Z INFO  baals::consensus] [CONSENSUS] Starting block generation
[2026-05-07T06:54:29.412Z INFO  baals::consensus] [CONSENSUS] Previous block: index=0, 
hash=10eef285deef7a4b7c82b22aa53589b7833df29de3814649c772bbd5c832f365
[2026-05-07T06:54:29.412Z INFO  baals::consensus] [CONSENSUS] Selected 1 transactions (gas=100000, size=656 bytes)
[2026-05-07T06:54:29.413Z INFO  baals::consensus] [CONSENSUS] Block generation completed: index=1, 
hash=0fc65cf7cf9a8dcaaad7de512a373040c8759b35ab57e3ad82a0f7ca644c1388
[2026-05-07T06:54:29.413Z INFO  baals::ledger] [LEDGER] Starting block validation
[2026-05-07T06:54:29.414Z INFO  baals::runtime] Transaction submitted: 
eb497f39eccd705fe1fe6acb064aa70379bfd09fe077835959a9db62ff98c721
[2026-05-07T06:54:29.416Z INFO  baals::consensus] [CONSENSUS] Starting block generation
[2026-05-07T06:54:29.416Z INFO  baals::consensus] [CONSENSUS] Previous block: index=0, 
hash=10eef285deef7a4b7c82b22aa53589b7833df29de3814649c772bbd5c832f365
[2026-05-07T06:54:29.417Z INFO  baals::consensus] [CONSENSUS] Selected 1 transactions (gas=500000, size=769 bytes)
[2026-05-07T06:54:29.417Z INFO  baals::consensus] [CONSENSUS] Block generation completed: index=1, 
hash=00c79a81dd593ca51a9d75a302c2519f67b75ec1b433f5ac43edfb229f7347ad
[2026-05-07T06:54:29.417Z INFO  baals::ledger] [LEDGER] Starting block validation
[2026-05-07T06:54:29.418Z INFO  baals::runtime] Transaction submitted: 
926f1592553cde2fa8cb185c3bd4dfdd9a203019d0da933a78a58f29b166e8e0
[2026-05-07T06:54:29.421Z INFO  baals::runtime] Transaction submitted: 
db8438cf5b82d4c27858caba1b0ef0e783b16115d61601e91ec57f8dd86ebc23
[2026-05-07T06:54:29.426Z INFO  baals::ledger] [LEDGER] Block validation completed successfully
[2026-05-07T06:54:29.428Z INFO  baals::contracts] [CONTRACTS] Contract deployed: 
ef6ab5f8f39adce51b0e35a1a13ed6ce978a8fc5317c0db06ee15c1d153bbc3d
[2026-05-07T06:54:29.431Z INFO  baals::ledger] [LEDGER] Starting block application
[2026-05-07T06:54:29.428Z INFO  baals::runtime] Transaction submitted: 
970c32692a63ab6542d9a09e1a2836a8c6de809fd5ea766fb4a232adf99dc962
[2026-05-07T06:54:29.431Z INFO  baals::ledger] [LEDGER] Block validation completed successfully
[2026-05-07T06:54:29.431Z INFO  baals::ledger] [LEDGER] Block: index=1, 
hash=0fc65cf7cf9a8dcaaad7de512a373040c8759b35ab57e3ad82a0f7ca644c1388, transactions=1
[2026-05-07T06:54:29.431Z INFO  baals::ledger] [LEDGER] Starting block application
[2026-05-07T06:54:29.432Z INFO  baals::runtime] Transaction submitted: 
15bd7035763bd9d067d55f6be20259b6d75fa47d5aef0de0560838bc43d105bd
[2026-05-07T06:54:29.432Z INFO  baals::ledger] [LEDGER] Block: index=1, 
hash=00c79a81dd593ca51a9d75a302c2519f67b75ec1b433f5ac43edfb229f7347ad, transactions=1
[2026-05-07T06:54:29.432Z INFO  baals::runtime] [RUNTIME] Contract deployed successfully with ID: 
ef6ab5f8f39adce51b0e35a1a13ed6ce978a8fc5317c0db06ee15c1d153bbc3d
[2026-05-07T06:54:29.432Z INFO  baals::runtime] Transaction submitted: 
bc0ca2cf13a5e4b596fe830399c922905fea6b74b9d4d1fad06ab5761d7e8ea2
[2026-05-07T06:54:29.432Z INFO  baals::runtime] [RUNTIME] Calling contract 
ef6ab5f8f39adce51b0e35a1a13ed6ce978a8fc5317c0db06ee15c1d153bbc3d method 'test_method' from caller: 
8b0166f1593c8f5e6af3363336b497926472ac6120b51a41fe1c31bde3838406
[2026-05-07T06:54:29.440Z INFO  baals::storage] Storage backup completed to 
"C:\\Users\\Desktop\\AppData\\Local\\Temp\\.tmp6AwMpk\\backup"
test test_batch_multi_tree_no_cross_contamination ... ok
test test_batch_account_persistence ... ok
test test_cross_language_golden_transactions ... ok
[2026-05-07T06:54:29.440Z INFO  baals::runtime] Transaction submitted: 
ac0eb798aaea4cb3c0fe9d67083a6a1a9ed9ab66ebb0e8d26ae0d9e344329644
[2026-05-07T06:54:29.443Z INFO  baals::runtime] Transaction submitted: 
de8f879371fc830bf33eee3359e0c5deab6dcef492743ab5dfd0af97a763327b
[2026-05-07T06:54:29.443Z INFO  baals::runtime] Transaction submitted: 
f28f75bb380bf18e91df283b6f2a65fddf79c8d30dde6c518205659897a0a1a6
[2026-05-07T06:54:29.444Z INFO  baals::runtime] Transaction submitted: 
048b84188ce25a3d87957041656ef3e347148793c699443535287322cefaa3fb
[2026-05-07T06:54:29.444Z INFO  baals::consensus] [CONSENSUS] Starting block generation
[2026-05-07T06:54:29.444Z INFO  baals::runtime] Transaction submitted: 
d248193cc79e15b560ac5005a3a8bb196a484b6c3ce9e877c44f9a1115c8228d
[2026-05-07T06:54:29.444Z INFO  baals::ledger] [LEDGER] Block application completed successfully
[2026-05-07T06:54:29.445Z INFO  baals::consensus] [CONSENSUS] Previous block: index=0, 
hash=10eef285deef7a4b7c82b22aa53589b7833df29de3814649c772bbd5c832f365
[2026-05-07T06:54:29.445Z INFO  baals::consensus] [CONSENSUS] Selected 2 transactions (gas=200000, size=1312 bytes)
[2026-05-07T06:54:29.445Z INFO  baals::runtime] Block #1 produced (1 txns, 100000 gas)
[2026-05-07T06:54:29.445Z INFO  integration] [TEST] Consensus signing verification passed
[2026-05-07T06:54:29.445Z INFO  baals::consensus] [CONSENSUS] Block generation completed: index=1, 
hash=a3dc5c7654d06563284897e6f1b0b6c10b2a9a58e81032c0448305b99489e66b
[2026-05-07T06:54:29.445Z INFO  baals::ledger] [LEDGER] Starting block validation
[2026-05-07T06:54:29.446Z INFO  baals::contracts] [CONTRACTS] Contract deployed: 
03d8e960a5c24d8c0083499b68e473d80945dfbae11a7f3f1b20cae411d89536
[2026-05-07T06:54:29.446Z INFO  baals::runtime] Transaction submitted: 
9657ccaa667d48afa1ff6e304388ac4a1137057461d9ab8c6a72e20c2c41e053
[2026-05-07T06:54:29.446Z INFO  baals::runtime] Transaction submitted: 
4f22cc114710a19d13f24fae30c06025c6b7e4051677971454e38735fb995807
[2026-05-07T06:54:29.448Z INFO  baals::ledger] [LEDGER] Contract deployed with ID: 
03d8e960a5c24d8c0083499b68e473d80945dfbae11a7f3f1b20cae411d89536
[2026-05-07T06:54:29.450Z INFO  baals::runtime] Transaction submitted: 
e9dc432095e2456bf93d4138d735b9c00922dbfba02c4848d0306dbbff30b147
[2026-05-07T06:54:29.454Z INFO  baals::runtime] Transaction submitted: 
4eb06504a65ade825c7a46f20139589f9b3f49f22cc606809d36d06ce76d9a33
[2026-05-07T06:54:29.454Z INFO  baals::runtime] Transaction submitted: 
dac5f551c6402b80707792f17b559de9852e16cb0984233d3cb3d224fe01786b
[2026-05-07T06:54:29.455Z INFO  baals::runtime] Transaction submitted: 
e8ef7df6913c799fb030cd21cf65d862e69231f2b682c562d0f790324ebc6d87
[2026-05-07T06:54:29.458Z INFO  baals::runtime] Transaction submitted: 
b823cf646cd54dfaf6f415bf248880d285a5bed635e7ce33932159e796a089a2
[2026-05-07T06:54:29.451Z INFO  baals::runtime] Transaction submitted: 
af4cb4bc12d25d4e339b05275b300e0b1872502766a636af8736893198bd2c71
[2026-05-07T06:54:29.461Z INFO  baals::consensus] [CONSENSUS] Starting block generation
[2026-05-07T06:54:29.461Z INFO  baals::runtime] Transaction submitted: 
5d4c40081e1a9dd9c5cceda971b99bca8a3b2ae255417374c0edaf962ed9f051
[2026-05-07T06:54:29.464Z INFO  baals::consensus] [CONSENSUS] Previous block: index=0, 
hash=10eef285deef7a4b7c82b22aa53589b7833df29de3814649c772bbd5c832f365
[2026-05-07T06:54:29.459Z INFO  baals::runtime] Transaction submitted: 
3d4c729b917fb8afcf5098dc38e4982e5d406acbf50612adacfeea7d9d12f95d
[2026-05-07T06:54:29.464Z INFO  baals::consensus] [CONSENSUS] Selected 1 transactions (gas=100000, size=656 bytes)
[2026-05-07T06:54:29.464Z INFO  baals::runtime] Transaction submitted: 
fb81df978b82ecc6cfd8ab4d68cf47caa4ebbcdf0c070446061bc32ae6f48cc5
[2026-05-07T06:54:29.464Z INFO  baals::runtime] Transaction submitted: 
af854ef9654feab8c8b4b884310effbda81de8dc30f2b3d9efd555c5ff7689e1
[2026-05-07T06:54:29.464Z INFO  baals::runtime] Transaction submitted: 
260346ec13700ec47861ad06b6567ed49a2959d343a5eca84785b069c411f2b6
[2026-05-07T06:54:29.464Z INFO  baals::consensus] [CONSENSUS] Block generation completed: index=1, 
hash=d94e04805bcf053b85b39b2b9322e9f5f4c9f586f611711ae96fc8a745f57cba
[2026-05-07T06:54:29.465Z INFO  baals::runtime] Transaction submitted: 
62cd0691c11143c550577d2a29b84d7fc520e35102fa34255a2ad4211920da0e
[2026-05-07T06:54:29.469Z INFO  baals::contracts] [CONTRACTS] 
ef6ab5f8f39adce51b0e35a1a13ed6ce978a8fc5317c0db06ee15c1d153bbc3d::test_method executed: gas=2, time=30.3┬╡s
[2026-05-07T06:54:29.482Z INFO  baals::ledger] [LEDGER] Starting block validation
[2026-05-07T06:54:29.471Z INFO  baals::ledger] [LEDGER] Block validation completed successfully
[2026-05-07T06:54:29.472Z INFO  baals::runtime] Transaction submitted: 
eb7951b5ebf1cd81c5a5db72d0225ce4b00d56cab686d30b294dfd50a9d1401f
[2026-05-07T06:54:29.475Z INFO  baals::runtime] Transaction submitted: 
6dc94154d9b308394f1f6d8b53250ff2ad7b430aad05e6d793dbad6fff55f09c
[2026-05-07T06:54:29.482Z INFO  baals::runtime] Transaction submitted: 
0e1b42d4b184f51ce06ae469b37d7f335062e55e8d501c7efa3971c55c9233f7
[2026-05-07T06:54:29.483Z INFO  baals::runtime] [RUNTIME] Contract call completed successfully
[2026-05-07T06:54:29.483Z INFO  integration] [TEST] Contract call returned 8 bytes
[2026-05-07T06:54:29.483Z INFO  integration] [TEST] test_contract_deploy_and_execution completed successfully
[2026-05-07T06:54:29.483Z INFO  baals::consensus] [CONSENSUS] Starting block generation
[2026-05-07T06:54:29.483Z INFO  baals::consensus] [CONSENSUS] Previous block: index=0, 
hash=10eef285deef7a4b7c82b22aa53589b7833df29de3814649c772bbd5c832f365
[2026-05-07T06:54:29.483Z INFO  baals::consensus] [CONSENSUS] Selected 5 transactions (gas=500000, size=3280 bytes)
[2026-05-07T06:54:29.483Z INFO  baals::runtime] Transaction submitted: 
4dacf49243864787053f0e0b48f60d6d07dde3ca91841859cb52774e6530edd5
[2026-05-07T06:54:29.483Z INFO  baals::runtime] Transaction submitted: 
ea78cadc30537c3828c607e454418daa78f078a786778841b76de17ead775dd6
[2026-05-07T06:54:29.483Z INFO  baals::consensus] [CONSENSUS] Block generation completed: index=1, 
hash=306ccb20f20040afa5c3f54863dcc107df851cae607844476c60b28ac82ee4d1
[2026-05-07T06:54:29.483Z INFO  baals::ledger] [LEDGER] Starting block validation
[2026-05-07T06:54:29.471Z INFO  baals::ledger] [LEDGER] Block application completed successfully
[2026-05-07T06:54:29.483Z INFO  baals::runtime] Block #1 produced (1 txns, 500000 gas)
[2026-05-07T06:54:29.482Z INFO  baals::ledger] [LEDGER] Starting block application
[2026-05-07T06:54:29.494Z INFO  baals::ledger] [LEDGER] Block: index=1, 
hash=a3dc5c7654d06563284897e6f1b0b6c10b2a9a58e81032c0448305b99489e66b, transactions=2
[2026-05-07T06:54:29.484Z INFO  baals::runtime] Transaction submitted: 
191eeac3a5fce9d0851677b20fbe46f72cb1e731c725948a955dd5aba5b79340
[2026-05-07T06:54:29.495Z INFO  baals::runtime] Transaction submitted: 
4bbe2fa1b6d5bb53e6e9b00834b0822cf7f578bb8e04662d9b9c9604c8ec2b28
[2026-05-07T06:54:29.495Z INFO  baals::runtime] BaaLS Runtime started (auto-block disabled)
[2026-05-07T06:54:29.484Z INFO  baals::runtime] Transaction submitted: 
5be992ae5c527cdc093952e87ad97255db00c5b90b233534db43d252d806f6e4
[2026-05-07T06:54:29.492Z INFO  baals::ledger] [LEDGER] Block validation completed successfully
[2026-05-07T06:54:29.496Z INFO  baals::ledger] [LEDGER] Starting block application
[2026-05-07T06:54:29.496Z INFO  baals::ledger] [LEDGER] Block: index=1, 
hash=d94e04805bcf053b85b39b2b9322e9f5f4c9f586f611711ae96fc8a745f57cba, transactions=1
[2026-05-07T06:54:29.496Z INFO  baals::runtime] Transaction submitted: 
ef625ab40eca897789ccc7bd5aa22bfbccc6218e2807e5051aefabaefdd77dd7
[2026-05-07T06:54:29.496Z INFO  baals::runtime] Transaction submitted: 
be7a5ecafad8041c0a2b2ec7745957fc8b77d4927eb176152f768222d9abfd39
[2026-05-07T06:54:29.496Z INFO  baals::runtime] Transaction submitted: 
2df2b5f94b09ab81501bf228bb960327f9be4447a7f53c9a19419c947e6e08cd
[2026-05-07T06:54:29.497Z INFO  baals::runtime] Transaction submitted: 
da4e475a24f1929fa13bb6cf7f7a5d41b947e594ccbcb1a969d4d3fb04234e7d
[2026-05-07T06:54:29.497Z INFO  baals::runtime] Transaction submitted: 
c8f96d11ad326d2ff63552612bebed141afa5275ac2c8102bd9c1c20a7e61530
[2026-05-07T06:54:29.498Z INFO  baals::runtime] Transaction submitted: 
4921ff9fee0d676d96a60c2f2a2cc1f0a4f88820bad035a0fd210faec0dc7ef8
[2026-05-07T06:54:29.504Z INFO  baals::runtime] Transaction submitted: 
47702f85bfa3ef223a4ae64d3ecdd1d832b79da7fc1f8c1e8401571ffbcb4a82
[2026-05-07T06:54:29.506Z INFO  baals::runtime] Transaction submitted: 
9f0d66bf4bbf3541ccc7b684e724c848b50da8592d92299050ee8ed95a14e5a3
[2026-05-07T06:54:29.510Z INFO  baals::runtime] Transaction submitted: 
8573a14cc0b2fe1c2ab5b00bb3f90bd2ba57118209bf19e994eb26eeff030af8
[2026-05-07T06:54:29.510Z INFO  baals::runtime] Transaction submitted: 
85c7c25cb28fce6dd7e628689cfd6457d61812d23b9daf3498ba8d60cd8be57d
[2026-05-07T06:54:29.510Z INFO  baals::runtime] BaaLS Runtime started (auto-block disabled)
[2026-05-07T06:54:29.511Z INFO  baals::storage] Storage restore completed from 
"C:\\Users\\Desktop\\AppData\\Local\\Temp\\.tmp6AwMpk\\backup"
[2026-05-07T06:54:29.513Z INFO  baals::runtime] [RUNTIME] Deploying contract from deployer: 
e74c367fdf9ab160902b7c0cfbb6570dba1ec9b3f2bc05438099f19c6864e09c
[2026-05-07T06:54:29.514Z INFO  baals::runtime] Transaction submitted: 
58aadd3a24f2d11703cd2cdbce738a5b95521b3a690e0f05795f3e593f164ac8
[2026-05-07T06:54:29.520Z INFO  baals::runtime] Transaction submitted: 
a3e36bad4e81a592add6e943ebe95aeddb7853b882188dc7a5e8d785e931e6b8
[2026-05-07T06:54:29.521Z INFO  baals::runtime] Transaction submitted: 
4dfeaa4ff555e999cd7768c42b61ede7a5a3f55de6c8ecedbe4d092bd7cbcb3d
[2026-05-07T06:54:29.521Z INFO  baals::runtime] Transaction submitted: 
fc08ab211536fe06789950e71e4f66e44b98be7bd8d56331bc9d283a3706ed00
[2026-05-07T06:54:29.521Z INFO  baals::runtime] Transaction submitted: 
ac63bc55a59a782dcd55b8bbbc1bb6eab06e90a225587a12e0143586019b8808
[2026-05-07T06:54:29.521Z INFO  baals::ledger] [LEDGER] Block application completed successfully
[2026-05-07T06:54:29.521Z INFO  baals::runtime] Transaction submitted: 
1e82a9a191f060ae874d6a607a6cf19e35be0abc73286f1d9168396f7fad55cf
[2026-05-07T06:54:29.521Z INFO  baals::runtime] Block #1 produced (1 txns, 100000 gas)
[2026-05-07T06:54:29.522Z INFO  baals::ledger] [LEDGER] Starting block application
[2026-05-07T06:54:29.531Z INFO  baals::ledger] [LEDGER] Block: index=1, 
hash=d94e04805bcf053b85b39b2b9322e9f5f4c9f586f611711ae96fc8a745f57cba, transactions=1
[2026-05-07T06:54:29.522Z INFO  baals::runtime] Transaction submitted: 
94f3f5528023ea5e37cc1d622efe40c2e1ab0f4c850e55838d6c789a90a9477a
[2026-05-07T06:54:29.522Z INFO  baals::runtime] Transaction submitted: 
df29eebfe87a05feb7a3402911a577272249fd55e46ad51cc5c4540cd95659b3
[2026-05-07T06:54:29.532Z INFO  baals::runtime] Transaction submitted: 
e81bc7b9fa13e632f829e2ebdb8df7fe2de67fc33ee39280e03a41c74c690e68
[2026-05-07T06:54:29.523Z INFO  baals::runtime] Transaction submitted: 
009c3bca6b32e3fe26ac8f7b2dfa751e0ad840e8ced91a140ce6c910658d2656
[2026-05-07T06:54:29.522Z INFO  baals::consensus] [CONSENSUS] Starting block generation
[2026-05-07T06:54:29.538Z INFO  baals::consensus] [CONSENSUS] Previous block: index=0, 
hash=10eef285deef7a4b7c82b22aa53589b7833df29de3814649c772bbd5c832f365
[2026-05-07T06:54:29.538Z INFO  baals::consensus] [CONSENSUS] Selected 1 transactions (gas=100000, size=656 bytes)
[2026-05-07T06:54:29.538Z INFO  baals::consensus] [CONSENSUS] Block generation completed: index=1, 
hash=1dabcd45aed89a6d017195500c2e86e133eaf9b46339075711005de74583bc08
[2026-05-07T06:54:29.539Z INFO  baals::ledger] [LEDGER] Starting block validation
[2026-05-07T06:54:29.542Z INFO  baals::contracts] [CONTRACTS] Contract deployed: 
e1a9361163330c0cc049f2179a1f9db0249702b5100e0b62951a08aa79914058
[2026-05-07T06:54:29.542Z INFO  baals::runtime] [RUNTIME] Contract deployed successfully with ID: 
e1a9361163330c0cc049f2179a1f9db0249702b5100e0b62951a08aa79914058
[2026-05-07T06:54:29.542Z INFO  baals::runtime] [RUNTIME] Calling contract 
e1a9361163330c0cc049f2179a1f9db0249702b5100e0b62951a08aa79914058 method 'store_and_read' from caller: 
e74c367fdf9ab160902b7c0cfbb6570dba1ec9b3f2bc05438099f19c6864e09c
test test_consensus_signing_verification ... ok
test test_contract_deploy_and_execution ... ok
[2026-05-07T06:54:29.536Z INFO  baals::runtime] Transaction submitted: 
ea7f06f745f2350cc0b980c5d41ceb134d4890e0bb26df43ef9a14a927c977c1
[2026-05-07T06:54:29.544Z INFO  baals::runtime] Transaction submitted: 
ec51cbc77aa5ece4aa1228979c3a22216de1354cae10ad2ed3d687f2f10ddb8b
[2026-05-07T06:54:29.545Z INFO  baals::runtime] Transaction submitted: 
c7cbf179108ed767523c7d17485742afcfd718df16e30b2ff9c51b6e1ac7bd58
[2026-05-07T06:54:29.546Z INFO  baals::runtime] Transaction submitted: 
c539ded696008d9ff5c5682d44b11331e106bada9f230801ed4e46525a464cfe
[2026-05-07T06:54:29.548Z INFO  baals::runtime] Transaction submitted: 
662b496905f1252c5e325439b7a9b70ddb8cca52873738d29dde4abaf6d6b66a
[2026-05-07T06:54:29.551Z INFO  baals::runtime] Transaction submitted: 
192c011feb29790f0686f52d0b260849dce4bf5add26e768964a482a1e305588
[2026-05-07T06:54:29.554Z INFO  baals::runtime] Transaction submitted: 
d394147ee3a72a68f8c6793e9b42140f63e925cc9743472209c2e6ce0b762f24
[2026-05-07T06:54:29.555Z INFO  baals::ledger] [LEDGER] Block validation completed successfully
[2026-05-07T06:54:29.555Z INFO  baals::ledger] [LEDGER] Starting block application
[2026-05-07T06:54:29.555Z INFO  baals::ledger] [LEDGER] Block: index=1, 
hash=1dabcd45aed89a6d017195500c2e86e133eaf9b46339075711005de74583bc08, transactions=1
[2026-05-07T06:54:29.555Z INFO  integration] [TEST] Insufficient balance rejection passed
[2026-05-07T06:54:29.537Z INFO  baals::runtime] Transaction submitted: 
aacfcc5b3611f63310af392979a98f23da3013c0ee66095924e1a8d4dab85f3a
[2026-05-07T06:54:29.555Z INFO  baals::runtime] Transaction submitted: 
43193c02d2b048af080661c41da10daedaadfab734aee1a1a59d6b2edb113143
[2026-05-07T06:54:29.555Z INFO  baals::runtime] Transaction submitted: 
c5b1fc56724c7d95e9746ae38165f3bd07f5884a0789ef33ef65f5f92bc39591
[2026-05-07T06:54:29.556Z INFO  baals::runtime] Transaction submitted: 
077bd58d0e54e3ed8d6573fcceafd61fc56b604d81e4758b0a795b85816713c2
[2026-05-07T06:54:29.559Z INFO  baals::runtime] Transaction submitted: 
063c77f337b806105d1bd83e2f81f10b6fb31cd1bc83ee4efb3ee6497ddcc06c
[2026-05-07T06:54:29.559Z INFO  baals::runtime] BaaLS Runtime started (auto-block disabled)
[2026-05-07T06:54:29.559Z INFO  baals::runtime] Transaction submitted: 
0bfecbe1f4286d9b0ba7e86d11a12cfcb7c1a26351f6e1faf7610186a565a570
[2026-05-07T06:54:29.560Z INFO  baals::contracts] [CONTRACTS] 
e1a9361163330c0cc049f2179a1f9db0249702b5100e0b62951a08aa79914058::store_and_read executed: gas=11, time=83.7┬╡s
[2026-05-07T06:54:29.560Z INFO  baals::runtime] [RUNTIME] Contract call completed successfully
[2026-05-07T06:54:29.560Z INFO  integration] [TEST] Host function storage write/read test passed, data=[118, 97, 108]
[2026-05-07T06:54:29.563Z INFO  baals::runtime] Transaction submitted: 
f104e7a785a98781603ba11f9756d98f21d4952cc73649ff21940ca445630d93
test test_host_function_storage_write_read ... ok
[2026-05-07T06:54:29.564Z INFO  baals::runtime] Transaction submitted: 
f3331fb960067982b9c36a3a1978d741175bb9a49d26a4cde9ee2c932ec11c09
[2026-05-07T06:54:29.565Z INFO  baals::ledger] [LEDGER] Block application completed successfully
[2026-05-07T06:54:29.567Z INFO  baals::runtime] [RUNTIME] Deploying contract from deployer: 
f45de7554bd8ecff92d5a333afd6aff140929f35fff31e81210915f2bf1f1793
[2026-05-07T06:54:29.570Z INFO  integration] [P0-5] Common ancestor block1 
hash=d94e04805bcf053b85b39b2b9322e9f5f4c9f586f611711ae96fc8a745f57cba applied to both nodes
[2026-05-07T06:54:29.570Z INFO  baals::runtime] Transaction submitted: 
a4d71b07abfa5658c6261135df0ff4ac6c77a56a45ac0408fb0540eb99f501d9
[2026-05-07T06:54:29.570Z INFO  baals::runtime] Transaction submitted: 
d8eee57a024bfb50baa19bf71376382154f55591ef6754129f2298774b8f71ab
[2026-05-07T06:54:29.575Z INFO  baals::runtime] Transaction submitted: 
a80eaece5f97686672658662d65f1f174879c0dc315952208f59e658c04c1339
[2026-05-07T06:54:29.576Z INFO  baals::runtime] Transaction submitted: 
2dad813dce382d1bbec3a7d1941e5674fb8235d14dacfbbcd079431e9ee795db
[2026-05-07T06:54:29.578Z INFO  baals::runtime] Transaction submitted: 
6c73849f2e603192b17e4300f3e9127fe735c0b7acc0f7c207985aa832880731
[2026-05-07T06:54:29.582Z INFO  baals::runtime] Transaction submitted: 
d1f75822f2dc726af0047ccbd82a118a2bac7b1e65ff672f65457084ad0b8080
[2026-05-07T06:54:29.578Z INFO  baals::runtime] Transaction submitted: 
505d44d6a3149480e2b35e1a2598ef2900f2992db7d05afa8c5863e326b0c574
[2026-05-07T06:54:29.580Z INFO  baals::ledger] [LEDGER] Block validation completed successfully
[2026-05-07T06:54:29.584Z INFO  baals::ledger] [LEDGER] Starting block application
[2026-05-07T06:54:29.584Z INFO  baals::ledger] [LEDGER] Block: index=1, 
hash=306ccb20f20040afa5c3f54863dcc107df851cae607844476c60b28ac82ee4d1, transactions=5
[2026-05-07T06:54:29.584Z INFO  baals::runtime] Transaction submitted: 
694c8fd20e9db535bcd97469cce72086f94796b80899325042b176b1c94fe189
[2026-05-07T06:54:29.581Z INFO  baals::contracts] [CONTRACTS] Contract deployed: 
a3574571a64e0c5336c3f8d68d90282e8270dab2f913377538081875ff073033
[2026-05-07T06:54:29.585Z INFO  baals::runtime] [RUNTIME] Contract deployed successfully with ID: 
a3574571a64e0c5336c3f8d68d90282e8270dab2f913377538081875ff073033
[2026-05-07T06:54:29.585Z INFO  baals::runtime] [RUNTIME] Calling contract 
a3574571a64e0c5336c3f8d68d90282e8270dab2f913377538081875ff073033 method 'store' from caller: 
f45de7554bd8ecff92d5a333afd6aff140929f35fff31e81210915f2bf1f1793
[2026-05-07T06:54:29.582Z INFO  baals::runtime] Transaction submitted: 
794793cd4c516ea2b66ec158b03fa00bdfba86c3606032f9943fde59e76d8c1c
[2026-05-07T06:54:29.586Z INFO  baals::runtime] Transaction submitted: 
664f5e2fa58b5dc39453c045a8009e8433b961f5f31da8cde0daa0b927830802
[2026-05-07T06:54:29.589Z INFO  baals::runtime] Transaction submitted: 
87ba63e88039e2dba8348b24741ac8d9c6c5004d5507d74e5254e64af29fdb64
[2026-05-07T06:54:29.587Z INFO  baals::runtime] Transaction submitted: 
29b00cfb5ec1c88be3718280e10cf4455d1d53f3f825d664fce83e4a5501e2e5
[2026-05-07T06:54:29.594Z INFO  baals::runtime] Transaction submitted: 
b8e1d9ac1cc57805a2dcd925bac5f5a8e89f2753de3602908723b5e5f3ce471e
[2026-05-07T06:54:29.598Z INFO  baals::runtime] Transaction submitted: 
e7058aa6385d9460fa5f6d1c4cab2c523c5616c680fb4f099f41f7b4988d1c27
[2026-05-07T06:54:29.598Z INFO  baals::runtime] Transaction submitted: 
211ab8c086f46454de8148ec2cf97b8ec9677b63f0723652d6c01f4153b9d3e5
[2026-05-07T06:54:29.599Z INFO  baals::ledger] [LEDGER] Block application completed successfully
[2026-05-07T06:54:29.604Z INFO  baals::runtime] Transaction submitted: 
aa4ab2eea80eb9ec6db2cf245eff4d5dd4cc04295987054ffd9e2ad9fcb5748c
[2026-05-07T06:54:29.600Z INFO  baals::runtime] Transaction submitted: 
59fee9a07bba87ec7c1689e969d2975d487c11d9393adb015bd59b4694cc659d
[2026-05-07T06:54:29.604Z INFO  baals::runtime] Transaction submitted: 
a6b20b90ab91d3215c86ddc899362610b99f4016db105fa895eb669834d15683
[2026-05-07T06:54:29.604Z INFO  baals::runtime] Transaction submitted: 
fde97349cfd32cedcf51db3bf38a579bb4170f8561ed02da8e3987635d0e5c35
[2026-05-07T06:54:29.605Z INFO  baals::contracts] [CONTRACTS] 
a3574571a64e0c5336c3f8d68d90282e8270dab2f913377538081875ff073033::store executed: gas=7, time=33.4┬╡s
[2026-05-07T06:54:29.613Z INFO  baals::runtime] Transaction submitted: 
cd373500be2a33b36c9ecd7d6799578622e13f64af2e8e3cbb5253acd06b5005
[2026-05-07T06:54:29.613Z INFO  baals::runtime] Transaction submitted: 
ae74922aea66de14a930890c86732a4ff95d69c81ff2de5a5205bf160d95ed5e
[2026-05-07T06:54:29.613Z INFO  baals::runtime] [RUNTIME] Contract call completed successfully
[2026-05-07T06:54:29.613Z INFO  baals::runtime] Transaction submitted: 
0e2110359ca6ec70513d3e7d3fcedc1b9d71c90931b88319fbb24d66f318ea53
[2026-05-07T06:54:29.604Z INFO  baals::runtime] Block #1 produced (5 txns, 500000 gas)
[2026-05-07T06:54:29.613Z INFO  integration] [TEST] Inter-contract callee deployment and call succeeded
[2026-05-07T06:54:29.610Z INFO  baals::runtime] Transaction submitted: 
c390b468798d26ba2e155099880672a547ea27de8fc4cf03af3408ed04d29dce
[2026-05-07T06:54:29.614Z INFO  baals::runtime] Transaction submitted: 
b27a907f36ba369ae3ff77d1e02d20f89a095aca1fa6086494a455d435e09373
[2026-05-07T06:54:29.616Z INFO  integration] [TEST] test_block_production_and_chain_state completed successfully
[2026-05-07T06:54:29.616Z INFO  baals::runtime] Transaction submitted: 
dbb02bb0d41fac4ba4a15dd85b924a6488cb3bfccd836aef425fc0b34996fa78
[2026-05-07T06:54:29.618Z INFO  integration] [TEST] test_hardened_transaction_validation completed successfully
[2026-05-07T06:54:29.619Z INFO  baals::runtime] Transaction submitted: 
c2f3ac28c76ade16d3aef291fb523a3b5004808228d4146ca9da44e453876007
[2026-05-07T06:54:29.619Z INFO  baals::runtime] Transaction submitted: 
51f43807bb9cbd71453fce74819669c53635546f202745dee5e0dc0c6d4bc6e8
[2026-05-07T06:54:29.619Z INFO  baals::runtime] Transaction submitted: 
7161d87cba64dd6576d5e330d54e162bb8c60f9a44d3a7769125bfcd4c71b72d
[2026-05-07T06:54:29.620Z INFO  baals::runtime] Transaction submitted: 
432a3adc8c574716fb535fbf8280a8d86de722e5a01ee20d1005a2afe2997a39
[2026-05-07T06:54:29.624Z INFO  baals::runtime] Transaction submitted: 
e6c64d64ee36b3ac95043858150c0027568021410fc304e19235dc0c3072d2b5
test test_block_application_is_atomic_on_transaction_failure ... ok
[2026-05-07T06:54:29.626Z INFO  baals::runtime] Transaction submitted: 
ca617771ea03c24f6b31e64a6f1cd3822f06789edcb82074332d0f0ce97f408a
[2026-05-07T06:54:29.628Z INFO  baals::runtime] Transaction submitted: 
4ec28c749003cd73fd7f6eb7063c39fee3bdd5bb2b2d5f61e06e54c166a0172f
[2026-05-07T06:54:29.628Z INFO  baals::runtime] Transaction submitted: 
7d85cc77d1b1b7216bbbe2f0eaa4c6ac59fb10c3a7d46552bc26a7d3cd574bc2
[2026-05-07T06:54:29.630Z INFO  baals::runtime] Transaction submitted: 
f065fdb7e7b019d78d80eddea32f465b2be25da8f3906ab84d49dc1a37f34e8e
[2026-05-07T06:54:29.635Z INFO  baals::runtime] Transaction submitted: 
41a7038a134b0b3529117648bb11ead2d991c540d5b8ded92e5854bf5245f147
[2026-05-07T06:54:29.635Z INFO  baals::runtime] Transaction submitted: 
256bfb620c6cd30ddd257a09ea1805c830d6c78644a6fb31c6d1b9e8dc108fa0
[2026-05-07T06:54:29.636Z INFO  baals::runtime] Transaction submitted: 
edb765cd6727f24bf2ee03097c1ceb059eaed405bd280f27f0fbc83a145218a2
[2026-05-07T06:54:29.638Z INFO  baals::runtime] Transaction submitted: 
4687993f567b934699d80b685eace81fe296d6a130d1d73a158bc735b19f05da
[2026-05-07T06:54:29.640Z INFO  baals::runtime] Transaction submitted: 
41ed32bd4cf1abd7a233ee2c798fdf11dcf1b431395f2e182358faae8b5ac3c4
[2026-05-07T06:54:29.642Z INFO  baals::runtime] Transaction submitted: 
adde52a0e7bffce1c9dc5b7cda752adf42b4170ed21e9faaf1619dfe980d44f2
[2026-05-07T06:54:29.646Z INFO  integration] [TEST] Invalid nonce rejection passed
[2026-05-07T06:54:29.646Z INFO  baals::runtime] Transaction submitted: 
cf7763e63ebf19435f62511befdfd9175281b5c368ac041a3103bd645ce226ae
[2026-05-07T06:54:29.646Z INFO  baals::runtime] Transaction submitted: 
9357cfaac3e406d07811b6901f67a4041050324ac57fee4f415315cfcb6099b9
[2026-05-07T06:54:29.647Z INFO  baals::runtime] Transaction submitted: 
dc3b50dd51292496d6076e70a29aafbf53c6d23dbeab6dd0343dd924c87a2862
[2026-05-07T06:54:29.647Z INFO  baals::runtime] Transaction submitted: 
78daccc251029ba751741f3c0143d6bf262c42e62fbd32aebb09402d3f7c2d30
[2026-05-07T06:54:29.648Z INFO  baals::runtime] Transaction submitted: 
65bde244306d89ea6cbc56b76a824b4d440ce7414422d50f1834e5d8860ffb81
[2026-05-07T06:54:29.648Z INFO  baals::runtime] Transaction submitted: 
e505bbbb99cc080d50dd5a096c4b19514584b6071da2290e2c14c3f0878de620
[2026-05-07T06:54:29.649Z INFO  baals::runtime] Transaction submitted: 
1a63d3a4c4a06226a08d25d41c1cc75debc5c9bd237a363d6b48023b6c31b927
[2026-05-07T06:54:29.650Z INFO  baals::runtime] Transaction submitted: 
f239d079ec3ad57c386c062fba13890165271b800471c4b7a037a15fad214b31
[2026-05-07T06:54:29.652Z INFO  baals::runtime] Transaction submitted: 
e08b9a7389044fa7d42dd6983d0ec9da985c43a22dc32c2c9338f96d1c18166f
[2026-05-07T06:54:29.654Z INFO  baals::runtime] Transaction submitted: 
9c1a3fbc96c65d836aedf837c95461297cbcad56550ab804958b86c7ff8ceed5
[2026-05-07T06:54:29.659Z INFO  baals::runtime] Transaction submitted: 
657bc8f71afe7b080bbefdd6c9b6395cc39f634b1720a3983e4cc9e09dfb7c2f
[2026-05-07T06:54:29.659Z INFO  baals::runtime] Transaction submitted: 
3dbaf3a61baa3375900e69dd356477e7beb488f16831e9b95697b09862f2f3bf
[2026-05-07T06:54:29.659Z INFO  baals::runtime] Transaction submitted: 
18f327d8404c3dcae2736f137b008ef476a0bdf08f66634b6fb681fbc4adc260
[2026-05-07T06:54:29.660Z INFO  baals::runtime] Transaction submitted: 
b3929ce8ab550b4bcc225326f44ec44ed2bcd54e2a0a2172ffe08cb00ffcaf6b
[2026-05-07T06:54:29.660Z INFO  baals::runtime] Transaction submitted: 
531ff2129ed066719742f5396847f05488dff2a799ba9f8b457c90d65aefef78
[2026-05-07T06:54:29.661Z INFO  baals::runtime] Transaction submitted: 
4df521106689f12eccfe5f7c3025d60e56411ddd9016900ecead8278151b7d54
[2026-05-07T06:54:29.663Z INFO  baals::runtime] Transaction submitted: 
337fc0e428ae1d574ec4006ff10d4eb4742c5d044a776a2be8ac53a07284137e
[2026-05-07T06:54:29.663Z INFO  baals::runtime] Transaction submitted: 
97acd3698626d3ef6618041139a6ede2130ca215d8ab2557973082e67ce5eb80
[2026-05-07T06:54:29.669Z INFO  baals::runtime] Transaction submitted: 
442c6c86dfe89b26a3b0fe016fe595d58b05ac903b2aebdb886b723e80d08370
[2026-05-07T06:54:29.670Z INFO  baals::runtime] Transaction submitted: 
5d592791095f180d083c18e2a5a3c53bd1633965e6157f34ee0553fbcd3c84e6
[2026-05-07T06:54:29.671Z INFO  baals::runtime] Transaction submitted: 
357e00326e2035251b0cab423c3ca2f76777aa8590cec8144e74a69abf74785b
[2026-05-07T06:54:29.671Z INFO  baals::runtime] Transaction submitted: 
f9591225c2fbb17bd94f2540dbc8939f6630defbcf5a37ece06b2e31e4259964
[2026-05-07T06:54:29.671Z INFO  baals::runtime] Transaction submitted: 
6cf3d2efae230177da131bc8f63272049551bcbfdd88bcd7a0704c442165e5e1
[2026-05-07T06:54:29.672Z INFO  baals::runtime] Transaction submitted: 
1abd75fb013a14a6d275f22f926637e52d810cca3786808af6be99013fc08814
[2026-05-07T06:54:29.676Z INFO  baals::runtime] Transaction submitted: 
9e2aa9a82bbfdbcaaee0286ce9e1a8ce2ca5d1af3a97f4d5f7ca207eab32514b
[2026-05-07T06:54:29.679Z INFO  baals::runtime] Transaction submitted: 
902e36303ac9a713b37fc0edf76ebd5012630c1458c6e91d5cb6fa651e93f3c4
[2026-05-07T06:54:29.680Z INFO  baals::runtime] Transaction submitted: 
9c39b79a9a266f63ddcbfa57908b1572d272d9fbf7f9acdae4e109220f13e9c8
[2026-05-07T06:54:29.681Z INFO  baals::runtime] Transaction submitted: 
ded6868329a8b3835f6b878b8a3654297fbe414c785a631105d7414e2410e575
[2026-05-07T06:54:29.685Z INFO  baals::runtime] Transaction submitted: 
01297d45808e38aa6150c7e06292aedd51fc4016cc3711f05661d06180be42b1
[2026-05-07T06:54:29.685Z INFO  integration] [TEST] Starting inter-contract result isolation test
[2026-05-07T06:54:29.685Z INFO  baals::runtime] Transaction submitted: 
3ecb58bbfcd4112e5c8713b01281c5b756e6484f4a60ba7023a7fb984c3935f0
[2026-05-07T06:54:29.685Z INFO  baals::runtime] Transaction submitted: 
b348a8f35233a99a3b70636ac31a826338bfc23b6596d7b1eba0b7ed49e32f31
[2026-05-07T06:54:29.686Z INFO  baals::runtime] Transaction submitted: 
cf29fd186fa0ef24c8f07cda423c9ee4ce77e210c4fd28373e0d9a29249fab7c
[2026-05-07T06:54:29.687Z INFO  baals::runtime] Transaction submitted: 
733f58eb11b63b98ed21347bc0fa9d02cef0ddf769eade71b310758d894bc95f
[2026-05-07T06:54:29.689Z INFO  baals::runtime] Transaction submitted: 
12435ef9247a763d2bab507c7738806cac43dbc5130d538d0c8942bc0992e766
[2026-05-07T06:54:29.689Z INFO  baals::runtime] Transaction submitted: 
0135c1e6161819ff264f94697370db838dc7f636cafa3b2512cddc2b8d1000bc
[2026-05-07T06:54:29.690Z INFO  baals::runtime] BaaLS Runtime started (auto-block disabled)
[2026-05-07T06:54:29.695Z INFO  baals::runtime] Transaction submitted: 
bd4cdb2d3032fbb5b997220a6e5b6e4c433733b7c9cda1500e87a92a4dca619c
[2026-05-07T06:54:29.696Z INFO  baals::runtime] Transaction submitted: 
e91ec195cfaf8b9aa760b9b7ddc91425e0557c03bd6d10020ce291b966d007ce
[2026-05-07T06:54:29.697Z INFO  baals::runtime] Transaction submitted: 
8d49566afe96b66cfc5f30b92c0e13902670bf7938aad5049eea2da826e9672f
[2026-05-07T06:54:29.697Z INFO  baals::runtime] Transaction submitted: 
4a8202a9d824894862afdc3d4c615387ee96460b5b0f3c884ef966d21d72d53e
[2026-05-07T06:54:29.698Z INFO  baals::runtime] Transaction submitted: 
8bafa40968b16186b71a32acad7ee855871c8ca13222a996e2110f21eb5c4292
[2026-05-07T06:54:29.698Z INFO  baals::runtime] Transaction submitted: 
15bf04a4e1521e06ca5f019edbb0a45df6662936d548057c980fdba2a0c936dc
[2026-05-07T06:54:29.699Z INFO  baals::runtime] Transaction submitted: 
2f58b9787684e14e2819f9e2dd947a84b298b4f0c040398bb831be8bff9eb4a0
[2026-05-07T06:54:29.700Z INFO  baals::runtime] Transaction submitted: 
ac67809ccfc6633a7908cb259582776dfa2f434560f219c1ad4c3e2356b2d1b2
[2026-05-07T06:54:29.703Z INFO  baals::runtime] Transaction submitted: 
bc417db9388804010cc71016b4dc1a3453d8f4358a7a4ec3a8e2ec9bf7fee68d
[2026-05-07T06:54:29.704Z INFO  baals::runtime] [RUNTIME] Deploying contract from deployer: 
3f77a418599d422755a25293b14ae5e2a397a835acc5cd4c17718ad142d8c2a1
[2026-05-07T06:54:29.705Z INFO  baals::runtime] Transaction submitted: 
152f0a7f93e4f4014b064c62a51f8f4ea00a6ffdc9ed6760968ee2db0d663f5d
[2026-05-07T06:54:29.706Z INFO  baals::runtime] Transaction submitted: 
6037ab6722c6c27816485dfba35950c789725e0692604d8e362c29f27f7015c0
[2026-05-07T06:54:29.711Z INFO  baals::runtime] Transaction submitted: 
ee1a17504704ced2821ca4319fa32ebc8d39f61938d284b517d6c739f6808c3a
[2026-05-07T06:54:29.711Z INFO  baals::runtime] Transaction submitted: 
d783d12bff47b76a80efa1286ac882c03b0f48b6d9ab1d18860d5288f905e3e6
[2026-05-07T06:54:29.711Z INFO  baals::runtime] Transaction submitted: 
8fb19a70d76784ca9c23777c1b4b5057f236c8d8307b98b5cab39b7aea8409bd
[2026-05-07T06:54:29.711Z INFO  baals::runtime] Transaction submitted: 
b2e92871b14c45b861df6d0218be2f89db38e5cba1403152f8b24325ca31b538
[2026-05-07T06:54:29.711Z INFO  baals::runtime] Transaction submitted: 
5d290a4e9e7865d85928386e33932e76aa33a2128dad0f8ef050d96ef43106dd
[2026-05-07T06:54:29.712Z INFO  baals::contracts] [CONTRACTS] Contract deployed: 
5d0652ad8b40fb51f5f8139e6482f0724eb7db2725b20095ae65ab6b9ed3e719
[2026-05-07T06:54:29.712Z INFO  baals::runtime] [RUNTIME] Contract deployed successfully with ID: 
5d0652ad8b40fb51f5f8139e6482f0724eb7db2725b20095ae65ab6b9ed3e719
[2026-05-07T06:54:29.712Z INFO  baals::runtime] [RUNTIME] Deploying contract from deployer: 
95b4fecc959f13adf2b5f3ead58cd207507d7501e68c61bb10fb57a3b0594a58
[2026-05-07T06:54:29.713Z INFO  baals::runtime] Transaction submitted: 
27dc1c355a8daf58d47c6abb85efe27f41905891dda3687075be90d4a4ef6e8f
[2026-05-07T06:54:29.722Z INFO  baals::runtime] Transaction submitted: 
3a9ef01495e88689c488af4bd076a47ddf7062b5daffa9d69c43bf98ad7cc656
[2026-05-07T06:54:29.722Z INFO  baals::runtime] Transaction submitted: 
3ba3688628456d20634211a3b3ed99725a9eaf44b538641ac7319a79ad1d136a
[2026-05-07T06:54:29.723Z INFO  baals::runtime] Transaction submitted: 
ed8458a9481fbd95e447a3cdd60cfcc77ce1b9f9764436d3304d5fc91d419899
[2026-05-07T06:54:29.723Z INFO  baals::runtime] Transaction submitted: 
e6c4b135b5ece546ffb3a7534fa2e62014d178a363d30172f4b7a01581e4991f
[2026-05-07T06:54:29.724Z INFO  baals::runtime] Transaction submitted: 
2fa9428e5b355788f95c66a2eda33bd92593ee2860bd95bda3b053cd495b3ada
[2026-05-07T06:54:29.726Z INFO  baals::contracts] [CONTRACTS] Contract deployed: 
f42dd40e3efa5d284afa8bd2246aabb646c2cf840887a769ed11a22b59171ee9
[2026-05-07T06:54:29.726Z INFO  baals::runtime] [RUNTIME] Contract deployed successfully with ID: 
f42dd40e3efa5d284afa8bd2246aabb646c2cf840887a769ed11a22b59171ee9
[2026-05-07T06:54:29.727Z INFO  baals::runtime] Transaction submitted: 
ef7fb196befca2afbddc4fcda34ef5451fcd907054ac950b28b744eaad27b28b
[2026-05-07T06:54:29.728Z INFO  baals::runtime] Transaction submitted: 
e937317b4f16034a6dd683757ccd8fe54c4525d3bc4a92329bc087112a05901b
[2026-05-07T06:54:29.727Z INFO  baals::runtime] Transaction submitted: 
928ae49aebd8995e98967905e38771947cdae4a9b17fa94725eb6c5d49003a89
[2026-05-07T06:54:29.731Z INFO  baals::runtime] Transaction submitted: 
c46ac23d1ccbb18e1396166f74d7509e851a047ae8c9c49147b8f9db6c3baac5
[2026-05-07T06:54:29.737Z INFO  baals::runtime] Transaction submitted: 
57cbff302d7895be3a2c3269d89c754b7924a2c67e424deae7177ae3ded78592
[2026-05-07T06:54:29.737Z INFO  baals::runtime] Transaction submitted: 
dda943429ad2a27a18a8487453fca972cb22577c9a1936aae281c4e4729138da
[2026-05-07T06:54:29.738Z INFO  baals::runtime] Transaction submitted: 
e61b7dc0ef3cae3bd456bf6c82c6d9b4d895d8def6847bcfb0c0a447a8af9eab
[2026-05-07T06:54:29.739Z INFO  baals::runtime] Transaction submitted: 
bbbce58d6b4263949711626f5ecd887129ebd963e097c729a325887880e4217a
[2026-05-07T06:54:29.739Z INFO  baals::runtime] Transaction submitted: 
588c9bb22aef3ad80e5dc3d851ba0a188de5578d01824dfed775bb5a9e84df2a
[2026-05-07T06:54:29.742Z INFO  baals::runtime] Transaction submitted: 
941ac47a77ee9bd6356bf7409f51b2baad97c555b5c7bfae6a8518f8dc4bff81
[2026-05-07T06:54:29.743Z INFO  baals::consensus] [CONSENSUS] Starting block generation
[2026-05-07T06:54:29.743Z INFO  baals::consensus] [CONSENSUS] Previous block: index=0, 
hash=10eef285deef7a4b7c82b22aa53589b7833df29de3814649c772bbd5c832f365
[2026-05-07T06:54:29.743Z INFO  baals::consensus] [CONSENSUS] Selected 1 transactions (gas=500000, size=677 bytes)
[2026-05-07T06:54:29.742Z INFO  baals::runtime] Transaction submitted: 
14910451bf7c514f2589365bc038f5510ea72d47f4e03c23f77ae1f1eeff02c6
[2026-05-07T06:54:29.743Z INFO  baals::consensus] [CONSENSUS] Block generation completed: index=1, 
hash=c4abf534d44af62039fdf92ea70c6ff219456d2a53d25c488ded99e9afa2fb22
[2026-05-07T06:54:29.743Z INFO  baals::ledger] [LEDGER] Starting block validation
[2026-05-07T06:54:29.743Z INFO  baals::runtime] Transaction submitted: 
7ade13091fb13f1bd60acd601c0cd64c11614e1897c9d82ec407407812b3b984
[2026-05-07T06:54:29.744Z INFO  baals::runtime] Transaction submitted: 
488896ddd320c52b460d4438db03ff6320d748432b0d7417bbf0f48aa6b95546
[2026-05-07T06:54:29.745Z INFO  baals::runtime] Transaction submitted: 
a7d4762acec4c385bad14e6761d4cbaa5cc54940f3d2defd013a8fc415e5a751
[2026-05-07T06:54:29.750Z INFO  baals::runtime] Transaction submitted: 
f2fd0d1bf4329a4c9733fe9ed2db1261b175858e8cc73f555319e2148290aad2
[2026-05-07T06:54:29.751Z INFO  baals::runtime] Transaction submitted: 
0537260b048fb348bb18761ec688e5bd58f5fca2b21fc6989507a23dc17c8416
[2026-05-07T06:54:29.753Z INFO  baals::runtime] Transaction submitted: 
fa3274d6e5517d0fd37142d2f09eb79973440b1f0fe9c93d598fe87596ee7d1c
[2026-05-07T06:54:29.754Z INFO  baals::ledger] [LEDGER] Block validation completed successfully
[2026-05-07T06:54:29.755Z INFO  baals::runtime] Transaction submitted: 
f35456888c2efe141e9f60333e140a60690c66011c84cce496541a01a4c56fe7
[2026-05-07T06:54:29.756Z INFO  baals::ledger] [LEDGER] Starting block application
[2026-05-07T06:54:29.756Z INFO  baals::ledger] [LEDGER] Block: index=1, 
hash=c4abf534d44af62039fdf92ea70c6ff219456d2a53d25c488ded99e9afa2fb22, transactions=1
[2026-05-07T06:54:29.756Z INFO  baals::runtime] Transaction submitted: 
a4fc77a36d4fd7bc8f7306382fbc2deb8b2f8a678914b8787de1fdcc2b6b5b28
[2026-05-07T06:54:29.757Z INFO  baals::runtime] Transaction submitted: 
23b8c1e57a2ed353bf1e57f334afe07f3f3d7941c9d7e36321130d6d53ba1d99
[2026-05-07T06:54:29.759Z INFO  baals::runtime] Transaction submitted: 
5d258239847673f2514b5e672bbd7ed4540aa2dfc78616a3a423f65933dec1ca
[2026-05-07T06:54:29.760Z INFO  baals::runtime] Transaction submitted: 
7ea897245e8bea4d92458f8450981d2a9038ed1b0873a9f8f097f7a09ccea1c5
[2026-05-07T06:54:29.763Z INFO  baals::runtime] Transaction submitted: 
55d115a4d54808a1a31469a793ecfda889b6d766dc2781ceb6c03ff995d74050
[2026-05-07T06:54:29.763Z INFO  baals::runtime] Transaction submitted: 
e6e94e0270a52356bd175e51254084b42d96c88035a212af7ce2577d7171a549
[2026-05-07T06:54:29.762Z INFO  baals::runtime] Transaction submitted: 
564fe728021165aa2220b06cd812ec0d3a20e2385b41d0a6f7d84149f81ee67d
[2026-05-07T06:54:29.770Z INFO  baals::runtime] Transaction submitted: 
3885abc1773a22128bb370a5f97d37a78a48b4e21d3f20640b5d74a83abbc139
[2026-05-07T06:54:29.770Z INFO  baals::runtime] Transaction submitted: 
b17adaccb194e640f0d6ba456c4077e0bb3951be8d3dd97bca9735ee73df7f25
[2026-05-07T06:54:29.772Z INFO  baals::runtime] Transaction submitted: 
ebb182709da74484ba742729db801736379123998f3342206c84d89226179d97
[2026-05-07T06:54:29.772Z INFO  baals::runtime] Transaction submitted: 
58994220326c068609039723b777d683b70d242651fb781fc6f7295804b06a5b
[2026-05-07T06:54:29.774Z INFO  baals::runtime] Transaction submitted: 
7a59aa1ea09cc126ced662c3a57c2578ce0cd024a68bf13037151c83264688df
[2026-05-07T06:54:29.776Z INFO  baals::contracts] [CONTRACTS] 
5d0652ad8b40fb51f5f8139e6482f0724eb7db2725b20095ae65ab6b9ed3e719::test_method executed: gas=2, time=12.2┬╡s
[2026-05-07T06:54:29.775Z INFO  baals::runtime] Transaction submitted: 
931c442d58353bfde20b8726c7fd64ed0c3ba9259944ab4999fe179c0095e0f9
[2026-05-07T06:54:29.779Z INFO  baals::ledger] [LEDGER] Contract call to 
5d0652ad8b40fb51f5f8139e6482f0724eb7db2725b20095ae65ab6b9ed3e719::test_method returned 8 bytes
[2026-05-07T06:54:29.780Z INFO  baals::runtime] Transaction submitted: 
39197973dfd6dd7474abae051ac704bbad136b1b0c7d41f9c65346f4cbab4ba7
[2026-05-07T06:54:29.782Z INFO  baals::runtime] Transaction submitted: 
188fcac449cdf57d5a79650190c2488badd5ecdd2880c4b4e2117b48c0a48ca6
[2026-05-07T06:54:29.783Z INFO  baals::runtime] Transaction submitted: 
bffeb95bc397facbe25332d20bb880384c4a14c807f953dcc60f5bc6680d5eb9
[2026-05-07T06:54:29.784Z INFO  baals::runtime] Transaction submitted: 
2fd5cf1fe9853386131d7f8b81a052e457c35b6a97897a07570cebd2f55ecc95
[2026-05-07T06:54:29.784Z INFO  baals::runtime] Transaction submitted: 
232eb62ea100a1acc6ea19020b3f96bcf520727f2d4c6d34c5f6cea3ae4514dc
test test_inter_contract_call ... ok
test test_hardened_transaction_validation ... ok
[2026-05-07T06:54:29.788Z INFO  baals::runtime] Transaction submitted: 
515bd2fb8678e5b297dcb5827341e3c34a9f13d0a10b80db7fab11facd3263de
[2026-05-07T06:54:29.785Z INFO  baals::runtime] Transaction submitted: 
fe3e00c92035c4b7335182df0fe323b8bdd1f01d1e2df30b99c4900685205707
[2026-05-07T06:54:29.793Z INFO  baals::runtime] Transaction submitted: 
e773bb96242372a7f12c2dc0e92d7a738dbe904466cdf54dab4ff8d2300bdd2f
[2026-05-07T06:54:29.794Z INFO  baals::runtime] Transaction submitted: 
8bfca9e32d67814bec3295bbe120b7b3d7670e60dba42b889f094cfff1d7fca7
[2026-05-07T06:54:29.795Z INFO  baals::runtime] Transaction submitted: 
ddae3ad34e70446e5cd08ffa10f04444fa176a842566eda77bf2226ae64cf92c
[2026-05-07T06:54:29.795Z INFO  baals::runtime] Transaction submitted: 
6ca909949d7d40a81a397e64972af7f1ec1c5ed1d87d5a0ba5b0118ef47d467b
[2026-05-07T06:54:29.795Z INFO  baals::runtime] Transaction submitted: 
073c0824d4654dcf233f86463f88e1c96a85e8033fd034a35bbaecf6fd507042
[2026-05-07T06:54:29.795Z INFO  baals::runtime] Transaction submitted: 
0f2aab6e4f28f384b38ffa8471f31a2d9644cd32b1362129280aa5ef50b56df8
[2026-05-07T06:54:29.797Z INFO  baals::runtime] Transaction submitted: 
336d1ebd5ba75a0044565fc650b0277d9f742356ccd3e6dafe0c9a142cec4729
[2026-05-07T06:54:29.798Z INFO  baals::runtime] Transaction submitted: 
9b9276599126f29936f56ccc8361ecedb3b15e62384f33fd0dc66b0dc523dc1e
[2026-05-07T06:54:29.798Z INFO  baals::runtime] Transaction submitted: 
b4fc233f9bdff6be965323ce7719e3173a98e98cf8b2ce14150f08123e0a1c84
[2026-05-07T06:54:29.804Z INFO  baals::ledger] [LEDGER] Block application completed successfully
[2026-05-07T06:54:29.804Z INFO  baals::runtime] Block #1 produced (1 txns, 500000 gas)
[2026-05-07T06:54:29.805Z INFO  baals::runtime] Transaction submitted: 
d694c55d08e2b8f6a045d39a0325afc30afc3aee18c0676264480464f84cf28e
[2026-05-07T06:54:29.805Z INFO  baals::runtime] Transaction submitted: 
52ca55529e3fc748ff3f865c1b1fa82bc66ac44cc6377254993ddd8c65f4570e
[2026-05-07T06:54:29.806Z INFO  baals::runtime] Transaction submitted: 
dfb359a938d44aa502bbd9af2b9b95410d586bc3fcb77002b8b1b36120172c4d
[2026-05-07T06:54:29.808Z INFO  baals::runtime] Transaction submitted: 
a0952c5349fe9f39f562b41901c58d3286bddb4ad0ec77820cc1207f5f5df372
[2026-05-07T06:54:29.811Z INFO  baals::runtime] Transaction submitted: 
36c9f4568885ceba4781f12623a471a85be703a3c17b062aff85597f388cf79e
[2026-05-07T06:54:29.811Z INFO  baals::runtime] Transaction submitted: 
a4bed9a31b21f39995863a9f7128bcacb3fb4b36eaabf529a038aa82971c80c6
[2026-05-07T06:54:29.812Z INFO  baals::runtime] Transaction submitted: 
a62ec9b2532967aabb7f9230e8a5f9e8ad38923e752c60e11247494acdf3f2a8
[2026-05-07T06:54:29.812Z INFO  baals::runtime] Transaction submitted: 
a1a29fc9dd593c6d5b43788b17e90bdfdcad2375ef2ae7fb902745e48fc6ff87
test test_block_production_and_chain_state ... ok
test test_backup_and_restore ... ok
test test_p2p_auto_announcement_and_import ... ignored, Broadcast+handshake fixed; BlockResponse not reaching B's import loop ΓÇö further sync layer investigation needed
[2026-05-07T06:54:29.813Z INFO  baals::runtime] Transaction submitted: 
a905181105a04dceb7aa235e7c8e2049b3257445b320b02e2237554f51bab37e
[2026-05-07T06:54:29.813Z INFO  baals::runtime] Transaction submitted: 
beb67e39f7acad1207a7ce4bdcec14b9a27eb3bd23d1571011b30fbb5570b2b8
[2026-05-07T06:54:29.813Z INFO  baals::runtime] Transaction submitted: 
b5139c7c638f81ec691d59144ce4ca87412d2b58c35838863a09e1ddde7a4306
[2026-05-07T06:54:29.816Z INFO  baals::runtime] Transaction submitted: 
b6ef7413fe2a4b4bfc9aa69f3b1c9367b2c5d2fb8f526d420dc3344cc0ecb202
[2026-05-07T06:54:29.819Z INFO  baals::runtime] Transaction submitted: 
055c0ed9949d5928d0e8a0a1e75700722701d62f70c2560b44318b4df15685c7
[2026-05-07T06:54:29.823Z INFO  baals::runtime] Transaction submitted: 
6923d389c307a6ee889a3d70c570af3a058d6e346081302a5296da99637aabcc
[2026-05-07T06:54:29.825Z INFO  baals::runtime] Transaction submitted: 
3b84a88ac18c62e90cc1efe0436bbb77c4784703786087bc10c2870ad5de48cd
[2026-05-07T06:54:29.826Z INFO  baals::runtime] Transaction submitted: 
b403bd3fdd6316e733439d4fd26c95b1d1f84b561fde68119f5f33f2bff04579
[2026-05-07T06:54:29.827Z INFO  baals::runtime] Transaction submitted: 
71d7ae94937ab9f1c22055e215dc2556a29b0e83b02d1b099830cd7b4b716c9d
[2026-05-07T06:54:29.828Z INFO  baals::runtime] Transaction submitted: 
658c9cc7c9e0651288725eec88b439cc2cab50cb66de5cde31a34fa99d92e3d8
[2026-05-07T06:54:29.829Z INFO  baals::runtime] Transaction submitted: 
57adb8276a4c9aa002805fbf8a707637207323332c18f53df50546c3649e6b01
[2026-05-07T06:54:29.829Z INFO  baals::runtime] Transaction submitted: 
97c0823c3e51eafb77240a7461701de0efd9422a31f54a18eaf42479a3687144
[2026-05-07T06:54:29.830Z INFO  baals::runtime] Transaction submitted: 
26de373a706d3bbaa857910793ca2bf4109d2d69a8937a6d594d4043bace91f4
[2026-05-07T06:54:29.831Z INFO  baals::runtime] Transaction submitted: 
4abe83b33edfaa7276ee4ec7aef02c6ac6867d857ddb13036cc479d2bcfa3420
[2026-05-07T06:54:29.831Z INFO  baals::runtime] Transaction submitted: 
801b046a14cff9f331fa7a71279ee7ab9662eaea4b7070bb244b2735c64925b7
[2026-05-07T06:54:29.831Z INFO  baals::consensus] [CONSENSUS] Starting block generation
[2026-05-07T06:54:29.838Z INFO  baals::consensus] [CONSENSUS] Previous block: index=0, 
hash=10eef285deef7a4b7c82b22aa53589b7833df29de3814649c772bbd5c832f365
[2026-05-07T06:54:29.838Z INFO  baals::consensus] [CONSENSUS] Selected 0 transactions (gas=0, size=0 bytes)
[2026-05-07T06:54:29.839Z INFO  baals::consensus] [CONSENSUS] Block generation completed: index=1, 
hash=5c35c8f25ddd1ac757c363e41e27930c40d1b6d9a3b0734801c6f4a4e7bfd3c0
[2026-05-07T06:54:29.834Z INFO  baals::runtime] Transaction submitted: 
409e05b896936da30141b57291264130f1a02d3e0761f00a17c0d569edf78c54
[2026-05-07T06:54:29.838Z INFO  baals::runtime] Transaction submitted: 
76063ee41c867e1db1bc33d6d781cdcee962c05f6b21d135ee446fdd76b57fee
[2026-05-07T06:54:29.839Z INFO  baals::ledger] [LEDGER] Starting block validation
[2026-05-07T06:54:29.840Z INFO  baals::runtime] Transaction submitted: 
0486e1b8e46121a97b33817014f98e9f49a9d5acf33ad3815677f16895ebc7c6
[2026-05-07T06:54:29.841Z INFO  baals::runtime] Transaction submitted: 
a345713a0ba5bfee97bab98f9c071b7b48a8288b9e0ef7ad33720f26e39e851f
[2026-05-07T06:54:29.841Z INFO  baals::runtime] Transaction submitted: 
d76f4835d375b68e7557ee1ddd228461defa32ba2984c893cb3cddc0c1f72d09
[2026-05-07T06:54:29.843Z INFO  baals::runtime] Transaction submitted: 
a072f4b969ef6e702d290914a01d6fb22617cdd5b614adbd813e5a968024fd91
[2026-05-07T06:54:29.844Z INFO  baals::runtime] Transaction submitted: 
4c75b4d796b68d1689f1b397fb5016adcfcbb4f323104f1d13293f4570ec356f
[2026-05-07T06:54:29.844Z INFO  baals::runtime] Transaction submitted: 
1153d7030453c70d630142d8fe7ff7f9291a338cd37ccf0093ae17cafd2328cd
[2026-05-07T06:54:29.845Z INFO  baals::runtime] Transaction submitted: 
6b5acf10b8b4527b0e4ae3f8aead22a0c21b6c9e3e8cdb0c2a95b5224c2d5b6a
[2026-05-07T06:54:29.851Z INFO  baals::runtime] Transaction submitted: 
3f2ac48d0fae8372ae822099b63654c44a96b722a101a9aec8e15117e0ef0eb2
[2026-05-07T06:54:29.852Z INFO  baals::runtime] Transaction submitted: 
261468c5c8619d7c20afb3010f29f1dbb52073fabb714e2794aab8565ef34235
[2026-05-07T06:54:29.852Z INFO  baals::runtime] Transaction submitted: 
b66efcf831effcd5505a109e9bda0e5fb3532715d33a8cd06d3e0f9e39be383b
[2026-05-07T06:54:29.853Z INFO  baals::runtime] Transaction submitted: 
35c0380734aa236cd6c5f1c15f2fda4c5b084996faca1c78c9b467a1424965da
[2026-05-07T06:54:29.853Z INFO  baals::runtime] Transaction submitted: 
c47d4c5f5c903999f9859c230426ff963233cd945449a274ea2fef210234ff17
[2026-05-07T06:54:29.854Z INFO  baals::runtime] Transaction submitted: 
a4038e0040de8b99ed8ded03a106b527dff1833d7186cf9e9b0384e2ce83b90e
[2026-05-07T06:54:29.856Z INFO  baals::runtime] Transaction submitted: 
1313f2474d02cb74934f65e0056d170a16bcb8752122d0202735397e99b013fb
[2026-05-07T06:54:29.860Z INFO  baals::runtime] Transaction submitted: 
49416c45f4ed04166a2dda0873b2728b640697e0ec96adc550f5c09503b37c98
[2026-05-07T06:54:29.860Z INFO  baals::runtime] Transaction submitted: 
6c79ec1a35494e1b8ea7ba6c2a8ecba917b65122fed8b9e03aa6219b9c3f5c60
[2026-05-07T06:54:29.862Z INFO  integration] [TEST] Starting test_ledger_state_transition
[2026-05-07T06:54:29.863Z INFO  baals::runtime] Transaction submitted: 
18ae7a7ac5c508775397a3af3cc688039899520a06d97264368f05ec1498dc58
[2026-05-07T06:54:29.863Z INFO  integration] [SYNC-TEST] Starting storage-backed block serving test
[2026-05-07T06:54:29.864Z INFO  baals::runtime] Transaction submitted: 
e80f288335c8aab7a0aad520677a6232debc2f7dbfc3271d1a9e33257937f0dd
[2026-05-07T06:54:29.865Z INFO  integration] [TEST] Created temp directory: 
"C:\\Users\\Desktop\\AppData\\Local\\Temp\\.tmp8xRoEF"
[2026-05-07T06:54:29.865Z INFO  baals::runtime] Transaction submitted: 
a01380eaadd6410d827836443039dd6429fae55b8cebf5253c685fda629ce57a
[2026-05-07T06:54:29.865Z INFO  baals::runtime] Transaction submitted: 
730a6a0693d17f9b8e5cc4ad8eaa9db171cdf8dbe5c2af8a5caa461fa8bbc673
[2026-05-07T06:54:29.865Z INFO  baals::runtime] Transaction submitted: 
c51e8c2087118482560c60949800167e232ee34e188c2f9ad7183a1663e79cc1
[2026-05-07T06:54:29.866Z INFO  baals::runtime] Transaction submitted: 
22ae849076a5e8c048a6b7b3959586f756f7d50e4d1685638b25a6194dd7e42b
[2026-05-07T06:54:29.869Z INFO  integration] [TEST] Creating runtime
[2026-05-07T06:54:29.870Z INFO  baals::runtime] Transaction submitted: 
b5d5fa89bd107362ea9fe103d76741db014d0a287293c186367b118f8c1ebe1c
[2026-05-07T06:54:29.870Z INFO  integration] [TEST] Runtime created successfully
[2026-05-07T06:54:29.871Z INFO  baals::runtime] Transaction submitted: 
ec80692c8a034fefa6ac66e44d35289f487083fac50076f3936becba85c87adb
[2026-05-07T06:54:29.871Z INFO  baals::runtime] BaaLS Runtime started (auto-block disabled)
[2026-05-07T06:54:29.874Z INFO  integration] [TEST] Runtime started
[2026-05-07T06:54:29.874Z INFO  baals::runtime] Transaction submitted: 
c68e12e9d64bb95c6365f434daff970b3b816eb46ce3ca1b73925c544a8e888f
test test_invalid_nonce_rejected ... ok
[2026-05-07T06:54:29.875Z INFO  baals::runtime] Transaction submitted: 
5f9bc7d5be0de97cb925970d846818e9a2d5597d10a8f1b73207f071958806d2
[2026-05-07T06:54:29.876Z INFO  baals::runtime] Transaction submitted: 
94951a3652099d1fc15e65728c7e3b6bb667ace326016424bb382573b805acd6
[2026-05-07T06:54:29.876Z INFO  baals::runtime] Transaction submitted: 
56d0581a7839ae3d24cbe4ffa0ee3acf4666bc0af9be88d485173f87e7fcb660
[2026-05-07T06:54:29.876Z INFO  baals::runtime] BaaLS Runtime started (auto-block disabled)
[2026-05-07T06:54:29.876Z INFO  integration] [TEST] Created account1: 
fbd9234b148aa824521497833e2449a2d77a5de5d070ea5aea1e495a998626aa
[2026-05-07T06:54:29.878Z INFO  integration] [TEST] Starting performance benchmarks
[2026-05-07T06:54:29.879Z INFO  integration] [SYNC-TEST] Starting P2P block propagation test
[2026-05-07T06:54:29.878Z INFO  baals::runtime] Transaction submitted: 
6a05b2f47f0e206f28308dc78fa61eddd9620b391dda0f4b885700cbaaa34912
[2026-05-07T06:54:29.878Z INFO  baals::runtime] Transaction submitted: 
4800fef050b922d74c40e509e9c0f63346d86647c0a1e43f36d7894fc8596408
[2026-05-07T06:54:29.879Z INFO  baals::runtime] Transaction submitted: 
a82dc7473b454be1984e1d011ce0b9e50d09f6aee0e14fac03368d94fdf371ea
[2026-05-07T06:54:29.880Z INFO  baals::runtime] Transaction submitted: 
446246f22dc4e29cb601f3c2cb1ca4fe719fa9a933a0fb3790eaf70417b58f98
[2026-05-07T06:54:29.880Z INFO  integration] [TEST] Created account2: 
47da44aa90329b6171ca73e56d4c4d6af1c0e9a4e71ec7d145e2167f47033176
[2026-05-07T06:54:29.882Z INFO  baals::runtime] Transaction submitted: 
a8b9babe39acc6ab2d418df2d8df262a3c13ae369b0cec8f92b9c8d666b73e68
[2026-05-07T06:54:29.885Z INFO  baals::runtime] BaaLS Runtime started (auto-block disabled)
[2026-05-07T06:54:29.886Z INFO  baals::runtime] Transaction submitted: 
c9d7abce7e2a4d0db719b4ecc26e1d7dc3d32d5b942629a69915619e0a25fb2d
[2026-05-07T06:54:29.886Z INFO  integration] [TEST] Created and signed transaction
[2026-05-07T06:54:29.888Z INFO  baals::runtime] Transaction submitted: 
87d34d9ce4ea30d3e6334ba0b9f8a97f6d282731de33598a72c97fd46f1953d1
[2026-05-07T06:54:29.891Z INFO  baals::runtime] Transaction submitted: 
44dccf44682940c4123a071856d45fe5feb1ec7d0cfe2921a4a7100d3c65babd
[2026-05-07T06:54:29.891Z INFO  baals::runtime] Transaction submitted: 
c49f2982fec5567d7da732f9ff933be1a37444796467474c0847b885c654b3d5
[2026-05-07T06:54:29.892Z INFO  baals::runtime] Transaction submitted: 
488834805f2ea2ac966d6b01d017f928cbab9ec599db0f8971b667f30fe47a33
[2026-05-07T06:54:29.892Z INFO  baals::runtime] Transaction submitted: 
686ff815af5ccd3947fe99e3662ffa9ba41b8ddb6e2c90106b86d820750efb1f
[2026-05-07T06:54:29.892Z INFO  baals::runtime] Transaction submitted: 
2452d87dcf256816f9e293fc6d74b75f14748ffc555931bb40fddde86754c9b5
[2026-05-07T06:54:29.892Z INFO  baals::runtime] Transaction submitted: 
910d0b6dc3c1c6372dc9779a922933f26457338147184770a89a03a85a5bb502
[2026-05-07T06:54:29.898Z INFO  baals::runtime] Transaction submitted: 
d46b784b95877d39ab4f1f7e5e5fd6bbae8aa312916e3d94ac640ef1ab5149eb
[2026-05-07T06:54:29.898Z INFO  integration] [TEST] Transaction submitted to runtime
[2026-05-07T06:54:29.898Z INFO  integration] [TEST] Creating tokio runtime for block production
[2026-05-07T06:54:29.898Z INFO  baals::runtime] Transaction submitted: 
a00765807866672f05aacb10df58cbf102d318d033def54573475fa83da2c2b8
[2026-05-07T06:54:29.899Z INFO  baals::runtime] Transaction submitted: 
62866b350b737a15a9455a0f3f4e2b393df8e6807029dd68cff06da8908be65f
[2026-05-07T06:54:29.900Z INFO  baals::runtime] Transaction submitted: 
c0bfb4865a73ce50c9067ae4235a44d67599af9b7d3c4710f2cd5a452b0d79fd
[2026-05-07T06:54:29.899Z INFO  integration] [TEST] Tokio runtime created, calling block_on
[2026-05-07T06:54:29.900Z INFO  integration] [TEST] Inside async block, calling runtime.produce_block()
[2026-05-07T06:54:29.900Z INFO  baals::consensus] [CONSENSUS] Starting block generation
[2026-05-07T06:54:29.900Z INFO  baals::consensus] [CONSENSUS] Previous block: index=0, 
hash=10eef285deef7a4b7c82b22aa53589b7833df29de3814649c772bbd5c832f365
[2026-05-07T06:54:29.900Z INFO  baals::consensus] [CONSENSUS] Selected 1 transactions (gas=100000, size=656 bytes)
[2026-05-07T06:54:29.900Z INFO  baals::runtime] Transaction submitted: 
d3176bda68210921d32b76257d3b769655de3f217e15527c21c1751c9d80c304
[2026-05-07T06:54:29.900Z INFO  baals::runtime] BaaLS Runtime started (auto-block disabled)
[2026-05-07T06:54:29.900Z INFO  baals::consensus] [CONSENSUS] Block generation completed: index=1, 
hash=25971bc867a0147c2bf9300c04ed2822250ae4ee151b97550215b82309dbed2c
[2026-05-07T06:54:29.900Z INFO  baals::ledger] [LEDGER] Starting block validation
[2026-05-07T06:54:29.903Z INFO  baals::runtime] Transaction submitted: 
1b76e29fde756a037effc0f534b007575de96d9648bd71573258e07ccbfc5dc1
[2026-05-07T06:54:29.903Z INFO  baals::runtime] Transaction submitted: 
75b09bf36fbe7fa7d5d63cb565966af1246ea2652cb749254a25aa941d3ebeea
[2026-05-07T06:54:29.904Z INFO  baals::runtime] Transaction submitted: 
107ee052b4fa1afdb4ec07671a0b4f1a392e18c8716221135dae5ad9298cbd93
[2026-05-07T06:54:29.910Z INFO  baals::runtime] Transaction submitted: 
371734fd7cf6b0833156e6e7cd81dd13a6e4e740841135eca3f1fc79d2409b25
[2026-05-07T06:54:29.910Z INFO  baals::runtime] Transaction submitted: 
ddb12b289c401b9e79d82cda1e21204661b0e188ec59d0d022145018100c2b69
[2026-05-07T06:54:29.911Z INFO  baals::runtime] Transaction submitted: 
959c3efc7e6bb70302e783f910c52aa5649f828248d41a314b9fe3325e254f65
[2026-05-07T06:54:29.911Z INFO  baals::ledger] [LEDGER] Block validation completed successfully
[2026-05-07T06:54:29.913Z INFO  baals::runtime] Transaction submitted: 
13e3d1d0aabd48abdfb97aa29d18a169b31aa2e3e37a28122caeca4dc94ed259
[2026-05-07T06:54:29.913Z INFO  baals::runtime] Transaction submitted: 
0d6badace4db9d0cca4c4bee82b69abb0dd8b315c3a1174b0946988fe0011829
[2026-05-07T06:54:29.914Z INFO  baals::ledger] [LEDGER] Starting block application
[2026-05-07T06:54:29.914Z INFO  baals::ledger] [LEDGER] Block: index=1, 
hash=25971bc867a0147c2bf9300c04ed2822250ae4ee151b97550215b82309dbed2c, transactions=1
[2026-05-07T06:54:29.914Z INFO  baals::runtime] Transaction submitted: 
fa4b815c00490d93892cbca5d49002757f58e87f8d07ecdd258b9ef7cf8d34af
[2026-05-07T06:54:29.914Z INFO  baals::runtime] Transaction submitted: 
25d89ca82e269db981df9e269904e1348d1495dc3a36bc1b4f0dc9cb1d8976e2
[2026-05-07T06:54:29.916Z INFO  baals::runtime] Transaction submitted: 
0764f8676bacb3467b15f7900de3422f96ee51d6d03ad2411c040dd85598630c
[2026-05-07T06:54:29.918Z INFO  baals::runtime] Transaction submitted: 
2d76f298c86656b486ab55bcae137c1b86a4bb5b95f0ba98332cd62973704589
[2026-05-07T06:54:29.919Z INFO  baals::sync] P2P server listening on 127.0.0.1:19071
[2026-05-07T06:54:29.922Z INFO  baals::runtime] Transaction submitted: 
c7ebfc2a38b0f58456b86ffa2acb0800deb4bdb358cf966c38ba45ac191138a1
[2026-05-07T06:54:29.922Z INFO  baals::runtime] Transaction submitted: 
bb6971158093b9780ef07504ad995e1995b75a1bace754df903b8d5bf4db351c
[2026-05-07T06:54:29.925Z INFO  baals::runtime] Transaction submitted: 
f04a60f69650497984913e9ba4901b733b1e0e84e0b7d7426eff0cf264c4ab07
[2026-05-07T06:54:29.925Z INFO  baals::runtime] Transaction submitted: 
05adab7f6328d0f83c4dacb508987fe12a6cd21d57245a7ed8272d3c5ba5df64
[2026-05-07T06:54:29.927Z INFO  baals::runtime] Transaction submitted: 
27010f719f7475602f3d69a661d32985f28b357bf2adc46e8012aeec50d9190d
[2026-05-07T06:54:29.927Z INFO  baals::sync] P2P server listening on 127.0.0.1:19081
[2026-05-07T06:54:29.930Z INFO  baals::runtime] Transaction submitted: 
820a14e3fe24416abbc138fe1188db58bf7a61f0b3c46c1a9c0ff377bc5b1d9d
[2026-05-07T06:54:29.930Z INFO  baals::runtime] Transaction submitted: 
ca83ab79dcf28d302b69379dee316107848c0887b732fd58c8575c48ea669344
[2026-05-07T06:54:29.931Z INFO  baals::runtime] Transaction submitted: 
d3b7bb9e8bed124bd9c9537e0ad10f046cc344749c73f0bf47c8327b7cbe6959
[2026-05-07T06:54:29.932Z INFO  baals::runtime] Transaction submitted: 
0eae46da256e3a0443b62fe9df58e31583f658051c0f27e1744e399079504b32
[2026-05-07T06:54:29.933Z INFO  baals::runtime] Transaction submitted: 
e5eee36a1ed02ab35417afb33e34c745dc67a310b76b130a773f241e9d588da4
[2026-05-07T06:54:29.934Z INFO  baals::runtime] Transaction submitted: 
b92e8d60d26f68fcd7e952bd8b8ce22992aa8bda883249addcd111d69b7a5907
test test_ledger_rejects_future_block_timestamp ... ok
test test_insufficient_balance_rejected ... ok
[2026-05-07T06:54:29.937Z INFO  baals::runtime] Transaction submitted: 
94200ea2a74611d68966beed8561c7f587a55f31ca8c4f06dec4c430c78fa113
[2026-05-07T06:54:29.938Z INFO  baals::runtime] Transaction submitted: 
359bc435b172c5a4b48e8181d6186229ec5aa8ce3131f60d1c29a39acb45b3d9
[2026-05-07T06:54:29.938Z INFO  baals::ledger] [LEDGER] Block application completed successfully
[2026-05-07T06:54:29.938Z INFO  baals::runtime] Block #1 produced (1 txns, 100000 gas)
[2026-05-07T06:54:29.938Z INFO  integration] [TEST] produce_block() completed with result: Ok(Block { index: 1, 
timestamp: 1778136869, prev_hash: [16, 238, 242, 133, 222, 239, 122, 75, 124, 130, 178, 42, 165, 53, 137, 183, 131, 
61, 242, 157, 227, 129, 70, 73, 199, 114, 187, 213, 200, 50, 243, 101], hash: [37, 151, 27, 200, 103, 160, 20, 124, 
43, 249, 48, 12, 4, 237, 40, 34, 37, 10, 228, 238, 21, 27, 151, 85, 2, 21, 184, 35, 9, 219, 237, 44], nonce: 0, 
transactions: [Transaction { hash: [212, 107, 120, 75, 149, 135, 125, 57, 171, 79, 31, 126, 94, 95, 214, 187, 174, 
138, 163, 18, 145, 110, 61, 148, 172, 100, 14, 241, 171, 81, 73, 235], sender: 
PublicKey(VerifyingKey(CompressedEdwardsY: [251, 217, 35, 75, 20, 138, 168, 36, 82, 20, 151, 131, 62, 36, 73, 162, 
215, 122, 93, 229, 208, 112, 234, 90, 234, 30, 73, 90, 153, 134, 38, 170]), EdwardsPoint{
    	X: FieldElement51([1724216058513039, 2222291235371304, 1641201619279483, 2123154380250204, 1051426120171587]),
    	Y: FieldElement51([586738039000416, 29026142859444, 1977593643594223, 1473850923855591, 846533366324113]),
    	Z: FieldElement51([985290750400003, 621868184336065, 1609033047961791, 441850876293279, 285382979764669]),
    	T: FieldElement51([2108835218161822, 1218361347606844, 1252931919624118, 587813618194489, 1440861041601602])
    })), nonce: 1, timestamp: 1778136869, recipient: Wallet(PublicKey(VerifyingKey(CompressedEdwardsY: [71, 218, 68, 
170, 144, 50, 155, 97, 113, 202, 115, 229, 109, 76, 77, 106, 241, 192, 233, 164, 231, 30, 199, 209, 69, 226, 22, 127, 
71, 3, 49, 118]), EdwardsPoint{
    	X: FieldElement51([2191398873427679, 28541127900034, 296131415362965, 742329920567971, 1615667488959059]),
    	Y: FieldElement51([823789288079625, 1170300146588228, 1857207178766997, 563309156330303, 227789016468241]),
    	Z: FieldElement51([275381694531832, 1087008493133440, 1257825083640143, 1511456604313745, 1011747552446327]),
    	T: FieldElement51([1592122228426882, 1509156538831278, 448562626501285, 900884308897132, 48372598173953])
    }))), payload: Transfer { amount: 100 }, signature: TransactionSignature(ed25519::Signature { R: 
0x3ca1e6834d6a3da53180bf27f2268c5e073ead9785dd9ca0d4b0375803679579, s: 
0x7b60bc9788720f296723477319e65ec6ce7b163e1de09b9a65113ba95afda305 }), gas_limit: 100000, priority: 0, metadata: None 
}], metadata: Some({"signature": "514382bbed34c86db303136f88e69dda1ba2bd332caefb4cc6a91b4766354cd6212bbd7b28bdd5e61edc1
e755e2c59124b7c625999e286e7f15120fe9669730f", "signed_at": "1778136869", "signer": 
"a7b14e784c7554550175940f53ef40b19770a049c0cc79861c2d01fe7fc5c8b6"}) })
[2026-05-07T06:54:29.938Z INFO  integration] [TEST] Block production completed: index=1, 
hash=25971bc867a0147c2bf9300c04ed2822250ae4ee151b97550215b82309dbed2c
[2026-05-07T06:54:29.939Z INFO  integration] [TEST] test_ledger_state_transition completed successfully
[2026-05-07T06:54:29.943Z INFO  baals::runtime] Transaction submitted: 
afd65b22607af66da25c55f1c0e791409030bb417a52705f67873c4fc1d6ef4f
[2026-05-07T06:54:29.943Z INFO  baals::runtime] Transaction submitted: 
ed7d74243543af44634ee74c2bebaeec4162e4ec8350d251473261b19f1faa5f
[2026-05-07T06:54:29.943Z INFO  baals::runtime] Transaction submitted: 
2f19eec753be37eb5d37a6dda3ec393fe312ad66a31ef08eefebc38b8bdb46bf
[2026-05-07T06:54:29.944Z INFO  baals::runtime] Transaction submitted: 
9113f013fe07e004fdca5f854510ba7edd33605b3caa5c6565ec9f00f30eb1d6
test test_ledger_state_transition ... ok
[2026-05-07T06:54:29.945Z INFO  baals::runtime] Transaction submitted: 
8a92402649fcd5956955a07379848b0a15b8f7209ab54ece25aa7117b7a354e7
[2026-05-07T06:54:29.947Z INFO  baals::runtime] Transaction submitted: 
728478991460fb04fb0a15b05899d924a92457c7797a138e51f3a3e181bc8e8e
[2026-05-07T06:54:29.952Z INFO  baals::runtime] Transaction submitted: 
a881a1f32f37ba76d6ed4f8f14ba2b7644a49adc56a2e8b84f71ecb845957129
[2026-05-07T06:54:29.954Z INFO  baals::runtime] Transaction submitted: 
09b082214f5d9bb4f76bc56364669c537a73665998bfcd0d92ca348c581c30d2
[2026-05-07T06:54:29.954Z INFO  baals::runtime] Transaction submitted: 
94a408eccd07701ecbb1b51352e40238d4b624797ea53b3dc51d7c035c85d71b
[2026-05-07T06:54:29.955Z INFO  baals::runtime] Transaction submitted: 
db3db3be6086ea2d1af2bf10dd82b8020b510b2423f9cf5000b1fe9089381de5
[2026-05-07T06:54:29.955Z INFO  baals::runtime] Transaction submitted: 
212563ce0a3be84d63af7acd9e7561127b8ab7278301d5e7304be51d8c1c13fa
[2026-05-07T06:54:29.957Z INFO  baals::runtime] Transaction submitted: 
a8fcf2cbac48cafb04151625901f2d0a6f9097b22ecd92bc67fb93792596fe30
[2026-05-07T06:54:29.960Z INFO  baals::runtime] Transaction submitted: 
a174603853b13a28a97e9841cbc96300d7de51b4534bc525936cdd0d7f153c71
[2026-05-07T06:54:29.964Z INFO  baals::runtime] Transaction submitted: 
ac79b5979858192cc76fd853e7b587e510c3081c35d5ee75fdfc96cd7af6d660
[2026-05-07T06:54:29.966Z INFO  baals::runtime] Transaction submitted: 
94afe8e7f1064233cd3f7b95f01fc34f1aee517dd4e08a616170500447d66476
[2026-05-07T06:54:29.968Z INFO  baals::runtime] Transaction submitted: 
4044a4677813eb19392e9e3ceb9a4e5fec3da40ca46ed9c7a0723dff02a2b2ee
[2026-05-07T06:54:29.968Z INFO  baals::runtime] Transaction submitted: 
2f9c1a5b0352374d3964dc6e7f87f3cb0fe1e6733e9c3964e9ea4c74379dcbbf
[2026-05-07T06:54:29.968Z INFO  baals::runtime] Transaction submitted: 
c52efbfecfa576b1ce65fd083f219650a48125f3dfdeb1a9e7b50ce8d8c1aea6
[2026-05-07T06:54:29.969Z INFO  baals::runtime] Transaction submitted: 
07ecedd122e4d0bbfbe1315edfca920766cf673753143b55086a5b74e94e3b7e
[2026-05-07T06:54:29.972Z INFO  baals::runtime] Transaction submitted: 
fe1070bfed7ecc36c9ea4054cc9f5d7122a0269fbd7927b9a845250deb07192e
[2026-05-07T06:54:29.976Z INFO  baals::runtime] Transaction submitted: 
3f9f316230f4b1d6229cde627c91ae989a6f0266c97af398c32e40c4ceaafdcf
[2026-05-07T06:54:29.978Z INFO  baals::runtime] Transaction submitted: 
c647f91260c3f916fd60e5f01fa89b287aa4665506492712728fa05763afcd53
[2026-05-07T06:54:29.980Z INFO  baals::runtime] Transaction submitted: 
876b1022d7da66e8bd21e4c098f3a39849b05951fe7c015395cf478f33af1346
[2026-05-07T06:54:29.980Z INFO  baals::runtime] Transaction submitted: 
d82de0fa8f909fa623722b2f9da5239a2ef68b1281031e402440ffe9df4bb6b6
[2026-05-07T06:54:29.981Z INFO  baals::runtime] Transaction submitted: 
e43c79e0922c520baa7b30f4839583ac830654df659afed48c211303c3ffc10d
[2026-05-07T06:54:29.981Z INFO  baals::runtime] Transaction submitted: 
5a27c51c863f3a086d27063b7b49d3bde94797b8c9aeb4d218463321422a3014
[2026-05-07T06:54:29.985Z INFO  baals::runtime] Transaction submitted: 
e3ef86ddfaaa7f38d6b7e5d9592e83c377729dcbe2a63499b163d4016d40bab6
[2026-05-07T06:54:29.987Z INFO  baals::runtime] Transaction submitted: 
29dc97e9b29157c64af872672226ea61d93f882ff6c559f64a2835692cfb0629
[2026-05-07T06:54:29.988Z INFO  baals::runtime] Transaction submitted: 
6d7d791eed2aa8d4a20ab9dc57f8ac9ddfcf9985d9e9e0d7ce7c44e04ac15bb1
[2026-05-07T06:54:29.991Z INFO  baals::runtime] Transaction submitted: 
563c51f53910357379ce27cabc640a536e6dcefc7b351dc998e74d2068f76321
[2026-05-07T06:54:29.992Z INFO  baals::runtime] Transaction submitted: 
281bfe0a98c4fcddf9f78b8080562bd8c92b517605f6e3ae2cf596f50ccc05f2
[2026-05-07T06:54:29.993Z INFO  baals::runtime] Transaction submitted: 
3bcf65cbcaa40edfcd89f650528478d274c90b42811509e6f5aefcb00ecd5f1d
[2026-05-07T06:54:29.993Z INFO  baals::runtime] Transaction submitted: 
df3509a9401d04e128ed7edd84d21b5c42f21789bb64106fac13b36386328947
[2026-05-07T06:54:29.993Z INFO  integration] [TEST] Concurrent mempool integrity: 200 successful, 200 in mempool
test test_concurrent_mempool_integrity ... ok
[2026-05-07T06:54:29.999Z INFO  baals::runtime] Transaction submitted: 
c4ded1ec291daf6b86daf3787320d1c2478d2f6f24fe79372be3dea649fbc0f8
[2026-05-07T06:54:30.000Z INFO  baals::runtime] Transaction submitted: 
f1fd12a22089873017abce22799505b453cf4e99d6641024f870788d48376aaf
[2026-05-07T06:54:30.001Z INFO  baals::runtime] BaaLS Runtime started (auto-block disabled)
[2026-05-07T06:54:30.002Z INFO  baals::runtime] Transaction submitted: 
d0c4f82d88fa12f6db66f3bcb54bb3c796b2ddf317928a758af9bb1b370067a0
[2026-05-07T06:54:30.003Z INFO  baals::runtime] Transaction submitted: 
ee066db347034e21080220b3777d4e2762f47ff4fa1cfaaa68b7fff5bba666d1
[2026-05-07T06:54:30.003Z INFO  baals::runtime] [RUNTIME] Deploying contract from deployer: 
bc127579cd08da8ac7bd013288e948be0da982885ae15d8f589cc606d9a016f7
[2026-05-07T06:54:30.005Z INFO  baals::runtime] Transaction submitted: 
0756adf878da24f1e331f6ca164cdb600e5b367cc8192798fe609d0f8625f1b5
[2026-05-07T06:54:30.009Z INFO  baals::contracts] [CONTRACTS] Contract deployed: 
b1f7aaa024c222562b0c5db2ffe4a5b8b7b86583eccb505871d505bea691f6be
[2026-05-07T06:54:30.011Z INFO  baals::runtime] [RUNTIME] Contract deployed successfully with ID: 
b1f7aaa024c222562b0c5db2ffe4a5b8b7b86583eccb505871d505bea691f6be
[2026-05-07T06:54:30.011Z INFO  baals::runtime] [RUNTIME] Calling contract 
b1f7aaa024c222562b0c5db2ffe4a5b8b7b86583eccb505871d505bea691f6be method 'safe' from caller: 
bc127579cd08da8ac7bd013288e948be0da982885ae15d8f589cc606d9a016f7
[2026-05-07T06:54:30.016Z INFO  baals::runtime] Transaction submitted: 
b2e3db918bc449cc4c6bfe70affd91ace794737bbd7218467e9280c425c84a5a
[2026-05-07T06:54:30.017Z INFO  baals::runtime] Transaction submitted: 
debba5b38883fe24ffbbed12f3adffef5ab79f788711dd676f0bef07b085fab2
[2026-05-07T06:54:30.017Z INFO  baals::runtime] Transaction submitted: 
12ded393c9639a61c8903805201d930b0c26bd91b037d6df07b0e81131bbc6e9
[2026-05-07T06:54:30.018Z INFO  baals::runtime] Transaction submitted: 
5e9a9a1f86e56be856c934a56a0219d6380bd5cfac6df97d6a3dced1a1aec10b
[2026-05-07T06:54:30.025Z INFO  baals::runtime] Transaction submitted: 
efbb2d420dd62c9b9d7028bc77727d04a705cc810b72a1c8d4b540b4515c41aa
[2026-05-07T06:54:30.027Z INFO  baals::contracts] [CONTRACTS] 
b1f7aaa024c222562b0c5db2ffe4a5b8b7b86583eccb505871d505bea691f6be::safe executed: gas=5, time=19.8┬╡s
[2026-05-07T06:54:30.027Z INFO  baals::runtime] [RUNTIME] Contract call completed successfully
[2026-05-07T06:54:30.027Z INFO  baals::runtime] [RUNTIME] Calling contract 
b1f7aaa024c222562b0c5db2ffe4a5b8b7b86583eccb505871d505bea691f6be method 'reenter' from caller: 
bc127579cd08da8ac7bd013288e948be0da982885ae15d8f589cc606d9a016f7
[2026-05-07T06:54:30.028Z INFO  baals::runtime] Transaction submitted: 
a887fe76310bcd49bde77e3c93ede96caf9416ac0be63b36be96a9e9fcb78167
[2026-05-07T06:54:30.028Z INFO  baals::runtime] Transaction submitted: 
ff4288f430eabe6b859f28d60ea50589f59b42d4f85e955b05ef8cfb3d9d2e65
[2026-05-07T06:54:30.033Z INFO  baals::runtime] Transaction submitted: 
13255422fe9fe9e99a9a548a4fd30e2e91f0ac6da4750063874db2dffd14b2cf
[2026-05-07T06:54:30.034Z INFO  baals::runtime] Transaction submitted: 
4fafd2cda773d9da1233798c0c5b994dbb10011041ac34380ea8ef32e858009a
[2026-05-07T06:54:30.037Z INFO  baals::runtime] Transaction submitted: 
30f035082ebd7c0c5f87a07eb7a0111b881d330dfbc5031ef7813138fde24caa
[2026-05-07T06:54:30.039Z INFO  baals::runtime] Transaction submitted: 
f86ef66f26b413397b32c616b87bc8f09de49f3b4af6ebb43ce747d4058f4042
[2026-05-07T06:54:30.043Z INFO  baals::runtime] Transaction submitted: 
7a0bfeb227061b3b310da14643f90c2cb1d8a3506d8ea7c552b2764af1e30352
[2026-05-07T06:54:30.046Z INFO  baals::contracts] [CONTRACTS] 
b1f7aaa024c222562b0c5db2ffe4a5b8b7b86583eccb505871d505bea691f6be::reenter executed: gas=26, time=102.3┬╡s
[2026-05-07T06:54:30.046Z WARN  baals::contracts] [CONTRACTS] Reentrancy blocked on inter-contract call to 
b1f7aaa024c222562b0c5db2ffe4a5b8b7b86583eccb505871d505bea691f6be
[2026-05-07T06:54:30.047Z INFO  baals::runtime] [RUNTIME] Contract call completed successfully
[2026-05-07T06:54:30.047Z INFO  integration] [TEST] Reentrancy guard test passed: safe=1, reenter=4 bytes
[2026-05-07T06:54:30.047Z INFO  baals::runtime] Transaction submitted: 
c8e22196d6c265a9da1fa0f144423830f9698a33977417d7b2fcf321078543db
[2026-05-07T06:54:30.047Z INFO  baals::runtime] Transaction submitted: 
4abc56e84a200b15f76a7aae08d2872a6a3b2ad79e5019d3e5a081afc29552e3
test test_reentrancy_guard ... ok
[2026-05-07T06:54:30.050Z INFO  integration] [TEST] Starting reentrancy guard correctness test
[2026-05-07T06:54:30.052Z INFO  baals::runtime] Transaction submitted: 
9301af0b26324718166a45f429bacbfa7dd48513b4cb9f73c150be46f208306d
[2026-05-07T06:54:30.052Z INFO  baals::runtime] Transaction submitted: 
574d424419210122dd415a5aa6920a5e767234a207b800e1a6353b7544b5c282
[2026-05-07T06:54:30.054Z INFO  baals::runtime] Transaction submitted: 
5b37df5669e6485c3ecc127581c3353df3488f2099b683849997789028c870bc
[2026-05-07T06:54:30.058Z INFO  baals::runtime] Transaction submitted: 
84fe16b55ec2cd56165ea0b0baf3441fde8fede075d2af6b48bc21424d5d8853
[2026-05-07T06:54:30.059Z INFO  baals::runtime] Transaction submitted: 
1f7ce3890689d9a7460094060664b11ed211d7539cf44de50decc689c357883f
[2026-05-07T06:54:30.059Z INFO  baals::runtime] BaaLS Runtime started (auto-block disabled)
[2026-05-07T06:54:30.063Z INFO  baals::runtime] [RUNTIME] Deploying contract from deployer: 
72aac7fd65f16c2ccde6814ca6d70a0354cfb3b309afd236c34c9b8f7d775981
[2026-05-07T06:54:30.064Z INFO  baals::runtime] Transaction submitted: 
656df5b0bf35e9d6dbcb02cb84276322293db14467a0793faf986894b3b53cf2
[2026-05-07T06:54:30.064Z INFO  baals::runtime] Transaction submitted: 
3f6989041c49aa511581dc1cc093dee146d2d6be8b2caf260f50824ad8933598
[2026-05-07T06:54:30.067Z INFO  baals::runtime] Transaction submitted: 
d016eda6ccb96566826e1c31c1a2f1e29189c1c8a7119e03b379e2f19d83786f
[2026-05-07T06:54:30.068Z INFO  baals::contracts] [CONTRACTS] Contract deployed: 
30123935ac4e2eec213bfef1f17f158876c9cfbf5c5e328a7de28febaa1dff4b
[2026-05-07T06:54:30.068Z INFO  baals::runtime] [RUNTIME] Contract deployed successfully with ID: 
30123935ac4e2eec213bfef1f17f158876c9cfbf5c5e328a7de28febaa1dff4b
[2026-05-07T06:54:30.068Z INFO  baals::runtime] [RUNTIME] Calling contract 
30123935ac4e2eec213bfef1f17f158876c9cfbf5c5e328a7de28febaa1dff4b method 'safe' from caller: 
72aac7fd65f16c2ccde6814ca6d70a0354cfb3b309afd236c34c9b8f7d775981
[2026-05-07T06:54:30.073Z INFO  baals::runtime] Transaction submitted: 
39a2b71172320fc82a5d88404532fc5ae0603ec1cf6198431e5c828df81caa00
[2026-05-07T06:54:30.075Z INFO  baals::runtime] Transaction submitted: 
3d75bce95404a3c500841b9e9a11a1923a2fc5ccfa81361c3a302cda1a1ca247
[2026-05-07T06:54:30.075Z INFO  baals::runtime] Transaction submitted: 
33fb8cc0e6174873770e54232cc23f0f4143df724640515047581ebc213ef292
[2026-05-07T06:54:30.076Z INFO  baals::runtime] Transaction submitted: 
888e19d6e9ab681bc1d322909a5ef5f3dbd558eed103f5ed2ed35d09649dbc83
[2026-05-07T06:54:30.077Z INFO  integration] [TEST] RedbStorage delete passed
[2026-05-07T06:54:30.080Z INFO  baals::runtime] Transaction submitted: 
824aaeb5dc70dc15e64f3f6d2063860e227ecd1d90379deb1208c0b844d46c20
[2026-05-07T06:54:30.080Z INFO  integration] [TEST] RedbStorage basic CRUD passed
[2026-05-07T06:54:30.081Z INFO  baals::runtime] BaaLS Runtime started (auto-block disabled)
[2026-05-07T06:54:30.082Z INFO  baals::contracts] [CONTRACTS] 
30123935ac4e2eec213bfef1f17f158876c9cfbf5c5e328a7de28febaa1dff4b::safe executed: gas=5, time=11┬╡s
[2026-05-07T06:54:30.083Z INFO  baals::runtime] [RUNTIME] Contract call completed successfully
[2026-05-07T06:54:30.083Z INFO  baals::runtime] [RUNTIME] Calling contract 
30123935ac4e2eec213bfef1f17f158876c9cfbf5c5e328a7de28febaa1dff4b method 'reenter' from caller: 
72aac7fd65f16c2ccde6814ca6d70a0354cfb3b309afd236c34c9b8f7d775981
[2026-05-07T06:54:30.087Z INFO  baals::runtime] Transaction submitted: 
fae5689c63b99d4dc74f640ec3ce910b3f0fcff66a2792b2b73af820fab9f667
[2026-05-07T06:54:30.089Z INFO  baals::runtime] Transaction submitted: 
a19b419277d95b94804e2eea6837582e19a0a7ad5dd93eee458c1265866b35dc
[2026-05-07T06:54:30.091Z INFO  baals::runtime] Transaction submitted: 
07e756c82fcdc39be1f4d20e56f4dd8de1ce40350d12e28c77ac018a661124f8
[2026-05-07T06:54:30.096Z INFO  baals::runtime] Transaction submitted: 
979739895d9ce85da17de1066dc99e92b9427e803411a7de3bdb2704ccdb2930
[2026-05-07T06:54:30.097Z INFO  baals::runtime] Transaction submitted: 
8c7d8724d1c63364a827c0b158812ee65b720f51ad771703593bf9a1bf5904cf
[2026-05-07T06:54:30.097Z INFO  baals::runtime] Transaction submitted: 
a59276f135e847703344eecf19e6ee441afe1cf7473790bb0e0140387288ced2
[2026-05-07T06:54:30.098Z INFO  baals::consensus] [CONSENSUS] Starting block generation
[2026-05-07T06:54:30.098Z INFO  baals::consensus] [CONSENSUS] Previous block: index=0, 
hash=10eef285deef7a4b7c82b22aa53589b7833df29de3814649c772bbd5c832f365
[2026-05-07T06:54:30.098Z INFO  baals::consensus] [CONSENSUS] Selected 1 transactions (gas=100000, size=656 bytes)
[2026-05-07T06:54:30.098Z INFO  baals::consensus] [CONSENSUS] Block generation completed: index=1, 
hash=45c69963b44f521db7628b58dfc1d734e21510b9c2e0ed1afe6a825ce70a0f1d
[2026-05-07T06:54:30.098Z INFO  baals::ledger] [LEDGER] Starting block validation
[2026-05-07T06:54:30.100Z INFO  baals::contracts] [CONTRACTS] 
30123935ac4e2eec213bfef1f17f158876c9cfbf5c5e328a7de28febaa1dff4b::reenter executed: gas=26, time=34.2┬╡s
[2026-05-07T06:54:30.101Z WARN  baals::contracts] [CONTRACTS] Reentrancy blocked on inter-contract call to 
30123935ac4e2eec213bfef1f17f158876c9cfbf5c5e328a7de28febaa1dff4b
[2026-05-07T06:54:30.102Z INFO  baals::runtime] [RUNTIME] Contract call completed successfully
[2026-05-07T06:54:30.102Z INFO  baals::runtime] [RUNTIME] Calling contract 
30123935ac4e2eec213bfef1f17f158876c9cfbf5c5e328a7de28febaa1dff4b method 'safe' from caller: 
72aac7fd65f16c2ccde6814ca6d70a0354cfb3b309afd236c34c9b8f7d775981
[2026-05-07T06:54:30.102Z INFO  baals::runtime] Transaction submitted: 
90c4b112a0a325a8c78a160bbca6b7b1f20ed5c5998110144c9361b75c776ba2
[2026-05-07T06:54:30.108Z INFO  baals::runtime] Transaction submitted: 
4126a7abd54bc36c6841077726b51403e8b9b3c5580ef079ad2493901256fd40
[2026-05-07T06:54:30.109Z INFO  baals::runtime] Transaction submitted: 
d09cba14f435132481c5adc08e55ee76ba077d90870eb44a20313f1c3632d189
[2026-05-07T06:54:30.109Z INFO  baals::ledger] [LEDGER] Block validation completed successfully
[2026-05-07T06:54:30.109Z INFO  baals::ledger] [LEDGER] Starting block application
[2026-05-07T06:54:30.109Z INFO  baals::runtime] Transaction submitted: 
16f322556cf002309382e0e50bbb5fc58f82220e32a5dbb3195a53ba0d79d445
[2026-05-07T06:54:30.110Z INFO  baals::ledger] [LEDGER] Block: index=1, 
hash=45c69963b44f521db7628b58dfc1d734e21510b9c2e0ed1afe6a825ce70a0f1d, transactions=1
[2026-05-07T06:54:30.111Z INFO  baals::runtime] Transaction submitted: 
12293c50e07e3bc533c3cba1c5d0f316c18c41e48aefa212630a2369a315ef12
[2026-05-07T06:54:30.119Z INFO  baals::runtime] Transaction submitted: 
d8930f9fd2ade12f73a3e47d391a600aed8e489e90e3f33d12823d155a47aa87
[2026-05-07T06:54:30.120Z INFO  baals::runtime] Transaction submitted: 
8fb327d3a1ad7801ffbc96665d5b9974834bdfdbf46c421b85474c581425d0e0
[2026-05-07T06:54:30.120Z INFO  baals::runtime] Transaction submitted: 
9297897d82b9b355f4b330c7ee20088b7d9b65c82106fab1f905d497572b887a
[2026-05-07T06:54:30.122Z INFO  baals::runtime] Transaction submitted: 
d9898593a2458452fa04b5cdb91c523bd1ab4ad4850aa2ecc54b1fa17c60ba7f
[2026-05-07T06:54:30.124Z INFO  baals::ledger] [LEDGER] Block application completed successfully
[2026-05-07T06:54:30.124Z INFO  baals::runtime] Block #1 produced (1 txns, 100000 gas)
[2026-05-07T06:54:30.125Z INFO  integration] [TEST] RedbStorage runtime integration passed
[2026-05-07T06:54:30.126Z INFO  baals::contracts] [CONTRACTS] 
30123935ac4e2eec213bfef1f17f158876c9cfbf5c5e328a7de28febaa1dff4b::safe executed: gas=5, time=11.4┬╡s
[2026-05-07T06:54:30.126Z INFO  baals::runtime] [RUNTIME] Contract call completed successfully
[2026-05-07T06:54:30.126Z INFO  baals::runtime] [RUNTIME] Calling contract 
30123935ac4e2eec213bfef1f17f158876c9cfbf5c5e328a7de28febaa1dff4b method 'safe' from caller: 
72aac7fd65f16c2ccde6814ca6d70a0354cfb3b309afd236c34c9b8f7d775981
test test_redb_storage_with_runtime ... ok
[2026-05-07T06:54:30.132Z INFO  baals::runtime] Transaction submitted: 
eaf2f413b17d50936a22197b4c9450c4c874200773864e03fd79d7d6de2ac207
[2026-05-07T06:54:30.133Z INFO  baals::runtime] Transaction submitted: 
b5eae8e7c68982e7c12deda97dbfb3c94cb25c754b26a8fefadd620ff45acef2
[2026-05-07T06:54:30.134Z INFO  baals::runtime] Transaction submitted: 
fbf7fd3e00130c44d6346eb4d49ae54908a06c7f2baaf15e59230b3c70416c12
[2026-05-07T06:54:30.134Z INFO  baals::runtime] Transaction submitted: 
578aa5ce172d3beb3417fb773c685597be2cac2d92d44f6e7b6434a105fa2fb6
[2026-05-07T06:54:30.138Z INFO  baals::runtime] Transaction submitted: 
bf49d04919b23b03cf254148651545dd9849d7a833aaa1346cf86ee7a59e1202
[2026-05-07T06:54:30.142Z INFO  baals::contracts] [CONTRACTS] 
30123935ac4e2eec213bfef1f17f158876c9cfbf5c5e328a7de28febaa1dff4b::safe executed: gas=5, time=12.7┬╡s
[2026-05-07T06:54:30.143Z INFO  baals::runtime] [RUNTIME] Contract call completed successfully
[2026-05-07T06:54:30.143Z INFO  baals::runtime] [RUNTIME] Calling contract 
30123935ac4e2eec213bfef1f17f158876c9cfbf5c5e328a7de28febaa1dff4b method 'safe' from caller: 
72aac7fd65f16c2ccde6814ca6d70a0354cfb3b309afd236c34c9b8f7d775981
[2026-05-07T06:54:30.144Z INFO  baals::runtime] Transaction submitted: 
f8fd424731ef0cc9eaf34d261c9531a6662524cb416ff700a42879761e7df25a
[2026-05-07T06:54:30.144Z INFO  baals::runtime] BaaLS Runtime started (auto-block: 100ms, mempool threshold: 1)
[2026-05-07T06:54:30.145Z INFO  baals::runtime] Transaction submitted: 
d481cf6d9b7525143ce13cdf720a7d00e9a2c8db7eab3e53c6535bda2c4ee3bb
[2026-05-07T06:54:30.150Z INFO  baals::runtime] Transaction submitted: 
7dda20c9f68e8ceabe9f47d48a4ea26251cc5a97684e7ff30c828000008f1228
[2026-05-07T06:54:30.152Z INFO  baals::runtime] Transaction submitted: 
3e585751f1ce2c22e3d7213ffbba7940bd4971a3eb93da755e1b2a5692eaaf16
[2026-05-07T06:54:30.157Z INFO  baals::runtime] Transaction submitted: 
075197cdfa518b3178dc04168b3a70b92e4b416ffaa99af50d573fbb9ab14b50
[2026-05-07T06:54:30.157Z INFO  baals::runtime] Transaction submitted: 
0fd109de7d296f8981da10690293f3f83f9e386685a98ed2b12daf7d50c6377b
[2026-05-07T06:54:30.159Z INFO  baals::runtime] Transaction submitted: 
3cb0dce535f87e0697af7961a359b2fd6eca5977d9d2c6c7f710a1a5cf61ba1b
[2026-05-07T06:54:30.161Z INFO  baals::runtime] Transaction submitted: 
bb3a59745b4b976ca6df7a5ae333c85563b9dfccc48d7e012a2cbe3710f0ef2a
[2026-05-07T06:54:30.164Z INFO  baals::runtime] Transaction submitted: 
60da2fb159a06babf81c9d134a398a5bf57497aca54962d6997bb387ac3a513b
[2026-05-07T06:54:30.165Z INFO  baals::contracts] [CONTRACTS] 
30123935ac4e2eec213bfef1f17f158876c9cfbf5c5e328a7de28febaa1dff4b::safe executed: gas=5, time=11.9┬╡s
[2026-05-07T06:54:30.166Z INFO  baals::runtime] [RUNTIME] Contract call completed successfully
[2026-05-07T06:54:30.166Z INFO  baals::runtime] [RUNTIME] Calling contract 
30123935ac4e2eec213bfef1f17f158876c9cfbf5c5e328a7de28febaa1dff4b method 'nonexistent' from caller: 
72aac7fd65f16c2ccde6814ca6d70a0354cfb3b309afd236c34c9b8f7d775981
[2026-05-07T06:54:30.166Z INFO  baals::runtime] Transaction submitted: 
376d629577ff7d8ff094fd85789d4b02212edaec12702a5519f2b257e18961bb
[2026-05-07T06:54:30.172Z INFO  baals::runtime] Transaction submitted: 
f1988661e24422c68aa56f01da192aea13ce08cc320b5361d546861581d4b5ba
[2026-05-07T06:54:30.173Z INFO  baals::runtime] Transaction submitted: 
455d2212fab474bfa200afac06f6445e225eb4d5a9811fa3ac757de9b9e1e39e
[2026-05-07T06:54:30.174Z INFO  baals::runtime] [RUNTIME] Calling contract 
30123935ac4e2eec213bfef1f17f158876c9cfbf5c5e328a7de28febaa1dff4b method 'safe' from caller: 
72aac7fd65f16c2ccde6814ca6d70a0354cfb3b309afd236c34c9b8f7d775981
[2026-05-07T06:54:30.174Z INFO  baals::runtime] Transaction submitted: 
abd11586295259b0f500a8074df81ef8ab627a4a5149f5e81561c79bf762a31f
[2026-05-07T06:54:30.179Z INFO  baals::runtime] Transaction submitted: 
403b2acd75792a58a74de843cf57b8ecea43ff7ae41178e9543a25ccd5969ebc
[2026-05-07T06:54:30.180Z INFO  baals::runtime] Transaction submitted: 
b8ab99fcb31064b9aff3df6f03037718a76c5b1b7bc63aa677221dbeb4006623
[2026-05-07T06:54:30.186Z INFO  baals::runtime] Transaction submitted: 
c7e8a99cf0cfd5821624ee496ddac2265e02404d8cd7866a6d93df7e507807fd
[2026-05-07T06:54:30.188Z INFO  baals::runtime] Transaction submitted: 
1004a155db1faa5dd4dbef69dcd80c5b93a9ebca60e570c94ffc844ad5e78dc3
[2026-05-07T06:54:30.188Z INFO  baals::runtime] Transaction submitted: 
4a950427d57a59839fdc5805a3b23cc3e9ec8f6f33747863ae19a6b0bd0dc9b3
[2026-05-07T06:54:30.189Z INFO  baals::contracts] [CONTRACTS] 
30123935ac4e2eec213bfef1f17f158876c9cfbf5c5e328a7de28febaa1dff4b::safe executed: gas=5, time=12.2┬╡s
[2026-05-07T06:54:30.189Z INFO  baals::runtime] [RUNTIME] Contract call completed successfully
[2026-05-07T06:54:30.189Z INFO  baals::runtime] [RUNTIME] Deploying contract from deployer: 
72aac7fd65f16c2ccde6814ca6d70a0354cfb3b309afd236c34c9b8f7d775981
[2026-05-07T06:54:30.191Z INFO  baals::runtime] Transaction submitted: 
49cba9f043e4c4f5c6c619d2d40301e79a1e76467be0aa4f6eab9d81ba843fb4
[2026-05-07T06:54:30.192Z INFO  baals::runtime] Transaction submitted: 
38eb41c0d615c8db50ed6025bb38c57af1b0da1ac423ea2e8f87ed03f6f81eb5
[2026-05-07T06:54:30.192Z INFO  baals::consensus] [CONSENSUS] Starting block generation
[2026-05-07T06:54:30.192Z INFO  baals::consensus] [CONSENSUS] Previous block: index=0, 
hash=10eef285deef7a4b7c82b22aa53589b7833df29de3814649c772bbd5c832f365
[2026-05-07T06:54:30.192Z INFO  baals::consensus] [CONSENSUS] Selected 1 transactions (gas=100000, size=627 bytes)
[2026-05-07T06:54:30.193Z INFO  baals::consensus] [CONSENSUS] Block generation completed: index=1, 
hash=fca8ec585decfd725fd2b20abf2850a4824d49051e6c14301204cc3dec95526d
[2026-05-07T06:54:30.193Z INFO  baals::ledger] [LEDGER] Starting block validation
[2026-05-07T06:54:30.193Z INFO  baals::contracts] [CONTRACTS] Contract deployed: 
55d2596509834c7f028a3367985962603663f3161977a5aaa8fc45d31ecd5842
[2026-05-07T06:54:30.194Z INFO  baals::runtime] [RUNTIME] Contract deployed successfully with ID: 
55d2596509834c7f028a3367985962603663f3161977a5aaa8fc45d31ecd5842
[2026-05-07T06:54:30.194Z INFO  baals::runtime] [RUNTIME] Deploying contract from deployer: 
72aac7fd65f16c2ccde6814ca6d70a0354cfb3b309afd236c34c9b8f7d775981
[2026-05-07T06:54:30.195Z INFO  baals::runtime] Transaction submitted: 
1a2bb39e45edf1750e93a051ae6cc29ca86ff0cda64f05968713cbac9cb1bf80
[2026-05-07T06:54:30.198Z INFO  baals::contracts] [CONTRACTS] Contract deployed: 
421922d1cbacc8a4807d6d18f288415cc754645db317100aabd79501f8a45c1f
[2026-05-07T06:54:30.198Z INFO  baals::runtime] [RUNTIME] Contract deployed successfully with ID: 
421922d1cbacc8a4807d6d18f288415cc754645db317100aabd79501f8a45c1f
[2026-05-07T06:54:30.199Z INFO  baals::runtime] [RUNTIME] Deploying contract from deployer: 
72aac7fd65f16c2ccde6814ca6d70a0354cfb3b309afd236c34c9b8f7d775981
[2026-05-07T06:54:30.199Z INFO  baals::runtime] Transaction submitted: 
924af6af5364ad7774ba04f30d53fa40b2cb01ca0b8dfdf8765ba2175da7973e
[2026-05-07T06:54:30.200Z INFO  baals::runtime] Transaction submitted: 
1dfe76777448bef58013a5d45b181a90c2bf98bce3a77ea19631ef616b42064e
[2026-05-07T06:54:30.202Z INFO  baals::sync] Added peer: 127.0.0.1:19072
[2026-05-07T06:54:30.203Z INFO  baals::runtime] Transaction submitted: 
28a52aa417178e17dbe996171e6e024069c41fa0d1e249d6cc5211712ca4bb4c
[2026-05-07T06:54:30.203Z INFO  baals::ledger] [LEDGER] Block validation completed successfully
[2026-05-07T06:54:30.203Z INFO  baals::ledger] [LEDGER] Starting block application
[2026-05-07T06:54:30.203Z INFO  baals::ledger] [LEDGER] Block: index=1, 
hash=fca8ec585decfd725fd2b20abf2850a4824d49051e6c14301204cc3dec95526d, transactions=1
[2026-05-07T06:54:30.204Z INFO  baals::contracts] [CONTRACTS] Contract deployed: 
16e8f48999d9202942b067ce8ab8a23fb0a70902281dd8e7e70fbca429980152
[2026-05-07T06:54:30.204Z INFO  baals::runtime] [RUNTIME] Contract deployed successfully with ID: 
16e8f48999d9202942b067ce8ab8a23fb0a70902281dd8e7e70fbca429980152
[2026-05-07T06:54:30.204Z INFO  baals::runtime] [RUNTIME] Calling contract 
16e8f48999d9202942b067ce8ab8a23fb0a70902281dd8e7e70fbca429980152 method 'main' from caller: 
72aac7fd65f16c2ccde6814ca6d70a0354cfb3b309afd236c34c9b8f7d775981
[2026-05-07T06:54:30.204Z INFO  baals::runtime] Transaction submitted: 
baab4e3efa0e91edf589157b77bcf07381a7f05ab969cfc8d5f9d599a67f331a
[2026-05-07T06:54:30.207Z INFO  baals::runtime] Transaction submitted: 
0ba33bd6debe587db8c22ced7033985db21580d6a69715c557df39a1a95966ca
[2026-05-07T06:54:30.210Z INFO  baals::runtime] Transaction submitted: 
01b99ce76c5ed4d4f7c1644736410df63214b16e92c5df9eef67bd27a6083c52
[2026-05-07T06:54:30.215Z INFO  baals::runtime] Transaction submitted: 
2aaf1f2c7827423db50f82e6c533ff0c777cafeb337b299f56fa8478ddbc1056
[2026-05-07T06:54:30.216Z INFO  baals::runtime] Transaction submitted: 
545a5450047c4bf4bc839668a14c073d028585fb60f49fd42ce127b8b6c98883
[2026-05-07T06:54:30.216Z INFO  baals::runtime] Transaction submitted: 
2099decfc4ee9ec1da1b12258ea50fa5fbf2f69f3280843374db9fe16f84e92a
[2026-05-07T06:54:30.217Z INFO  baals::ledger] [LEDGER] Block application completed successfully
[2026-05-07T06:54:30.217Z INFO  baals::runtime] Block #1 produced (1 txns, 100000 gas)
[2026-05-07T06:54:30.217Z INFO  integration] [SYNC-TEST] Node A produced block #1
[2026-05-07T06:54:30.218Z INFO  baals::consensus] [CONSENSUS] Starting block generation
[2026-05-07T06:54:30.218Z INFO  baals::consensus] [CONSENSUS] Previous block: index=0, 
hash=10eef285deef7a4b7c82b22aa53589b7833df29de3814649c772bbd5c832f365
[2026-05-07T06:54:30.218Z INFO  baals::consensus] [CONSENSUS] Selected 1 transactions (gas=100000, size=656 bytes)
[2026-05-07T06:54:30.218Z INFO  baals::contracts] [CONTRACTS] 
16e8f48999d9202942b067ce8ab8a23fb0a70902281dd8e7e70fbca429980152::main executed: gas=10, time=29.7┬╡s
[2026-05-07T06:54:30.218Z INFO  baals::consensus] [CONSENSUS] Block generation completed: index=1, 
hash=50dd32bef7286109236add6245f83737fed5267a3dd45582ec2cf7e9d8065c2e
[2026-05-07T06:54:30.218Z INFO  baals::ledger] [LEDGER] Starting block validation
[2026-05-07T06:54:30.218Z WARN  baals::contracts] [CONTRACTS] Callee contract 
0000000000000000807d6d18f288415cc754645db317100aabd79501f8a45c1f not found
[2026-05-07T06:54:30.218Z INFO  baals::runtime] [RUNTIME] Contract call completed successfully
[2026-05-07T06:54:30.218Z INFO  baals::runtime] [RUNTIME] Deploying contract from deployer: 
72aac7fd65f16c2ccde6814ca6d70a0354cfb3b309afd236c34c9b8f7d775981
[2026-05-07T06:54:30.219Z INFO  baals::runtime] Transaction submitted: 
8c4654dea119e1048aa919afc84c993ac3c966258fc0f7d2a6a1701006e0713a
[2026-05-07T06:54:30.219Z INFO  baals::runtime] Transaction submitted: 
940907d57cbc00c5a84ae2d2e56bfedb2aa8f5663f10e3c489eb88b0670e75eb
[2026-05-07T06:54:30.222Z INFO  baals::contracts] [CONTRACTS] Contract deployed: 
55d2596509834c7f028a3367985962603663f3161977a5aaa8fc45d31ecd5842
[2026-05-07T06:54:30.222Z INFO  baals::runtime] [RUNTIME] Contract deployed successfully with ID: 
55d2596509834c7f028a3367985962603663f3161977a5aaa8fc45d31ecd5842
[2026-05-07T06:54:30.222Z INFO  baals::runtime] [RUNTIME] Deploying contract from deployer: 
72aac7fd65f16c2ccde6814ca6d70a0354cfb3b309afd236c34c9b8f7d775981
[2026-05-07T06:54:30.223Z INFO  baals::runtime] Transaction submitted: 
60ef59016f739daebf9754d610856a1d011358963d2af5c1fcc4cd6465d5b4bf
[2026-05-07T06:54:30.226Z INFO  baals::contracts] [CONTRACTS] Contract deployed: 
55d2596509834c7f028a3367985962603663f3161977a5aaa8fc45d31ecd5842
[2026-05-07T06:54:30.226Z INFO  baals::runtime] [RUNTIME] Contract deployed successfully with ID: 
55d2596509834c7f028a3367985962603663f3161977a5aaa8fc45d31ecd5842
[2026-05-07T06:54:30.230Z INFO  baals::ledger] [LEDGER] Block validation completed successfully
[2026-05-07T06:54:30.230Z INFO  baals::ledger] [LEDGER] Starting block application
[2026-05-07T06:54:30.230Z INFO  baals::ledger] [LEDGER] Block: index=1, 
hash=50dd32bef7286109236add6245f83737fed5267a3dd45582ec2cf7e9d8065c2e, transactions=1
[2026-05-07T06:54:30.230Z INFO  baals::runtime] Transaction submitted: 
d400ed7225ced5f1788435cc7e5cb93c9d02da36357bdd54f19b3fd62b6977b8
[2026-05-07T06:54:30.231Z INFO  baals::runtime] Transaction submitted: 
7770ab556ee3481f846dc9d2c7b635e5bb4c18187cc156f8361e8ec368cd3c21
[2026-05-07T06:54:30.235Z INFO  baals::runtime] Transaction submitted: 
1923dd2a1ef13f370ffdd965b94eedb9af2db75a6f87ce65746c6143547e512c
[2026-05-07T06:54:30.237Z INFO  baals::runtime] Transaction submitted: 
3e6692b12ffba3edc8fee8684d85c25e0c4d2a288fa000b81b116702ec843c4b
[2026-05-07T06:54:30.242Z INFO  baals::runtime] Transaction submitted: 
e4caae2483ce02c25dc08617bc4de7dff91d058c04942061c6ae8a4620937b6c
[2026-05-07T06:54:30.243Z INFO  baals::runtime] Transaction submitted: 
522d2f3bf203ae7055f01fa420808501325ca63f0fa314e31615ef733f57d0b2
[2026-05-07T06:54:30.245Z INFO  baals::runtime] Transaction submitted: 
779d252dcddb87b8f35593da9dec32e0f3938385c8d3e074daaa51bf04f7a6f6
[2026-05-07T06:54:30.247Z INFO  baals::runtime] Transaction submitted: 
83dff704052f3ab557be6574d671d3a658dd0862a89c5ac0b899519d38bdbcb2
[2026-05-07T06:54:30.247Z INFO  baals::consensus] [CONSENSUS] Starting block generation
[2026-05-07T06:54:30.247Z INFO  baals::consensus] [CONSENSUS] Previous block: index=0, 
hash=10eef285deef7a4b7c82b22aa53589b7833df29de3814649c772bbd5c832f365
[2026-05-07T06:54:30.247Z INFO  baals::consensus] [CONSENSUS] Selected 2 transactions (gas=1000000, size=1354 bytes)
[2026-05-07T06:54:30.247Z INFO  baals::consensus] [CONSENSUS] Block generation completed: index=1, 
hash=27a6280c1e4955bc5194b65e00d6b351110bbc183f10e7cdd0a554ca61d1ffc4
[2026-05-07T06:54:30.248Z INFO  baals::ledger] [LEDGER] Starting block validation
[2026-05-07T06:54:30.248Z INFO  baals::ledger] [LEDGER] Block application completed successfully
[2026-05-07T06:54:30.248Z INFO  baals::runtime] Block #1 produced (1 txns, 100000 gas)
[2026-05-07T06:54:30.248Z INFO  integration] [SYNC-TEST] Node A block #1 
hash=50dd32bef7286109236add6245f83737fed5267a3dd45582ec2cf7e9d8065c2e
[2026-05-07T06:54:30.251Z INFO  baals::sync] New peer connected: 
e9a0d184efd5887d96c83adf7b7ed04836e5a251b36cf86f817035f217b4cbe8 at 127.0.0.1:57736
[2026-05-07T06:54:30.251Z INFO  baals::consensus] [CONSENSUS] Starting block generation
[2026-05-07T06:54:30.251Z INFO  baals::consensus] [CONSENSUS] Previous block: index=0, 
hash=10eef285deef7a4b7c82b22aa53589b7833df29de3814649c772bbd5c832f365
[2026-05-07T06:54:30.251Z INFO  baals::consensus] [CONSENSUS] Selected 1 transactions (gas=100000, size=656 bytes)
[2026-05-07T06:54:30.251Z INFO  baals::sync] Peer 5a86d43d6793cbe15dbf6b4a5da6078f6c2fac30c648fad90b4024c373fc4f0a has 
chain at height 1 with hash 50dd32bef7286109236add6245f83737fed5267a3dd45582ec2cf7e9d8065c2e
[2026-05-07T06:54:30.251Z INFO  baals::consensus] [CONSENSUS] Block generation completed: index=1, 
hash=2c4204f6cf6ad665830129e237f213bfbe50e5c06cc4814322bf7c21f6757468
[2026-05-07T06:54:30.252Z INFO  baals::ledger] [LEDGER] Starting block validation
[2026-05-07T06:54:30.252Z INFO  integration] [SYNC-TEST] Node B received block #1 
hash=50dd32bef7286109236add6245f83737fed5267a3dd45582ec2cf7e9d8065c2e
[2026-05-07T06:54:30.252Z ERROR baals::sync] Error receiving message from 127.0.0.1:57736: Network error: early eof
[2026-05-07T06:54:30.252Z INFO  baals::ledger] [LEDGER] Starting block application
[2026-05-07T06:54:30.252Z INFO  baals::ledger] [LEDGER] Block: index=1, 
hash=50dd32bef7286109236add6245f83737fed5267a3dd45582ec2cf7e9d8065c2e, transactions=1
[2026-05-07T06:54:30.253Z INFO  baals::runtime] Transaction submitted: 
cf485d42b8639e3ba2f89abc5fd6e0fc1029e0b7e5fae44d0e6714f7903a554f
[2026-05-07T06:54:30.253Z INFO  baals::runtime] Transaction submitted: 
9a6b2a1a58ba2fac038bef5c4f590485dbbaf2d15c65e51730abd5e04c8e9700
[2026-05-07T06:54:30.257Z INFO  baals::runtime] Transaction submitted: 
4c7b4a3b6882d9cdad8450a90f40a13c4f0b817a1956e98185329eebddd1d9a9
[2026-05-07T06:54:30.262Z INFO  baals::ledger] [LEDGER] Block validation completed successfully
[2026-05-07T06:54:30.262Z INFO  baals::ledger] [LEDGER] Starting block application
[2026-05-07T06:54:30.262Z INFO  baals::ledger] [LEDGER] Block: index=1, 
hash=2c4204f6cf6ad665830129e237f213bfbe50e5c06cc4814322bf7c21f6757468, transactions=1
[2026-05-07T06:54:30.265Z INFO  baals::runtime] Transaction submitted: 
ae98b1e8b6e04bedd9651d9faee5c11086d9d23aa2391df1de6aa00e3ec83731
[2026-05-07T06:54:30.265Z INFO  baals::runtime] Transaction submitted: 
2712dc9eeeb1d999c676a1d117506de3912ea38366c4e3156ba98678745af03f
test test_redb_storage_delete ... ok
[2026-05-07T06:54:30.269Z INFO  baals::ledger] [LEDGER] Block application completed successfully
[2026-05-07T06:54:30.269Z INFO  baals::sync] P2P listener shutdown signal sent
[2026-05-07T06:54:30.269Z INFO  baals::runtime] BaaLS Runtime stopped
[2026-05-07T06:54:30.269Z INFO  integration] [SYNC-TEST] P2P block propagation test passed
[2026-05-07T06:54:30.269Z INFO  baals::sync] P2P server shutting down
[2026-05-07T06:54:30.269Z INFO  baals::ledger] [LEDGER] Block validation completed successfully
[2026-05-07T06:54:30.269Z INFO  baals::ledger] [LEDGER] Starting block application
[2026-05-07T06:54:30.269Z INFO  baals::ledger] [LEDGER] Block: index=1, 
hash=27a6280c1e4955bc5194b65e00d6b351110bbc183f10e7cdd0a554ca61d1ffc4, transactions=2
[2026-05-07T06:54:30.270Z INFO  baals::runtime] Transaction submitted: 
6bf31cb61da7975ace2133128dbf8c50ab0d8eed265963c6c4b9905361d60521
[2026-05-07T06:54:30.275Z INFO  baals::ledger] [LEDGER] Block application completed successfully
[2026-05-07T06:54:30.275Z INFO  baals::runtime] Block #1 produced (1 txns, 100000 gas)
[2026-05-07T06:54:30.275Z INFO  baals::runtime] BaaLS Runtime stopped
test test_p2p_block_propagation ... ok
test test_runtime_auto_block_production_from_mempool_threshold ... ok
[2026-05-07T06:54:30.277Z INFO  baals::runtime] BaaLS Runtime started (auto-block disabled)
[2026-05-07T06:54:30.279Z INFO  baals::runtime] Transaction submitted: 
fc454a4b869eb538c8e148b8b608b07033dea9d9d14e76eb9a69c81617418de0
[2026-05-07T06:54:30.281Z INFO  baals::contracts] [CONTRACTS] 
55d2596509834c7f028a3367985962603663f3161977a5aaa8fc45d31ecd5842::test_method executed: gas=2, time=13.5┬╡s
[2026-05-07T06:54:30.282Z INFO  baals::runtime] Transaction submitted: 
5f0298bae57a07f74c032fb188a7203bf4d3cb6628431659f7983cf4542acecb
[2026-05-07T06:54:30.282Z INFO  baals::ledger] [LEDGER] Contract call to 
55d2596509834c7f028a3367985962603663f3161977a5aaa8fc45d31ecd5842::test_method returned 8 bytes
[2026-05-07T06:54:30.283Z INFO  baals::runtime] BaaLS Runtime started (auto-block disabled)
[2026-05-07T06:54:30.285Z INFO  baals::runtime] Transaction submitted: 
a5c00b00eb98a092bdbe5de35556c63124b024c3a39852594b0e3845d5425c28
[2026-05-07T06:54:30.286Z INFO  baals::runtime] BaaLS Runtime started (auto-block disabled)
test test_redb_storage_basic_crud ... ok
[2026-05-07T06:54:30.290Z INFO  baals::runtime] Transaction submitted: 
81539da90dbf6046b0955c5bddbcbb8eb60d64da918d1d62035a90d17ad1cd88
[2026-05-07T06:54:30.292Z INFO  integration] [TEST] Starting security validation tests
[2026-05-07T06:54:30.294Z INFO  baals::runtime] Transaction submitted: 
4ccdfbc8b5e100ec1898a236a63545c764bbb3e8bed850a41e445bbb9e047cec
[2026-05-07T06:54:30.295Z INFO  baals::contracts] [CONTRACTS] 
55d2596509834c7f028a3367985962603663f3161977a5aaa8fc45d31ecd5842::test_method executed: gas=2, time=13┬╡s
[2026-05-07T06:54:30.295Z INFO  baals::ledger] [LEDGER] Contract call to 
55d2596509834c7f028a3367985962603663f3161977a5aaa8fc45d31ecd5842::test_method returned 8 bytes
test test_runtime_health_status_exposes_chain_and_mempool ... ok
[2026-05-07T06:54:30.296Z INFO  integration] [TEST] Starting storage advanced indexing tests
[2026-05-07T06:54:30.296Z INFO  baals::runtime] Transaction submitted: 
360c35d73c8fc3652b44cfc170a4c277d5ff70a8aab6aaa17b545acb779c0a6b
[2026-05-07T06:54:30.298Z INFO  baals::runtime] BaaLS Runtime started (auto-block disabled)
[2026-05-07T06:54:30.298Z INFO  baals::runtime] Transaction submitted: 
43827593c152fa67e740f94f2d86ac9b8efe27a43946c55e8223813f4ecea4e4
[2026-05-07T06:54:30.299Z INFO  baals::consensus] [CONSENSUS] Starting block generation
[2026-05-07T06:54:30.299Z INFO  baals::consensus] [CONSENSUS] Previous block: index=0, 
hash=10eef285deef7a4b7c82b22aa53589b7833df29de3814649c772bbd5c832f365
[2026-05-07T06:54:30.300Z INFO  baals::consensus] [CONSENSUS] Selected 1 transactions (gas=100000, size=656 bytes)
[2026-05-07T06:54:30.300Z INFO  baals::consensus] [CONSENSUS] Block generation completed: index=1, 
hash=2584b0ba1a4a71ea730584c0df3b4712771cb9d4f01b75aebd8b420352aa6b95
[2026-05-07T06:54:30.300Z INFO  baals::ledger] [LEDGER] Starting block validation
[2026-05-07T06:54:30.301Z INFO  baals::runtime] Transaction submitted: 
7f2c552013c2b18b38a0c8f90a780216ca3f1f91c4f6179b2e7899ff060c2927
[2026-05-07T06:54:30.305Z INFO  baals::runtime] Transaction submitted: 
7e19e93fdcb28bbee38d669bbdf382542be71d3f7303dcbf3f50d06c61ee04b9
[2026-05-07T06:54:30.306Z INFO  integration] [TEST] Storage advanced indexing tests completed successfully
[2026-05-07T06:54:30.308Z INFO  baals::runtime] Transaction submitted: 
d64bbc6aa64ceef774492daa23d91af8e28ad3fa847e4cd33139b2812bbacece
test test_storage_advanced_indexing ... ok
[2026-05-07T06:54:30.309Z INFO  integration] [TEST] Starting test_storage_and_merkle_root
[2026-05-07T06:54:30.310Z INFO  baals::runtime] Transaction submitted: 
3cc967ae870d2dbb602e290fb1051afd621ba44ab42dd24ed618c5ecd63dad51
[2026-05-07T06:54:30.312Z INFO  baals::ledger] [LEDGER] Block validation completed successfully
[2026-05-07T06:54:30.312Z INFO  baals::ledger] [LEDGER] Starting block application
[2026-05-07T06:54:30.312Z INFO  baals::ledger] [LEDGER] Block: index=1, 
hash=2584b0ba1a4a71ea730584c0df3b4712771cb9d4f01b75aebd8b420352aa6b95, transactions=1
[2026-05-07T06:54:30.313Z INFO  baals::runtime] Transaction submitted: 
e6481d53383cc50fa176c5c8505ee4b104b4391970d28fd63a830a9f9e0ca57c
[2026-05-07T06:54:30.314Z INFO  baals::ledger] [LEDGER] Block application completed successfully
[2026-05-07T06:54:30.314Z INFO  baals::runtime] Block #1 produced (2 txns, 1000000 gas)
[2026-05-07T06:54:30.314Z INFO  baals::runtime] [RUNTIME] Calling contract 
55d2596509834c7f028a3367985962603663f3161977a5aaa8fc45d31ecd5842 method 'test_method' from caller: 
72aac7fd65f16c2ccde6814ca6d70a0354cfb3b309afd236c34c9b8f7d775981
[2026-05-07T06:54:30.316Z INFO  baals::runtime] Transaction submitted: 
1640422cefced55c67312547d4b5066891caaed4db8dea2950c5048849f35719
[2026-05-07T06:54:30.316Z INFO  integration] [TEST] test_storage_and_merkle_root completed successfully
[2026-05-07T06:54:30.318Z INFO  baals::runtime] Transaction submitted: 
8b59e3d0bcd0993af8e4400cf33f8622431d5866af1cbd2060aa7c774b7be6e4
test test_storage_and_merkle_root ... ok
[2026-05-07T06:54:30.319Z INFO  integration] [TEST] Starting stress test
[2026-05-07T06:54:30.323Z INFO  baals::contracts] [CONTRACTS] 
55d2596509834c7f028a3367985962603663f3161977a5aaa8fc45d31ecd5842::test_method executed: gas=2, time=13.6┬╡s
[2026-05-07T06:54:30.323Z INFO  baals::runtime] [RUNTIME] Contract call completed successfully
[2026-05-07T06:54:30.323Z INFO  baals::runtime] [RUNTIME] Calling contract 
55d2596509834c7f028a3367985962603663f3161977a5aaa8fc45d31ecd5842 method 'test_method' from caller: 
72aac7fd65f16c2ccde6814ca6d70a0354cfb3b309afd236c34c9b8f7d775981
[2026-05-07T06:54:30.324Z INFO  baals::runtime] Transaction submitted: 
beb06f69f1d1a3171569cfeb07db1496b91231d18e19b690c0582427c92cb93d
[2026-05-07T06:54:30.325Z INFO  baals::ledger] [LEDGER] Block application completed successfully
[2026-05-07T06:54:30.325Z INFO  baals::runtime] Block #1 produced (1 txns, 100000 gas)
[2026-05-07T06:54:30.325Z INFO  baals::runtime] BaaLS Runtime stopped
[2026-05-07T06:54:30.327Z INFO  baals::runtime] BaaLS Runtime started (auto-block disabled)
[2026-05-07T06:54:30.327Z INFO  baals::runtime] Transaction submitted: 
fff942baf9d8b309455152addf8356f935ccde408a1cd0613a7d5fe228f764f0
test test_sdk_basic_operations ... ok
[2026-05-07T06:54:30.331Z INFO  baals::runtime] Transaction submitted: 
3b46979d86dda439d59bc0cb04f31a10ade96fd06a45a617f7d9f756e4f73b51
[2026-05-07T06:54:30.331Z INFO  integration] [TEST] Security validation tests completed successfully
[2026-05-07T06:54:30.332Z INFO  integration] [TEST] Concurrent submission: 200 transactions in mempool after 4x50 
concurrent
test test_security_validation ... ok
[2026-05-07T06:54:30.334Z INFO  baals::contracts] [CONTRACTS] 
55d2596509834c7f028a3367985962603663f3161977a5aaa8fc45d31ecd5842::test_method executed: gas=2, time=15.5┬╡s
test test_concurrent_transaction_submission ... ok
[2026-05-07T06:54:30.334Z INFO  integration] [TEST] Starting test_transaction_validation_and_mempool
[2026-05-07T06:54:30.335Z INFO  baals::runtime] [RUNTIME] Contract call completed successfully
[2026-05-07T06:54:30.335Z INFO  integration] [TEST] test_reentrancy_guard_correctness completed successfully
[2026-05-07T06:54:30.337Z INFO  baals::runtime] Transaction submitted: 
6d67337c24e42ee2eefd9ae0a7362ecd477790acbbd88ca5b5febd129abb9b5b
test test_reentrancy_guard_correctness ... ok
[2026-05-07T06:54:30.342Z INFO  baals::runtime] BaaLS Runtime started (auto-block disabled)
[2026-05-07T06:54:30.344Z INFO  baals::runtime] BaaLS Runtime started (auto-block disabled)
[2026-05-07T06:54:30.348Z INFO  baals::runtime] Transaction submitted: 
0a772c35d3442a1c1826a610eb3a7931c80a1d47620eb83327f9a72b06e23ad6
[2026-05-07T06:54:30.349Z INFO  baals::runtime] BaaLS Runtime started (auto-block disabled)
[2026-05-07T06:54:30.349Z INFO  baals::runtime] BaaLS Runtime started (auto-block disabled)
[2026-05-07T06:54:30.351Z INFO  integration] [TEST] Two runtimes started with NoopSync
[2026-05-07T06:54:30.352Z INFO  integration] [TEST] Sync layer isolation test passed
[2026-05-07T06:54:30.355Z INFO  baals::runtime] Transaction submitted: 
acaddcb93413ac022888a25c5a093d4af366ae084f4cf34f7dd26cf91bb1cfd9
[2026-05-07T06:54:30.357Z INFO  baals::runtime] Transaction submitted: 
dcafc153bdad117985d44c2056875b30702f52828374fdf3ad99d5d90f525e5e
[2026-05-07T06:54:30.359Z INFO  baals::runtime] Transaction submitted: 
bc866b07643e57d9efba47b52f1bf07fea6cd5cb6c0cb57f1c161b66b767fb93
[2026-05-07T06:54:30.360Z INFO  baals::runtime] Transaction submitted: 
c41f68e3705dd843a350a2159c21b8d07688f5ca4c6abe03f4feb570bfab2c06
[2026-05-07T06:54:30.361Z INFO  baals::runtime] Transaction submitted: 
9a1536ad87fe92695f4d5ec26948b78fa69155c9e39deec1ea4e37e863d7abad
test test_tx_vec_args_roundtrip ... ok
[2026-05-07T06:54:30.363Z INFO  baals::runtime] Transaction submitted: 
b0fed0c4aa7842b07f8954ca7e78da4120ddda4c21e3abc4816b3c2dbaf453ce
test test_sync_layer_handshake ... ok
[2026-05-07T06:54:30.363Z INFO  baals::runtime] Transaction submitted: 
5ab8128e4e72096550b1518d93800eacb55be13ded2a9781f1eecb8a9b061256
[2026-05-07T06:54:30.364Z INFO  baals::runtime] Transaction submitted: 
e5714695cf24d4c35831292e7f14ecaadba94342179231b40177ddd7bf85aabb
[2026-05-07T06:54:30.364Z INFO  baals::runtime] Transaction submitted: 
a1bc91260f97f655b29a7cd40a32df0288492e34995bbc35cf1f97fd049f52e9
[2026-05-07T06:54:30.367Z INFO  baals::runtime] Transaction submitted: 
f9ee0731a094b5d35505b1ca0443c688000228a0765773e4fcc6d4e2c58d7cd7
[2026-05-07T06:54:30.368Z INFO  baals::runtime] Transaction submitted: 
2e2468300374c42f1a5d2681a971da57b6676c5aa53d82eb3b6daae8d6b9c045
[2026-05-07T06:54:30.368Z INFO  baals::runtime] Transaction submitted: 
629520196c9f46719b64a22ea34e760f9848beefc8bc73a119f65a3d63203260
[2026-05-07T06:54:30.368Z INFO  baals::runtime] Transaction submitted: 
d67b0274bd8310167893dfcd948227b5110eb84dbb40a3583e92329e728a3f20
[2026-05-07T06:54:30.371Z INFO  baals::runtime] Transaction submitted: 
93084956286709d446f824ea9d0b3506b994a6fe673729e778f7ef86162a851a
[2026-05-07T06:54:30.371Z INFO  baals::runtime] Transaction submitted: 
0f1e3ab925de1936057354805044b5f4642679cd16a932220ca51d4a50a6b38d
[2026-05-07T06:54:30.371Z INFO  integration] [TEST] test_transaction_validation_and_mempool completed successfully
[2026-05-07T06:54:30.372Z INFO  baals::runtime] Transaction submitted: 
150ee6edf81a90b973e9c316f19b60c9bff34d5f36951aa3b5d6fa40d084ec2c
[2026-05-07T06:54:30.374Z INFO  baals::runtime] Transaction submitted: 
5e1eb8b6beeedb0673158084ff281f1bf651b0c15fe70236984a7461ee43890b
[2026-05-07T06:54:30.375Z INFO  baals::runtime] Transaction submitted: 
ce3586a2659d50217ecbf4d2e86c7385d50925922a15b75a544b3f924274f6e1
[2026-05-07T06:54:30.377Z INFO  baals::runtime] Transaction submitted: 
92443b7edde4b0cadf22828adf5eb88200f7ea72597e5efd7602d122e9d3e030
[2026-05-07T06:54:30.377Z INFO  baals::runtime] Transaction submitted: 
40f4ccca34b5bd8de3a903340aa6af1bcc763780a40010e3c8b3aaccdf9daffc
[2026-05-07T06:54:30.379Z INFO  baals::runtime] Transaction submitted: 
f4da74a178200a7d9e35328c8547aacc0cf24d317f7fa1292fc1fec1c299ac4e
[2026-05-07T06:54:30.379Z INFO  baals::runtime] Transaction submitted: 
f7c2b70fe7b67b9b4715f68252fdd921ded682e2c55475be7e50cdc55bc12a4a
[2026-05-07T06:54:30.381Z INFO  baals::runtime] Transaction submitted: 
d7b7d5e099049eeee64f2ca7cf6ca5e21916403ce9ef4eee03397154346ec6c3
[2026-05-07T06:54:30.381Z INFO  baals::runtime] Transaction submitted: 
cc6bca88c149c0ec8592513dd37523521fdc75748eba76c92ae06a5d8d0decab
[2026-05-07T06:54:30.382Z INFO  baals::consensus] [CONSENSUS] Starting block generation
[2026-05-07T06:54:30.382Z INFO  baals::consensus] [CONSENSUS] Previous block: index=0, 
hash=10eef285deef7a4b7c82b22aa53589b7833df29de3814649c772bbd5c832f365
[2026-05-07T06:54:30.382Z INFO  baals::consensus] [CONSENSUS] Selected 3 transactions (gas=300000, size=1968 bytes)
[2026-05-07T06:54:30.383Z INFO  baals::runtime] Transaction submitted: 
0bafa52f1fa207f707e39f77657a7c307dd8ba6a799e457bf50c99b4dabe9c58
[2026-05-07T06:54:30.383Z INFO  baals::consensus] [CONSENSUS] Block generation completed: index=1, 
hash=c256244599a9a7f40657f1fdffa59a5721e75059a5f98fe79f5d138adc8596dc
[2026-05-07T06:54:30.383Z INFO  baals::ledger] [LEDGER] Starting block validation
[2026-05-07T06:54:30.383Z INFO  baals::runtime] Transaction submitted: 
6f8f01ae927822c993dc49235003184bfe9a8bd90855e6613ca3e7112973a679
[2026-05-07T06:54:30.386Z INFO  baals::runtime] Transaction submitted: 
61b7a9efec98219ced07b8446ec325e58b82e2601443188a8888726feea865f1
[2026-05-07T06:54:30.387Z INFO  baals::runtime] Transaction submitted: 
306cb374543564c26601ab25c8fead493293bd7b32fc9f8e29dcfcdc9497cc27
[2026-05-07T06:54:30.388Z INFO  baals::runtime] Transaction submitted: 
ec8ea3bb7b819b7e2372f6da74eac6b3031464676c208e5f1258ee09287ec71d
[2026-05-07T06:54:30.391Z INFO  baals::runtime] Transaction submitted: 
1700d3bb38bca266c240824f7e097775a24378ee57436527faa246dd0fa9adb3
[2026-05-07T06:54:30.391Z INFO  baals::runtime] Transaction submitted: 
0565661d342d0e086af4bea38b5d18fd42baa93f50af8c30212e35c9d433ecad
[2026-05-07T06:54:30.391Z INFO  baals::runtime] Transaction submitted: 
dcdb2ebb0e6c3bbdfd88bf8ad8a7ddff5817e743eed94f4a893ff6ff2e3bef64
[2026-05-07T06:54:30.391Z INFO  baals::runtime] Transaction submitted: 
a8fcadd68e7333b827a47c8d112eb7f2fc925c6be857eac39a80da000306438d
[2026-05-07T06:54:30.393Z INFO  baals::runtime] Transaction submitted: 
883e51146b7137a47203a03342f766f59fe330714e8bc6b572a1b0e7f2937b7c
[2026-05-07T06:54:30.393Z INFO  baals::runtime] Transaction submitted: 
aae7aa0b76c8a3c38806871fd29632abec39b0ac831ad612b28adace6e512368
[2026-05-07T06:54:30.398Z INFO  baals::runtime] Transaction submitted: 
333f88287fffbbe4673baa4658beb4cfeaaf25f2b34c8dbcd8c2292e81e15e80
[2026-05-07T06:54:30.398Z INFO  baals::runtime] Transaction submitted: 
55b7c4c0d6ce753b5642555b3a6b465d807fc410cf1a18d8bd0475e255d40cf5
[2026-05-07T06:54:30.400Z INFO  baals::runtime] Transaction submitted: 
c81e4e585dc38642c5db99b98b171b1fa2494877cdf3df7f5d539fc7d790a000
[2026-05-07T06:54:30.402Z INFO  baals::runtime] Transaction submitted: 
0a1f03ad2d75bcba3b36fa2b50d115749a5581000b43d61e4a41b24133bfd951
[2026-05-07T06:54:30.402Z INFO  baals::runtime] Transaction submitted: 
2bfacf25b24e40533c79c37337beaae22c2f9086bd301f7da2638d16be49c700
[2026-05-07T06:54:30.403Z INFO  baals::runtime] Transaction submitted: 
df98af5ee666ecf1dbd603e712b2a66e73651c60c45ef0b9027bfabf4c83150c
[2026-05-07T06:54:30.404Z INFO  baals::runtime] Transaction submitted: 
e970bfe7b014cc1dbeb150b801bc4ef6f8b352ce11fbf7dbc0d70ced54a8ad32
[2026-05-07T06:54:30.410Z INFO  baals::runtime] Transaction submitted: 
c445ab8cb7c4ae1a86b0d6e5d22be460de00b470619db0618f600b16b9f21eb1
test test_transaction_validation_and_mempool ... ok
[2026-05-07T06:54:30.410Z INFO  baals::runtime] Transaction submitted: 
aa48c290e1d7f0de88912573498ae5970a71eb8b39c7704736915f9c730ec152
[2026-05-07T06:54:30.411Z INFO  baals::runtime] Transaction submitted: 
22c0970fe9425277e23c2e0bcb2aa7fa0b0d212a0b3a4085c73ad0ca6e2ddc59
[2026-05-07T06:54:30.411Z INFO  baals::runtime] Transaction submitted: 
8ba2c28d39d1a9cae63ee66f93b4282d3d1d8e9625e43865659fa1de182904e9
[2026-05-07T06:54:30.412Z INFO  baals::runtime] Transaction submitted: 
8d172dba1f77f0f0e0dee2ad3157271f478bb43ed54713aba380dffaf9c2d46a
[2026-05-07T06:54:30.414Z INFO  baals::runtime] Transaction submitted: 
f2f6bcdb80cc65881d4ba38ec67a71e4c169903d4458c5f5c4a3a1aba40707af
[2026-05-07T06:54:30.414Z INFO  baals::runtime] Transaction submitted: 
4ccd284a17f04388183a758ab2cb087c7fb050023cadea0f3afdd4a98896c4a0
[2026-05-07T06:54:30.415Z INFO  baals::runtime] Transaction submitted: 
736f066427f1557dbd52dee1c1758b28bf592eb0281848c094c8024c36789e81
[2026-05-07T06:54:30.415Z INFO  baals::runtime] Transaction submitted: 
26dfc13096d6f149963118f30496d5dbc67622c5cf7319acb33214e486b0fb91
[2026-05-07T06:54:30.418Z INFO  baals::runtime] Transaction submitted: 
b665c150fb37652f77a09b291dea13e92c0b2097f9b265acb944e50203afb621
[2026-05-07T06:54:30.419Z INFO  baals::ledger] [LEDGER] Block validation completed successfully
[2026-05-07T06:54:30.422Z INFO  baals::ledger] [LEDGER] Starting block application
[2026-05-07T06:54:30.422Z INFO  baals::ledger] [LEDGER] Block: index=1, 
hash=c256244599a9a7f40657f1fdffa59a5721e75059a5f98fe79f5d138adc8596dc, transactions=3
[2026-05-07T06:54:30.426Z INFO  baals::runtime] Transaction submitted: 
111b9abd54c42813f0f1d8c3ed22c4cf871d000d7f8d95828ccb382c1c53f06b
[2026-05-07T06:54:30.426Z INFO  baals::runtime] Transaction submitted: 
471f6c8a3163630c7f9c160155855cdb5c3a9b2332e130c01805777e6db71734
[2026-05-07T06:54:30.427Z INFO  baals::runtime] Transaction submitted: 
5af73492c97456c7a31ed564f7de764ed71381a2bc5c8f176efe50a1cdd291c0
[2026-05-07T06:54:30.427Z INFO  baals::runtime] Transaction submitted: 
59c77e86e2d40cc290ebae1a210043d059fdf48b7be18a80569594b2c678d29c
[2026-05-07T06:54:30.427Z INFO  baals::runtime] Transaction submitted: 
560db4acc2e806ef64ba6f385044cdb8e24d2cc49aa55369828b43cfe8b72742
[2026-05-07T06:54:30.428Z INFO  baals::runtime] Transaction submitted: 
9b6290888767418bbcff9fe32c231d6a2b65d08217b0ca572cd5c5bbd4f82901
[2026-05-07T06:54:30.428Z INFO  baals::runtime] Transaction submitted: 
2147f2be35bb5fd7231b6b7b6cc5de76d0a28d3b3857b8cd51a68eb036228c7b
[2026-05-07T06:54:30.431Z INFO  baals::runtime] Transaction submitted: 
07fe30ed1b9306a9e4e6963281a1bec82adfa5d8c2b9df9401dd8c98ed85ce29
[2026-05-07T06:54:30.434Z INFO  baals::runtime] Transaction submitted: 
dbbc8127ab87d58dcf6fa60fcc98301e01decf1023510a88d37e6513ffb35c58
[2026-05-07T06:54:30.434Z INFO  baals::runtime] Transaction submitted: 
45a1a9ad6312e7f1aca0749585ea7cbc67f48b362bdf783df0a758796aa347db
[2026-05-07T06:54:30.438Z INFO  baals::runtime] Transaction submitted: 
95ad51133694ea0250300a4fc176c38070b6b38701a55c6686b0fac3d5f910bf
[2026-05-07T06:54:30.439Z INFO  baals::runtime] Transaction submitted: 
a0717d18f55bfdef5e562cd54410e257e2aae53da6004b059fc8cfb3bc964c23
[2026-05-07T06:54:30.440Z INFO  baals::runtime] Transaction submitted: 
e9c1b541325976153c233de13cdb6121a997a1816cf78df5c8565801d0832813
[2026-05-07T06:54:30.440Z INFO  baals::ledger] [LEDGER] Block application completed successfully
[2026-05-07T06:54:30.441Z INFO  baals::runtime] Block #1 produced (3 txns, 300000 gas)
[2026-05-07T06:54:30.441Z INFO  integration] [TEST] test_transaction_merkle_root_in_block completed
[2026-05-07T06:54:30.441Z INFO  baals::runtime] Transaction submitted: 
0e0b37f64e2da8805c12a6cf3eaf0b5e3a272baf243509f6581d7383d5ac8c4d
[2026-05-07T06:54:30.443Z INFO  baals::runtime] Transaction submitted: 
9120c8936c934c84afb6c5e7e8c979d122cec5894ab593059a994f0423b86ec0
[2026-05-07T06:54:30.443Z INFO  baals::runtime] Transaction submitted: 
b25bb574f37256f3ba15b03806a743f4f7b88ad392c7cdb067b97b61260fe417
[2026-05-07T06:54:30.444Z INFO  baals::runtime] Transaction submitted: 
e89c41ad21adc7185e3777472a6fd514b1f3e99ab4774c1df2768a8eb0360181
[2026-05-07T06:54:30.445Z INFO  baals::runtime] Transaction submitted: 
acdc566c2d566f4c05d357f704f561a95c9ff3294ba3d3cff734a36af0879506
[2026-05-07T06:54:30.445Z INFO  baals::runtime] Transaction submitted: 
419c45cd804c8b885a5be80570360ff0f66bd152304749321b470500278c5753
[2026-05-07T06:54:30.448Z INFO  baals::runtime] Transaction submitted: 
a92fe8e25da7f2c60c4be28df1c016000a4c5cc74762c5341309020563097c4b
[2026-05-07T06:54:30.450Z INFO  baals::runtime] Transaction submitted: 
8a85ea3b4fa8e53230da5762e1c5599cc0aa6bde649c1b99a83f4a90e3a2f076
[2026-05-07T06:54:30.450Z INFO  baals::runtime] Transaction submitted: 
517bdb01de6d07554f7a5f6ed9b2f1d74a23bd97f59509880e3f030e0afb2078
[2026-05-07T06:54:30.452Z INFO  baals::runtime] Transaction submitted: 
a3e04042f9c451ae8d275f1e5d5f7bff9421d10dd81e5bf068b8c9b6925134a3
[2026-05-07T06:54:30.452Z INFO  baals::runtime] Transaction submitted: 
23a14aecb01cd7158bb852e4f041a694979e25cf0c86500c35e73c33d58a7d67
[2026-05-07T06:54:30.453Z INFO  baals::runtime] Transaction submitted: 
ef983930732980288d25810d25e78b9cd0ecb4889069e2d3f69151b1996b4690
test test_transaction_merkle_root_in_block ... ok
[2026-05-07T06:54:30.458Z INFO  baals::runtime] Transaction submitted: 
4cbdf00158ff4614df63f30753e414c7224b95aadf838f1b6e97d38b36f9f10c
[2026-05-07T06:54:30.458Z INFO  baals::runtime] Transaction submitted: 
1f1da2dd2f23f808d5cf3e1241f3a766712ff92ad395835c0affb31f4f3ff5d4
[2026-05-07T06:54:30.458Z INFO  baals::runtime] Transaction submitted: 
346787d55fd25a522c67848effc4cc43e4cf026ac6c0cd19a29a5dfec06bdf56
[2026-05-07T06:54:30.459Z INFO  baals::runtime] Transaction submitted: 
d8771af13975dc5f2684b5c5277c7d2c4d16b800a4aec76fd37fc07b1249f938
[2026-05-07T06:54:30.460Z INFO  baals::runtime] Transaction submitted: 
fcf036c13ed9b3679dd173b0844b542414ed2c083f983c73a6643cf38af2784a
[2026-05-07T06:54:30.461Z INFO  baals::runtime] Transaction submitted: 
d2260dbe18583d75caf19ba589e2083d5878c2a8f9ad83383c9c4e429484dfcd
[2026-05-07T06:54:30.464Z INFO  baals::runtime] Transaction submitted: 
c2cc047ffa51224a03b4a429fd99deb4e02ff33ccdf383fb347989fd3055d9d7
[2026-05-07T06:54:30.464Z INFO  baals::runtime] Transaction submitted: 
937c554dd9c9957892d42ec52ce16f52a3dcb50dba2b533e49c2c0f2fffdd029
[2026-05-07T06:54:30.465Z INFO  baals::runtime] Transaction submitted: 
4ff0dab19f28dfbcab8aecd83e1686eca1a9142b4e123bc4e382a183bc50aae7
[2026-05-07T06:54:30.467Z INFO  baals::runtime] Transaction submitted: 
02731cbaa9d3d25632bad037abeced6921c3f3dabb3b9780be2e4724af6e8f8e
[2026-05-07T06:54:30.469Z INFO  baals::runtime] Transaction submitted: 
6bae19a6bad303a49de765ea8dd3376994e934d71df0b976bd24683e6098757e
[2026-05-07T06:54:30.469Z INFO  baals::runtime] Transaction submitted: 
925b0ae1cf9a4fb2d1d335b3d6546932ebda417164d71a91a2b63ab7149b375a
[2026-05-07T06:54:30.470Z INFO  baals::runtime] Transaction submitted: 
36cae1343139aa09cc36d3e98e8d868413d78b422d481e7576af191957b316f6
[2026-05-07T06:54:30.470Z INFO  baals::runtime] Transaction submitted: 
9512b85ac28deb58ff0ff96620c103292be852450f15f95a2415a0472507cbb1
[2026-05-07T06:54:30.471Z INFO  baals::runtime] Transaction submitted: 
e193d4f4a4121a9753a8cc3ba60d93445f4db7580c520c8c7c48fea2117b6285
[2026-05-07T06:54:30.472Z INFO  baals::runtime] Transaction submitted: 
28a0d89a78dd75a35649e5edb53255da04b86c51822493e7e0837c9c1ac9834a
[2026-05-07T06:54:30.476Z INFO  baals::runtime] Transaction submitted: 
ed8d7304348775f981b02a16db35b37d986c7bba25a58e0c1b900321ad79db69
[2026-05-07T06:54:30.477Z INFO  baals::runtime] Transaction submitted: 
39c337ea0a5ad2f7f78a79d6e13e31329bab49c1c9512a845c498bfc65031884
[2026-05-07T06:54:30.478Z INFO  baals::runtime] Transaction submitted: 
d61df74786ec88e4c1ad57215075a3bb099f725b535bb155fc531b5a738959d0
[2026-05-07T06:54:30.478Z INFO  baals::runtime] Transaction submitted: 
cdbc1f1c1f11ba8820cd357ac21e2b23488e4489f0a8b63fe21dcc31dc2f9cab
[2026-05-07T06:54:30.480Z INFO  baals::runtime] Transaction submitted: 
c521e7a40766531c193facb738bf71dbb87d9598a1d0a8278753b8f7e044319e
[2026-05-07T06:54:30.480Z INFO  baals::runtime] Transaction submitted: 
835d355beaecddd863ae38118c95b806920260d0e3465a47e25a8cab9d18685c
[2026-05-07T06:54:30.482Z INFO  baals::runtime] Transaction submitted: 
b65505d0a75c17c0ffdb56db773cff6c0543a0a00c58dfc0be17cb18a2835d01
[2026-05-07T06:54:30.482Z INFO  baals::runtime] Transaction submitted: 
97cc27520966d0577e9186a5c4ccdf32a0380c43ed3b01e6ea9f39b3b20d2b17
[2026-05-07T06:54:30.484Z INFO  baals::runtime] Transaction submitted: 
152bef1e179a09fba535290a7b979051841b0d231daf9806c594c1f8ab057056
[2026-05-07T06:54:30.486Z INFO  baals::runtime] Transaction submitted: 
b11bebde4db875ee7ff0e8e96026a695144f8f990b731183f58971a645d398d4
[2026-05-07T06:54:30.489Z INFO  baals::runtime] Transaction submitted: 
affa94ecc43de59f81ef67454074aea5d6cba4027eec33a1e317cdfe3da70693
[2026-05-07T06:54:30.489Z INFO  baals::runtime] Transaction submitted: 
e73a1139fa18f01e835c981c14f015de88f99b4a5637b1266b48b36f66260778
[2026-05-07T06:54:30.489Z INFO  baals::runtime] Transaction submitted: 
27a85b32e47338250cfe48f9ffe828b7ddf8a934832c28fd36ef8020d8886f00
[2026-05-07T06:54:30.489Z INFO  baals::runtime] Transaction submitted: 
4e6ef5fb5167f29471aafbff49b2c74dca39fdaf8b04c45fd0f130baed0afbc8
[2026-05-07T06:54:30.491Z INFO  baals::runtime] Transaction submitted: 
ab7ba98709d6a212fc538ae79f9fe8c78658312dda4437e90da3bb8f0440a5ac
[2026-05-07T06:54:30.493Z INFO  baals::runtime] Transaction submitted: 
23df384ed0f115ae33e65cdecfc898d8c3abe11779182dcf91bf9854e16247f5
[2026-05-07T06:54:30.493Z INFO  baals::runtime] Transaction submitted: 
83fd54af7e708b06884b47bbe53576756ca12b4e2818865fc67f84820b210d21
[2026-05-07T06:54:30.495Z INFO  baals::runtime] Transaction submitted: 
56360eb971cac4d1424254d2a6d4ae2eb5cb6e80342c693339beffd5d7a66e11
[2026-05-07T06:54:30.496Z INFO  baals::runtime] Transaction submitted: 
a8c33aa916c3dd4df17519984c293bf32c5abe3bbf5e4288e6d467f832bdb884
[2026-05-07T06:54:30.496Z INFO  baals::runtime] Transaction submitted: 
0cf29385c3731d95c21bf656f4679bca691ff40c78ee75e0c6844812c7cfb215
[2026-05-07T06:54:30.500Z INFO  baals::runtime] Transaction submitted: 
ea35f852d8d9902768f88ea2798263003742b96adecae4ab8e56d62b36708ba6
[2026-05-07T06:54:30.500Z INFO  baals::runtime] Transaction submitted: 
b405465b12d8f5cde3e32cf66bb25f425248996179bf224712e7b5acf31d39bf
[2026-05-07T06:54:30.502Z INFO  baals::runtime] Transaction submitted: 
3ed32412120086897c2114c04ea624adaa0a815af29a778f385158ac2c2e5f1e
[2026-05-07T06:54:30.502Z INFO  baals::runtime] Transaction submitted: 
3e45a5ba5506d3be891e031a274d2282a37b03440b5d6b743b4773c2e0fe1f38
[2026-05-07T06:54:30.502Z INFO  baals::runtime] Transaction submitted: 
a809f0e8631f235bc512a8a7d3dcb33c8de794052be78e67f497486d666e354e
[2026-05-07T06:54:30.504Z INFO  baals::runtime] Transaction submitted: 
ab8fe7f1a4ebe7aa691fb68cddd0de5e1007b9b0d77aa5c8975824b61a50e924
[2026-05-07T06:54:30.505Z INFO  baals::runtime] Transaction submitted: 
edc0feff74b0d3314d11f61f8512db123143d39d3a173602e5286ea9ebbaf520
[2026-05-07T06:54:30.507Z INFO  baals::runtime] Transaction submitted: 
ad86a9dbf38b09de2c14b6a17ee4b132fd300223065d99efb3dc7e0b597fd0be
[2026-05-07T06:54:30.507Z INFO  baals::runtime] Transaction submitted: 
0a4a173953e249d9d086013e9ef2d963a9070d68861cb9062855dbca342130d8
[2026-05-07T06:54:30.508Z INFO  baals::runtime] Transaction submitted: 
b8bcb6dc54e9b597eb433bec478eec422f1bc51f67f2cde875a6fb8a3aac02cd
[2026-05-07T06:54:30.508Z INFO  baals::runtime] Transaction submitted: 
1644cae8f4675f8dcdc72aa487ee2b10ae4909df14192fe83731574e4fd28e7b
[2026-05-07T06:54:30.511Z INFO  baals::runtime] Transaction submitted: 
5bcbae34a794d5e57b5da8b3ca579cbf3ae01c9557ee8c08a92399fa1a783670
[2026-05-07T06:54:30.513Z INFO  baals::runtime] Transaction submitted: 
f642e819c489171d415e9e418931b458bde0a22c79a8c14840c552a69605d7ff
[2026-05-07T06:54:30.514Z INFO  baals::runtime] Transaction submitted: 
313a502face21bcb3f1db7d4c839c8f750afecc7b7f01f74462782528f5fbebf
[2026-05-07T06:54:30.514Z INFO  baals::runtime] Transaction submitted: 
321ce39483ff7f4ee7068eb66d39b653a4c36245b0fbbd5a01ddeec1869d4282
[2026-05-07T06:54:30.515Z INFO  baals::runtime] Transaction submitted: 
5f9c8d8f5a710e707387f93fd60181da6721f262cdecb19185cb87c1abd913e1
[2026-05-07T06:54:30.516Z INFO  baals::runtime] Transaction submitted: 
0713f4904f123adc93aefa9b473fa3b33f0861ccc4b3f7cd8b8d67889199eccf
[2026-05-07T06:54:30.520Z INFO  baals::runtime] Transaction submitted: 
44e659519eeea90b949ee279a96ef4d42c1df5ddd80ffda25c017ee6727319ba
[2026-05-07T06:54:30.520Z INFO  baals::runtime] Transaction submitted: 
dc7a8d98000dd6b8654405aa7006201a1b9351d95b3d49d67f4d1039ea5416c5
[2026-05-07T06:54:30.521Z INFO  baals::runtime] Transaction submitted: 
7ed36c62b1817cf21cfe121055d104445d7a123f667e73d41ae744a61126f7b9
[2026-05-07T06:54:30.521Z INFO  baals::runtime] Transaction submitted: 
bbbf75482d2c1c3b5b0955c4cd040d810590e4a350e1beb05b08f65207b20e39
[2026-05-07T06:54:30.525Z INFO  baals::runtime] Transaction submitted: 
e7efec9fca68191a8dc33ebd580c1a239b0990967f7601ef1e06527f0e3a0c57
[2026-05-07T06:54:30.525Z INFO  baals::runtime] Transaction submitted: 
d7f510e0094d0093bcb8f1f6c96a8ea367cf59ad9d6e8e085e9234458a49014a
[2026-05-07T06:54:30.526Z INFO  baals::runtime] Transaction submitted: 
d1bda18818500dfbe902a7198190388649038579de157d5bcad662f407b98027
[2026-05-07T06:54:30.527Z INFO  baals::runtime] Transaction submitted: 
5f2eefffd7b34ca19abe6a45824a0cbbe0ab88d2141153f2da99f09299fa5d87
[2026-05-07T06:54:30.528Z INFO  baals::runtime] Transaction submitted: 
9028f6c120152eb5f5e6b538e8c771662e49e6170851fffa5c0a839fff72f015
[2026-05-07T06:54:30.529Z INFO  baals::runtime] Transaction submitted: 
e7c3c3a22a6aa5951cc989e1ebea9bb6dcd801d44859058e3dbf8d3b1e2d0393
[2026-05-07T06:54:30.531Z INFO  baals::runtime] Transaction submitted: 
da3988f5900ecfd7c9db7ab6c748407729f6f6b9766d8d2b23a02aeaff9cdcc7
[2026-05-07T06:54:30.532Z INFO  baals::runtime] Transaction submitted: 
52207f87322ed5f8ecb9f3f4e1620cff905218aa6102de68347a1162da5bd7ad
[2026-05-07T06:54:30.532Z INFO  baals::runtime] Transaction submitted: 
70beffe0263870f0c4bae0f3fd6f7b02f4f868ae523f1ff75778f0ba0524affa
[2026-05-07T06:54:30.536Z INFO  baals::runtime] Transaction submitted: 
cc45708a8dd4cd8fbbdbc2ae1a07870c15666dc58a040b5bfc8a7f6a263a491b
[2026-05-07T06:54:30.536Z INFO  baals::runtime] Transaction submitted: 
0b80fd558e31fc8271f96427764ab33b81bd06208db298e1583a84e1918223c1
[2026-05-07T06:54:30.536Z INFO  baals::runtime] Transaction submitted: 
3a3158430e8cac9395f2deafccac781a68a9ba19e12862a4677496edd0116353
[2026-05-07T06:54:30.537Z INFO  baals::runtime] Transaction submitted: 
4db6264eff73b9c6b1e6fb1f4b004321f82bea06cef0a734293ea630c275a29c
[2026-05-07T06:54:30.537Z INFO  baals::runtime] Transaction submitted: 
603960adf40b2f71adb3c2bd0062fd572bee60dfefaf4682b2f5063bc72c5c55
[2026-05-07T06:54:30.539Z INFO  baals::consensus] [CONSENSUS] Starting block generation
[2026-05-07T06:54:30.539Z INFO  baals::consensus] [CONSENSUS] Previous block: index=1, 
hash=00c79a81dd593ca51a9d75a302c2519f67b75ec1b433f5ac43edfb229f7347ad
[2026-05-07T06:54:30.539Z INFO  baals::consensus] [CONSENSUS] Selected 1 transactions (gas=500000, size=677 bytes)
[2026-05-07T06:54:30.539Z INFO  baals::runtime] Transaction submitted: 
b45b15e2eb37ab699429b411b8f29080835987bb8b94a4f56bcef4e08261fb3c
[2026-05-07T06:54:30.541Z INFO  baals::runtime] Transaction submitted: 
49b9108112f3378bfd9697f10db090ef933ff87f3329b819cf543a2416b09b9f
[2026-05-07T06:54:30.542Z INFO  baals::runtime] Transaction submitted: 
b4887f1f585a85a4d83c3886cc216d3439061acee1fb06273f4899f7e9c2250f
[2026-05-07T06:54:30.542Z INFO  baals::runtime] Transaction submitted: 
dafa5209ad8dbeee9a01a776975a8f715265bb98ac2ad0653e6f996f0fd38bed
[2026-05-07T06:54:30.543Z INFO  baals::runtime] Transaction submitted: 
764e7c5b3e02574b0916a478aba1bd889fd42b788b39f238c748edd0b72c0b15
[2026-05-07T06:54:30.546Z INFO  baals::runtime] Transaction submitted: 
3cf23cede4cfd30e7bd4166444d4964fda0fd6451b595ec00853db6e88ccab4d
[2026-05-07T06:54:30.549Z INFO  baals::runtime] Transaction submitted: 
d58a5263b59d3387fa22284699f00e9456b6efa967b8f1663ced26013f4f7def
[2026-05-07T06:54:30.549Z INFO  baals::runtime] Transaction submitted: 
478a71241cd4fc3766b936e45a3945d1eeafa3154bb3ed460cc3dbba5e93905a
[2026-05-07T06:54:30.549Z INFO  baals::runtime] Transaction submitted: 
21d49aee994a490a36d445fe5f111e550a929745f94cf4864199b8123cbd3001
[2026-05-07T06:54:30.549Z INFO  baals::consensus] [CONSENSUS] Block generation completed: index=2, 
hash=be7aa99fc4a41b0c2a24f398ba4c7be58965a967da7ab03a59ef7de4cf45b1fa
[2026-05-07T06:54:30.549Z INFO  baals::ledger] [LEDGER] Starting block validation
[2026-05-07T06:54:30.552Z INFO  baals::runtime] Transaction submitted: 
c1f1c9d82de6257a5a8ff3b0a89a261e6e07a511a54c3b057542a3fe886f22c3
[2026-05-07T06:54:30.552Z INFO  baals::runtime] Transaction submitted: 
4a3775a7fe1e1aeec0a61a5192df55b1ecd26b13b7a6a8f87a351897af31ebe9
[2026-05-07T06:54:30.553Z INFO  baals::runtime] Transaction submitted: 
28633ad595fc02e557e4e6372f71aff0da3e1d37fefacfe0ab852f8c4f8b4993
[2026-05-07T06:54:30.555Z INFO  baals::runtime] Transaction submitted: 
4cc43449e4d597c8abbbb6d550301118cac852259670e4c32aee27d403ad80d5
[2026-05-07T06:54:30.555Z INFO  baals::runtime] Transaction submitted: 
b62ae0c3d1e5640e90077ee9261fb30120195207a2434f4e7710ae5d50428fce
[2026-05-07T06:54:30.558Z INFO  baals::runtime] Transaction submitted: 
149cd8ecfcfd76ce03588e03548833db5f9b1a74ca5e0bafddbf90dcb9a3fb97
[2026-05-07T06:54:30.559Z INFO  baals::runtime] Transaction submitted: 
b37e1fc73f033aa3f0e48d5cb614d5252b858f24dcfb0826abf2255638b57314
[2026-05-07T06:54:30.561Z INFO  baals::ledger] [LEDGER] Block validation completed successfully
[2026-05-07T06:54:30.561Z INFO  baals::ledger] [LEDGER] Starting block application
[2026-05-07T06:54:30.561Z INFO  baals::ledger] [LEDGER] Block: index=2, 
hash=be7aa99fc4a41b0c2a24f398ba4c7be58965a967da7ab03a59ef7de4cf45b1fa, transactions=1
[2026-05-07T06:54:30.562Z INFO  baals::runtime] Transaction submitted: 
f238b051441c75ffaaec1127f0c8c7e361c151013a2d37ea44e0e3d3c51cbe5e
[2026-05-07T06:54:30.564Z INFO  baals::runtime] Transaction submitted: 
ec1ec07e5025439ec1f2b0b6d21b7e7dd19b3c7ed7bc377a8d64a18f2ee43940
[2026-05-07T06:54:30.564Z INFO  baals::runtime] Transaction submitted: 
beed33e71b686d7b2f42200eccfc00260949fcb527d34cd64fa7f712e8d1f322
[2026-05-07T06:54:30.565Z INFO  baals::runtime] Transaction submitted: 
fa11a8b5081dba5dc88cf145102e3919f85cacf51ee354b0a98d9994f4f0e171
[2026-05-07T06:54:30.567Z INFO  baals::runtime] Transaction submitted: 
f59bf39838362f9449cac71472f2ba585d456c34683099525196c991c64ec95c
[2026-05-07T06:54:30.568Z INFO  baals::runtime] Transaction submitted: 
0eb5748e732e382303b431d9e55b6da5ecc5dcd0864694dc666f73dbb0d58449
[2026-05-07T06:54:30.569Z INFO  baals::runtime] Transaction submitted: 
fbd2759db6fe54c08d39d33a994fb32a920b9eb71fb6dce57cc89c915685a8ae
[2026-05-07T06:54:30.570Z INFO  baals::runtime] Transaction submitted: 
5a4b80d4936a7ccc3b933ffd7f940f2208850569cfd1a2c5a93520cddc786af6
[2026-05-07T06:54:30.571Z INFO  baals::runtime] Transaction submitted: 
c5563364fa40c94c572012e1e6f625524a0591fb7361010b2af941383328131d
[2026-05-07T06:54:30.572Z INFO  baals::runtime] Transaction submitted: 
250b06c0008c70506ed21e5b89a6679e3f6e6adb48d3b0b3b740dc3b07c8fb29
[2026-05-07T06:54:30.573Z INFO  baals::runtime] Transaction submitted: 
9b3895031a56189a5888cd0bd6cc664fed661b45f84947a64b6ae181a648bb51
[2026-05-07T06:54:30.575Z INFO  baals::runtime] Transaction submitted: 
b42b0ab327ea9a9bf2baeda2d90c545c15e57ba340f319609ac5eb2497601540
[2026-05-07T06:54:30.576Z INFO  baals::runtime] Transaction submitted: 
428cde5d15c87a1a652e03513abf4d361f8464e18f46ff6cacbcc061f96d8261
[2026-05-07T06:54:30.577Z INFO  baals::runtime] Transaction submitted: 
b9ef7b12f04127912336895db3e788f583e03e926160159803fcef38a4fe143d
[2026-05-07T06:54:30.579Z INFO  baals::runtime] Transaction submitted: 
e1090ed2a1260618d7d822ff426f7ac1d7d427591ca0d894f3c8ac0281e88a7f
[2026-05-07T06:54:30.579Z INFO  baals::runtime] Transaction submitted: 
176aa21e8737905aa68bd8d7cd88878864a5bfb057973d25422624ddf27e5e62
[2026-05-07T06:54:30.581Z INFO  baals::runtime] Transaction submitted: 
cf4463a6d94e9ab1fd9822230efd39f3ad3c5857eab530c584037e6be083419e
[2026-05-07T06:54:30.581Z INFO  baals::runtime] Transaction submitted: 
75d50b66e416695df3cfd391a338fb5826fc8870b19e3c7d11f9f375e099eb35
[2026-05-07T06:54:30.582Z INFO  baals::runtime] Transaction submitted: 
51b5984bd886d4b9b715c2931a47eb01b905c3ccbed342931799cc3ff9a95046
[2026-05-07T06:54:30.587Z INFO  baals::runtime] Transaction submitted: 
512abc02502862b2b58bbdd1335a44f5e0250e0a021945e908b8da199abd9f22
[2026-05-07T06:54:30.587Z INFO  baals::runtime] Transaction submitted: 
a3f39edb61bfe589b83a7c9e1dce558016d761dbeeb12bb7d78484d5a5d9d69d
[2026-05-07T06:54:30.588Z INFO  baals::runtime] Transaction submitted: 
95b92e04478a88641b1bc61a79029a034ff41bb02a4484a3f901ef126fbbb15c
[2026-05-07T06:54:30.589Z INFO  baals::runtime] Transaction submitted: 
01375dff305b0a4c2aee72b9f2156fcd6b29cd90e558acf867a9e1890ed8c503
[2026-05-07T06:54:30.589Z INFO  baals::runtime] Transaction submitted: 
ed04850543e2b5ed6bd02c2072b40b83f53d75695f5a5c3ba01a384cccee2f73
[2026-05-07T06:54:30.590Z INFO  baals::runtime] Transaction submitted: 
a646c2b0698889150c9d13edef645ea7cdf2849e33576d10f6d0c43d04310c49
[2026-05-07T06:54:30.592Z INFO  baals::consensus] [CONSENSUS] Starting block generation
[2026-05-07T06:54:30.592Z INFO  baals::consensus] [CONSENSUS] Previous block: index=1, 
hash=d94e04805bcf053b85b39b2b9322e9f5f4c9f586f611711ae96fc8a745f57cba
[2026-05-07T06:54:30.592Z INFO  baals::consensus] [CONSENSUS] Selected 1 transactions (gas=100000, size=656 bytes)
[2026-05-07T06:54:30.592Z INFO  baals::runtime] Transaction submitted: 
be1da71e94ea67382c9ab6b574726424ed19f80def0481577b532d3f41624e72
[2026-05-07T06:54:30.593Z INFO  baals::consensus] [CONSENSUS] Block generation completed: index=2, 
hash=a957a464a1817814a96199358989d2af492548d05bad6541e83b39dae90d0fe8
[2026-05-07T06:54:30.593Z INFO  baals::ledger] [LEDGER] Starting block validation
[2026-05-07T06:54:30.596Z INFO  baals::runtime] Transaction submitted: 
85476d4843331fc0cd066dee61d7824a61f466bf1d405294a3195a069e13ed11
[2026-05-07T06:54:30.596Z INFO  baals::runtime] Transaction submitted: 
470c0e48ff0705f6109f5782ca17313353239e3f5345b50747eb0ddb53823266
[2026-05-07T06:54:30.597Z INFO  baals::runtime] Transaction submitted: 
c59e11707ce5d156a306ad219e88542bf41d0499955e9bb2dba9cd81f261084c
[2026-05-07T06:54:30.598Z INFO  baals::runtime] Transaction submitted: 
0e374f6d950e3c72efa53b16179b057ebc6ed86d7345fb2f8ab567447150247a
[2026-05-07T06:54:30.599Z INFO  baals::runtime] Transaction submitted: 
36309c6ca2a3f7c6ee3a7404cec5aa2eeebad7f046b2dfdef06fa2f653be7670
[2026-05-07T06:54:30.602Z INFO  baals::contracts] [CONTRACTS] 
03d8e960a5c24d8c0083499b68e473d80945dfbae11a7f3f1b20cae411d89536::test_method executed: gas=2, time=10.9┬╡s
[2026-05-07T06:54:30.602Z INFO  baals::ledger] [LEDGER] Contract call to 
03d8e960a5c24d8c0083499b68e473d80945dfbae11a7f3f1b20cae411d89536::test_method returned 8 bytes
[2026-05-07T06:54:30.603Z INFO  baals::runtime] Transaction submitted: 
1627d8c4977352cd523f74d19649bcaeab644f5da36338ace9a60aa94eb0e7fc
[2026-05-07T06:54:30.603Z INFO  baals::runtime] Transaction submitted: 
80facf11c518297a69586dfedb1d62d9289353fdde6c8f64788c42f1e2a6f65e
[2026-05-07T06:54:30.603Z INFO  baals::runtime] Transaction submitted: 
9da59ad5a35ea30c56993efcf725a040f98f386953e1d0836873294c84b216a8
[2026-05-07T06:54:30.608Z INFO  baals::runtime] Transaction submitted: 
a71a45dd8dc7c2061be479e8ac8b7edc30797185812725ff3f2eaa8b03ce0f6c
[2026-05-07T06:54:30.610Z INFO  baals::runtime] Transaction submitted: 
ff603f245ce2a72085eccad5e8d04f33b853a0a01462f5a3088f52ca9c4ffcbb
[2026-05-07T06:54:30.611Z INFO  baals::runtime] Transaction submitted: 
46c0e1208b8280ea136ab1519835b97efba4ecc2c6ce3dd8e3a960410a81d913
[2026-05-07T06:54:30.611Z INFO  baals::runtime] Transaction submitted: 
f7d6d7114ddce32356f904636d913a0a14a15043fc149ba95c0df0114479e98c
[2026-05-07T06:54:30.615Z INFO  baals::runtime] Transaction submitted: 
0c52a138d6a62ed56b0443b79e439c33b673ea104cc487f8331af2447cef7bff
[2026-05-07T06:54:30.621Z INFO  baals::runtime] Transaction submitted: 
426a8a5899873595251d08d1e909e218ac304f41ed701a050f3c2bcfd5207e6f
[2026-05-07T06:54:30.622Z INFO  baals::runtime] Transaction submitted: 
4bba7bd056b95c0856974d0bc8aa1f7c3894da03373499e46505c6dca3da96fb
[2026-05-07T06:54:30.626Z INFO  baals::runtime] Transaction submitted: 
23f8c34ed6953d5c4322c28871c752dddb29c5cbd4f885380b5989f6adaacac4
[2026-05-07T06:54:30.627Z INFO  baals::runtime] Transaction submitted: 
025df44f2b6f736b798f629c3ca4f542be8a448e1352d3a893c1229d6661f1d2
[2026-05-07T06:54:30.627Z INFO  baals::runtime] Transaction submitted: 
1943343cf918fa9b7f4d30aee87ffcbdad4784d3588e0866d062cd0de59a22a0
[2026-05-07T06:54:30.634Z INFO  baals::runtime] Transaction submitted: 
ccc78b9f282512e9381b6c37f64e40b8d8ed5bce751cd38b73361c5455589319
[2026-05-07T06:54:30.634Z INFO  baals::runtime] Transaction submitted: 
7dec86360458715c39581ee1a3de33b631348be9f63809b0dd51445cba936f65
[2026-05-07T06:54:30.635Z INFO  baals::ledger] [LEDGER] Block validation completed successfully
[2026-05-07T06:54:30.635Z INFO  baals::ledger] [LEDGER] Starting block application
[2026-05-07T06:54:30.635Z INFO  baals::ledger] [LEDGER] Block: index=2, 
hash=a957a464a1817814a96199358989d2af492548d05bad6541e83b39dae90d0fe8, transactions=1
[2026-05-07T06:54:30.635Z INFO  baals::runtime] Transaction submitted: 
331d93eef0a496aee765e9d1131a614552e9572db4364f9e0719556ead4a0a34
[2026-05-07T06:54:30.640Z INFO  baals::runtime] Transaction submitted: 
56aa87f98cc8a14af99b2311dda91ad2986f15ebe28dfaaeb71552dbb250fd28
[2026-05-07T06:54:30.645Z INFO  baals::runtime] Transaction submitted: 
294c2ef784466cde30a9f86c46609d2ef33b0dcaa3b6f333d5b28f6003253b77
[2026-05-07T06:54:30.647Z INFO  baals::runtime] Transaction submitted: 
921b958f1e08d31fa5b5e752336f4197e17a52ef5c3bd72b60bb88a28e0cff80
[2026-05-07T06:54:30.651Z INFO  baals::runtime] Transaction submitted: 
973b5b65d4be6ca626847b7f64cabea2191c60ae43d82fe491111d1b4f4b2f9f
[2026-05-07T06:54:30.657Z INFO  baals::runtime] Transaction submitted: 
0bc643d7f58245a6750f5cbe3c0bbcc8a7b280176ba552644dccd187a11c65ed
[2026-05-07T06:54:30.662Z INFO  baals::runtime] Transaction submitted: 
58543e305403403cc39a63a9b3b13b0b418aa8c9c4036368c3250cb630e1d8e3
[2026-05-07T06:54:30.667Z INFO  baals::runtime] Transaction submitted: 
7376e1c8fb8c17980e6ef7f89125774daa2773bf144d879f8231f3b6ede05ff9
[2026-05-07T06:54:30.668Z INFO  baals::runtime] Transaction submitted: 
d5bcf2cacdcbdd1ecec82681b942d1e58fc1cc9db799dec783add16eeee5bb98
[2026-05-07T06:54:30.668Z INFO  baals::runtime] Transaction submitted: 
bac513b1654b0b54489e17f78766e4633d822da94f8bec9844e743192bdf82c0
[2026-05-07T06:54:30.669Z INFO  baals::runtime] Transaction submitted: 
6bbe45f353b59a2eb7f8b79aa1e24a1b76fdf1bb65b74d754a9ff11633a533d9
[2026-05-07T06:54:30.670Z INFO  baals::runtime] Transaction submitted: 
9aa0df4cf267c41d29e733c355d04513de538ea66053a45578a32e15f253c2b4
[2026-05-07T06:54:30.679Z INFO  baals::runtime] Transaction submitted: 
020eced1e8c230f6a1f28f8c0a756c747baf67beb290f384d3db212ee18b77b9
[2026-05-07T06:54:30.680Z INFO  baals::runtime] Transaction submitted: 
e620f3532ffd93f39bc9367d81f0aabdcb9a786860e42c77c262b223f6883dc9
[2026-05-07T06:54:30.681Z INFO  baals::runtime] Transaction submitted: 
6a2044cef68fb597a19f3029bd75521cb76699ea8ccc963475d46c51a387b6f8
[2026-05-07T06:54:30.682Z INFO  baals::runtime] Transaction submitted: 
339f2e4b2e9f1cfbab31ed6b16fcc5a729c6d4e81201c7c2d71a9f553a314e0a
[2026-05-07T06:54:30.687Z INFO  baals::runtime] Transaction submitted: 
7698859820a96181c2e7641e6880e8c8b6ad45d76a2219071c53659afc08fa99
[2026-05-07T06:54:30.691Z INFO  baals::runtime] Transaction submitted: 
bc01cd14ab899672cd8bc15808ddb7ed8e38a3c55a57cdf1efbd9558a1e442ff
[2026-05-07T06:54:30.692Z INFO  baals::runtime] Transaction submitted: 
95c98f149e207ed2d3143ee47935e0fb7bf993266332371bc69a05e09096daf5
[2026-05-07T06:54:30.692Z INFO  baals::runtime] Transaction submitted: 
d4e445748712e7f165eb940f1324c50227779c549667e2f3dd366c7a99f4d1b8
[2026-05-07T06:54:30.693Z INFO  baals::runtime] Transaction submitted: 
312a34c493170b3dd1e39399faef1d60875fdd01c4f5cb08fe4345e785819626
[2026-05-07T06:54:30.695Z INFO  baals::runtime] Transaction submitted: 
f18943a9c0ef3c35b30c161e295534b3161e928c80d2954b05c489d833a016fb
[2026-05-07T06:54:30.698Z INFO  baals::runtime] Transaction submitted: 
deb2cee99e1bb92d7317ea905438a3130a1ba59c8ba83f148f0e6fff1de0b0e9
[2026-05-07T06:54:30.703Z INFO  baals::runtime] Transaction submitted: 
8cb9a31276afc3fd90904d5e2eac589e7dbeae48c6020a75eefb29e2c713ebd2
[2026-05-07T06:54:30.704Z INFO  baals::runtime] Transaction submitted: 
b742471abcc180225441cf888dfd2223286ab47b6cd6056e31a3d077fdf48fcf
[2026-05-07T06:54:30.705Z INFO  baals::runtime] Transaction submitted: 
81a80756798fc1a757114a08e1c66952d984e4f0266cc4cf74a67c1870d3ab70
[2026-05-07T06:54:30.705Z INFO  baals::runtime] Transaction submitted: 
465322619090a7cbc31d22fb0f733aeb8d01ed7cfe04c1d1727d0c7eea3a6c3c
[2026-05-07T06:54:30.707Z INFO  baals::runtime] Transaction submitted: 
0b3c948a433a151065290f607c4ef25bc8771ca642dca55e4759f10a4aaba947
[2026-05-07T06:54:30.709Z INFO  baals::runtime] Transaction submitted: 
60d473a082a1eeeb20b04ac7c7519d4d390a6326d3c079f31daa12d9642e1c7e
[2026-05-07T06:54:30.710Z INFO  baals::runtime] Transaction submitted: 
dfe04b03ef0162bf19b4bd8b39a1684b03289bbeec9dcc643d95e25c8cb5d92a
[2026-05-07T06:54:30.711Z INFO  baals::runtime] Transaction submitted: 
059d3c5101a88b1428119185076414e339b95aaf1dd21eda0164ebe0a025be14
[2026-05-07T06:54:30.714Z INFO  baals::runtime] Transaction submitted: 
f60dcd8fb3dfab701ff55359277f38103392733dfae6b1e349eb879095ada120
[2026-05-07T06:54:30.716Z INFO  baals::runtime] Transaction submitted: 
362225db01ac6eb3a0200e4a7af82654d34004b77844ffa444f2bc9abce22d40
[2026-05-07T06:54:30.717Z INFO  baals::runtime] Transaction submitted: 
0f1fc6ff8c7bd0037eb0decf4bbfa4ac4ac171487ae49f72346151ccefab1b2f
[2026-05-07T06:54:30.718Z INFO  baals::runtime] Transaction submitted: 
850e0b26e720ed7b51320fb40ded0a1b903f57e5d32f51f0eb9c8660ad6e8140
[2026-05-07T06:54:30.719Z INFO  baals::runtime] Transaction submitted: 
5a384975240ae8250f652ef09d8151c02d012a1dd242c7e7f247ce8499d19719
[2026-05-07T06:54:30.719Z INFO  baals::runtime] Transaction submitted: 
319ba5edba36f40e374689004630198dcb8beea664e89e3d66767e4474f59336
[2026-05-07T06:54:30.719Z INFO  baals::runtime] Transaction submitted: 
414735d17b6a9a08262cff5698125b28bab2d740404b45a671d9b63a60db0be8
[2026-05-07T06:54:30.721Z INFO  baals::runtime] Transaction submitted: 
f2bf4fd3247ee9a04e3648c86edf409049ff0b82f9fe1f09ba04c2d0ec1f12b9
[2026-05-07T06:54:30.723Z INFO  baals::runtime] Transaction submitted: 
4eec3cf0dd6f315677ca90ee6d4423b381459bff3d6fdd9199059bf6ebbbeefd
[2026-05-07T06:54:30.727Z INFO  baals::runtime] Transaction submitted: 
2d04c562c5be3e2ba80c7beb852ae7ec3d7f973dac08b53eb6439b1de5c0550a
[2026-05-07T06:54:30.728Z INFO  baals::runtime] Transaction submitted: 
26c8bd875f87946e6e5c273ebc4590aebfe3644bd903f6ad5cb47e388df01388
[2026-05-07T06:54:30.731Z INFO  baals::runtime] Transaction submitted: 
1c5d069cd5a9a0550416f77cf83fc75fbea7982b942c8609b724eb5feeee148a
[2026-05-07T06:54:30.732Z INFO  baals::ledger] [LEDGER] Block application completed successfully
[2026-05-07T06:54:30.732Z INFO  baals::runtime] Block #2 produced (1 txns, 100000 gas)
[2026-05-07T06:54:30.732Z INFO  baals::runtime] Transaction submitted: 
c28426f5d0dd7a8467273187b6954345f0914b17b3c846fa450945bf08eaacc9
[2026-05-07T06:54:30.733Z INFO  baals::ledger] [LEDGER] Block application completed successfully
[2026-05-07T06:54:30.733Z INFO  baals::runtime] Block #2 produced (1 txns, 500000 gas)
[2026-05-07T06:54:30.733Z INFO  baals::runtime] Transaction submitted: 
2cca0d704a88bcd9e6dd4cc0685e7164086bf9d91bc251466e2bbd2dc20cafed
[2026-05-07T06:54:30.734Z INFO  baals::runtime] Transaction submitted: 
e636ed3893a629f1b62bac86b2857ec42564674139b9a46467a7aafc169ebbd6
[2026-05-07T06:54:30.741Z INFO  baals::runtime] Transaction submitted: 
c45760591e364b9ba296301d4d99282d78f54ef262d756513cc5152df6baee49
[2026-05-07T06:54:30.743Z INFO  baals::runtime] Transaction submitted: 
63a19d42f9ce5481bfd22b32a5a54f28a8e0efc6ff1d7624386a88983c4a11cb
[2026-05-07T06:54:30.744Z INFO  baals::runtime] Transaction submitted: 
4adc4c5f8ed2bc386fe43bc926b0f30fc7fa439e0fc33296df5261b003b3c8be
[2026-05-07T06:54:30.744Z INFO  baals::runtime] Transaction submitted: 
96e78918b72ad6240a802b5bc86786f16483b22c03c2d3984cd16357779df59c
[2026-05-07T06:54:30.745Z INFO  baals::runtime] Transaction submitted: 
5328ecb85bc71809fdb0fb1fa576a9f37f17716924e0800fb947950daf4799c8
[2026-05-07T06:54:30.748Z INFO  baals::runtime] Transaction submitted: 
ca86108ae4c888f9f4898f47a4ebd051740c5c944da0419044ca8dd517176585
[2026-05-07T06:54:30.752Z INFO  baals::runtime] Transaction submitted: 
2f39b6abed61a8b79dbc0caa91d26d4965f404c97ad3aeb7cc2477e3a0886a08
[2026-05-07T06:54:30.758Z INFO  baals::runtime] Transaction submitted: 
458a0c0418756f4241c5c1ce68b4a1d999cc60f58a448e649457ec516aa94e36
[2026-05-07T06:54:30.759Z INFO  baals::runtime] Transaction submitted: 
0ab564e7a84b5824b693c1d1b4f02c1a584b3a4c3b96bcbf1129587dbd3b7d7c
[2026-05-07T06:54:30.759Z INFO  baals::runtime] Transaction submitted: 
032aa3836329c8aff39376ddda53d8a7951c330bd43489dbf973fede5d5da920
[2026-05-07T06:54:30.760Z INFO  baals::runtime] Transaction submitted: 
4a3624577cffc556916da09f35e2f64aad177ea78473b9ad8076a834452f955a
[2026-05-07T06:54:30.761Z INFO  baals::runtime] Transaction submitted: 
0817ed655c6bffc91be76b6ad2fc5bfded158be67420c1d9b35428157e677a7f
test test_contract_storage_root_tracks_contract_kv_state ... ok
[2026-05-07T06:54:30.765Z INFO  baals::runtime] Transaction submitted: 
1023c7de997c3a1d15d1c241aa629a8a3edc68277be3671403e8df8782de6d97
[2026-05-07T06:54:30.765Z INFO  baals::runtime] Transaction submitted: 
f06c97dfc5795cf16ab14d710266f5f5c5a20dab4bb1efc26a10a030eb97d8b2
[2026-05-07T06:54:30.766Z INFO  baals::runtime] Transaction submitted: 
c44b6524a44aa1144696608273276912c357176a5c69ddb842b87ec901ca18ee
[2026-05-07T06:54:30.767Z INFO  baals::runtime] Transaction submitted: 
d8330b84fdb190d161f74c0b1bcdd81479eeb48043d18a8255edc45ff888dc11
[2026-05-07T06:54:30.767Z INFO  baals::runtime] Transaction submitted: 
0bba951cbd9f149fba18f30abde6639bc159344e038dd78b1c49295345834590
[2026-05-07T06:54:30.768Z INFO  baals::runtime] Transaction submitted: 
f86119f96d876aa065ff086f27547a0659bddd091d13a4b2c7b3db8ce091936f
[2026-05-07T06:54:30.772Z INFO  baals::runtime] Transaction submitted: 
209de9009fd24e2bbeb1fb75efacb111f27ab9b42ae8ee157b88596c672f8eb1
[2026-05-07T06:54:30.774Z INFO  baals::runtime] Transaction submitted: 
c33ee60377720cc68fe80f4695477d8861a306d6b0a943e49f699bddf87073d4
[2026-05-07T06:54:30.777Z INFO  baals::runtime] Transaction submitted: 
3163082133860054fd777bb0ee3300295b4ecb84d852e6a6b9803d340a438fcd
[2026-05-07T06:54:30.778Z INFO  baals::runtime] Transaction submitted: 
d47f1c0072c93c399b05d297d2acadeffe1bc177050c2b61021e145ca03d3463
[2026-05-07T06:54:30.778Z INFO  baals::runtime] Transaction submitted: 
82807b1c461e4368ba932565d8f20678717340bae2127b0237e74af0d27dd04a
[2026-05-07T06:54:30.778Z INFO  baals::runtime] Transaction submitted: 
6e6ca650b16bc5784bcf773a560ec8fdd8948f17e2541a57e6159669c6a4216e
[2026-05-07T06:54:30.779Z INFO  baals::runtime] Transaction submitted: 
9e1a6db890b5b19266cf687c95d0b787998a0ceeedb9c5901c343fafdc6f8bbf
[2026-05-07T06:54:30.779Z INFO  baals::runtime] Transaction submitted: 
64fd4c40b59069d2883baf0ce97407a61a281b52ace3f02a98c6f344861867a1
[2026-05-07T06:54:30.780Z INFO  baals::runtime] Transaction submitted: 
f91cb8b163996f184c3ac3f36470c7a62acdf513f29da6235fe6f81796baae2d
[2026-05-07T06:54:30.784Z INFO  baals::runtime] Transaction submitted: 
9426598a1583c5d59e74f3880417c3ef124503263e2cd56aabbf2346219a563b
[2026-05-07T06:54:30.787Z INFO  baals::runtime] Transaction submitted: 
73d00226b7b101da3745eeab286085d19b0c10474f84d5f33efa63f233cc8cda
[2026-05-07T06:54:30.788Z INFO  baals::runtime] Transaction submitted: 
e7daaf429194dadf25526033ec67aeff34602fcf22d3e4ad25b5a6f8094c680e
[2026-05-07T06:54:30.789Z INFO  baals::runtime] Transaction submitted: 
0e95f3fcd6d971bec2e8ae0a16f98253aab3aab99be974b160b8cc965376b1c0
[2026-05-07T06:54:30.789Z INFO  baals::runtime] Transaction submitted: 
5aa6ae6167e4c007e5e2e5f6426c61346da7ea3a7f3864c664d9b006b142e39d
[2026-05-07T06:54:30.789Z INFO  baals::runtime] Transaction submitted: 
83afddf1c6cd9ec1978838010bfac633ce7d8360d0512dc20ff0d14322325ba9
[2026-05-07T06:54:30.790Z INFO  baals::runtime] Transaction submitted: 
cab3353428db3167dcf0529e82b2f2636234abc37babf1bd5137785083085c69
[2026-05-07T06:54:30.792Z INFO  baals::runtime] Transaction submitted: 
fc251ec465836e3cf3e4e5eab0188007ada94b3e62d903a60d8c891a059098e2
[2026-05-07T06:54:30.796Z INFO  baals::runtime] Transaction submitted: 
b0d65a0e0bc1b790fb29444b95e9a8b06af5d0c79141c8be1f3040f97fc4fdd5
[2026-05-07T06:54:30.796Z INFO  baals::runtime] Transaction submitted: 
d8e87ca10a3cc6dd9c20ad606adf44d8f46d20f02ae52210b2519fa9873d2057
[2026-05-07T06:54:30.799Z INFO  baals::runtime] Transaction submitted: 
561b5154871b83673736d8612d58c996a210751fdd0c82936e443580f8b28118
[2026-05-07T06:54:30.800Z INFO  baals::runtime] Transaction submitted: 
07003736c9f0414aac78d1cb1b6ddd55428f9c0a6e56afc227cf4ec30faa8a58
[2026-05-07T06:54:30.801Z INFO  baals::runtime] Transaction submitted: 
e537006cb47210b0b91bda4f3e6ebbdac69cf50c3aad2655bf29710ad9b4ef49
[2026-05-07T06:54:30.802Z INFO  baals::runtime] Transaction submitted: 
97df95e66512f9be33ad19453d42115989a024f8a5448cf880b0748ef5e6cbf0
[2026-05-07T06:54:30.803Z INFO  baals::runtime] Transaction submitted: 
ea8b4c755ec147974f98ff06686b5e009d4ba31a0e89421b0c756ec992bb081c
[2026-05-07T06:54:30.805Z INFO  baals::runtime] Transaction submitted: 
7a70ecde8373c8f108288734f49e12092adc7132c66868896d64a329248e6638
[2026-05-07T06:54:30.807Z INFO  baals::runtime] Transaction submitted: 
de9aebaa2d8c687a92b51d70a65e2b6b51337dde14532ddf3eb9cbfb8392851c
[2026-05-07T06:54:30.808Z INFO  baals::runtime] Transaction submitted: 
92553e6ce7922d1a878119e57d68867477fd0345c0e13994eae0c3c52c83f8df
[2026-05-07T06:54:30.808Z INFO  baals::runtime] Transaction submitted: 
8652b4f69a6cab8c20becfb35ab85a4381f3efdb5f49d7d529500995c7b1dd3c
[2026-05-07T06:54:30.809Z INFO  baals::runtime] Transaction submitted: 
0d605984cf5a60bbfcd843134cebaebd540a461818bca5ea49f2396303cee1ef
[2026-05-07T06:54:30.810Z INFO  baals::runtime] Transaction submitted: 
79b8b873f7f8bd2683c42ca996b0f788170cbd8107b3487153f2a6acdad88b53
[2026-05-07T06:54:30.811Z INFO  baals::runtime] Transaction submitted: 
5ae94dff64f7d567dfe8f3410934afc44c34a952d3d85425c9839819962fee3e
[2026-05-07T06:54:30.814Z INFO  baals::runtime] Transaction submitted: 
3463829b65e3de10796593d2a982bdc6db7f5b889dd9dbc59e4cfaa2d10292c2
[2026-05-07T06:54:30.816Z INFO  baals::runtime] Transaction submitted: 
db1e3faf96f58e662c2d78bcdc6ebf01b1b9b49c2b5a2468d69bd3c4383ffaf0
[2026-05-07T06:54:30.817Z INFO  baals::runtime] Transaction submitted: 
dc09e9304dcf164e44be6b2a275d0c19dde52ef1eadb20fcd4563555a14b09ee
[2026-05-07T06:54:30.818Z INFO  baals::runtime] Transaction submitted: 
7170d32d16d7461ab62d3e0cf8c39cf6f968e906eee612d07174984daeecf4bf
[2026-05-07T06:54:30.819Z INFO  baals::runtime] Transaction submitted: 
c908e278c5f219261c574bdc6f2c754ff04fb6d433b5cc135c2761927ec27b80
[2026-05-07T06:54:30.819Z INFO  baals::runtime] Transaction submitted: 
6412bdafbc4509bb8031a4aa857ec9bb916b3026ab280b33519cdc629174f7be
[2026-05-07T06:54:30.821Z INFO  baals::runtime] Transaction submitted: 
3bca1418854128d8e155d05fbbb5ea4ecf8bced3b321594195abe80e070fc44e
[2026-05-07T06:54:30.822Z INFO  baals::runtime] Transaction submitted: 
5dae80df585ab48d4f1239fcf53b4e58670c163aac7caa87f46d047be9521bb3
[2026-05-07T06:54:30.823Z INFO  baals::runtime] Transaction submitted: 
98299a9b797265d0dd9b1d7f9c6f4b555cb7bc6bf742b8e035b907b3c7ad3bef
[2026-05-07T06:54:30.824Z INFO  baals::runtime] Transaction submitted: 
10160bd9677f99837a2b1fe9dec7e372ed2fb89ee645c9970018d725e60d5513
[2026-05-07T06:54:30.829Z INFO  baals::runtime] Transaction submitted: 
7adf904bf7ed6d528b54777e8f76d6ad275fe1d55eaa3fb7ffcf04f27de029ee
[2026-05-07T06:54:30.829Z INFO  baals::runtime] Transaction submitted: 
ffa989efa170f21d1fcc834218a1a75f49594fd363c976f350ee990540a25673
[2026-05-07T06:54:30.830Z INFO  baals::runtime] Transaction submitted: 
45eb498c4102f1bb29ab52c90f93b490e8385688c78ead958b9115fae468e826
[2026-05-07T06:54:30.830Z INFO  baals::consensus] [CONSENSUS] Starting block generation
[2026-05-07T06:54:30.830Z INFO  baals::runtime] Transaction submitted: 
ad2b4f8f5adcf485bceadb95d6006ba5c86749072dc1b3b6495d2f7a6b9320fe
[2026-05-07T06:54:30.832Z INFO  baals::consensus] [CONSENSUS] Previous block: index=1, 
hash=c4abf534d44af62039fdf92ea70c6ff219456d2a53d25c488ded99e9afa2fb22
[2026-05-07T06:54:30.832Z INFO  baals::consensus] [CONSENSUS] Selected 1 transactions (gas=500000, size=677 bytes)
[2026-05-07T06:54:30.832Z INFO  baals::runtime] Transaction submitted: 
cd21dd230811d0358869dc4268e5b135cfd1901a3274df526415be3dd429069a
[2026-05-07T06:54:30.832Z INFO  baals::consensus] [CONSENSUS] Block generation completed: index=2, 
hash=d62e021c2aad63ff4cf4aa82785c42bda979e63446ccd45ff51f3d5c864abb45
[2026-05-07T06:54:30.832Z INFO  baals::ledger] [LEDGER] Starting block validation
[2026-05-07T06:54:30.833Z INFO  baals::runtime] Transaction submitted: 
cce1f2ca275eade8bb7db80f16fa9a4d2232704efb33f898bb7963a11c070573
[2026-05-07T06:54:30.834Z INFO  baals::runtime] Transaction submitted: 
b18b0c6c07f3ee89a1f48502ac9db06f4e8d64e5f929573bed0a93f7fcbe7f73
[2026-05-07T06:54:30.834Z INFO  baals::runtime] Transaction submitted: 
fbb92d0c8b32b283726b641b0ed5254503a151928d59b9e863d1366acad993c2
[2026-05-07T06:54:30.838Z INFO  baals::runtime] Transaction submitted: 
3660d1b2d987ed5ee97c03d198683529784ba64414a5711af9e7d0e8993c9452
[2026-05-07T06:54:30.838Z INFO  baals::runtime] Transaction submitted: 
adc4d0d545451c14b7f8458090d9d5bbf56ee13a0de17507669501d78dc223eb
[2026-05-07T06:54:30.838Z INFO  baals::runtime] Transaction submitted: 
4b642a03b847029d4b1536984b701864294d62aa24d226fcbea42bf86c37d891
[2026-05-07T06:54:30.843Z INFO  baals::runtime] Transaction submitted: 
a2a08b0428fc6d93f86f1e8322171b5322b76e26441550224d732cda280cd9de
[2026-05-07T06:54:30.843Z INFO  baals::ledger] [LEDGER] Block validation completed successfully
[2026-05-07T06:54:30.844Z INFO  baals::ledger] [LEDGER] Starting block application
[2026-05-07T06:54:30.844Z INFO  baals::ledger] [LEDGER] Block: index=2, 
hash=d62e021c2aad63ff4cf4aa82785c42bda979e63446ccd45ff51f3d5c864abb45, transactions=1
[2026-05-07T06:54:30.844Z INFO  baals::runtime] Transaction submitted: 
6c117c79e31941a180c2503e5805ed4930787dfe873b93bd57c411962721e8a0
[2026-05-07T06:54:30.845Z INFO  baals::runtime] Transaction submitted: 
0d35b287a6ab8ca2c220c0c3bcbae434e13c22db60cd2b28e71ea22ce3966af7
[2026-05-07T06:54:30.847Z INFO  baals::runtime] Transaction submitted: 
cb904c923735d0ea242cfe336f32cfaae36732e42ab719d99de85d601052d0a2
[2026-05-07T06:54:30.849Z INFO  baals::runtime] Transaction submitted: 
b104d6d64c7adcc53ff7b99b4e75253833c675e06ab47df3005f6f86b04fa2c1
[2026-05-07T06:54:30.849Z INFO  baals::runtime] Transaction submitted: 
742bb0def547d798d736f4759d92d7d186a581d695a16690327e3a5607ee911f
[2026-05-07T06:54:30.851Z INFO  baals::runtime] Transaction submitted: 
63525b228d5d52707829861ff3bf92452dc2d87734c59189ba5a5a245d2cd56a
[2026-05-07T06:54:30.853Z INFO  baals::runtime] Transaction submitted: 
28615d0a1031d8c80021f3b7f1f7d10cfded9fa8c3d58f5ecf00a05744ee8746
[2026-05-07T06:54:30.853Z INFO  baals::runtime] Transaction submitted: 
81970891bfe80c96067875fe5b931f13732acb6c16b02a4e5d9cae463173df46
[2026-05-07T06:54:30.853Z INFO  baals::runtime] Transaction submitted: 
128faa226f9aac4cf7d0e8d6b5ca3f0c0cb179837366b4fcc0f46dc47ba0f6a3
[2026-05-07T06:54:30.854Z INFO  baals::runtime] Transaction submitted: 
2ef475be6ae8874ce232ffe1a3abdf891babdb4a694448b70aec10eefadef66c
[2026-05-07T06:54:30.855Z INFO  baals::runtime] Transaction submitted: 
dfee7999faf5c9f05779b0e08c3436fb5ef1495b7894fec11e4974404c9294ef
[2026-05-07T06:54:30.856Z INFO  baals::runtime] Transaction submitted: 
f75570a0a89f32717a5a5e9f4a9e0458b59048dba000a19fc5410dc2c10cbc33
[2026-05-07T06:54:30.856Z INFO  baals::runtime] Transaction submitted: 
349498780920365f6ce6899fe10391df6ae53b863a725eb06f725fc27d913445
[2026-05-07T06:54:30.859Z INFO  baals::runtime] Transaction submitted: 
1120f9f188179dd0f61aa1847d3098f7d103a550f968e04714f787092efe4090
[2026-05-07T06:54:30.861Z INFO  baals::runtime] Transaction submitted: 
2f24aa0268fb5158341f8b1be9f24c9cb24cd75c8b9986ea0d9f9ecda2e50a4e
[2026-05-07T06:54:30.861Z INFO  baals::runtime] Transaction submitted: 
af045a45fa81e92af41b5ae4f35157fc0a0222b45a5f3ef730a0ef7d8f8d8c78
[2026-05-07T06:54:30.862Z INFO  baals::runtime] Transaction submitted: 
3138a44f47d59cb3bce181a4e4da3737e4cf5d584ab3f7b49d910cdec3319f93
[2026-05-07T06:54:30.865Z INFO  baals::runtime] Transaction submitted: 
9f000a6454d11c7245682b99d6ed39e353de425584c848dcf1669d645d68136e
[2026-05-07T06:54:30.867Z INFO  baals::runtime] Transaction submitted: 
657562cc26db219a70d293d1c43d92650583a92bcab401541eda6e08fd2f4538
[2026-05-07T06:54:30.868Z INFO  baals::runtime] Transaction submitted: 
11c979e005970c599ecce16a6772839e0ea19ba7e45e619d70310c098532d738
[2026-05-07T06:54:30.868Z INFO  baals::runtime] Transaction submitted: 
aec038ba7a6fb6e3835ba908d4f8be5449c151d0ffcaf50c955bde8c2a94df5c
[2026-05-07T06:54:30.868Z INFO  baals::runtime] Transaction submitted: 
62f35ad1cff2c25ed3b67298a671f8f8477e10c6b0619a8c7c1607007608c1f3
[2026-05-07T06:54:30.868Z INFO  baals::runtime] Transaction submitted: 
55bfc149a73f938d00603c6202655bc011a44e09c7393b6e9912508fd48d35d6
[2026-05-07T06:54:30.870Z INFO  baals::runtime] Transaction submitted: 
42b4c40a8950c7cb3c2752307c199adc0496b20917e93d441df09acf939169ce
[2026-05-07T06:54:30.871Z INFO  baals::runtime] Transaction submitted: 
e76add8f08afaa6b447796776c43471bb7c66b9373c499b0e827719aa8745966
[2026-05-07T06:54:30.872Z INFO  baals::runtime] Transaction submitted: 
1a0c780d6eced100d86f6313d205531a74f2ebd2e5f8f647f6e88f47f74864d2
[2026-05-07T06:54:30.874Z INFO  baals::runtime] Transaction submitted: 
5ce8c0561767954986ffb9cc8590a7c5d2de0bc9d5bbfe3bdcade0ffad68ccf8
[2026-05-07T06:54:30.875Z INFO  baals::runtime] Transaction submitted: 
7a3b7626ab4e7c88838b62894ac3bbb3de5718c95a30094f854d8723ddd170ec
[2026-05-07T06:54:30.877Z INFO  baals::runtime] Transaction submitted: 
2408dec3ab4837713b72a791369216c61bb32517c8ba780aae3da4d7d2487a32
[2026-05-07T06:54:30.879Z INFO  baals::runtime] Transaction submitted: 
9871b4bceaa4699170e7c8da8332d081876ec8064b8345da1193b7bcefa479f3
[2026-05-07T06:54:30.879Z INFO  baals::runtime] Transaction submitted: 
1e609303067f8bc87c1c9e9791f7fab85f5b5d243609491e4a5fc8e96a6615b4
[2026-05-07T06:54:30.879Z INFO  baals::runtime] Transaction submitted: 
89e79d0552665dab1af3b50f3292d0dece5d8722e7651d3457f95ab8dc318022
[2026-05-07T06:54:30.880Z INFO  baals::runtime] Transaction submitted: 
d153b57686a47a74d02441c6e22655a8bab07eee0707d8a5ddba7f7433211801
[2026-05-07T06:54:30.881Z INFO  baals::runtime] Transaction submitted: 
cddb63edd13b911c9cc5443e153ec41d61c5042f1924abb9ff95a248e253c2b8
[2026-05-07T06:54:30.882Z INFO  baals::runtime] Transaction submitted: 
3ad1d1be0c48309790cb9765a1775c92a5f73a6cc7d43d0e98fac21462140f7a
[2026-05-07T06:54:30.883Z INFO  baals::runtime] Transaction submitted: 
fe7de0ab188fe1d80981b89fa55e4b30435438a0a884acef9dd7ac3c3e562359
[2026-05-07T06:54:30.885Z INFO  baals::contracts] [CONTRACTS] 
5d0652ad8b40fb51f5f8139e6482f0724eb7db2725b20095ae65ab6b9ed3e719::test_method executed: gas=2, time=11┬╡s
[2026-05-07T06:54:30.885Z INFO  baals::ledger] [LEDGER] Contract call to 
5d0652ad8b40fb51f5f8139e6482f0724eb7db2725b20095ae65ab6b9ed3e719::test_method returned 8 bytes
[2026-05-07T06:54:30.886Z INFO  baals::runtime] Transaction submitted: 
fa8458111745d1cf168c114f41cd57fb75fb3a7496f7ff4782c9ecfb7192e35c
[2026-05-07T06:54:30.887Z INFO  baals::runtime] Transaction submitted: 
3b7cfa3aa912b20ce7d6b11e38831deee3734564a5ef5ce13e045cdcb798f725
[2026-05-07T06:54:30.889Z INFO  baals::runtime] Transaction submitted: 
e04c74d706320b2d660ff933a8e5857bca1773e89c1640d69cb62fd759d7360f
[2026-05-07T06:54:30.889Z INFO  baals::runtime] Transaction submitted: 
be60a10dc5a0122d8e3baa80b5f066f90478cbd491fd795560fdaf7b2f8d9a6a
[2026-05-07T06:54:30.890Z INFO  baals::runtime] Transaction submitted: 
634426188ebd6e03fd044a5a22491bc3f184d310473604081f5b1fb820f1d5ee
[2026-05-07T06:54:30.891Z INFO  baals::runtime] Transaction submitted: 
1a62af5e2079172650ec88068c2645ad6c38da616527cc6e5981c80a4ed7a5b9
[2026-05-07T06:54:30.891Z INFO  baals::runtime] Transaction submitted: 
6da49b44795041765f048f0f9693764abe94c0738b48c0ac70513a5187d4f7e7
[2026-05-07T06:54:30.894Z INFO  baals::runtime] Transaction submitted: 
098c4c64b61f0d1961a3202647055c38bbd93779cd46034400e984dfd016ca7a
[2026-05-07T06:54:30.894Z INFO  baals::runtime] Transaction submitted: 
83b6ecb15e9d5cf7af57b50d49e4eb2e8dae01ab2d3f50a20c7cc767a9716908
[2026-05-07T06:54:30.898Z INFO  baals::runtime] Transaction submitted: 
30e6f305562f610d995eead0c62ffecfa39d11453550d708286657235c3b594b
[2026-05-07T06:54:30.899Z INFO  baals::runtime] Transaction submitted: 
8086a0598f5746ae19b56cf58ead5c25906712ab41495be5431b7ea1ec837345
[2026-05-07T06:54:30.902Z INFO  baals::runtime] Transaction submitted: 
d02791f706213f1a03a5fe40731915fbe1fec86cdc07ea341a0239217379e199
[2026-05-07T06:54:30.902Z INFO  baals::runtime] Transaction submitted: 
c95ef9482a0b708b3edbaaaf0eb93b9947c2fc50fa665e0c503a371457d5427f
[2026-05-07T06:54:30.902Z INFO  baals::runtime] Transaction submitted: 
57ec6d6a8ef51c8e5ad2f71dc06ff9a2a3cc7d74578b84284266e5a0a0d146df
[2026-05-07T06:54:30.903Z INFO  baals::runtime] Transaction submitted: 
dbfb862f48c0066def8d1a4ee35acc28663822ce5cd30f20c233884b702113e3
[2026-05-07T06:54:30.903Z INFO  baals::runtime] Transaction submitted: 
7cb7a58f747972d23e05cf6936db8630704090f536a7508de8f2c8376f0fbba1
[2026-05-07T06:54:30.903Z INFO  baals::runtime] Transaction submitted: 
c97b7d7592fb79b5853ead759ea6b8c29c740d27ed648321fb67c6a893ee1752
[2026-05-07T06:54:30.905Z INFO  baals::runtime] Transaction submitted: 
95c0634977e1ec3ac3a8e47f326605244d590a84140b233d64af0db625858e0c
[2026-05-07T06:54:30.906Z INFO  baals::runtime] Transaction submitted: 
4b7c637722e41d6602d3d7e31be42d0698aeb7e1a9da2cb1f8d4ae3d878a9f9d
[2026-05-07T06:54:30.910Z INFO  baals::ledger] [LEDGER] Block application completed successfully
[2026-05-07T06:54:30.910Z INFO  baals::runtime] Block #2 produced (1 txns, 500000 gas)
[2026-05-07T06:54:30.910Z INFO  baals::runtime] [RUNTIME] Calling contract 
5d0652ad8b40fb51f5f8139e6482f0724eb7db2725b20095ae65ab6b9ed3e719 method 'test_method' from caller: 
3f77a418599d422755a25293b14ae5e2a397a835acc5cd4c17718ad142d8c2a1
[2026-05-07T06:54:30.912Z INFO  baals::runtime] Transaction submitted: 
10f21a97b3cd88d1cf3a031b6840ac3a2284a6025f83e255b9a9d740b776369a
[2026-05-07T06:54:30.913Z INFO  baals::runtime] Transaction submitted: 
1b9577c045ad44fa8bafe3beb3959474c5452fe820ea4bd5fd84a950b1a29f7e
[2026-05-07T06:54:30.914Z INFO  baals::runtime] Transaction submitted: 
e63ac28549714ee7f0af9f32431ca69c4695bff7d898e392d14786da2faf8562
[2026-05-07T06:54:30.914Z INFO  baals::runtime] Transaction submitted: 
2c4f8123e05e57fb1faaf93281fe2fca6984e03545f028401a0a4cacce918824
[2026-05-07T06:54:30.914Z INFO  baals::runtime] Transaction submitted: 
5bf6c38fdab4c9f09b4eb59fcd143f9c7a94de8ccf2398e39fe2f4c2b13302c9
[2026-05-07T06:54:30.915Z INFO  baals::runtime] Transaction submitted: 
072b8a1c665953df2567e9ec06180070059356edb60ed851ef060c69af111b8b
[2026-05-07T06:54:30.918Z INFO  baals::runtime] Transaction submitted: 
16bc62fb18c0238598026bf8d1b3d9d4c802306b58d9f47d1a03f57e0d7038d5
[2026-05-07T06:54:30.919Z INFO  baals::runtime] Transaction submitted: 
91a675c772c25cdd3f16152162c7426cbcb6b7dac668f76f4b8fca405b2eab89
[2026-05-07T06:54:30.919Z INFO  baals::runtime] Transaction submitted: 
2dc6f233f3e81074600b7fc7457504f4b5981bc29929cfdb177f5785ea812d34
[2026-05-07T06:54:30.920Z INFO  baals::runtime] Transaction submitted: 
637c4389f4a0138d9a15e3400a56dbbce2294fb785bf416fab3630b57fd09679
[2026-05-07T06:54:30.922Z INFO  baals::runtime] Transaction submitted: 
bbbb35e7f9487d578903b9e84f348444881652afd16b29cb8f415acbe399caae
[2026-05-07T06:54:30.924Z INFO  baals::runtime] Transaction submitted: 
e59b9be0447fecbb2790322ea3ea08233da54dff028584c00350b617fe077121
[2026-05-07T06:54:30.933Z INFO  baals::contracts] [CONTRACTS] 
5d0652ad8b40fb51f5f8139e6482f0724eb7db2725b20095ae65ab6b9ed3e719::test_method executed: gas=2, time=11.7┬╡s
[2026-05-07T06:54:30.933Z INFO  baals::runtime] Transaction submitted: 
ac3946fbaffafbb8b13d7863d79fe2b92e5c0822dee1dfc2e3b3a950f52b6645
[2026-05-07T06:54:30.933Z INFO  baals::runtime] Transaction submitted: 
45a6b4c21574887914f973fd35ed9f8dc6943e72547e44f49d2b05643b304b3e
[2026-05-07T06:54:30.933Z INFO  baals::runtime] [RUNTIME] Contract call completed successfully
[2026-05-07T06:54:30.934Z INFO  baals::runtime] Transaction submitted: 
9c7f4538d474c6afdf3746ec0af7138da28ad7cbc296430a6a987d0510dee16b
[2026-05-07T06:54:30.934Z INFO  baals::runtime] Transaction submitted: 
f4181ac825eadf50b4aa1030402c94d5d635f71ffdbd49381c23c329729c8cc9
[2026-05-07T06:54:30.934Z INFO  baals::runtime] Transaction submitted: 
9b452688fe5c8200e4189fd54374d4ba34c8bdb448fe65669bf8f62304eca8a4
[2026-05-07T06:54:30.934Z INFO  baals::runtime] Transaction submitted: 
1a796829fe90c107ceaae4c1b9b3f90a3d244c65f324fffb133faaa3e8c0e170
[2026-05-07T06:54:30.934Z INFO  baals::runtime] Transaction submitted: 
c0d957521d8214d16fe26e9b210445c967369d235db1888c5feca8201a4d694e
[2026-05-07T06:54:30.935Z INFO  baals::runtime] Transaction submitted: 
cb48276d4f85e0d4aa874c838d1728299dddae98d6f1d6748d4fe2a119470e1e
[2026-05-07T06:54:30.935Z INFO  baals::runtime] Transaction submitted: 
e82be1cb502bd01981ddcc1365dc1c11907a93eb865336dd1cf460af673a5fc8
[2026-05-07T06:54:30.936Z INFO  baals::runtime] Transaction submitted: 
452a9584ccd1fc93bda8cdd4126ec60d74500e1d85f32672a7e752e43b976a13
[2026-05-07T06:54:30.945Z INFO  baals::runtime] Transaction submitted: 
095d02a4e2f64723ef67d15a2bb40dbaf9f65320b82ed18f77ba468d34b22d45
[2026-05-07T06:54:30.945Z INFO  baals::runtime] Transaction submitted: 
f2c1f07e288cccf689d6583def7071049526e614c12e17b13ca36571a6bbca95
[2026-05-07T06:54:30.945Z INFO  baals::runtime] Transaction submitted: 
3977bb7af0f0681e2c58ae7c56f27aa2d6ba696ed7b3f36291719ae6004cdf30
[2026-05-07T06:54:30.946Z INFO  baals::runtime] Transaction submitted: 
5621c98cbc95a3a1fb8bde8eafc784518355a4b9938d6876ba1a44224961b870
[2026-05-07T06:54:30.946Z INFO  baals::runtime] Transaction submitted: 
1301ce4f8a8763fdd9164f6d384dee7b49655f32aa71f3454887b2a353ed430d
[2026-05-07T06:54:30.946Z INFO  baals::runtime] Transaction submitted: 
e4f024688e6ddcbebb0fbb08cf00f6d39420c4d880a9060b9be382fc922c1910
[2026-05-07T06:54:30.947Z INFO  baals::runtime] Transaction submitted: 
9d1ad673b31029e6958f510fba56139162804b324cde0119a6b604ae13f47f98
[2026-05-07T06:54:30.948Z INFO  baals::runtime] Transaction submitted: 
43f16c8288d7ac9b660d414b66712acc60b81769e3178a233e814ebbfd870ced
[2026-05-07T06:54:30.949Z INFO  baals::runtime] Transaction submitted: 
5269be46469038f7634f9931c337d03a2af6f2fc3729706f562cbee66710bd65
[2026-05-07T06:54:30.950Z INFO  baals::runtime] Transaction submitted: 
fb9941266a45f0ebe91ca8e35bf73c54909ab99950df8378a3b80209d3b9cdd7
[2026-05-07T06:54:30.952Z INFO  baals::runtime] Transaction submitted: 
87efcaf45435dca534849674f6fca4cff36df9ad782e6adb08d3a1f10dc288af
[2026-05-07T06:54:30.956Z INFO  baals::runtime] Transaction submitted: 
1ddd92d189b0e9d8401abf391f63681d9cf69c2b3c309f3d97a07aa89c4d20aa
[2026-05-07T06:54:30.957Z INFO  baals::runtime] Transaction submitted: 
9f37d2a4618993c2484f49c21fe36320914b6e794896f71c5e9217c2b704373c
[2026-05-07T06:54:30.957Z INFO  baals::runtime] Transaction submitted: 
3000c4e8cb4c9c77b36b4a3323f6135f817e246c7c374ae4d9875abb62f26f6f
[2026-05-07T06:54:30.957Z INFO  baals::runtime] Transaction submitted: 
ab02738e278e7d86ce9846e5c061397d27c5077b1c1c1b237f6fa887f41f0841
[2026-05-07T06:54:30.958Z INFO  baals::runtime] Transaction submitted: 
f8ef079f54c25d51b4ec17e97e48229fbeb8513a842a00752b8582d1d1e845a7
[2026-05-07T06:54:30.958Z INFO  baals::runtime] Transaction submitted: 
2d892f28adf887f9521d41610efaa440331dc81bf53ee2abb46fe22d5a6c8070
[2026-05-07T06:54:30.959Z INFO  baals::runtime] Transaction submitted: 
70ac41b74e95b35cde5b0669d29beb4f0cc0b4d777d50a5cc80292d8f2b89b4b
[2026-05-07T06:54:30.959Z INFO  baals::runtime] Transaction submitted: 
bb1933ec33c98327c3a1be84a898f352b2fac60400bc8c66391e3b39790ebf74
[2026-05-07T06:54:30.963Z INFO  baals::runtime] Transaction submitted: 
fbbcf235409fb0d7b450b7b75b048f63e785e3c20a441e07a4784fc09d27828c
[2026-05-07T06:54:30.965Z INFO  baals::runtime] Transaction submitted: 
bed1ca91f4e5ce84f81c128635730732ec1f205c9932f9db4743e2d85dc6ee8c
[2026-05-07T06:54:30.966Z INFO  baals::runtime] Transaction submitted: 
b49b914e46aa960b587549f591a786f11b2f612d37d6bf83fa96814ceb1db0b9
[2026-05-07T06:54:30.967Z INFO  baals::runtime] Transaction submitted: 
17bdd919d64f79acdbe02b2c1c9bb549b2dd01a0a17f73e2a66e2c52b339bd67
[2026-05-07T06:54:30.967Z INFO  baals::runtime] Transaction submitted: 
e9fff7694db1e42fd263341a2221e5b5826609a4da3a713f5450a1b95572a8ad
[2026-05-07T06:54:30.968Z INFO  baals::runtime] Transaction submitted: 
42dbf57e99834c8e5125b021d24beefb0d38cf9cbb5954265794a7cab68fe7eb
[2026-05-07T06:54:30.969Z INFO  baals::runtime] Transaction submitted: 
e58cd9efb347b990a2d25f8af358d17df99cc0a789a7e972ee50e4ea5af987b0
[2026-05-07T06:54:30.970Z INFO  baals::runtime] Transaction submitted: 
b8b69a6dac30d2de16a68083b170395fa3affc7d2a5c7e6f59cfa085e3de05e4
[2026-05-07T06:54:30.970Z INFO  baals::runtime] Transaction submitted: 
8e8a6bc400bb9772c9a032004018359fb628f575d35fed8cd83d7dca09958077
[2026-05-07T06:54:30.970Z INFO  baals::runtime] Transaction submitted: 
d53b43222beb13ea0e9d504b2154c53dacf12ce7a7ae05239e95bf1d2b5eb4da
[2026-05-07T06:54:30.972Z INFO  baals::runtime] Transaction submitted: 
616a2e59bfadf739b6d87448134a8e1b94eae3c0d9f85c95102595a1f92105f6
[2026-05-07T06:54:30.976Z INFO  baals::runtime] Transaction submitted: 
58d07079541c8d83b231ec9f0a7f87018dd84a81680b675690ac103bea5fd0f9
[2026-05-07T06:54:30.979Z INFO  baals::runtime] Transaction submitted: 
3b16d0102b2998e12ca71746c22fdf1bd7e3a465777adfab404caf43bb120c07
[2026-05-07T06:54:30.980Z INFO  baals::runtime] Transaction submitted: 
290b0009645477cdbeb3934b8ffbe942bfbdf5b26a53eae3fbc29d8e041650cf
[2026-05-07T06:54:30.981Z INFO  baals::runtime] Transaction submitted: 
a18523915c85f875c0619167eabeb71cb8a90161b3fc346829244c7827acefed
[2026-05-07T06:54:30.982Z INFO  baals::runtime] Transaction submitted: 
d65576425179f80fd72051b3b68a02d83d5cb265977dc9bfa75e3fbaf7e100b9
[2026-05-07T06:54:30.982Z INFO  baals::runtime] Transaction submitted: 
5378ebe5474865dcc64fd2ac3c1eae3b377ff6bcc09294d8b95fd32c4c40f718
[2026-05-07T06:54:30.982Z INFO  baals::runtime] Transaction submitted: 
2fe3f5b913eeb5463ef51110f099430ddf636fa6ba02e42d4310ac99761430cf
[2026-05-07T06:54:30.982Z INFO  baals::runtime] Transaction submitted: 
3b834f0377378c863d2d84573f85e4c0f652d890d188361fea8cc45aa18b7d29
[2026-05-07T06:54:30.985Z INFO  baals::runtime] Transaction submitted: 
85bd9041cae98249c15214e94ace1d6952a317d1319a678f3aa9ed4a5f9bd06a
[2026-05-07T06:54:30.985Z INFO  baals::runtime] Transaction submitted: 
7826783a098c4015611f8e957284d38a18ecec326bdb2608f6bf0faceb9e80e4
[2026-05-07T06:54:30.989Z INFO  baals::runtime] Transaction submitted: 
408a0ef050feec8904558a4bb9938f870748c6878e83398d86f9ad32a0ca0480
[2026-05-07T06:54:30.990Z INFO  baals::runtime] Transaction submitted: 
3b2e48c163e2fddd8d2127ead8251bec5040a49b4e1ae0574436ef4c09e83951
[2026-05-07T06:54:30.992Z INFO  baals::runtime] Transaction submitted: 
d80b67da9bcf65cfd44ca67ff7ca90ec6499688c1c1bebb621b111b538f8e176
[2026-05-07T06:54:30.993Z INFO  baals::runtime] Transaction submitted: 
1c45db3e0ff648da62393cb702f196b5fe9860ad23584cc26033a1ea26431665
[2026-05-07T06:54:30.993Z INFO  baals::runtime] Transaction submitted: 
875b80dce3ebfc997b2b9d48f66f80a9a5e663824e0916f963996a4dbc4ca231
[2026-05-07T06:54:30.993Z INFO  baals::runtime] Transaction submitted: 
61f0f9254136500883259a0bf4bc8f8f2cc7b342b0d4e5192cd76e959b3bf354
[2026-05-07T06:54:30.994Z INFO  baals::runtime] Transaction submitted: 
4ada7373359847291c2a87d77e56450266556bec46a5ea39898d80f902bd4c2c
[2026-05-07T06:54:30.994Z INFO  baals::runtime] Transaction submitted: 
6dd11c16459cc7044e38abbc809f13c300d50590bb1e2badcfd5ba68b6d1559b
[2026-05-07T06:54:30.998Z INFO  baals::runtime] Transaction submitted: 
fe7e0de5491db0c9f9897a0b051591fcd728b4a07c61cb8abbc4774caa27c2fd
[2026-05-07T06:54:30.999Z INFO  baals::runtime] Transaction submitted: 
c6615481c6dd5e9e3e45aac5e23857e321d511cfa0bdc82cb4f34b6c6191a447
[2026-05-07T06:54:31.001Z INFO  baals::runtime] Transaction submitted: 
59f588b43740b1eb767c00cfb7683bfc719fec07df1eb9a724cea158d0e381db
[2026-05-07T06:54:31.002Z INFO  baals::runtime] Transaction submitted: 
507326ac8f17d3097e828d010e499f2709cde10cd8cc941400ead30247b25acf
[2026-05-07T06:54:31.004Z INFO  baals::runtime] Transaction submitted: 
953e35f630c559afa0478b64e0e7900bae01f989239a1ab2cdb685d0fb5519f3
[2026-05-07T06:54:31.004Z INFO  baals::runtime] Transaction submitted: 
58f0e60d82f1e542523223fcdadc16bbc3b6b8c52ed29e01f495a92d8518330f
[2026-05-07T06:54:31.004Z INFO  baals::runtime] Transaction submitted: 
9675a59956905cffc378a7e63e0a60e4a7d338d01856aca4a4a3f162b9c721ef
[2026-05-07T06:54:31.005Z INFO  baals::runtime] Transaction submitted: 
bba671882aa76edadafcf52b5ca15b9bcc95a35b4eed1b627729bfc5f170eddc
[2026-05-07T06:54:31.005Z INFO  baals::runtime] Transaction submitted: 
ec56b9be5e7da9627533d15337eabcbdb2ae72e959a2d7020f0cd340dd952685
[2026-05-07T06:54:31.006Z INFO  baals::runtime] Transaction submitted: 
5e2aa690237d0e845cb6d5a9bb516b023913451e90bf37b04e3a6ebb66360c18
[2026-05-07T06:54:31.011Z INFO  baals::runtime] Transaction submitted: 
e8e6cc65d918d5a24bc7eae368fb3cd4c568bb99905075aeb8ba11c22ba946b0
[2026-05-07T06:54:31.012Z INFO  baals::runtime] Transaction submitted: 
20f6fb6ee4fa0d4c42808951bbb154f293c81d9651dbd33c5595d59380f398e4
[2026-05-07T06:54:31.013Z INFO  baals::runtime] Transaction submitted: 
7533fe1d9885e400a70f12d244bd50f4e8867b8df7c98777443386a05aaf9c01
[2026-05-07T06:54:31.014Z INFO  baals::runtime] Transaction submitted: 
c0e87c3ecedbe45559bc3e194b8926f3fa36967435f39e58282492148e863afe
[2026-05-07T06:54:31.016Z INFO  baals::runtime] Transaction submitted: 
5c787d2c1e858cd107db2511855ad86bdf37f579a099e72618b5bd299d8fd4aa
[2026-05-07T06:54:31.016Z INFO  baals::runtime] Transaction submitted: 
ddfd12b77d0f9abf9f9e59d4c9af68adb4bd97028faa2751d62435ddf1209145
[2026-05-07T06:54:31.017Z INFO  baals::runtime] Transaction submitted: 
72b1fcc7e59e34a97877ee9e94994195265c2fab1ac827962f9df8012c5a6ff1
[2026-05-07T06:54:31.017Z INFO  baals::runtime] Transaction submitted: 
92fd760af861ec3b10decc972e546413feeaafa6050845f87329b2909e0961a5
[2026-05-07T06:54:31.018Z INFO  baals::runtime] Transaction submitted: 
997425f16df136b8dc4ee56e304aafe1992d2c11f601daf29895cb6cb8bf6b76
[2026-05-07T06:54:31.018Z INFO  baals::runtime] Transaction submitted: 
105833186b075a2611be838913c36abec8d0efe94584a771f38ed877f2248572
[2026-05-07T06:54:31.021Z INFO  baals::runtime] Transaction submitted: 
84b854d55c668a670f69329e1bed4916ff7f115cb709e7fc39f02403e5a0e63e
[2026-05-07T06:54:31.023Z INFO  baals::runtime] Transaction submitted: 
27a255fd5a1fd455b1b6dbfd2906de83c8234289071585c3eba25ad9d963095a
[2026-05-07T06:54:31.025Z INFO  baals::runtime] Transaction submitted: 
08210ee32334ad8c152e4262edf271a25c82fbf268aeb77cab5c3df7a751e9fb
[2026-05-07T06:54:31.027Z INFO  baals::runtime] Transaction submitted: 
dace80647440ef3193ce737f45b9c7c89dd6808e43a2e7ac87499b3ea073106d
[2026-05-07T06:54:31.027Z INFO  baals::runtime] Transaction submitted: 
df95dd7c29446c6783cd6ff96ccb4f5e9f0e55ceb2c2bf12e7205ae376470a7f
[2026-05-07T06:54:31.028Z INFO  baals::runtime] Transaction submitted: 
a50fcb0ae5cdcf48b41c2cfdb73053f4d372d026e5f4cf628bce514812941e45
[2026-05-07T06:54:31.029Z INFO  baals::runtime] Transaction submitted: 
b462432bb2c0c120f2570257ccc251e02b72a58a1e1f3067bd43e91ecb68abf2
[2026-05-07T06:54:31.030Z INFO  baals::runtime] Transaction submitted: 
01ef788febc888bc82edd9f1d7e6b8736aa0eda4304c69ca22b6ddbee7429f08
[2026-05-07T06:54:31.030Z INFO  baals::runtime] Transaction submitted: 
3fe44a698911dbd68c8031c1e9e73a05160a1e7c40d7a26fe5152740707430b3
[2026-05-07T06:54:31.030Z INFO  baals::runtime] Transaction submitted: 
6e3830390a0603517a7bb28e1387a655bddc361be5838cdc2c3c61751c01fdae
[2026-05-07T06:54:31.034Z INFO  baals::runtime] Transaction submitted: 
d65fc56bf240aff2e0da72c672dc8cc326cef19d994223b4f40ff74fafe1bda3
[2026-05-07T06:54:31.034Z INFO  baals::runtime] Transaction submitted: 
d6cd704787a8ed718e1e8644213ee7e0baaf66fd548411343aa6587c3e6a347b
[2026-05-07T06:54:31.034Z INFO  baals::runtime] Transaction submitted: 
e13f0996d886dee294fe4032cbf49ad10faa5ca1f2ea723e6f3d2d9feb10e9ea
[2026-05-07T06:54:31.036Z INFO  baals::runtime] Transaction submitted: 
fb9831f04969c0c27a1cc877dd8df5958ba98335f9bcd3e252ea16f8a53441f8
[2026-05-07T06:54:31.040Z INFO  baals::runtime] Transaction submitted: 
be5c4e42c02519cc1247296ed5cb3637d8ef4737549f11cdbd8f8890c693fcd3
[2026-05-07T06:54:31.041Z INFO  baals::runtime] Transaction submitted: 
6df73dffc8a1cf0f24319ffe62def771d6f2ebcbb530f845e1854fe062f4a83d
[2026-05-07T06:54:31.042Z INFO  baals::runtime] Transaction submitted: 
f7f32cac2d2c294ac79deb3de2767c45fb7b9d20ac0c14929facd5b92c839c1e
[2026-05-07T06:54:31.042Z INFO  baals::runtime] Transaction submitted: 
bafbcaefc53cbd4cdcf4d35b8748a05088cd4a19f476667bfbce116ff4e2794a
[2026-05-07T06:54:31.042Z INFO  baals::runtime] Transaction submitted: 
0578aab655daf6452238c1a500765f67533acb70316d1f7e5357dadc51223928
[2026-05-07T06:54:31.042Z INFO  baals::runtime] Transaction submitted: 
8e8e75cca7215f9a63290f1fd62d59002b92fbc10cfb1c1565b6cb8317498dd6
[2026-05-07T06:54:31.046Z INFO  baals::runtime] Transaction submitted: 
398b78bc59c6e9993025a3845b2dec17ac2be1009d4fb51229e2096307a6911d
[2026-05-07T06:54:31.046Z INFO  baals::runtime] Transaction submitted: 
183cbd7d580942ed2600ba8dd683431444de1ce26936bd710f65837d1414e55e
[2026-05-07T06:54:31.050Z INFO  baals::runtime] Transaction submitted: 
639cd2b9998d325468ce3c958070a03e18f4ca46a4262f0fcf10cd4d7efa54fa
[2026-05-07T06:54:31.050Z INFO  baals::runtime] Transaction submitted: 
4d4634c79347942f4e9e64cfc20f1a5d4111eb72a34f4fffebd6a91a32bc2310
[2026-05-07T06:54:31.052Z INFO  baals::runtime] Transaction submitted: 
ab8288dbb08f6f37b4617e84ffe321bbb724e172dfb85b008fb0ec9cdda9eb4c
[2026-05-07T06:54:31.052Z INFO  baals::runtime] Transaction submitted: 
ac05d6eadf3ac0b87de1122ee59b62c2542ff7840ae18cb3fdae085e7784501c
[2026-05-07T06:54:31.053Z INFO  baals::runtime] Transaction submitted: 
e24d3d37ce034c6a186b14e738f994c22f9a697a3d1b20f72fff5fb64afa738d
[2026-05-07T06:54:31.054Z INFO  baals::runtime] Transaction submitted: 
c9c41a3a78f567f828ce1d7ebe66d35e48d23378a56d96e74e8c0549c9247290
[2026-05-07T06:54:31.055Z INFO  baals::runtime] Transaction submitted: 
27abbc463375fc4a9bc6e60b9d4a9e0194004c9c3d0e8ccbbf69b30ba123eda2
[2026-05-07T06:54:31.055Z INFO  baals::runtime] Transaction submitted: 
e3edff142391b402fa13a0a9f7735f6dea1dbd2aa5f1e10bf28c3afd56e452a3
[2026-05-07T06:54:31.056Z INFO  baals::runtime] Transaction submitted: 
377e7652f0a71d89e2d8d29a67ec7a2069f815efb96757c7df8f6a6e2dfd30c8
[2026-05-07T06:54:31.057Z INFO  baals::runtime] Transaction submitted: 
dc8c0bc84c307e00bfa92a3ac7bfbfc7a3e224b75be666946824f83ea51b240c
[2026-05-07T06:54:31.058Z INFO  baals::runtime] Transaction submitted: 
c15539ddc3786dbe822209d9d8be4d54419641611c6350fcccbbfebccd958eec
[2026-05-07T06:54:31.063Z INFO  baals::runtime] Transaction submitted: 
fe728000815ec70f977f1a0396d734e572dd18cd3ae2b84ad0c2bcb35d30d5ad
[2026-05-07T06:54:31.065Z INFO  baals::runtime] Transaction submitted: 
7441b66ab2173e3bd4ce9075133bb5112c2823e17bc5836b7e07620fa09ebbdc
[2026-05-07T06:54:31.066Z INFO  baals::runtime] Transaction submitted: 
68d68a4ce014e6073b4824d9f37d28d7ed4c9f55b1bf45f4a36eeb0a78541c60
[2026-05-07T06:54:31.066Z INFO  baals::runtime] Transaction submitted: 
91a18ff300b884cc6f7eaca032e9e3c4f19454c6ac427437af097c4b3ca3ac43
[2026-05-07T06:54:31.066Z INFO  baals::runtime] Transaction submitted: 
550390817d51cedd14d350afe4ed546196393567b28e90eba54fb8add0aed66e
[2026-05-07T06:54:31.067Z INFO  baals::runtime] Transaction submitted: 
edabea896779b6f6124125cbc9abcc538da1f834a3fc9b5d98f79af69ce76f04
[2026-05-07T06:54:31.068Z INFO  baals::runtime] Transaction submitted: 
b369abf254bebd3cb85c48318ea227dad598a5f84190143e8a4ef076b534bca3
[2026-05-07T06:54:31.070Z INFO  baals::runtime] Transaction submitted: 
09b9467cd7bf995686e0d4a9412cee950a2b1832037d211f7ec56cdddd2d80b5
[2026-05-07T06:54:31.070Z INFO  baals::runtime] Transaction submitted: 
87dff418b9a47646d1553ba8a6d72462ad218c8017b1211c556e2d2bd63ca813
[2026-05-07T06:54:31.070Z INFO  baals::runtime] Transaction submitted: 
b354d3aebc66ff3707b20e46f828d6a6b481863e72c3a5288ea2c9ed0e001691
[2026-05-07T06:54:31.071Z INFO  baals::runtime] Transaction submitted: 
5ff6a79690af82448a6125f7a0d325d36b10341e54785157e536ae6b1ee588d3
[2026-05-07T06:54:31.077Z INFO  baals::runtime] Transaction submitted: 
4943d571f340fe036a12f4c4da2309e77ed716f3365fb5d918099aa484f55872
[2026-05-07T06:54:31.078Z INFO  baals::runtime] Transaction submitted: 
4ff7cd62eb579015be3b8569200247f79bba3092b5c5147b836594558ac78243
[2026-05-07T06:54:31.079Z INFO  baals::runtime] Transaction submitted: 
c9f998e6beef12c17c2138fd0253311c63356b7b632e959a0121086c2fa2fdde
[2026-05-07T06:54:31.079Z INFO  baals::runtime] Transaction submitted: 
f2ea04d7c15c43b1f4ea86cd7a8634b8a9f9a1909b10d781d1bb61b00b0bf97d
[2026-05-07T06:54:31.079Z INFO  baals::runtime] Transaction submitted: 
91ecee9b1f3c088bb41a344f03610cd7d58f446592624fc9822820b7db890daf
[2026-05-07T06:54:31.080Z INFO  baals::runtime] Transaction submitted: 
375ea6235c34ba524c508ab2bc5c0ae10b4ce9239da622967718586a2235af14
[2026-05-07T06:54:31.081Z INFO  baals::runtime] Transaction submitted: 
568c731dd7a96eaec7f3d4126a370011be9e3a9559558461137648123f31b8fc
[2026-05-07T06:54:31.082Z INFO  baals::runtime] Transaction submitted: 
a0b214610d03c0ab62d514327df0ad78b139d7c0e9426e6fec0c1103f2d42021
[2026-05-07T06:54:31.082Z INFO  baals::runtime] Transaction submitted: 
a6233ae986ec9887dbf445beddad392dc6154a3e10c58f589e90a50b28613c3a
[2026-05-07T06:54:31.082Z INFO  baals::runtime] Transaction submitted: 
091a2035640cba3cc9ea7733271a43bad836fced74b36c989ab004100d5277da
[2026-05-07T06:54:31.089Z INFO  baals::runtime] Transaction submitted: 
7182ab0d8517b2becc9b7be1d03e150a4b725ce55548b4a2713295649a51c063
[2026-05-07T06:54:31.090Z INFO  baals::runtime] Transaction submitted: 
e0ed8314f5e153207c32fd846c0b2d7a75aa8b6326423eb2113dea58b89646c1
[2026-05-07T06:54:31.090Z INFO  baals::runtime] Transaction submitted: 
b79f105c5a5f5d126f0204619d82fa6a80fc61c1f0ea70c5ed3743de427cb7f2
[2026-05-07T06:54:31.092Z INFO  baals::runtime] Transaction submitted: 
22c2b437e57815a5edd347f05c12f2c2e5108c1a6e2fcb2915b3314b09b3391c
[2026-05-07T06:54:31.092Z INFO  baals::runtime] Transaction submitted: 
764ec950c828e76a02f4408acc22385f17d95cf5fd0525cd1fa86bab3402416a
[2026-05-07T06:54:31.092Z INFO  baals::runtime] Transaction submitted: 
0d122a4a0eb41ae5ca859069df315c6037c192a1a1b40257dbe546681c6498d6
[2026-05-07T06:54:31.092Z INFO  baals::runtime] Transaction submitted: 
c2860907861669709b429eece3a5f344c9c024c9b1401596b2097596326f9ffa
[2026-05-07T06:54:31.094Z INFO  baals::runtime] Transaction submitted: 
aabadeaa5da3f2568b722b99304ad75f318d412a4d6217313737be79cbb49b20
[2026-05-07T06:54:31.094Z INFO  baals::runtime] Transaction submitted: 
f1afbce1a470a3a03ec1cbcd5ca9a7a78915b5566f30efdbfc05cd3b0ba62200
[2026-05-07T06:54:31.096Z INFO  baals::runtime] Transaction submitted: 
717fa1cd0b6509f54faf5ad9d2a0d747883c4e4068318c8c397c80880579c525
[2026-05-07T06:54:31.099Z INFO  baals::runtime] Transaction submitted: 
94042e6dd4009699160136bcc4b325882434394444086e10c1eca0f4421d5616
[2026-05-07T06:54:31.102Z INFO  baals::runtime] Transaction submitted: 
98962853782a16028a2912c9db911d047778368f67fe59af37bedc04689757ad
[2026-05-07T06:54:31.103Z INFO  baals::runtime] Transaction submitted: 
df4e1d12369eeef8b74f6a5206672dad6144e0ddbe50584523beb12981bbda74
[2026-05-07T06:54:31.103Z INFO  baals::runtime] Transaction submitted: 
d5cc32ca5be7a99c8586cc285a506d4c9d5e8fd43feaaf33851a53dbdc9c503e
[2026-05-07T06:54:31.104Z INFO  baals::runtime] Transaction submitted: 
dbf3a6728d9d576edfdc4cb63aec36995aced01a2d77911ac8f35e1805f768eb
[2026-05-07T06:54:31.104Z INFO  baals::runtime] Transaction submitted: 
67993b3a044c3d9ae8b82558c7de07db84909a11c2b4116aa3b858c78969262a
[2026-05-07T06:54:31.105Z INFO  baals::runtime] Transaction submitted: 
609ac9df0205ee5048e11db37d7d47dd3a0907a7d08076ebe6a04c4ab65d8201
[2026-05-07T06:54:31.105Z INFO  baals::runtime] Transaction submitted: 
fce9de9584031bc605f494a585f746578600bfb88c122481373c20ae359d83cd
[2026-05-07T06:54:31.108Z INFO  baals::runtime] Transaction submitted: 
e32cae2e6d4044aad78fda206fb71db9f8b6efc3e052e513e63e705ebb297948
[2026-05-07T06:54:31.108Z INFO  baals::runtime] Transaction submitted: 
8f1ace0442fbf4456ae51a34d2f07572a1b21e5982dc3e182e659df83aea6dbf
[2026-05-07T06:54:31.111Z INFO  baals::runtime] Transaction submitted: 
c76cd6d5b45a36af2f9378fab969432274ea6bc715fa60a1646f2f59e31b5fd2
[2026-05-07T06:54:31.116Z INFO  baals::runtime] Transaction submitted: 
65f81afdeea537bb0a86af7189aa523d1531bc04557165c9353c303e1a44288d
[2026-05-07T06:54:31.116Z INFO  baals::runtime] Transaction submitted: 
1948d087b312d74f60613451f7b4710557060f5044ee6e666f43bcaca5276918
[2026-05-07T06:54:31.117Z INFO  baals::runtime] Transaction submitted: 
0f030e833a97dc996ea87db0d71bb472d5d80e8afe680b47a86b69b97c6d22d2
[2026-05-07T06:54:31.117Z INFO  baals::runtime] Transaction submitted: 
4413fa285217bbc5946b7743523d015a3e7dd04ad228be2aa09581c7f8a04b69
[2026-05-07T06:54:31.117Z INFO  baals::runtime] Transaction submitted: 
0b9348f09610ded5e0539dc5d260fc0d1f264b5bce7f9fa3a5822f2bb585e5c8
[2026-05-07T06:54:31.117Z INFO  baals::runtime] Transaction submitted: 
37d43cb06de02c8e63e92f24e896f451468c123cfa14f8ee20052388bd8c53e3
[2026-05-07T06:54:31.118Z INFO  baals::runtime] Transaction submitted: 
88759d5f20f00c15df839d84ae4029d9d4a7916b6a1da2a3648539c4b82b478f
[2026-05-07T06:54:31.120Z INFO  baals::runtime] Transaction submitted: 
56813d0059790006a996e76316e2e4064e335caf1c937989219622a0b033ed85
[2026-05-07T06:54:31.120Z INFO  baals::runtime] Transaction submitted: 
9e7efd4db70db205cc47b881f7dd3b2d5823cf519d339ef6a96d147d958931bb
[2026-05-07T06:54:31.121Z INFO  baals::runtime] Transaction submitted: 
83ceebabcccdfc13df7a772e4d55153c8ffd70930a555fa94f04d6f2cee170c4
[2026-05-07T06:54:31.122Z INFO  baals::runtime] Transaction submitted: 
56cdb9c61b122277326f07f9fb028a904b01a5acc50575a0ab0750947fdb0136
[2026-05-07T06:54:31.127Z INFO  baals::runtime] Transaction submitted: 
e5d5eeb8052c42ffef6bcd0536b6725344b4a5eff703984b4f3b7a0b63e39696
[2026-05-07T06:54:31.129Z INFO  baals::runtime] Transaction submitted: 
c2dc788da8b2b6cc107bbb41d183f759f54be0d55872d3fc7c8f027e01c6c191
[2026-05-07T06:54:31.129Z INFO  baals::runtime] Transaction submitted: 
871e0b7e1acd506d60f3f0d755ddba4400d3d8cbcaa47341fc71b1953b72fe06
[2026-05-07T06:54:31.129Z INFO  baals::runtime] Transaction submitted: 
cc5bc17e30e5210607a35dac5a036d5d557a26cbb19efca6e52ed1e3f665ec17
[2026-05-07T06:54:31.130Z INFO  baals::runtime] Transaction submitted: 
fa7fc07796ec58708426d47abac6672c5c2b2522e30c10b26b3ec3ddb562894d
[2026-05-07T06:54:31.130Z INFO  baals::runtime] Transaction submitted: 
9df866c28e7fc6267608428c8f5cb5e49d41ac2ab1ec0628076bccbebfa52a1c
[2026-05-07T06:54:31.132Z INFO  baals::runtime] Transaction submitted: 
360757d9cd00a61eb13d8b9f4f6034a8aa7c33d1621ee89a89802dcf56ed453c
[2026-05-07T06:54:31.132Z INFO  baals::runtime] Transaction submitted: 
948acf94c813b1853d13a130f7e12af1b1cdad877ecf3bae5fe8a2952434f9b7
[2026-05-07T06:54:31.133Z INFO  baals::runtime] Transaction submitted: 
4ecd5a6d25e5874e9120682771493dec6b6d6c614725e4a716d237f2e11c3c13
[2026-05-07T06:54:31.136Z INFO  baals::runtime] Transaction submitted: 
8731de15b15facd7ee2c72dfc578c82ab1bc27d9f4e96d72af8948c85db87954
[2026-05-07T06:54:31.142Z INFO  baals::runtime] Transaction submitted: 
e2dc418b52252dd18c424b62a8aadaa396019bf2f048d4455f36572d8f7b38e3
[2026-05-07T06:54:31.143Z INFO  baals::runtime] Transaction submitted: 
00662e664fa47e2df9dc3af11231df53afd381769816dff90e94f473fa54b5e0
[2026-05-07T06:54:31.143Z INFO  baals::runtime] Transaction submitted: 
f25af14e4514e8de3d60755f0096477356b8be53d497a7b580646c738afa5075
[2026-05-07T06:54:31.143Z INFO  baals::runtime] Transaction submitted: 
94dd7ac83beeb56422a2c3aed5cebaa0177a5ce16f0c6b0064865888a1128d0d
[2026-05-07T06:54:31.143Z INFO  baals::runtime] Transaction submitted: 
44826a33e9f9aaab049f90ec64def8c122250f1952e3c012e208d77207bdf0c0
[2026-05-07T06:54:31.145Z INFO  baals::runtime] Transaction submitted: 
1ee2eb8fdd478c1916a1be7abdceafb2ba23d36bcb9ef8884ee438685b47ba42
[2026-05-07T06:54:31.146Z INFO  baals::runtime] Transaction submitted: 
f4bb52de042946283b4d3dad3c7fa056ae4ea30245a127405830fb561caf2797
[2026-05-07T06:54:31.147Z INFO  baals::runtime] Transaction submitted: 
8b8e63bd3ddacead22056eeae43b55b11aa8263ea4ded125cb13d845ab4e61d6
[2026-05-07T06:54:31.147Z INFO  baals::runtime] Transaction submitted: 
5bd6a82a09c591bed5591caba15d4516f94c0f129b97dab3698a908c7c9bdcf1
[2026-05-07T06:54:31.150Z INFO  baals::runtime] Transaction submitted: 
aad992d84a439e42e65419567178361fc08ecba5fe01321c78e68ddf533642e2
[2026-05-07T06:54:31.153Z INFO  baals::runtime] Transaction submitted: 
35e080e995c67d9bcb7bbdcc64449d7736fc8cea1c28cc2f9fec102981524303
[2026-05-07T06:54:31.155Z INFO  baals::runtime] Transaction submitted: 
943286183ec4172a64274b68215aa516c1a6f67c1533ad33e76f39f13d424b7b
[2026-05-07T06:54:31.155Z INFO  baals::runtime] Transaction submitted: 
b2e15cf6d8e1d56b1a1679d4681691755f0646740744b613b7994757c100ca6b
[2026-05-07T06:54:31.156Z INFO  baals::runtime] Transaction submitted: 
9ec0991298b0d10277d47fb7afa696f8ab563a70f0aa94fbc19109bf53370d53
[2026-05-07T06:54:31.156Z INFO  baals::runtime] Transaction submitted: 
4aeda93352372deec28da4910be003da9fde908c08ce02adffd9edfa6abd88ab
[2026-05-07T06:54:31.156Z INFO  baals::runtime] Transaction submitted: 
72d320469b7916f64796b55fdc4303cda06c43f33176de8634387b3709c97906
[2026-05-07T06:54:31.158Z INFO  baals::runtime] Transaction submitted: 
c5d07f691ca443b4dd2c9eec1c5e5343d61ea41fe8c1e23f42da5eaaeda92f72
[2026-05-07T06:54:31.158Z INFO  baals::runtime] Transaction submitted: 
a23ce4b2b8d18b113e394e439ce9b9658e3178a7087cbf6e5c1e1767c1312321
[2026-05-07T06:54:31.160Z INFO  baals::runtime] Transaction submitted: 
a81230397ac83dd81cf4b0ab2551ca9156babc26a65bf83268dafc157c4b0156
[2026-05-07T06:54:31.160Z INFO  baals::runtime] Transaction submitted: 
f5a663cd992034af8ca32793253e892770ec7f9eac2992a40efc313828df9a98
[2026-05-07T06:54:31.167Z INFO  baals::runtime] Transaction submitted: 
a477df037f1cb227c32772f4f964e216ebeb727e5253a883a4f02f485cd3e638
[2026-05-07T06:54:31.167Z INFO  baals::runtime] Transaction submitted: 
04ebc8d7805a9a1ff85677c1c49cac463b2cc9fc6741b235887c85bd0358c61e
[2026-05-07T06:54:31.167Z INFO  baals::runtime] Transaction submitted: 
63f7d56d21925b8936f18c946af30e1b7ef2432761e66b13162e3079126feb00
[2026-05-07T06:54:31.168Z INFO  baals::runtime] Transaction submitted: 
5ccab5ba9b084b6d66b3503bd772b5c7ff5143a49cafafc187f060ad8758aacb
[2026-05-07T06:54:31.168Z INFO  baals::runtime] Transaction submitted: 
88feca2164c4193d75ac054652d6023acfe2225580ea60c0d4a80ce8c04c6355
[2026-05-07T06:54:31.169Z INFO  baals::runtime] Transaction submitted: 
a501520d935b722a8f92bb562340d6d369c5d24c7279f2be04a6f06b99c13a94
[2026-05-07T06:54:31.169Z INFO  baals::runtime] Transaction submitted: 
2d2c8e94242b419fd48ebcf504d2cc72f2984e641d0570357f652f0a190713c3
[2026-05-07T06:54:31.170Z INFO  baals::runtime] Transaction submitted: 
1f24bf885d6ec76a3d3871c2e9bb13968459ef42b3c99bc74f98acbf8ee30e4c
[2026-05-07T06:54:31.172Z INFO  baals::runtime] Transaction submitted: 
ca2927baa51b443f6f3f1cc0aabfaa4ce86fec0af30efd20d5e4d46263e621ad
[2026-05-07T06:54:31.172Z INFO  baals::runtime] Transaction submitted: 
b7a1c454069b3941944fd28ea92a68e5749a33f26118561c52c1c20592db19b7
[2026-05-07T06:54:31.178Z INFO  baals::runtime] Transaction submitted: 
17ec1474849129af0bf7ebd37a54df3cf831ff2696e037f5dd8b1b53104c02fd
[2026-05-07T06:54:31.179Z INFO  baals::runtime] Transaction submitted: 
3e23c5802a7f7d3e26e17000e429f6acae8e7a58f4a9869a5a50842830770c88
[2026-05-07T06:54:31.180Z INFO  baals::runtime] Transaction submitted: 
3969b5a6534db7abeedffd6efd6fd1b227b6b7badcd7c7d9ecd7687a4c8fdc82
[2026-05-07T06:54:31.181Z INFO  baals::runtime] Transaction submitted: 
a50e07e0b05d3b81e9d795a69b9a5b04f66927ec584a6722d694f32f21b5f7a2
[2026-05-07T06:54:31.182Z INFO  baals::runtime] Transaction submitted: 
1a951fb60e70c98b63498ce23abf9a71014ea3c6f3213179435f34e8ebc647e8
[2026-05-07T06:54:31.183Z INFO  baals::runtime] Transaction submitted: 
07f704964788c1e3697f976e4734b2a4e0d359518186622267a7368b1a8b8d2c
[2026-05-07T06:54:31.183Z INFO  baals::runtime] Transaction submitted: 
3c7809428f0769c3f97e33fcfc1a7abb8a5af2d0b79e4eb521bf350cd983a9a4
[2026-05-07T06:54:31.183Z INFO  baals::runtime] Transaction submitted: 
6bdb32fe6e6d3f796b98bc4678056cfc5d49c358fa87f9f0a9977283cfa8d85d
[2026-05-07T06:54:31.184Z INFO  baals::runtime] Transaction submitted: 
49d72584e8b2ecabd0fa6a179e9102823f2ef257e1a9096adae54ff33656049d
[2026-05-07T06:54:31.184Z INFO  baals::runtime] Transaction submitted: 
914d6a5466b21f96f3a4d7e112fe6a55fe1bc24ac34cd61a0459c4f70ca7b081
[2026-05-07T06:54:31.185Z INFO  baals::runtime] Transaction submitted: 
17ae6bf0820cd26a1ca7ca299da3d2aec75792aba8e9c74697ba3ac8c92791c7
[2026-05-07T06:54:31.191Z INFO  baals::runtime] Transaction submitted: 
3890560161fe4b992bf4b08fae8e6ca54cccf6e183fcf53eeec8f2174c5da88e
[2026-05-07T06:54:31.191Z INFO  baals::runtime] Transaction submitted: 
a04e11f776b5e32b99a005d66b5c33e47298b5b8b6646f9358a670c42b1815fc
[2026-05-07T06:54:31.191Z INFO  baals::runtime] Transaction submitted: 
93b6dc7639ed72015d66c84ae7aaed0b23d1c1ff206b8618d132940d66f9b659
[2026-05-07T06:54:31.193Z INFO  baals::runtime] Transaction submitted: 
4b0d13cb43b4a0a8a63acd9b889ca9a4314855152dab5444a02b9de66efdf381
[2026-05-07T06:54:31.193Z INFO  baals::runtime] Transaction submitted: 
58db98bd38faa3c4357260cbbf4ae73b0bece976101d39fd6a285120350e2959
[2026-05-07T06:54:31.194Z INFO  baals::runtime] Transaction submitted: 
bd4a809ac6723fdc0fc29ff662729b96f86c441f30213a9eba0910d64477ad34
[2026-05-07T06:54:31.195Z INFO  baals::runtime] Transaction submitted: 
bfc0c8c8730771ab94b6f3ade7ec06bc7895c13af8abbac9a92c146d6815bb7f
[2026-05-07T06:54:31.197Z INFO  baals::runtime] Transaction submitted: 
adfd1b74cc83c1eadfb631062a167c082b71b1bc2a665d4024d22b2b8f9f6dfb
[2026-05-07T06:54:31.197Z INFO  baals::runtime] Transaction submitted: 
f3ef977f61733db6c172c8039074b5a02df78a90333c3c08f45ffeae067970ad
[2026-05-07T06:54:31.200Z INFO  baals::runtime] Transaction submitted: 
befb5f12c2c416dc013427af1c27e39ba973a41f63548ed05b1795c67b6e27e7
[2026-05-07T06:54:31.203Z INFO  baals::runtime] Transaction submitted: 
790a255ac3b25e67388e62c6978b3cbbc61fce31f4b6b2edb4c11a7d78f89ecd
[2026-05-07T06:54:31.203Z INFO  baals::runtime] Transaction submitted: 
4f69f1ef6ba9a7be6ccf8ce4936039e81f3e5968ee968c664b7a3020d49a1518
[2026-05-07T06:54:31.204Z INFO  baals::runtime] Transaction submitted: 
f9ab60067248b55354c8925415ee9da49324f435f5197b5685d2a73b1e19c82b
[2026-05-07T06:54:31.204Z INFO  baals::runtime] Transaction submitted: 
0b1b27ed0476e3e6dd73085e548726ff9b0fb44c69733ef9add29eebb2b01017
[2026-05-07T06:54:31.205Z INFO  baals::runtime] Transaction submitted: 
4ebb1844de53d989089a41364f856625f83c8e1aec6ffbdc374efc1f43db3392
[2026-05-07T06:54:31.206Z INFO  baals::runtime] Transaction submitted: 
85512178382f9aba794000b64fcc3b6c6fc87842420ba4a35b633f23420dea9d
[2026-05-07T06:54:31.207Z INFO  baals::runtime] Transaction submitted: 
eb86455b1130222628e1fd4fda57939a60aa44137428aff798e8d771c9123ec6
[2026-05-07T06:54:31.209Z INFO  baals::runtime] Transaction submitted: 
885cba233c53ece3ff17e0964b6db30a2afb34d044355fb5ee3bbfd304534e6d
[2026-05-07T06:54:31.210Z INFO  baals::runtime] Transaction submitted: 
9158cffcea471eff6e04cd273d83cf330d6f1a3487e261b7ef3ac836fab747cf
[2026-05-07T06:54:31.210Z INFO  baals::runtime] Transaction submitted: 
657fb236c015229e04ca6be1020fae225be4fbb667a429d6b0a023f60b824038
[2026-05-07T06:54:31.215Z INFO  baals::runtime] Transaction submitted: 
c33a8314e8ded71406650c0796371685249ff4cca4a4ff5bc7f2755e1cddf1b7
[2026-05-07T06:54:31.215Z INFO  baals::runtime] Transaction submitted: 
591b19286c1887dc6617223e10d5872798e09588da7b9c506cb9b7bd3a163b9a
[2026-05-07T06:54:31.215Z INFO  baals::runtime] Transaction submitted: 
9b93011e6ecfd8fc8f776861660e21197d966237a5023908c6f15605275c6cd5
[2026-05-07T06:54:31.216Z INFO  baals::runtime] Transaction submitted: 
f88545d9c5e53db648b5fdb4689f98143f1d7c0d8861b250ae8c40784d44c2e5
[2026-05-07T06:54:31.217Z INFO  baals::runtime] Transaction submitted: 
3c21c8c35b1815d77b58acd8a4dc2edda9d792da15e16aca04ea41cd30ef6fc5
[2026-05-07T06:54:31.221Z INFO  baals::runtime] Transaction submitted: 
b16f98f022919222527d0aeff4603df3d61ae696f81e7b8e06f4257272e744b4
[2026-05-07T06:54:31.221Z INFO  baals::runtime] Transaction submitted: 
ae5f70a7b57938cc2bbf802715772e68f932d7ea5e7fa2594dbe2cad6826a95f
[2026-05-07T06:54:31.221Z INFO  baals::runtime] Transaction submitted: 
8d234c54f4c78bd22d5d124c1ad5b5a4e4e7a30d147876acc40a44be70744a16
[2026-05-07T06:54:31.223Z INFO  baals::runtime] Transaction submitted: 
9a4ebf90ab4a2865440c6d1cfaaaeba12ea1367c8592189f232e39aaf2fb3f51
[2026-05-07T06:54:31.224Z INFO  baals::runtime] Transaction submitted: 
bfaf4250160bd6a2623358364db8e022153d192e0550c3ca2ebf585dc60936b8
[2026-05-07T06:54:31.226Z INFO  baals::runtime] Transaction submitted: 
f5f5657576e779db92b625159e2a30663d056c51af50b0f707126af41d251e99
[2026-05-07T06:54:31.227Z INFO  baals::runtime] Transaction submitted: 
173c5b559cabc46db5697a08e7f9c092e90985e95ac447cb35c2af930b333387
[2026-05-07T06:54:31.227Z INFO  baals::sync] New peer connected: 
8a147155e8c00786ba7d615d0a619d14301423320fb2da6e32a02761b3d38ccf at 127.0.0.1:57737
[2026-05-07T06:54:31.227Z INFO  baals::runtime] Transaction submitted: 
45245a686bdae1292a66931ebbfed7734035432dd7478cbb84be3b9ed071768d
[2026-05-07T06:54:31.227Z INFO  baals::sync] Peer 15e4493416cfa6c432a46432f87962f3850b6e10cbd046b29733a7d9c79ab206 has 
chain at height 1 with hash fca8ec585decfd725fd2b20abf2850a4824d49051e6c14301204cc3dec95526d
[2026-05-07T06:54:31.228Z INFO  baals::ledger] [LEDGER] Starting block application
[2026-05-07T06:54:31.228Z ERROR baals::sync] Error receiving message from 127.0.0.1:57737: Network error: early eof
[2026-05-07T06:54:31.228Z INFO  baals::ledger] [LEDGER] Block: index=1, 
hash=fca8ec585decfd725fd2b20abf2850a4824d49051e6c14301204cc3dec95526d, transactions=1
[2026-05-07T06:54:31.231Z INFO  baals::runtime] Transaction submitted: 
0e7a1e70ba18c36a8e04d3082830077953e96c052f6a5a36168c98a69c1aa995
[2026-05-07T06:54:31.234Z INFO  baals::runtime] Transaction submitted: 
0a8b1e886f4e75047ca39662fd1bc087df5fc37228b35d5e05a6dd0238e7bff9
[2026-05-07T06:54:31.235Z INFO  baals::runtime] Transaction submitted: 
03344b3525e65b9ad66a3a12c7dcb90dc4090ab8f5fa8fa2bcb0f9bc30ff0546
[2026-05-07T06:54:31.236Z INFO  baals::runtime] Transaction submitted: 
c17a7c3b7f17df355a04b95ccbfe97521ab63b2245bbcf5839919c99ae3dc0b3
[2026-05-07T06:54:31.238Z INFO  baals::runtime] Transaction submitted: 
3ec8cd527660e4cf202e2f93f5962db007fd7c89174c8462bc2572bb2c66788d
[2026-05-07T06:54:31.239Z INFO  baals::runtime] Transaction submitted: 
d3d32ed5565466d509da3f510399d521268cc30c8c3404ca6c84159fd3c379ba
[2026-05-07T06:54:31.239Z INFO  baals::runtime] Transaction submitted: 
6b2f9b45328ecb78e03a225bb653cef2ca1a04681a86875a726b14e471d75e96
[2026-05-07T06:54:31.240Z INFO  baals::runtime] Transaction submitted: 
788cec801f1c662ff9032c33ca7e107c8ce1b0b09fa49e068d14c516f33a9c20
[2026-05-07T06:54:31.240Z INFO  baals::runtime] Transaction submitted: 
e8307fda26128854280a9465a6d9ce38ce7a83a310fec9e7dd403c22ae623fc6
[2026-05-07T06:54:31.241Z INFO  baals::runtime] Transaction submitted: 
e1373db497403d69c8c38426256f0711bdb9c1cbbfec71b9e1e8d2a9855c90d2
[2026-05-07T06:54:31.241Z INFO  baals::ledger] [LEDGER] Block application completed successfully
[2026-05-07T06:54:31.241Z INFO  baals::sync] P2P listener shutdown signal sent
[2026-05-07T06:54:31.241Z INFO  baals::runtime] BaaLS Runtime stopped
[2026-05-07T06:54:31.241Z INFO  integration] [SYNC-TEST] Storage-backed block serving test passed
[2026-05-07T06:54:31.243Z INFO  baals::sync] P2P server shutting down
[2026-05-07T06:54:31.245Z INFO  baals::runtime] Transaction submitted: 
8f03040dc1aa7c5852158ed01ff3efc69b5087d23b628aa602bb7dda83c8f18c
[2026-05-07T06:54:31.246Z INFO  baals::runtime] Transaction submitted: 
c4d7da61cbd4ed578f7a8bc39867d778f00bf14ad9828f94c4beee68ae2599c6
test test_p2p_storage_backed_block_serving ... ok
[2026-05-07T06:54:31.249Z INFO  baals::runtime] Transaction submitted: 
5ae8d88879ff318b9ab03c7cf2c0f379ec0cc70a46fe706d09d40b7c37793517
[2026-05-07T06:54:31.250Z INFO  baals::runtime] Transaction submitted: 
cdbdd25f9adc0084395a8b2d684ae8c850c0151c86665227f1e5fcef3bb87a1f
[2026-05-07T06:54:31.252Z INFO  baals::runtime] Transaction submitted: 
361a6eec18160d7850a9216bd6105f368d5d79d5497626b16e80f2daaaffa9f4
[2026-05-07T06:54:31.252Z INFO  baals::runtime] Transaction submitted: 
89b9deac5006e1d3c8e44018c374db6b90c80a3fdb4acac0d12a475bd9a5bd7d
[2026-05-07T06:54:31.253Z INFO  baals::runtime] Transaction submitted: 
0f1275484bf8d3f155da3840d2b976079e24caf3cffed59fc08db4e501891f33
[2026-05-07T06:54:31.254Z INFO  baals::runtime] Transaction submitted: 
0048bd85231e0d06d50ead77c8baec2bf5ac9375d90af420ae9a5dec30c4f6c5
[2026-05-07T06:54:31.254Z INFO  baals::runtime] Transaction submitted: 
28463cb079592b2cbd039851ca48d1ea3614490ae51409398d5935982096632d
[2026-05-07T06:54:31.254Z INFO  baals::runtime] Transaction submitted: 
d00aebe3b8c0b0f12f0c26838c9f45986ab2e621fcb80d2a662640573f35a35b
[2026-05-07T06:54:31.256Z INFO  baals::runtime] Transaction submitted: 
54c97f864bb60de90d51d079d2c4dbb00d3cf0f1adafae12a17c7d542b980f30
[2026-05-07T06:54:31.259Z INFO  baals::runtime] Transaction submitted: 
241be91799c16e615cc61b40e4948cfceb126738f5a9e9d6fe05b6d9bdcb888b
[2026-05-07T06:54:31.262Z INFO  baals::runtime] Transaction submitted: 
fea4f8be9b81c1d964e4951b56311258b754745720c94470e1eba139b85b0fb6
[2026-05-07T06:54:31.264Z INFO  baals::runtime] Transaction submitted: 
825e1e8bae4638f5b6a835c44e3937cd59a87a4fadca8e5430e5ac66fc873be2
[2026-05-07T06:54:31.265Z INFO  baals::runtime] Transaction submitted: 
2f83c1e77e84309b4c74f08be6cced7dadb03e9a8de8288ade5f39936167cb1f
[2026-05-07T06:54:31.266Z INFO  baals::runtime] Transaction submitted: 
66c3753f8d7e80cb8f7c8f23e34aff2941a276dbd252424e7b355c26666eec4a
[2026-05-07T06:54:31.266Z INFO  baals::runtime] Transaction submitted: 
3e6011b5b9e28392152c7b2e5354ff3649f6821bff3e3999303c029e9121832a
[2026-05-07T06:54:31.267Z INFO  baals::runtime] Transaction submitted: 
70d04c649b37c9edac4b8696b86c4e6e228c8c2f76caa6215c7571b5aa8c0aa3
[2026-05-07T06:54:31.267Z INFO  baals::runtime] Transaction submitted: 
5cab32ce9c44c2b542c499b578ad7c2a17ee548c78cdcecff23006eb05a55ed3
[2026-05-07T06:54:31.269Z INFO  baals::runtime] Transaction submitted: 
ec20454652c3260f2b5024e8fa3c498b8e030fc528aabb2eac18e74b289c2df2
[2026-05-07T06:54:31.269Z INFO  baals::runtime] Transaction submitted: 
feca94a7a76457c25b7b37fedce3f93eba23c38bc339289f584cae4fb56694f0
[2026-05-07T06:54:31.271Z INFO  baals::runtime] Transaction submitted: 
ae078ef846327570c91b2dfa5e77a8607b41f8ae21cf60ce6e2ff540b2a06e10
[2026-05-07T06:54:31.271Z INFO  baals::runtime] Transaction submitted: 
a35c83ca904d080f15350b541d6228c5bc39026399f4877983dd3d472b1928d6
[2026-05-07T06:54:31.274Z INFO  baals::runtime] Transaction submitted: 
55e55909456a673ef76bec4d7fc6299dc089099642b680353e22412624be4d32
[2026-05-07T06:54:31.276Z INFO  baals::runtime] Transaction submitted: 
b1db9cff0be98fb46f4afe8105b0f19a5449b492f4c8cca9074de3ab68e0c9c4
[2026-05-07T06:54:31.279Z INFO  baals::runtime] Transaction submitted: 
4126c27bdd75450a95a2859f7150a81c7cfe7959b3e5d217d546f0113207f7b2
[2026-05-07T06:54:31.280Z INFO  baals::runtime] Transaction submitted: 
2915cf6baadc89657ad6087f1361003d3e566f70715b025b4fe85cef2aa7d0cf
[2026-05-07T06:54:31.280Z INFO  baals::runtime] Transaction submitted: 
019486f01b021675117b8264cb0644b0538fd041ca73184923e4abf1432bd2a2
[2026-05-07T06:54:31.280Z INFO  baals::runtime] Transaction submitted: 
e19e7b43676a4b587c36a6a1f0cf73c378dca37b76bb745a149937626ddadfe0
[2026-05-07T06:54:31.281Z INFO  baals::runtime] Transaction submitted: 
b0ecc0994a4236c0a6bda11ef49782bd95c39945bf4a08d30c79776c76fca069
[2026-05-07T06:54:31.281Z INFO  baals::runtime] Transaction submitted: 
9ed21f6b1ef7049128ff67684aa47dd6f8f7c3056a6577a5709ac280b199fc3e
[2026-05-07T06:54:31.285Z INFO  baals::runtime] Transaction submitted: 
24214ce4da0e76dcff24a6a196c3fd7a9b5447ffb5ed131d7182dad8455b1723
[2026-05-07T06:54:31.286Z INFO  baals::runtime] Transaction submitted: 
95bf7d38e4e4db33972e78bfc4c14bc3235148af15239585254684c90c472b59
[2026-05-07T06:54:31.287Z INFO  baals::runtime] Transaction submitted: 
364473aca37269c3a5fba282e7b0ba7732b0d6843d2dd9eca1d43abf0a69ba9f
[2026-05-07T06:54:31.288Z INFO  baals::runtime] BaaLS Runtime stopped
[2026-05-07T06:54:31.289Z INFO  baals::runtime] Transaction submitted: 
ebee32e1a57d7c2869849746e5b5f8a51bb13edf30b4fc0f13c7baad36f5c779
[2026-05-07T06:54:31.292Z INFO  baals::runtime] Transaction submitted: 
d8f69002e01576d9d9a12b4190b4095436fe46c6da17137cfdfd895368468e29
[2026-05-07T06:54:31.294Z INFO  baals::runtime] Transaction submitted: 
4f5efbd93491ef7c8dcbf52694340a05d9153e0f245ac2f16f83dd1249676967
[2026-05-07T06:54:31.294Z INFO  baals::runtime] Transaction submitted: 
b0140afda606f9e6aab2e6283306252a3ff2d58c44718590ec07209d7080dc36
[2026-05-07T06:54:31.295Z INFO  baals::runtime] Transaction submitted: 
4bf97f559beeae628f8c2a26371147d3001a89b2c991aff71cdc64bf62f451b2
[2026-05-07T06:54:31.295Z INFO  baals::runtime] Transaction submitted: 
640b3b9682e29d333ee2bce2b66253aeb0b320bb0423d7f470b04e47fdf0cf21
[2026-05-07T06:54:31.295Z INFO  baals::runtime] Transaction submitted: 
e577043410adb8988cd5d8c212a096903aefb32f43a08c8ea50575afdae83274
test test_runtime_status_tracks_lifecycle_and_uptime ... ok
[2026-05-07T06:54:31.295Z INFO  baals::runtime] Transaction submitted: 
53c662713f399065e00c971f0c33d2ff69fb091d23a96a655134ddc87a66c0db
[2026-05-07T06:54:31.301Z INFO  baals::runtime] Transaction submitted: 
44cf5375f6331f88c95dc92909c05c0f5488395e152b0157b02f2f26cca589a6
[2026-05-07T06:54:31.301Z INFO  baals::runtime] Transaction submitted: 
6f3135cee0f6a78327e346c79526e20859df6360b5860c28e3919f3c82b5e86e
[2026-05-07T06:54:31.303Z INFO  baals::runtime] Transaction submitted: 
0b222bc2af83d06b1ab7de5a28e680185111f0e03e0c2ae5ecc7b5a3ddd00893
[2026-05-07T06:54:31.304Z INFO  baals::runtime] Transaction submitted: 
31058f5184df1b46314e306930fe394ccd1cc9d453df9c21575ca6841b72851e
[2026-05-07T06:54:31.304Z INFO  baals::runtime] Transaction submitted: 
5fef37e711407e6c136a9af1d0e34a75f16d2260d94c3ef721bcac341bc254c8
[2026-05-07T06:54:31.306Z INFO  baals::runtime] Transaction submitted: 
b1551e4fb2d32ce5ca7c2175374d50ee46f0bf604b82d7704c8b332203e620f9
[2026-05-07T06:54:31.306Z INFO  baals::runtime] Transaction submitted: 
cf9e61dae8b6d2d7e707050cdfc756edd3439ecc9480a5a6b53e7a933c65e060
[2026-05-07T06:54:31.308Z INFO  baals::runtime] Transaction submitted: 
e14b07d8771fff319994fbfa0c84b488d905415065895f418916e4a969aa7ca8
[2026-05-07T06:54:31.308Z INFO  baals::runtime] Transaction submitted: 
38dfc95f2a8afa1657be4698d8da9e4337900b265b1f757aa0f300758e269ca6
[2026-05-07T06:54:31.309Z INFO  baals::runtime] Transaction submitted: 
40859c1db098923722173ca29161351b5c7a0c789dfae8cab7c963687ea90429
[2026-05-07T06:54:31.311Z INFO  baals::runtime] Transaction submitted: 
936c9c7724fdf63e515ea73b9511da6f0b82cc43cf2ed29d6e3e4b3c700f8c5d
[2026-05-07T06:54:31.313Z INFO  baals::runtime] Transaction submitted: 
80db4f4e996b2e02ad53c4c8e3ca97c6d763f21631d80023881e39a0b5d88111
[2026-05-07T06:54:31.314Z INFO  baals::runtime] Transaction submitted: 
749f25bd68b4775c37e7e61453049ed81342312570dc1bf30255b6e0c850981a
[2026-05-07T06:54:31.315Z INFO  baals::runtime] Transaction submitted: 
fa2443f3cb600e52918ebe8710fb9199fb7b54a1ac9282a4afbd3990bfdda6e0
[2026-05-07T06:54:31.316Z INFO  baals::runtime] Transaction submitted: 
136c7cf7d58e794453b924e8bad81f0aff64289036e882931e3f0173ef8eec64
[2026-05-07T06:54:31.319Z INFO  baals::runtime] Transaction submitted: 
e1591fb7b1930f32325e6f1dc859fde8c3712e1419a9d88ae77b35632178c4d3
[2026-05-07T06:54:31.320Z INFO  baals::runtime] Transaction submitted: 
65d81e416aa9fbbbe9f5f0ce0d84cea0cd0cbea586e919cb38f1139ee364ea9d
[2026-05-07T06:54:31.321Z INFO  baals::runtime] Transaction submitted: 
239b2ebed69d3932dc59d8da40b6f3f6f52334c68815ccc5f1193fb5cb367b0f
[2026-05-07T06:54:31.321Z INFO  baals::runtime] Transaction submitted: 
849954472312ad1b03b254e6b637c3bdfb231dc623277f82b6f95cff9dbb760e
[2026-05-07T06:54:31.322Z INFO  baals::runtime] Transaction submitted: 
1668a383a7d03c0f0f282d0620f941b93effb9e86a1655acf8fdb8d80237f00f
[2026-05-07T06:54:31.322Z INFO  baals::runtime] Transaction submitted: 
72a1220e37b7fde1835b41464b064435a08079f1c3e375e10b73284b4dc262f0
[2026-05-07T06:54:31.325Z INFO  baals::runtime] Transaction submitted: 
a3e5c8da0abcbd89fb908dfecbea3c384d545c18e72b32731803fba5c80f6803
[2026-05-07T06:54:31.328Z INFO  baals::runtime] Transaction submitted: 
dcfb50485984b0203e0848f4389d20a7e5f5c36b2695b858599db34baf210966
[2026-05-07T06:54:31.329Z INFO  baals::runtime] Transaction submitted: 
d9546e60a79d80d7e417098a726308d0489a775022ecb2444d92dc472f9578fe
[2026-05-07T06:54:31.329Z INFO  baals::runtime] Transaction submitted: 
330e98d2dd285894fa6f53e01599f7c6cdb19fb6d1b7e0271987c56301333750
[2026-05-07T06:54:31.330Z INFO  baals::runtime] Transaction submitted: 
02c31fab9b4f092315209c2649364af2241729623b5f161ece78060a9d10088a
[2026-05-07T06:54:31.334Z INFO  baals::runtime] Transaction submitted: 
8dfc0e9cac13274a05f3bd738e8321ff4f360b4d24c883744a67c0039d5e8ac0
[2026-05-07T06:54:31.334Z INFO  baals::runtime] Transaction submitted: 
4fbaaa606677e89353bc177f60b74bdd595e94b062d1a7ca8d5db46a35329ac5
[2026-05-07T06:54:31.334Z INFO  baals::runtime] Transaction submitted: 
a5403e4f41ac15711aa86eca8d44ba7026facb8a7a7f197144fee03ffa60ea6f
[2026-05-07T06:54:31.336Z INFO  baals::runtime] Transaction submitted: 
60c31c50f490e362537987ff7f66fbbd36ae1a3d1ade1024d8f0c1aa1affaf5d
[2026-05-07T06:54:31.336Z INFO  baals::runtime] Transaction submitted: 
f1c65dceabf65fe4aa2740ad10b0bd758d7226a4932adc3d30ff7eec9d014fe7
[2026-05-07T06:54:31.337Z INFO  baals::runtime] Transaction submitted: 
97957e7b07a01ed7424132cece85e7677373ffd20a382fba7c81f724b1293c58
[2026-05-07T06:54:31.340Z INFO  baals::runtime] Transaction submitted: 
b8652d0d7a778a7a684fb1355a07cb06e7f76e9656aad21b6ba088be9a9d0c20
[2026-05-07T06:54:31.341Z INFO  baals::runtime] Transaction submitted: 
e1428e7110543baf8f623c797da9e6d3fe91fbdae814082c4d70a4e600333571
[2026-05-07T06:54:31.342Z INFO  baals::runtime] Transaction submitted: 
b9831ba2c01a81a17e8df2ccd2e81a98b7e4fd2346fcd77260fddfcafde135e1
[2026-05-07T06:54:31.343Z INFO  baals::runtime] Transaction submitted: 
54a798538642bb03f4a0a9c37d4a958ba1f60313984661f253dfe667510eaadb
[2026-05-07T06:54:31.347Z INFO  baals::runtime] Transaction submitted: 
758c64eecf1fd5e9f19c53cf4db9aea982714d6c85a373bd21b92caf7a6e5568
[2026-05-07T06:54:31.348Z INFO  baals::runtime] Transaction submitted: 
0694f3ffbdd5d1f88576de248593e8a40847d9af41e0feef1e64b38cb1d8b70d
[2026-05-07T06:54:31.348Z INFO  baals::runtime] Transaction submitted: 
6f325484c7b31e958a52ba480fac22638e4449976385669e1c009d5529acc732
[2026-05-07T06:54:31.350Z INFO  baals::runtime] Transaction submitted: 
6d8da4a5dc338dc892e93ee80e792a8a6a121d52706a24f080579834019212d8
[2026-05-07T06:54:31.350Z INFO  baals::runtime] Transaction submitted: 
3bc5eb8c0a0d264fa4c62639f3b4aa281177d5c8fecd47b193d8d4c4b4179e40
[2026-05-07T06:54:31.351Z INFO  baals::runtime] Transaction submitted: 
88d35957e1f581435d14630df1c6198c5f39538deb6a540dc8d2781c45f7730a
[2026-05-07T06:54:31.351Z INFO  baals::runtime] Transaction submitted: 
7761d37123ff4fdc87fd1000f3491af97fd31bd975777553ddc416629c943a23
[2026-05-07T06:54:31.353Z INFO  baals::runtime] Transaction submitted: 
6b1c01f5d33673c93e37534b7e9f9256cfe46198ee6f2c6b763c68dcd95bc2aa
[2026-05-07T06:54:31.353Z INFO  baals::runtime] Transaction submitted: 
23cfad85dabf5b584f4d97fc0af97371d3b2991b1b0e9d0f753b92cf64c62ecb
[2026-05-07T06:54:31.354Z INFO  baals::runtime] Transaction submitted: 
6ce719dc7865c2200e853d7b5fbc0129ee1b60a166216fa0bf256feb0e1b50e4
[2026-05-07T06:54:31.355Z INFO  baals::runtime] Transaction submitted: 
1f1efc22c7cdaff965360519c9e1e5d65d5b3bb2bbcd5d318d17d2195f42bd61
[2026-05-07T06:54:31.359Z INFO  baals::runtime] Transaction submitted: 
a9b3ce833ae8afcd6cba90731e64e5773ee71cc33a29c7586a6f0815d72ad163
[2026-05-07T06:54:31.360Z INFO  baals::runtime] Transaction submitted: 
d1de0250a2eb2d5014751ca2bd94de57e0388aaa8726b3b3776c9b3b47a90a0d
[2026-05-07T06:54:31.362Z INFO  baals::runtime] Transaction submitted: 
984bb399e6138b0f87887b1746d9e1a5c05899737cfa05f4be99f9cc736b64cb
[2026-05-07T06:54:31.363Z INFO  baals::runtime] Transaction submitted: 
0170b58442a2079b60fb3ffbf485f94c1a05e24f7d425534de2a12b77a1557ab
[2026-05-07T06:54:31.365Z INFO  baals::runtime] Transaction submitted: 
a569ca6cf63c230a05852dfa7a52e9c65baea65f839b34b9babffc68023dc8e4
[2026-05-07T06:54:31.366Z INFO  baals::runtime] Transaction submitted: 
e0edddf29dff68f300bacc6d00a685770063d1e718572cc3c1fb7e5d3ef192e0
[2026-05-07T06:54:31.367Z INFO  baals::runtime] Transaction submitted: 
91c431e00044af882be26db572b7a642cd5c0a8a2264609006d1e1e389d9de5d
[2026-05-07T06:54:31.367Z INFO  baals::runtime] Transaction submitted: 
fc70b48fafb0cdd0a1c2d0fb85ed04d0ddbf946e0a2ed3c862e9ced28135a36a
[2026-05-07T06:54:31.368Z INFO  baals::runtime] Transaction submitted: 
e5dac421d2a446eebc565878c59b0c28b252190bea65c091f699cf2063f1f265
[2026-05-07T06:54:31.368Z INFO  baals::runtime] Transaction submitted: 
31666a4ad20f7b825f77d1eb16cf0d14ed56bd4c3997dee3e7ba0decfd4b55f4
[2026-05-07T06:54:31.373Z INFO  baals::runtime] Transaction submitted: 
0817d7cce4b4688d976a4adf033c7b601a1241f80c69ec59685f6b090b4e612a
[2026-05-07T06:54:31.374Z INFO  baals::runtime] Transaction submitted: 
d3f593d8ed616b4cd7200511ba67cbcfebbb67de6a59fc90bd43508dd98ef3f6
[2026-05-07T06:54:31.375Z INFO  baals::runtime] Transaction submitted: 
a6f109e153b79a57f45b4fc34b5ae8aadbd127e7bae2e112b1c9c91c1ab800d1
[2026-05-07T06:54:31.377Z INFO  baals::runtime] Transaction submitted: 
61d65278c19ce6ae85a90eccce92033cc7fa3b65c55751eda11edc0751604362
[2026-05-07T06:54:31.377Z INFO  baals::runtime] Transaction submitted: 
d02e0b0172be9292f69e5b449f40fa14e003b7404b85d4e22e221d652dc363f8
[2026-05-07T06:54:31.377Z INFO  baals::runtime] Transaction submitted: 
e777aeea0cbc64d1b16f66843c3a4488964bb1ad9ee7af0b378cbbf1a20d4933
[2026-05-07T06:54:31.378Z INFO  baals::runtime] Transaction submitted: 
232aa10631175fa0f4f5c758c18878592ce55f9d773f5a24a2bb6c8f185f3872
[2026-05-07T06:54:31.380Z INFO  baals::runtime] Transaction submitted: 
aa6cd6116942aced3a5fc54953bb5ad476695377a72138db4ed66c6285b98787
[2026-05-07T06:54:31.380Z INFO  baals::runtime] Transaction submitted: 
7ad38dfe6f057145f65f508105a6ab10568e8195999e8d970f249a5b6ba91727
[2026-05-07T06:54:31.382Z INFO  baals::runtime] Transaction submitted: 
239ac634a638de67be6efc06502d762bd3746564635f84ade9f889596cbdaa5e
[2026-05-07T06:54:31.384Z INFO  baals::runtime] Transaction submitted: 
e6300d953f4e2e0430058009ff81a1ba71b587ce3bc2835a8079120d9ac77400
[2026-05-07T06:54:31.387Z INFO  baals::runtime] Transaction submitted: 
630a968581e6703f64f2e9910d8f76315e07becb1522b680a81093c1e3e19451
[2026-05-07T06:54:31.387Z INFO  baals::runtime] Transaction submitted: 
e7dc1871f72fb87009959af7ed97489ae17d38d427aa7c5869ae4e9490b67a54
[2026-05-07T06:54:31.388Z INFO  baals::runtime] Transaction submitted: 
d7d64f08563c1a0769e324bc023ca773bf14b29664b3e0191cb86c48516d936c
[2026-05-07T06:54:31.389Z INFO  baals::runtime] Transaction submitted: 
a7a10af93522c1b46d647304fd3af043089a063b2353d212124d2b84c0b83cb4
[2026-05-07T06:54:31.389Z INFO  baals::runtime] Transaction submitted: 
7f0745c2ac9c7607910bb72119d81c3750e1ba7f4580602cd43ee3ab95ea8034
[2026-05-07T06:54:31.392Z INFO  baals::runtime] Transaction submitted: 
52a3c6d60a1f60c736340b39ce3400511a8f81585e2f35549914f36d72cb62f0
[2026-05-07T06:54:31.392Z INFO  baals::runtime] Transaction submitted: 
1baa824d2b29f3fe76575a2acd24dd8a2ec4ea9266cec04dc5b8ac8f4d3c910a
[2026-05-07T06:54:31.394Z INFO  baals::runtime] Transaction submitted: 
391440bf61f3151d37e9ae77e1b58f814b98161a1d97be8517afc7fdd04b1206
[2026-05-07T06:54:31.395Z INFO  baals::runtime] Transaction submitted: 
f27caae9406c1ee9e5143e0602d882796aedd33a686832bd4bbb70131786aff7
[2026-05-07T06:54:31.396Z INFO  baals::runtime] Transaction submitted: 
b6be8e190feaf3c14571e11a4133850e62603f65eb60cce45aedb6cea188f825
[2026-05-07T06:54:31.398Z INFO  baals::runtime] Transaction submitted: 
595ac026ea36e8d7f2c4bee47d8252d6145c6fcf01d1a03aa108d27bf4a68f54
[2026-05-07T06:54:31.399Z INFO  baals::runtime] Transaction submitted: 
9aa197676d0a9b337de6b2178e572b7d29c1ca5a9cd06b5295e5c3d71bb2ede1
[2026-05-07T06:54:31.400Z INFO  baals::runtime] Transaction submitted: 
1bd4fa80bad317645caf9f44beecb75541772468271a69171ae713d0127f7d78
[2026-05-07T06:54:31.401Z INFO  baals::runtime] Transaction submitted: 
5142a2e1e267b692d5d86cb115d61804ac2be72203b5db5164dccdf442146925
[2026-05-07T06:54:31.401Z INFO  baals::runtime] Transaction submitted: 
ec69aba2f8e47e7ccad1243f77380044127072d78d3da1f9806e51f314fad961
[2026-05-07T06:54:31.404Z INFO  baals::runtime] Transaction submitted: 
2faa835bad5c586598a77d8d45feb1c624a82e260ba5753210af6bce32b8f72c
[2026-05-07T06:54:31.404Z INFO  baals::runtime] Transaction submitted: 
b19efdae3948f0ea4aae64fddf3e3b303a755b2a407af2aca870f754a732793e
[2026-05-07T06:54:31.405Z INFO  baals::runtime] Transaction submitted: 
33d62a5927f72eca4f47be9c7967accf756fbbe5fd3cb7041526907128f55b73
[2026-05-07T06:54:31.408Z INFO  baals::runtime] Transaction submitted: 
cfbc4fa1879cfaa98438bec0ab8856c43042e435300e376902db3ac7e88a036a
[2026-05-07T06:54:31.411Z INFO  baals::runtime] Transaction submitted: 
28d3e82a68530e39a2709082e4543c95fe1e5455b6b7948a770db49a435c1396
[2026-05-07T06:54:31.412Z INFO  baals::runtime] Transaction submitted: 
8cf3460caa6fd9352c65752b55c1b03bde89399aa9385316c8f399f19e8d1e68
[2026-05-07T06:54:31.413Z INFO  baals::runtime] Transaction submitted: 
4163a7119b33351d24e1defc2c7a29f8fa95acd153d53dc14353359bdfb177ad
[2026-05-07T06:54:31.413Z INFO  baals::runtime] Transaction submitted: 
f3703420e266125e2d6d5c4e1563b1caec4b6e84fe53c889cfb0af40c45cc305
[2026-05-07T06:54:31.414Z INFO  baals::runtime] Transaction submitted: 
e870f1c38881c3a1e9a96ac78990c0c75c737e0d9eac477f23dba3eaeeb0e89b
[2026-05-07T06:54:31.414Z INFO  baals::runtime] Transaction submitted: 
e14f7c751457f08d24fd70a18028b44c05a1f2f98ce1b09b62ec3d8ad08d67a2
[2026-05-07T06:54:31.415Z INFO  baals::runtime] Transaction submitted: 
82ee87c2c2de82bd6436067184ec2c468cac5fc58b52db0479ef026f1a19a390
[2026-05-07T06:54:31.417Z INFO  baals::runtime] Transaction submitted: 
ebfc0835b7298eba758f3d7f3a65440bd8f764769d878c00d9f1d693cc54cba8
[2026-05-07T06:54:31.417Z INFO  baals::runtime] Transaction submitted: 
1a1665e1ef9dc7896c26cbc897c7cf427cb5a0dc78e493a05ba6475282def2c4
[2026-05-07T06:54:31.419Z INFO  baals::runtime] Transaction submitted: 
802742cbe1b0bd17a484df35c169a5534bb5fe6bbca67bcdfcf4874ed45e943e
[2026-05-07T06:54:31.422Z INFO  baals::runtime] Transaction submitted: 
848039c0eb80b224400fab2d3df8a052c373cfb0db31464acafc97305d9a8b4c
[2026-05-07T06:54:31.425Z INFO  baals::runtime] Transaction submitted: 
3124b4e65c5d33db47f8dbd7a1247c2d37dfaf30298070259def5096c058e3b0
[2026-05-07T06:54:31.426Z INFO  baals::runtime] Transaction submitted: 
660dd2a67f1b7a9ac38f531143d293d3200db0a3f853fa4307c2a57f4412f1c3
[2026-05-07T06:54:31.426Z INFO  baals::runtime] Transaction submitted: 
65e445b84b1af5967a7810f5cbb81b092da22401099743353733e7c2c588a6f7
[2026-05-07T06:54:31.427Z INFO  baals::runtime] Transaction submitted: 
ae42f754d88e6304e25b82d749ba645d8f39ec1fcc85b048fa70735a9946d43f
[2026-05-07T06:54:31.428Z INFO  baals::runtime] Transaction submitted: 
d28a96b7b1435873f6f1108b634239ccf631ddc55ce88c79f58a31b8f9f6551f
[2026-05-07T06:54:31.428Z INFO  baals::runtime] Transaction submitted: 
603a32878993637fa56ed30c44a40e28fa5ce9fd21be85d17b543ee1800cc317
[2026-05-07T06:54:31.430Z INFO  baals::runtime] Transaction submitted: 
acac4d3a28fcdf6dda1c5cc7203fd79cd49965951013527b2371657931c3a2ab
[2026-05-07T06:54:31.430Z INFO  baals::runtime] Transaction submitted: 
f1e35bbf1db86e7bf8dee0aaba07b9d92454a23a6d5a1020148ae96ecab8513b
[2026-05-07T06:54:31.433Z INFO  baals::runtime] Transaction submitted: 
a5d10bd2a5bb615dd8fdff8c1c48cf6dd46b899604adcb7fb47142d8c182c288
[2026-05-07T06:54:31.435Z INFO  baals::runtime] Transaction submitted: 
3ba79ab4c6c3bb773213b1739caccfba7fb190d6721cb18374c29feef31daa01
[2026-05-07T06:54:31.437Z INFO  baals::runtime] Transaction submitted: 
59a4d713f270a390bf3b6ecc77ef08e1e94961d2223137bfcccca50841b65b9a
[2026-05-07T06:54:31.438Z INFO  baals::runtime] Transaction submitted: 
798a7156c53b983c8368f52e4a2350dba4cd4d8b268ec735a9721c09a3dca0f0
[2026-05-07T06:54:31.438Z INFO  baals::runtime] Transaction submitted: 
0d639fe0e928295e13bb2860642e049a032caecd7e15fa07e679e862843cc587
[2026-05-07T06:54:31.439Z INFO  baals::runtime] Transaction submitted: 
1b512f1af433e5404d65f96ccfbf0bc092689beb6a7e6cb0e2f2c3d60a572390
[2026-05-07T06:54:31.440Z INFO  baals::runtime] Transaction submitted: 
4ef1af8056d2e358e84c52aae01eab0f851f0d780d0855f2ff402b9f37908bc4
[2026-05-07T06:54:31.442Z INFO  baals::runtime] Transaction submitted: 
30be9acc771b3203b74ee9b029f4c5f7b6ff2475753328382c7e77399f23a6f4
[2026-05-07T06:54:31.442Z INFO  baals::runtime] Transaction submitted: 
8eab1e7775db876dfd72fe6655cc997e17a4814fa70d111c7d40ba8ed5b90109
[2026-05-07T06:54:31.443Z INFO  baals::runtime] Transaction submitted: 
b63d51fa6304b51ac8c8037789743ae89d439432439d27ea886b2a0830c4b122
[2026-05-07T06:54:31.445Z INFO  baals::runtime] Transaction submitted: 
f5ba7ec7cb71c7a74040c19ed7c19c8c5327517c1c9ca4b4329b94ebd6ec64c8
[2026-05-07T06:54:31.447Z INFO  baals::runtime] Transaction submitted: 
b9b44ed587ffd49270db1b2632cb432df2e082684efdf39745f553698d77bc21
[2026-05-07T06:54:31.450Z INFO  baals::runtime] Transaction submitted: 
8db5366942f46312494a8b1e10876ad2ff3507904e807cf9ae1a3c446d791815
[2026-05-07T06:54:31.450Z INFO  baals::runtime] Transaction submitted: 
1800d98501f7c45d55b6177a158c6a3af79d2f2a2923be69d0b0c7a7f1f53b4b
[2026-05-07T06:54:31.450Z INFO  baals::runtime] Transaction submitted: 
a2d143c0b6982f4b8ae7de07b9efb8e06ac34503d7e42ca2b09b5f0060732ff8
[2026-05-07T06:54:31.451Z INFO  baals::runtime] Transaction submitted: 
7044dc116ea6280deff42d265231e95c6b321114ffbd896b30a47d91ebd8aae0
[2026-05-07T06:54:31.452Z INFO  baals::runtime] Transaction submitted: 
4d84db4d22b0c90ca7c77f8a6998de5c95ec03c8f03afb7039040c84e0393441
[2026-05-07T06:54:31.455Z INFO  baals::runtime] Transaction submitted: 
96abf300eaf915f4ffcf03ee116dd23c32fee3d2d8b9f1ec6e895507fd09b518
[2026-05-07T06:54:31.455Z INFO  baals::runtime] Transaction submitted: 
59ddf1f07b3b6a408ac9ee7b491cb598d10cb83bf6d312b486e954a65480ff73
[2026-05-07T06:54:31.455Z INFO  baals::runtime] Transaction submitted: 
5695f6356f05774ca9ee229e75977a9d373f13ba687af2c1acd353c9f95fbfd2
[2026-05-07T06:54:31.456Z INFO  baals::runtime] Transaction submitted: 
e3d51aa0a257a4d62204cb261f1384ed7666c149f09c023b8b3648d2df7d3c4b
[2026-05-07T06:54:31.460Z INFO  baals::runtime] Transaction submitted: 
9cb85b3bdaa9f2d1c29046d6073e649f445b2dbbee209d20eb780e81e47e27bf
[2026-05-07T06:54:31.460Z INFO  baals::runtime] Transaction submitted: 
27dfecdd03d71a2a76ad449314ff540553377eff74cf039f3dace5e2c28517d3
[2026-05-07T06:54:31.461Z INFO  baals::runtime] Transaction submitted: 
14ab378c2c8cf1205298f12e747ac2208aae7d2b6f97cc65edc1006ff6e444bb
[2026-05-07T06:54:31.463Z INFO  baals::runtime] Transaction submitted: 
ed6f1f6369a5bc22b2b2de7ebd1d5256f5a5cb680500e969818daec91de5eb28
[2026-05-07T06:54:31.464Z INFO  baals::runtime] Transaction submitted: 
184dc6ca6b95c6d58e2ef688fcfa5407be156f242791a08953cabd2c78ab5edd
[2026-05-07T06:54:31.467Z INFO  baals::runtime] Transaction submitted: 
97202f74f8e2c26c462b66f8c51290f766e851cff364cc21652f5cabfbb82b48
[2026-05-07T06:54:31.467Z INFO  baals::runtime] Transaction submitted: 
d3d9e4432baeb402f341813f5af1f637336ccb94eb8a62c7454a8cf3a62125e5
[2026-05-07T06:54:31.469Z INFO  baals::runtime] Transaction submitted: 
3d1bb88dc905bd6d554dfbf9d8eda32a76cf2ed8961e8fd7998e87345a7e10ce
[2026-05-07T06:54:31.469Z INFO  baals::runtime] Transaction submitted: 
19fe37b9c3ba7e2026bbcfb65fab67c8cd5ef061eca84c91fceb7f4273282f91
[2026-05-07T06:54:31.469Z INFO  baals::runtime] Transaction submitted: 
29aaeeb8224268209bbea42790f0b8b9d7618d6b9ddc62b578246f9c446bb5fc
[2026-05-07T06:54:31.472Z INFO  baals::runtime] Transaction submitted: 
e10ebb0935f4a6cc8c3c73d1a0427b85a97d9d6188fe9b08fe13cac7dec2d98d
[2026-05-07T06:54:31.472Z INFO  baals::runtime] Transaction submitted: 
c9048cec87139f24ea93b3bc205f7c8bbb48e261e62a465a5c7926472af4e818
[2026-05-07T06:54:31.472Z INFO  baals::runtime] Transaction submitted: 
4b150fa188c9562b57c89108b62596b0f0b3b21b9d73b8ad3c76c203c6d34a0e
[2026-05-07T06:54:31.473Z INFO  baals::runtime] Transaction submitted: 
fdfe0732eeb6a709ea4f9f62b2b68b3c13b27ce50251176d425d83eef1542437
[2026-05-07T06:54:31.474Z INFO  baals::runtime] Transaction submitted: 
b914daab2bc80048b81439937e1ded2f66e5373b3baceee24b61e537e1602af6
[2026-05-07T06:54:31.480Z INFO  baals::runtime] Transaction submitted: 
acee49b5dd3d3e463f8dfeae5b4f9967e32ddd9e9bb89ed6d63484b743051fc6
[2026-05-07T06:54:31.480Z INFO  baals::runtime] Transaction submitted: 
ffe53913f3b24bae146527ff0071dcf167b8dc089a13c8759396cc2773c18f32
[2026-05-07T06:54:31.481Z INFO  baals::runtime] Transaction submitted: 
dbd4b2e7260861076d17faeb2efd22f9ef8296d8cc8f95025489fe91f7e47ecf
[2026-05-07T06:54:31.481Z INFO  baals::runtime] Transaction submitted: 
e89691359f6e3c9e70bf1722108e8756f65674298fe4660316a6940804a2674e
[2026-05-07T06:54:31.481Z INFO  baals::runtime] Transaction submitted: 
701f80d795d79caf9bb8b3aafc8bd2262589378bcecf275652b55b2dc4043c8f
[2026-05-07T06:54:31.484Z INFO  baals::runtime] Transaction submitted: 
a44e013d09ce84b9354439fc03ed138505fd0a7683cb3d59c9c760c05557a287
[2026-05-07T06:54:31.484Z INFO  baals::runtime] Transaction submitted: 
457655bf2e3935455f9ad0c073a20f0ded8c523a0da17c8937801ebd42c175ea
[2026-05-07T06:54:31.485Z INFO  baals::runtime] Transaction submitted: 
3d3b83c22a2711376e9d958c28d3d14f71577a8ddcd6b4a73ad449fb30c93ea0
[2026-05-07T06:54:31.487Z INFO  baals::runtime] Transaction submitted: 
34e78045da19be41a9a2cd4695c384b149d40e4ddeb9b3c75e7023c824915b9f
[2026-05-07T06:54:31.487Z INFO  baals::runtime] Transaction submitted: 
3c4e41fadd00ef17d8d7f8f7d96263b73c0dfe591e2644db51dc11fc5e5ef4ea
[2026-05-07T06:54:31.487Z INFO  baals::runtime] Transaction submitted: 
663330e7a9c25334028782ad3b1ab73b8354a145336d68bd82185498e0c3ca28
[2026-05-07T06:54:31.492Z INFO  baals::runtime] Transaction submitted: 
3018163d05ab8bc299cb3be1f17b4f7746db63edf416740272f65d51ff11b802
[2026-05-07T06:54:31.494Z INFO  baals::runtime] Transaction submitted: 
439f2e4c47b015916a2ee8ddfbc5d835ad8ffe7e5a809be889e4710bfb5be638
[2026-05-07T06:54:31.494Z INFO  baals::runtime] Transaction submitted: 
4f61e966181234163477a11ea3afd39c2b2b8912a885a2c08049bc236971e009
[2026-05-07T06:54:31.495Z INFO  baals::runtime] Transaction submitted: 
691c0e0b1a9dfbc340dc048649ba1d7c7692b278a26df5882d8125fcdd3afc38
[2026-05-07T06:54:31.495Z INFO  baals::runtime] Transaction submitted: 
58f65f170b6defbac8d1e4f87c21b3e206c43af9a0a0cd1e6f5353958480756c
[2026-05-07T06:54:31.496Z INFO  baals::runtime] Transaction submitted: 
8628b3d47964009f76ebc630994eb6df9994bd63140ce0cb055cf36e470963c8
[2026-05-07T06:54:31.497Z INFO  baals::runtime] Transaction submitted: 
045681984dc1434bc5030aaa60bb5110e4536246f2915d2d72155eafb6a58401
[2026-05-07T06:54:31.499Z INFO  baals::runtime] Transaction submitted: 
63dea9db6ddd422bf1a5eae5aa1047db04de766bc5d6a0ab8c720f76798af6c0
[2026-05-07T06:54:31.500Z INFO  baals::runtime] Transaction submitted: 
47f5a24ca479ee13f4ecf06b93fece7bd2efa5ee0ec55ae80ad22ddc9cff7cb3
[2026-05-07T06:54:31.500Z INFO  baals::runtime] Transaction submitted: 
1cb04949db0aa6785547cbd9469633bbe6c4891b7fba6453c51446c93f53ec3e
[2026-05-07T06:54:31.502Z INFO  baals::runtime] Transaction submitted: 
82fd4e307c2a4eb758c10a2dc64abbcf5995aa1f46c52b717339dd3ee331038a
[2026-05-07T06:54:31.504Z INFO  baals::runtime] Transaction submitted: 
065646a67438636deb9cb02748cf9c867dcc35ad263ee4092241e5fdb1c9e5b7
[2026-05-07T06:54:31.506Z INFO  baals::runtime] Transaction submitted: 
3f0251b050f07785b5954c6a98f07bc6e362c7aa723402c9cc0acd19fad2d98d
[2026-05-07T06:54:31.508Z INFO  baals::runtime] Transaction submitted: 
6fd722a90f0b9faf54911ba505ffdbf8a829d505589600092b372adb1027b6b1
[2026-05-07T06:54:31.508Z INFO  baals::runtime] Transaction submitted: 
a6f937dde96468cfc5d55f8653b2b41b1521364ed593f84f3c43897abb7897f4
[2026-05-07T06:54:31.509Z INFO  baals::runtime] Transaction submitted: 
cf856d5c9309eeb07cdc0ef4f9b2319a841d435521de5f2fa8eef523ef75b562
[2026-05-07T06:54:31.509Z INFO  baals::runtime] Transaction submitted: 
ee2c9bf52a3cb81ccc61410d6a18f53a7e62c49ae7a2b2e55f9a578fd8b4f3e0
[2026-05-07T06:54:31.510Z INFO  baals::runtime] Transaction submitted: 
87cc00c6565689b0c7199c5761726af4d5cd59db6d0aa9f27e534c76eea2c73a
[2026-05-07T06:54:31.512Z INFO  baals::runtime] Transaction submitted: 
0612a0f3363307c16756060117bc7cad7b15ee1dd72f4ea68e716703b47162f2
[2026-05-07T06:54:31.512Z INFO  baals::runtime] Transaction submitted: 
78f3db6b044c2ef503c6d5771364fd8e307edae95a832f406babe5f7a8aad042
[2026-05-07T06:54:31.512Z INFO  baals::runtime] Transaction submitted: 
e0aa7e40a7e84e57c63e6e4c0e3030d3d7f868df8903cbec54bb5cb14b2c113e
[2026-05-07T06:54:31.516Z INFO  baals::runtime] Transaction submitted: 
0d8cf5d06418e0ebf5b9b7eaa7cd06e0dcca02a68fdfec10d0296d98671dcb0b
[2026-05-07T06:54:31.518Z INFO  baals::runtime] Transaction submitted: 
62e756e2f0a6e9f02270379937d581a22c7b201a9a3aa3b0e3bc2b1b1927ac09
[2026-05-07T06:54:31.521Z INFO  baals::runtime] Transaction submitted: 
665f4875d0e8422cf9318aa9eb436070f6af1809e43569ffec9afc15e1461da5
[2026-05-07T06:54:31.522Z INFO  baals::runtime] Transaction submitted: 
86c20b55837b7784c9b0ce27d9359e7792b5d03cb2995d6295c0e529ba740b10
[2026-05-07T06:54:31.522Z INFO  baals::runtime] Transaction submitted: 
647d3230c6130f87e086e4e8f6ecc6399a2aee593e64cbee0fc31154744ad98b
[2026-05-07T06:54:31.522Z INFO  baals::runtime] Transaction submitted: 
788f0842cd80f2d93502a915e70aa656d58e98248effa5b852596f0e0abacb0a
[2026-05-07T06:54:31.523Z INFO  baals::runtime] Transaction submitted: 
57f75ca4ceb93fbf9597e21f86f34471d19528a9fa350b287c7206f79f277934
[2026-05-07T06:54:31.525Z INFO  baals::runtime] Transaction submitted: 
64f338de7500aba090450ad7057bc28023a821e88ef87acd3e710e30bac4bd4e
[2026-05-07T06:54:31.526Z INFO  baals::runtime] Transaction submitted: 
8018ca140ecceefe7e58c65f44e86ee8041d05eb0a1a0dea9672e6114ffddc51
[2026-05-07T06:54:31.526Z INFO  baals::runtime] Transaction submitted: 
02ab4e2d9604110978d9fa3453ca2fb0ace52b6da96527ac65f84c82d1435945
[2026-05-07T06:54:31.526Z INFO  baals::runtime] Transaction submitted: 
26a7c7902539f85f93d6f8680cf7497c6c6c88c5ec4a0922f1501b8cdc5f442f
[2026-05-07T06:54:31.530Z INFO  baals::runtime] Transaction submitted: 
5993dc79c544d91b281ae8d382f6f5fbfd937a4a7c6b468715175a9c8129b971
[2026-05-07T06:54:31.533Z INFO  baals::runtime] Transaction submitted: 
3839c86a3d4af2ffc643f66fa29e13c66fd069fc0821416a9337b0b82374712c
[2026-05-07T06:54:31.534Z INFO  baals::runtime] Transaction submitted: 
336d790a9fb3f5cd842ef6d2912574181e10c041285b45ca0e45915c51b579ff
[2026-05-07T06:54:31.534Z INFO  baals::runtime] Transaction submitted: 
5e7e90a87ae3b6ec749447619bf1c6d1c76c053b5f08efd7ca74a58f962ca0d2
[2026-05-07T06:54:31.534Z INFO  baals::runtime] Transaction submitted: 
71753a90b4333decfe80d225fa1635d590def542d5ecdba317b641544925a4a6
[2026-05-07T06:54:31.536Z INFO  baals::runtime] Transaction submitted: 
7fc17e4039855662e1e4b017f174a5673ec76d664bd0f5989fb6e7150801baf4
[2026-05-07T06:54:31.536Z INFO  baals::runtime] Transaction submitted: 
470d04e1e2728889cb377c2f77eed5d635f30bf0d6f2929419ea2df6a07656dc
[2026-05-07T06:54:31.536Z INFO  baals::runtime] Transaction submitted: 
1ebbcba4ab404786ff5238a6d8a86482bf08047fd69bd539934ad209db32d2dc
[2026-05-07T06:54:31.538Z INFO  baals::runtime] Transaction submitted: 
bed30a99a431e5d12ef8fc672b50e46fb4da5e5da91405ce78a2d4c1cadfee6b
[2026-05-07T06:54:31.538Z INFO  baals::runtime] Transaction submitted: 
bb7899c037dbc376cf8791c3d56c814ac63d6176f29e66d7cd8fe6e4e77ca6b9
[2026-05-07T06:54:31.538Z INFO  baals::runtime] Transaction submitted: 
57c9cced72570c51d848870dc34f50e881674c995191855d540afb5f453a448d
[2026-05-07T06:54:31.542Z INFO  baals::runtime] Transaction submitted: 
fd62130a96f57143fba7b02a57f606448365c4add0d2d87b4b3b6e7dc50e2627
[2026-05-07T06:54:31.546Z INFO  baals::runtime] Transaction submitted: 
81c78e7a9f7134be9e1d0b3619b66f6201633cb8b6a37d7fbb8270c513b7a61a
[2026-05-07T06:54:31.546Z INFO  baals::runtime] Transaction submitted: 
2fb0548ef0cead86c7c70052becd3dd0a8eee56ca90955aff0b6b600fd452dcd
[2026-05-07T06:54:31.548Z INFO  baals::runtime] Transaction submitted: 
ea595dfd0d903a36c05ab9201df7735b017cc2e4a2b25a66349ca60636522074
[2026-05-07T06:54:31.549Z INFO  baals::runtime] Transaction submitted: 
32cda8aaa6306de284f6e215d54b0443236890648fbfaec16f5d4f785c2525bf
[2026-05-07T06:54:31.549Z INFO  baals::runtime] Transaction submitted: 
ca0763668da7a591c7e26a7d9f74f12fb724e12ba08c36897a29892d3be90615
[2026-05-07T06:54:31.550Z INFO  baals::runtime] Transaction submitted: 
fe939397b6c1379ae35d8fe91b83ebb9eb3cae2b2760995e13bfd9f90ed1a12f
[2026-05-07T06:54:31.551Z INFO  baals::runtime] Transaction submitted: 
62115ac7abf6e5dc7af39eaa6c00844d4e44d70ba3b3dfe155d699d5f604f4b6
[2026-05-07T06:54:31.551Z INFO  baals::runtime] Transaction submitted: 
fddc42fbbe019900b17c5fdbbebfbfeaa82595a71f07f99b8ef26dabe59e2f82
[2026-05-07T06:54:31.551Z INFO  baals::runtime] Transaction submitted: 
0090a6274fac53c988f319cc394388d2f59849525bf6368170c5f17832e2caa3
[2026-05-07T06:54:31.552Z INFO  baals::runtime] Transaction submitted: 
d7b3d832ad1e051b4b8221449e26e6275c3c99dd9ee35f8054eb636d848f4693
[2026-05-07T06:54:31.558Z INFO  baals::runtime] Transaction submitted: 
ad01c74774045500f4d88969d6181c3b78e945412a3c5aef4d7e1befe078cd2f
[2026-05-07T06:54:31.559Z INFO  baals::runtime] Transaction submitted: 
463abd9afc800821c20583dc84d2736ae11f84f003e14508ab0f3b1dd2c4f88a
[2026-05-07T06:54:31.560Z INFO  baals::runtime] Transaction submitted: 
fa9f8501e56a336ca2f6747416e4bcf5b7e032557826c3fd74644460caa8408f
[2026-05-07T06:54:31.561Z INFO  baals::runtime] Transaction submitted: 
09bdee9b00eb196f97a989019ad089a9b41e3256ed02d5e8f8efc38eab44d608
[2026-05-07T06:54:31.561Z INFO  baals::runtime] Transaction submitted: 
a319fa84db0916addf6694261295c781e6f01f46a6b2d2551177ca096bcec447
[2026-05-07T06:54:31.562Z INFO  baals::runtime] Transaction submitted: 
3d48246177730c2327a141802dbcea1abb588274c6fbbf76378be4850b656342
[2026-05-07T06:54:31.563Z INFO  baals::runtime] Transaction submitted: 
00eacfdb841d1f2f8a55fa94d029dedd7491286b60229c5c78faeff207dcc864
[2026-05-07T06:54:31.563Z INFO  baals::runtime] Transaction submitted: 
f0aeabb337c693a55f9b0390ee478045ac946328295a49b800f46cc7ef625cb4
[2026-05-07T06:54:31.564Z INFO  baals::runtime] Transaction submitted: 
b7d997734e03ce6dad9cdd5588ed796809771088b58411b1a348f915af07e1bb
[2026-05-07T06:54:31.565Z INFO  baals::runtime] Transaction submitted: 
85bb06bd11965757cb757ccd67cd67c7deb860bb87ad24e6bddf1c27b30e0a16
[2026-05-07T06:54:31.568Z INFO  baals::runtime] Transaction submitted: 
04fe4ba351323f37468c54bbdb5ecce58cc462c4c259f00753795a0cbedb40dc
[2026-05-07T06:54:31.570Z INFO  baals::runtime] Transaction submitted: 
24a0d5813aa691a165fc3ac2ad9cc01018b7a97f5bda6f64f3c57bd1a0bf1e7d
[2026-05-07T06:54:31.571Z INFO  baals::runtime] Transaction submitted: 
9ebff59324ce47ee5365e9b51b0b440892f5ca68f496d9d9405070b6a12b21ce
[2026-05-07T06:54:31.571Z INFO  baals::runtime] Transaction submitted: 
159aeb5734e86a8003b64b9fef0e6413f8195bac92a4b663450a74bd991991b1
[2026-05-07T06:54:31.573Z INFO  baals::runtime] Transaction submitted: 
3b3e0996f33b7320ae69641ccaf94a168eaa1a3bef0686aa67d1521f6e5d8e46
[2026-05-07T06:54:31.574Z INFO  baals::runtime] Transaction submitted: 
4d8fcb3d4625ed55bf419043126b6e48c0a08004b538068a4fdbce885d237538
[2026-05-07T06:54:31.575Z INFO  baals::runtime] Transaction submitted: 
48a3daeb0ba0d81f62dab76c3c9605f937893c8029f36c961d78399cd9abc316
[2026-05-07T06:54:31.575Z INFO  baals::runtime] Transaction submitted: 
89122ff1f607af8ec6da29ea5c18723b5811bfc7597082933a392953728d83c4
[2026-05-07T06:54:31.576Z INFO  baals::runtime] Transaction submitted: 
cc7b0934fdb73c3648525612439d46b68baf9b3db766e0aaedd422f4451ac4bd
[2026-05-07T06:54:31.578Z INFO  baals::runtime] Transaction submitted: 
68d58fbf14c9ab8de434461db388eab3c40a52d0e5c0addea9acd3f707175aef
[2026-05-07T06:54:31.579Z INFO  baals::runtime] Transaction submitted: 
0444a1a6306dbd86a676a6af686927df0c763020fb30278173c68da41d11de2f
[2026-05-07T06:54:31.581Z INFO  baals::runtime] Transaction submitted: 
42fe939dbaa2d7452b72b83310f1d8a45765a1e23cbf7ddc521791c4c9da2728
[2026-05-07T06:54:31.583Z INFO  baals::runtime] Transaction submitted: 
e7f375010dcb496533a7fb9e2ea4817d9d4c7cf33a37293efeab4847450f8e3d
[2026-05-07T06:54:31.583Z INFO  baals::runtime] Transaction submitted: 
cfd1907b52dd1e255b739b0b547f72bc2f39e839a1520b6b3ed0a5c9d70fbfc2
[2026-05-07T06:54:31.585Z INFO  baals::runtime] Transaction submitted: 
c1135e84e970cd7b610aa65353606ffecf8fa3e886c681e59232b744efb595e9
[2026-05-07T06:54:31.585Z INFO  baals::runtime] Transaction submitted: 
089f054c32c005ea8539f0928ef441a6413a78e9564b704b38bbabfb1ab29a12
[2026-05-07T06:54:31.587Z INFO  baals::runtime] Transaction submitted: 
3932f724b3565190c61a759ce3ed69fb2b3d20609171cde2c62a3cf44aeb4eb7
[2026-05-07T06:54:31.588Z INFO  baals::runtime] Transaction submitted: 
0d2641dda8245cc5c7346a442b08000e3f8490508690f524bcf7df8ffc0ed9be
[2026-05-07T06:54:31.588Z INFO  baals::runtime] Transaction submitted: 
bf8c4b75d272b009c7f8e53593dc03b5914e1bd2481f6faf5ea497a379b12dd6
[2026-05-07T06:54:31.590Z INFO  baals::runtime] Transaction submitted: 
53c186f81a88d58fd3e9e6733f4a6793b2cb2852438e2b9412a39af7a214e31e
[2026-05-07T06:54:31.592Z INFO  baals::runtime] Transaction submitted: 
c0335d8c17c8ef2f9fec4f063b7c24113a8e796baaac9698c57be92bd929e1b2
[2026-05-07T06:54:31.593Z INFO  baals::runtime] Transaction submitted: 
25fa898cf46bfd87065a8b130c2b5654406ac43c37058fc01c59de90307a3805
[2026-05-07T06:54:31.595Z INFO  baals::runtime] Transaction submitted: 
c8e532c5151fc713b432e332a11fafeca0ce9e28f1ea8f8c3c9b0e976ab48c69
[2026-05-07T06:54:31.596Z INFO  baals::runtime] Transaction submitted: 
befe663c50a0fd437cb35f6ad23ae267b42a3fd0dd5052374eaeb8216af0a86b
[2026-05-07T06:54:31.598Z INFO  baals::runtime] Transaction submitted: 
cd333daa40fed386ba2532ecd3a56633ce6a594a3a733ed919d3dd29fd4be508
[2026-05-07T06:54:31.599Z INFO  baals::runtime] Transaction submitted: 
9a29e88197d89a68ec1c610f021cebfb1e87e94b54108bcd01aa5220f53af4d2
[2026-05-07T06:54:31.599Z INFO  baals::runtime] Transaction submitted: 
83aab74e05c099fe94bb1f18297b0f563b497a3ff4ae203190353b318a5d3c74
[2026-05-07T06:54:31.599Z INFO  baals::runtime] Transaction submitted: 
afe14aef407718600deebfab67599e918aebd94692a6db35c201a4171e55308c
[2026-05-07T06:54:31.600Z INFO  baals::runtime] Transaction submitted: 
186ac7766ced882e3e10b5b3a25d1620f581009a025e4152935b6ea4ef48d376
[2026-05-07T06:54:31.601Z INFO  baals::runtime] Transaction submitted: 
8f482fb9a3ab14f1d73500d002f2d9276c0de43027cae72fe6ef9e7c54938c39
[2026-05-07T06:54:31.602Z INFO  baals::runtime] Transaction submitted: 
22ac25f9e538cfe9d842042da5e27f1d9868d2b1568a3453a5e036dc11405ddf
[2026-05-07T06:54:31.604Z INFO  baals::runtime] Transaction submitted: 
9b7cafe46889db733818086bd53622e606872527372fdf1c3d7bdf9f5de82638
[2026-05-07T06:54:31.605Z INFO  baals::runtime] Transaction submitted: 
bae63ffd8cc1b1168d3ef2aa420a3858ee416c010e3b950cd62ddb35239f6b46
[2026-05-07T06:54:31.608Z INFO  baals::runtime] Transaction submitted: 
4bc0fc75608a3fadd6ffec29a7f48a7eaf1d8eb7b54ac7806a8822c49021fee8
[2026-05-07T06:54:31.612Z INFO  baals::runtime] Transaction submitted: 
2390e3c9fe330f113c78d19447f48a33704f5eab8b329477282900e50b5b427d
[2026-05-07T06:54:31.612Z INFO  baals::runtime] Transaction submitted: 
6ed90325311322fbee820d0744b6b69d1e2045c2656e9c6694990c0287f7f0f2
[2026-05-07T06:54:31.612Z INFO  baals::runtime] Transaction submitted: 
bdb71c24a2c54b2c7f7a6a18caa8c3db2cf9d98ac6fea69ba750bdf2bf4ddf46
[2026-05-07T06:54:31.613Z INFO  baals::runtime] Transaction submitted: 
96eb7f17e6dc3470639aac08661456e758a053d5bdbda2c19505ec7fa0adb441
[2026-05-07T06:54:31.613Z INFO  baals::runtime] Transaction submitted: 
44838a12609b068ce67530b4529326013d6662a3a6a52bb0af13405d90224833
[2026-05-07T06:54:31.613Z INFO  baals::runtime] Transaction submitted: 
b00cd33b78234f7e29848670bcb3cd7a3ea5bdc7d78e8f9b61e83cc0b567bb42
[2026-05-07T06:54:31.614Z INFO  baals::runtime] Transaction submitted: 
0bdad9551776132ef5d6ee833c3b6542fe44e7d12ac0965227801da8f45f52b6
[2026-05-07T06:54:31.614Z INFO  baals::runtime] Transaction submitted: 
74538fd99675a53786e63fe120b45f54c342c5ebc900fa8da1730ffae33179bb
[2026-05-07T06:54:31.617Z INFO  baals::runtime] Transaction submitted: 
e352b39251a285c7d075509722181c8ae02e076d342a55fffdaddbd6c1de7e93
[2026-05-07T06:54:31.617Z INFO  baals::runtime] Transaction submitted: 
6223b5ac685202056b4eb24c3c43bd6a26e5028e14fd473f9532ac9d4ad8c0fc
[2026-05-07T06:54:31.622Z INFO  baals::runtime] Transaction submitted: 
c47378bd3b704e257c8eba3d458b8bd5997a0d098bdc6eee33af1d6e014e0f34
[2026-05-07T06:54:31.624Z INFO  baals::runtime] Transaction submitted: 
f6e44263f82a30d6f271f8fc273617bd8cf64c67707f1e94918d62ef21615bf6
[2026-05-07T06:54:31.624Z INFO  baals::runtime] Transaction submitted: 
83d1a1c193afd5183521ccb085651f62ae237e6eb08c0c19cfe37f4ebdf4e044
[2026-05-07T06:54:31.625Z INFO  baals::runtime] Transaction submitted: 
344715ae54a5bbc436f77b885fff5d20a95a5555f1661ddd327d9eec17618d2f
[2026-05-07T06:54:31.625Z INFO  baals::runtime] Transaction submitted: 
a8a470586a17e741a543ab16c933e2f4eb5b0795227d49331dfd6272df5b0aaa
[2026-05-07T06:54:31.626Z INFO  baals::runtime] Transaction submitted: 
ec7fbdb02e123dcb74d9722ca629de031719df8daf5c45f44dd536e88f11de8c
[2026-05-07T06:54:31.626Z INFO  baals::runtime] Transaction submitted: 
c70ee0c2a0ca31867205cc1ae82e9bd5c030f30d38d6a240ad0319ddc55e0e0e
[2026-05-07T06:54:31.627Z INFO  baals::runtime] Transaction submitted: 
f5cd6f3093cdadc558ded5d56c5a350c0056665f4ae46fb803a03d674d12760d
[2026-05-07T06:54:31.627Z INFO  baals::runtime] Transaction submitted: 
3f4447c4e752b3d86878741209a3373f77f3eab1576695c66a9553bfeaf50dc7
[2026-05-07T06:54:31.629Z INFO  baals::runtime] Transaction submitted: 
50835b101e30589158a47202f98ace69d21a6e9bc6ccb24f413644d491e7f304
[2026-05-07T06:54:31.630Z INFO  baals::runtime] Transaction submitted: 
710ef17058cf2a0cca260397c7d1563b5af67b82625d771ba28bcd45d45b48a4
[2026-05-07T06:54:31.635Z INFO  baals::runtime] Transaction submitted: 
d40b7800abc54fcfdc41df38b86233498f3f8f736ae6f8cb4ae4e4d03fa8baa4
[2026-05-07T06:54:31.637Z INFO  baals::runtime] Transaction submitted: 
774b7c4bf64a8831f20b71ef8e3b67969602aa405adbec78e5083ed176726330
[2026-05-07T06:54:31.637Z INFO  baals::runtime] Transaction submitted: 
5cf6bd8eb60b442d518e4c3c366ff9b2e65a8304732f4de964298e9aac9a5309
[2026-05-07T06:54:31.639Z INFO  baals::runtime] Transaction submitted: 
a3ad991b5b1bce44daa3f4ed8de909d77c743bd1e34d60e94251a36376697982
[2026-05-07T06:54:31.639Z INFO  baals::runtime] Transaction submitted: 
c2d716598f80db49ed8d5bff9733d9d14601486156c88ffaedf27171f8d0cce6
[2026-05-07T06:54:31.639Z INFO  baals::runtime] Transaction submitted: 
90c92b1a368053c79b5395b869c3ddbd90ea2dd21d086f748a39d1ae3de5003c
[2026-05-07T06:54:31.639Z INFO  baals::runtime] Transaction submitted: 
e1bc045ffc05787ef35097442045e66cb3a0bc9f1a876d397e56a163ffe23a07
[2026-05-07T06:54:31.641Z INFO  baals::runtime] Transaction submitted: 
dede8f90ea2314f608860f7f4b14799dcf8ed69a929f74719a4469eca5394307
[2026-05-07T06:54:31.641Z INFO  baals::runtime] Transaction submitted: 
728bbfed87fb7cee568c2bbf2f951212969e45888098c631fad05ba6d573ad52
[2026-05-07T06:54:31.642Z INFO  baals::runtime] Transaction submitted: 
fa9ca881bcae5e0e8a705b38916487f368a10df80da6babddce96d1e75bcab7e
[2026-05-07T06:54:31.644Z INFO  baals::runtime] Transaction submitted: 
f0678377453cae60288b81be651096fadc94eac0fba2a7310b5c88394dda50c0
[2026-05-07T06:54:31.649Z INFO  baals::runtime] Transaction submitted: 
11c404db150c2c37e1f6e7e5732640bec2a022e75283a0cde2d015ce833572c4
[2026-05-07T06:54:31.650Z INFO  baals::runtime] Transaction submitted: 
310a94728ca960bcdc544808aa06987f49faa054e6c782852069cbbcdbb64d90
[2026-05-07T06:54:31.650Z INFO  baals::runtime] Transaction submitted: 
ac8e6e8a43633c258cc70081f71db13419e22845f8c424309c1236dc1eedee48
[2026-05-07T06:54:31.650Z INFO  baals::runtime] Transaction submitted: 
9631e60801c20f3d05a01628f3763b6c8bdcd0dcab0ece51d3378cf8383b41ad
[2026-05-07T06:54:31.652Z INFO  baals::runtime] Transaction submitted: 
b65a20ebb7e92dfa62c91b484164c000479fad2acd722180e5eec6cba1147965
[2026-05-07T06:54:31.653Z INFO  baals::runtime] Transaction submitted: 
3624f4927d0b66638363f6c18eed9064c8a49afd7d51fd9526b529463de10a91
[2026-05-07T06:54:31.654Z INFO  baals::runtime] Transaction submitted: 
693ff41d4dde5f36c5ac6b3e31000dc2855edb0113ec49917b3498fd8f99a2c7
[2026-05-07T06:54:31.654Z INFO  baals::runtime] Transaction submitted: 
1ec723bd407403f1583b639783c63081d72aeecc6b9c795b9a5030ad5c92fa8d
[2026-05-07T06:54:31.654Z INFO  baals::runtime] Transaction submitted: 
96f01fca6193f03470d77b590be9022e9cca56178614f17bdea5e7682214fd92
[2026-05-07T06:54:31.656Z INFO  baals::runtime] Transaction submitted: 
7b0fd5792986d9cf2a6adc05ad2755167fe6c7e6bfdf22c43c288993f5c90d6d
[2026-05-07T06:54:31.658Z INFO  baals::runtime] Transaction submitted: 
4acaf4d27fdaadb48ac7cdb55e67cdf4d292915cbd9fcdb810cac8320352886f
[2026-05-07T06:54:31.662Z INFO  baals::runtime] Transaction submitted: 
06bc9b3c462507a2172ca40f5e8a7d5bb1b13427b5c1e341a2421dc5d936baab
[2026-05-07T06:54:31.663Z INFO  baals::runtime] Transaction submitted: 
94f40bfc7a69f135878c7faeefb64afea9eaa58b8ec190f3d094a01980a7c556
[2026-05-07T06:54:31.664Z INFO  baals::runtime] Transaction submitted: 
e2bacc58a55d841e4dd8335cd46c7f58cb07ce7e6197668d188aa1a9b3047b31
[2026-05-07T06:54:31.665Z INFO  baals::runtime] Transaction submitted: 
fa4c89b66490a73778aeba38ef49da5b1371b5e09836b043b65d2955841b9228
[2026-05-07T06:54:31.666Z INFO  baals::runtime] Transaction submitted: 
a7c6466afa4b9ac7fea2b1f4ecfc57f1907035edaf8d7f5365c3bb4b5019014a
[2026-05-07T06:54:31.667Z INFO  baals::runtime] Transaction submitted: 
a4fa22c80504bc88000754601cdbf8a38e388f964f7d4b6dfa51a14065dfe13f
[2026-05-07T06:54:31.667Z INFO  baals::runtime] Transaction submitted: 
aaac75e306baf2da751ebaba084c9c95fd61f86253ed28bce0203f657b11eb47
[2026-05-07T06:54:31.667Z INFO  baals::runtime] Transaction submitted: 
89e3831da2d0a4cf698193bcc357f9e52ce5197c1f6efdd4da0c413d3c8c0584
[2026-05-07T06:54:31.667Z INFO  baals::runtime] Transaction submitted: 
31f7e1a63838d23b648d01d7138b54bae0a2c3133dd15b9339675249dbe9a744
[2026-05-07T06:54:31.669Z INFO  baals::runtime] Transaction submitted: 
e0c9e3cd5167c8a9eb0780c786b6f3ebb31a61814d076c62de6ea66af4a44a51
[2026-05-07T06:54:31.670Z INFO  baals::runtime] Transaction submitted: 
2d8b21647af84d1d949175f44058c78faf70dde6fb634ad6e111e4e3070e9e93
[2026-05-07T06:54:31.674Z INFO  baals::runtime] Transaction submitted: 
562542741270795900a58d9d276ed5d21156b44075a11f9fb8c8ee67989e246b
[2026-05-07T06:54:31.676Z INFO  baals::runtime] Transaction submitted: 
1836a2e93241ee5e75073fabd575ba8b45b0718e9d67271e2b8794082ad774ef
[2026-05-07T06:54:31.676Z INFO  baals::runtime] Transaction submitted: 
40ced0af1d2e3ea014ba7a09ebd04b9d95cdc01d620a9090e08be6910002befc
[2026-05-07T06:54:31.678Z INFO  baals::runtime] Transaction submitted: 
ee7f258e1179e13f7403154c840c29734a5e57a57c8b9a5d9c31e2fd97b86bdf
[2026-05-07T06:54:31.678Z INFO  baals::runtime] Transaction submitted: 
0ad9dc4259eac8643b5501078b1df22ffd6487dcda8abb07588a1f76fd12bfbd
[2026-05-07T06:54:31.679Z INFO  baals::runtime] Transaction submitted: 
65e9f452a34b589b37676bc6d52746d177fb2a36098782277357afcfb07678cf
[2026-05-07T06:54:31.680Z INFO  baals::runtime] Transaction submitted: 
87cda102b27f18d9c536997c24a9c92e29d73cc8fd1af2b10623c0a7b91a847a
[2026-05-07T06:54:31.680Z INFO  baals::runtime] Transaction submitted: 
b867fb2bd51b95bd47e7d4a2df185c6f785568ec29091453d4635006faacb359
[2026-05-07T06:54:31.681Z INFO  baals::runtime] Transaction submitted: 
0a57ff91d303af09847de3018b2dec3b9049bc81eb7603b4b645b47faca73c99
[2026-05-07T06:54:31.684Z INFO  baals::runtime] Transaction submitted: 
b07eeca1f23b6cc3c6e94b135a7fbff1cf2adc0d9cd90f18185a8a7b1f849dc2
[2026-05-07T06:54:31.684Z INFO  baals::runtime] Transaction submitted: 
36aa4b2a5c3cae41cee1c2efedc287f956c5cfe5aa138e473ee696b147b4b414
[2026-05-07T06:54:31.689Z INFO  baals::runtime] Transaction submitted: 
9ba44a11c90f7d3c4dd9fd8cd93e03aa6f59ab0f656dde926531d49b90e65d68
[2026-05-07T06:54:31.689Z INFO  baals::runtime] Transaction submitted: 
be33cfaf1d66fae6fa94f8b57b3a7224622e804ca6c761de92a4e8d8d09e02ed
[2026-05-07T06:54:31.689Z INFO  baals::runtime] Transaction submitted: 
aa805d58d0b0d2c5e87074ec0f9cc4f7170cf23a930a36b390f605a81f40e989
[2026-05-07T06:54:31.690Z INFO  baals::runtime] Transaction submitted: 
fb7448312060a760da35e7dd740da23254e785a1518f19b2b773935b0abfb81c
[2026-05-07T06:54:31.692Z INFO  baals::runtime] Transaction submitted: 
d56739a851fd59cc94fb0d14ea868fce0335971e18b0f727d9dc797b0c1690ba
[2026-05-07T06:54:31.693Z INFO  baals::runtime] Transaction submitted: 
5f916ef981626e67ef674980390e525300ca2e03eed5b3775eec834cea8c6bd0
[2026-05-07T06:54:31.693Z INFO  baals::runtime] Transaction submitted: 
f2f8944acb22693dc01f6a2d43be2cc215c7a41832ba0f598b798c800fd1ffaa
[2026-05-07T06:54:31.694Z INFO  baals::runtime] Transaction submitted: 
9881c59436ec072b3a10ce4783205a05959b59535f017e3c479eb7022c2b1e65
[2026-05-07T06:54:31.694Z INFO  baals::runtime] Transaction submitted: 
dd061ecc5a2d4d00110cecda50dcb8a7baa2f6f52254f4ddce79ffbef1ce7a83
[2026-05-07T06:54:31.697Z INFO  baals::runtime] Transaction submitted: 
25d17dc72d0476fc3ab6320a2e1c24d2ae6ad2ac027cbb5c67dab9870ce4319e
[2026-05-07T06:54:31.697Z INFO  baals::runtime] Transaction submitted: 
a0b2e6d4756595dcb1d23857128e26897d9b72370ace55bc9ab2feb4e0440feb
[2026-05-07T06:54:31.700Z INFO  baals::runtime] Transaction submitted: 
158412ac5a3ef634039900ba11388e80fd66e79ee9c7b65f782c645601e0f620
[2026-05-07T06:54:31.703Z INFO  baals::runtime] Transaction submitted: 
e2f2e8940bf5e935f6b675e0f1c9a12996cf6f3b1b24b7929170057fb36b212a
[2026-05-07T06:54:31.704Z INFO  baals::runtime] Transaction submitted: 
edf8c8022ab15052025266a95caed8cc0b2f5586d6265d55e94bdf734df03941
[2026-05-07T06:54:31.704Z INFO  baals::runtime] Transaction submitted: 
e2718d700a5f94e38b8e539e1b354e5fd9dddb993839f3f29f042a1c5255724a
[2026-05-07T06:54:31.706Z INFO  baals::runtime] Transaction submitted: 
5cafc647a23fdc9bf5b7a365b4a57d84a93dcf2645baa5e9797cbb44e3dd1d72
[2026-05-07T06:54:31.706Z INFO  baals::runtime] Transaction submitted: 
bcd1f9c1b5d45ca8e22d724cd73030cbadd7d9d3e1af3463b17de8561d6477db
[2026-05-07T06:54:31.706Z INFO  baals::runtime] Transaction submitted: 
eae246f279c515ea5690949658676d280fb7506bfa495e5ce63ccc2dfa36dc9b
[2026-05-07T06:54:31.707Z INFO  baals::runtime] Transaction submitted: 
5cd5679dc6502bb08761ca2c6a686b74b98b221fd9a1c8ff1923c008b2dd9944
[2026-05-07T06:54:31.710Z INFO  baals::runtime] Transaction submitted: 
f99a1d7ff7de250409873184cf87a2eda4c8ff471094742644cec2940fdcc203
[2026-05-07T06:54:31.710Z INFO  baals::runtime] Transaction submitted: 
ef2deb9c21390ae9cfeff67620bed892492492ff41b092984c51d5e9e01b1c02
[2026-05-07T06:54:31.712Z INFO  baals::runtime] Transaction submitted: 
e230b70c2dba70871bdc33ebce80192b7d2f62b03c7ce754c4c27a47a1669498
[2026-05-07T06:54:31.715Z INFO  baals::runtime] Transaction submitted: 
6226162d4609c6082505a672f9fc1f2f5b32858d1381a6a342cebc5cd91602dd
[2026-05-07T06:54:31.715Z INFO  baals::runtime] Transaction submitted: 
23e697e1e5bb9eba2d9ea510ab6f7243af434ec2321451e57a1b74f0a86f355e
[2026-05-07T06:54:31.718Z INFO  baals::runtime] Transaction submitted: 
cc66dad392f4560c63c40d6ac5eed489390a4b10c23838502b4c3f28cbf2c44b
[2026-05-07T06:54:31.718Z INFO  baals::runtime] Transaction submitted: 
75f060cb5e482083d200d2f99a59f700e25c8a093e2d3caaecd643322eaaa23e
[2026-05-07T06:54:31.719Z INFO  baals::runtime] Transaction submitted: 
12cc8a14f2d5dc1d68f88c66be0b5fbc813c5291cf319451a23c6fed0aaaac96
[2026-05-07T06:54:31.719Z INFO  baals::runtime] Transaction submitted: 
820b89a784e054d60e1abbb05e41c75f21c68e8a8edd22c233682562237bc76e
[2026-05-07T06:54:31.724Z INFO  baals::runtime] Transaction submitted: 
240421d3fb70760d7e02e30defd8040abb233f967bf62d528b6e0915ccecd576
[2026-05-07T06:54:31.724Z INFO  baals::runtime] Transaction submitted: 
d752ca6e82469898c9eec632873be70ecda32ec608a323eaa8c1f7aec7319184
[2026-05-07T06:54:31.726Z INFO  baals::runtime] Transaction submitted: 
563a8488439d4622071d913ec5089322d655ae4c3ce5615818c35549f6b300cf
[2026-05-07T06:54:31.728Z INFO  baals::runtime] Transaction submitted: 
2b9991e87f937ff75e377d8e1f958f4846ce818dedd84c36244012ca2d3be6be
[2026-05-07T06:54:31.728Z INFO  baals::runtime] Transaction submitted: 
cb880ce92cf0cf572ee730a690b13c36ae728df5948b5dc5f0ab269801247921
[2026-05-07T06:54:31.728Z INFO  baals::runtime] Transaction submitted: 
aa17b2527557d7d9b400d95525d4d6d2adb9005df519e18308dbf74303a9cbd2
[2026-05-07T06:54:31.730Z INFO  baals::runtime] Transaction submitted: 
47a5b9be9ca7e51f8c537d01fce04285445d1d9d830b0c461ee38efa98168902
[2026-05-07T06:54:31.731Z INFO  baals::runtime] Transaction submitted: 
73ca2b1027da6d58bf6ca6e65726ce208a3fe229e0c21d7eb0a2f8a878ad95c8
[2026-05-07T06:54:31.734Z INFO  baals::runtime] Transaction submitted: 
43aed7de26b3369d1eb7f012461592fdc9e923a9381feddd93cb9c16e64c588b
[2026-05-07T06:54:31.735Z INFO  baals::runtime] Transaction submitted: 
cf779e2caabfb4600a76023f5a9ceb10c0c537a0c4f458e88d117edfc80f092e
[2026-05-07T06:54:31.736Z INFO  baals::runtime] Transaction submitted: 
a843dc855d9da4e08e5217e03e0c5bdf1f4c78e188072dff620546beca642524
[2026-05-07T06:54:31.737Z INFO  baals::runtime] Transaction submitted: 
e1fb911cec792c3fcb94d9462586eb22e9d1ad72096516188976ea6a3d331850
[2026-05-07T06:54:31.738Z INFO  baals::runtime] Transaction submitted: 
6d665a73775e94a0d4cb9ee024e9866f5326c76f585f9ded9937a9dfc6613e17
[2026-05-07T06:54:31.740Z INFO  baals::runtime] Transaction submitted: 
e1a281ba728fd34741faceee463558e286f36367b5b66f8523ccce2b02e71db3
[2026-05-07T06:54:31.743Z INFO  baals::runtime] Transaction submitted: 
270d039436a1c7fe62f233b2b59e3b272c092a125194ae2a507b6d3a679fce91
[2026-05-07T06:54:31.743Z INFO  baals::runtime] Transaction submitted: 
c976b494fa7164fbd6ff02c8c671ba74da7fe135c65cef2d7140086ba003b8bf
[2026-05-07T06:54:31.744Z INFO  baals::runtime] Transaction submitted: 
413109ea2e3e0874b390f380d47b0fb78a2e897a5a53f89af97b839fb1910d81
[2026-05-07T06:54:31.745Z INFO  baals::runtime] Transaction submitted: 
b3875eb1e115617f0bd964266c1c26918657c2a1cb97d45c6ce21e2cd577a9bb
[2026-05-07T06:54:31.746Z INFO  baals::runtime] Transaction submitted: 
21b0f106362480e8f1b5ffd9d42ed4b2bdcf9ca398a46cc2a9f5ade4920bce1f
[2026-05-07T06:54:31.747Z INFO  baals::runtime] Transaction submitted: 
0b7e8df93c095d768835d8b2e459b0f5f3e63dcfab60c1384a4d3a60ef401074
[2026-05-07T06:54:31.749Z INFO  baals::consensus] [CONSENSUS] Starting block generation
[2026-05-07T06:54:31.749Z INFO  baals::consensus] [CONSENSUS] Previous block: index=2, 
hash=a957a464a1817814a96199358989d2af492548d05bad6541e83b39dae90d0fe8
[2026-05-07T06:54:31.749Z INFO  baals::runtime] Transaction submitted: 
9d39b4b2ed062c4ec5ee1c7a451a8a9c8bca68cfcea1a2fe76f7c377538f2e1d
[2026-05-07T06:54:31.749Z INFO  baals::consensus] [CONSENSUS] Selected 1 transactions (gas=100000, size=656 bytes)
[2026-05-07T06:54:31.749Z INFO  baals::consensus] [CONSENSUS] Block generation completed: index=3, 
hash=2ab35191d3662ec872c50a059daf61483cfd86efcea54a475f4bee322ea26e9e
[2026-05-07T06:54:31.749Z INFO  baals::ledger] [LEDGER] Starting block validation
[2026-05-07T06:54:31.750Z INFO  baals::runtime] Transaction submitted: 
15151e6a408a639f48c8a8ea02a56d68d308dae7d66c0ce83e4a8c0c792ead2c
[2026-05-07T06:54:31.750Z INFO  baals::runtime] Transaction submitted: 
dc8d4625a5a56337f06093eeffdff4f7d13c2cbcd916aba835afe6c0eb3f96c5
[2026-05-07T06:54:31.754Z INFO  baals::runtime] Transaction submitted: 
d17f3dfe06714e9ff651ff29252b0d6bff046be2a603e2672d0c24e4fdace87f
[2026-05-07T06:54:31.755Z INFO  baals::runtime] Transaction submitted: 
cf9a9fe6a401e8ad03632f1a3e7d470223a11b2034a1ffb0d070655b0d213889
[2026-05-07T06:54:31.758Z INFO  baals::runtime] Transaction submitted: 
8806ecd8982288bc7ffdcd23565a08d9846db069630d76cc1f7008f23ab8a902
[2026-05-07T06:54:31.758Z INFO  baals::runtime] Transaction submitted: 
9db888555722dc2b7deffd962ad93ace1ede220b5440a8208596ddbb4aae5c63
[2026-05-07T06:54:31.759Z INFO  baals::runtime] Transaction submitted: 
673117c750698205324b72ca8de30ba30d6d62dce9f39861f8fa17e741ffd359
[2026-05-07T06:54:31.761Z INFO  baals::runtime] Transaction submitted: 
3f899a1372af3ee7f4d46a9be09e0b9268a2ced7d009768436ecebb92506e63a
[2026-05-07T06:54:31.762Z INFO  baals::runtime] Transaction submitted: 
27f6570c548972226523c76cae39b1fab42b5c37f52d51bd2f7119c331264354
[2026-05-07T06:54:31.763Z INFO  baals::runtime] Transaction submitted: 
6a2ba3fb9d6b12ef2579a65f9771f9c26c2aa8b9abd7d250278e93251cc3bdd4
[2026-05-07T06:54:31.765Z INFO  baals::runtime] Transaction submitted: 
63cd289f45fb5d155a3be5fe66dada56d7169a765a4561e50f5c8cda1a9fd38b
[2026-05-07T06:54:31.766Z INFO  baals::runtime] Transaction submitted: 
45290ab3d8f2af76b35f6eca49f71fc4be739a495c5176f311d7e338ec233ecd
[2026-05-07T06:54:31.767Z INFO  baals::runtime] Transaction submitted: 
df4eaed05e330f2bbcbd03efac936c16c6d39cc668640b30334f14e87fe982c3
[2026-05-07T06:54:31.770Z INFO  baals::ledger] [LEDGER] Block validation completed successfully
[2026-05-07T06:54:31.770Z INFO  baals::ledger] [LEDGER] Starting block application
[2026-05-07T06:54:31.770Z INFO  baals::ledger] [LEDGER] Block: index=3, 
hash=2ab35191d3662ec872c50a059daf61483cfd86efcea54a475f4bee322ea26e9e, transactions=1
[2026-05-07T06:54:31.770Z INFO  baals::runtime] Transaction submitted: 
319d48c0fc07f4c4684745c125040965d2e1b83588ca807c9fc4ab5c27bc1d21
[2026-05-07T06:54:31.771Z INFO  baals::runtime] Transaction submitted: 
5c315cf247cd5b1e6332599aae120b8ed91ad431131e14c4d82ce796458ae2fb
[2026-05-07T06:54:31.771Z INFO  baals::runtime] Transaction submitted: 
7e839dc4ff5608552ced4cdbc9ae63a2e15d3594af00e2b910777fcd0daca73b
[2026-05-07T06:54:31.775Z INFO  baals::runtime] Transaction submitted: 
27e4ad5bcc469a533437e97bc15fc534d270d9c9464a568f98e5346a255c3789
[2026-05-07T06:54:31.776Z INFO  baals::runtime] Transaction submitted: 
23ffe274abe60a75cc152e4965a1b57f4377a374093aa21935eb8aa16ffe7237
[2026-05-07T06:54:31.778Z INFO  baals::runtime] Transaction submitted: 
3802287b9e2e7787b619aa08c7b5fc69f0172fa73215129e63556adc6508eab1
[2026-05-07T06:54:31.779Z INFO  baals::runtime] Transaction submitted: 
bd8eeb5f0d0ecfada0e46639f080c0b6ad2e1297f9f6b20ef34ddb5ade36ea1a
[2026-05-07T06:54:31.780Z INFO  baals::runtime] Transaction submitted: 
3b6673baf434782583f0f310dd738cf6fd1d6ac6168b47b403a56be0c387bf6f
[2026-05-07T06:54:31.782Z INFO  baals::runtime] Transaction submitted: 
bf40144136276b4a29c648d417e7466cd9761649b5d5e78d3db59766ec5d6197
[2026-05-07T06:54:31.783Z INFO  baals::runtime] Transaction submitted: 
7dd1c2c7e2c28c7d7996884d8bf39c9a67841061818b3b4e019764fad7d046f4
[2026-05-07T06:54:31.784Z INFO  baals::runtime] Transaction submitted: 
4ff16698fc5e38e095b68e6865f010d3fac50cc80b839f86b1cac5db90ee5c74
[2026-05-07T06:54:31.787Z INFO  baals::runtime] Transaction submitted: 
9ace0b3afc888e0cc93aca293be3c54f50989c55ba8b038b00d51e3b1f740a54
[2026-05-07T06:54:31.790Z INFO  baals::runtime] Transaction submitted: 
6b6d0905f6a0ec8c354d0d0bc4f5ea3e678f3334f8c4dbe5dc743e017d6b9d2e
[2026-05-07T06:54:31.791Z INFO  baals::ledger] [LEDGER] Block application completed successfully
[2026-05-07T06:54:31.791Z INFO  baals::runtime] Block #3 produced (1 txns, 100000 gas)
[2026-05-07T06:54:31.793Z INFO  baals::runtime] Transaction submitted: 
fb91c4f37aea858c8286a74607e86c8d11d06f9a5019c23fb5e8b563e17e8938
[2026-05-07T06:54:31.794Z INFO  baals::runtime] Transaction submitted: 
3d7dc700577895647cdaa26b411b637053fcde363b433ed7d9467c9a2dbe2772
[2026-05-07T06:54:31.794Z INFO  baals::runtime] Transaction submitted: 
36a964b328caa9bdc47abd5d12e09fb8555cd978eb8b67e9b8e8822c20089093
[2026-05-07T06:54:31.796Z INFO  baals::runtime] Transaction submitted: 
c910069365ad2791ababac34c57e2a422347c15fcaa27275ec94e0998db42deb
[2026-05-07T06:54:31.797Z INFO  baals::runtime] Transaction submitted: 
be932bfdea0025171b6143c8ce5f7e67766abf3ab1ca7786109ef0b5b121ea87
[2026-05-07T06:54:31.800Z INFO  baals::runtime] Transaction submitted: 
b14f3791defa84066306f287d5072dc834509426ca538d598149bf98d9bab0ff
[2026-05-07T06:54:31.803Z INFO  baals::runtime] Transaction submitted: 
4b5ef2102dd3fb6f4b9de6a5a5a91bede604d89300eb30f7ecdaa767428b1ee3
[2026-05-07T06:54:31.804Z INFO  baals::runtime] Transaction submitted: 
96e0a3f76c94b560c0dfd726613999511292ee3e4b268355ce44b5989812dc91
[2026-05-07T06:54:31.806Z INFO  baals::runtime] Transaction submitted: 
418bd02127a715770c52187624d23c42cf519e700df2104a99ad00bd63557f62
[2026-05-07T06:54:31.806Z INFO  baals::runtime] Transaction submitted: 
2385fa4c59d87df4c8588d73da0ad6b056dd0dd7c4073854a0268c55e6f44103
[2026-05-07T06:54:31.807Z INFO  baals::runtime] Transaction submitted: 
f89f64cdd592336c485c7399894f506266348126dbc2fc0a1117060117e61597
[2026-05-07T06:54:31.809Z INFO  baals::runtime] Transaction submitted: 
4aa19d19995cdac56d3daf1b9c76e1e251a4cc38edc9c78c470873c7931e078a
[2026-05-07T06:54:31.812Z INFO  baals::runtime] Transaction submitted: 
3130eb4c2480d36b4391e8c2454260f63bb950845af3e04c15802252e8460fcf
[2026-05-07T06:54:31.816Z INFO  baals::runtime] Transaction submitted: 
075881fad65fab7e1a8b860e93907031b8a3f9ee099174e1413bb1cfe229a074
[2026-05-07T06:54:31.817Z INFO  baals::runtime] Transaction submitted: 
19d800493bfba3ffeb20ab0a107e63928d945d8a58e2e1d7ded59a41ea1dc7a0
[2026-05-07T06:54:31.817Z INFO  baals::runtime] Transaction submitted: 
e0b3f8e181075edc14258250d910e0d575a5f4b37c1df3a29a023b34cfabd6fa
[2026-05-07T06:54:31.819Z INFO  baals::runtime] Transaction submitted: 
f50871f994af7e167147f6c309e267ff899192fe120214db72f6e943ec393beb
[2026-05-07T06:54:31.823Z INFO  baals::runtime] Transaction submitted: 
df49345c4afd241f70be4911bde55e7bc817d45738912211c5edcaa9c7d519f5
[2026-05-07T06:54:31.827Z INFO  baals::runtime] Transaction submitted: 
100a85433937d07e82a91273f829d09c2a7be931e2951bacd5f4ab2ab493e53e
[2026-05-07T06:54:31.830Z INFO  baals::runtime] Transaction submitted: 
a3a1176969c2457577f321a6ce02a52b1d73c34e4cc7e4175fa5f40319483411
[2026-05-07T06:54:31.832Z INFO  baals::runtime] Transaction submitted: 
d6896a580eb39215fb69f2e08c90bbc9c83d0e3376daa3001fcfbf53af267d17
[2026-05-07T06:54:31.838Z INFO  baals::runtime] Transaction submitted: 
4877a34f6eca2c31025ccf59fdb455ded13d31293722b36c4bc4b9d5f3216893
[2026-05-07T06:54:31.840Z INFO  baals::runtime] Transaction submitted: 
6479a8fb1ef95c07fff7efabe285e0ff44dbd6ddbab0ee1396998fc566097a1d
[2026-05-07T06:54:31.842Z INFO  baals::runtime] Transaction submitted: 
89139b57db0f376189be415d7311a5c16a214b1e5361549a368fba3cf010c59e
[2026-05-07T06:54:31.851Z INFO  baals::runtime] Transaction submitted: 
f9800f44c408ab6bbf7c0924d4e22cfba0036ecfad8dbceb395e102e319087ef
[2026-05-07T06:54:31.851Z INFO  integration] [TEST] Stress test completed successfully
[2026-05-07T06:54:31.852Z INFO  baals::runtime] Transaction submitted: 
c20147d15eae483ff64030bfe1d1bf9cb78cd8936ba7534f593e8916b9ee3aff
test test_stress_test ... ok
[2026-05-07T06:54:31.862Z INFO  baals::runtime] Transaction submitted: 
5c817b991484fb5d6aae3d40b6e7e51e6259fa100b9fb1123a71636206acaf4b
[2026-05-07T06:54:31.871Z INFO  baals::runtime] Transaction submitted: 
6bdbcb0a575368357b123afe9fbbf65ada5e0260e25ea47bb80bc011daa68f29
[2026-05-07T06:54:31.882Z INFO  baals::runtime] Transaction submitted: 
1342d75a60347ebf9be590d751c16b97822a374cd02f1ded0fc2cafe8282f3ae
[2026-05-07T06:54:31.891Z INFO  baals::runtime] Transaction submitted: 
807c833da6a36034417aa6dfc756ee404ff8bc13df2d8ee7766d93c707dc0039
[2026-05-07T06:54:31.901Z INFO  baals::runtime] Transaction submitted: 
7c3da72ac5c0c0c7c012b8bb7d8f8ae29e5fcd6f59560e47ba58ec8afd0c424a
[2026-05-07T06:54:31.912Z INFO  baals::runtime] Transaction submitted: 
dd199f6a9e3bddb2ceb21db3d275fe68ee0d46be583f6b46b52bfbdfb57c4f61
[2026-05-07T06:54:31.921Z INFO  baals::runtime] Transaction submitted: 
a96e639baab40326d2350d0957f12df4bc11aefbcde5cd319f6a3686637b3931
[2026-05-07T06:54:31.931Z INFO  baals::runtime] Transaction submitted: 
36da93fed96b041ac156b8b17e5371f3b1b5f143e5558da0674ca555dd502356
[2026-05-07T06:54:31.941Z INFO  baals::runtime] Transaction submitted: 
009f0afb85ece3084eb8ae1834884b82ec940caa1243074b1b21767560132802
[2026-05-07T06:54:31.950Z INFO  baals::runtime] Transaction submitted: 
fc3ecf0def4099330aa8167cb7e2d18db2b458ba2d1d03d034df44faf2c597d3
[2026-05-07T06:54:31.960Z INFO  baals::runtime] Transaction submitted: 
42b621eb1888583bd2d521c411e19dccdf6225277321c105296076f3c09dedfa
[2026-05-07T06:54:31.960Z INFO  baals::consensus] [CONSENSUS] Starting block generation
[2026-05-07T06:54:31.960Z INFO  baals::consensus] [CONSENSUS] Previous block: index=2, 
hash=d62e021c2aad63ff4cf4aa82785c42bda979e63446ccd45ff51f3d5c864abb45
[2026-05-07T06:54:31.960Z INFO  baals::consensus] [CONSENSUS] Selected 1 transactions (gas=500000, size=677 bytes)
[2026-05-07T06:54:31.960Z INFO  baals::consensus] [CONSENSUS] Block generation completed: index=3, 
hash=1ef1f7c9009c11dde6d552743fe7073c49ff172c2c03f6e40a23cf737c065966
[2026-05-07T06:54:31.960Z INFO  baals::ledger] [LEDGER] Starting block validation
[2026-05-07T06:54:31.969Z INFO  baals::runtime] Transaction submitted: 
60bc0dddde484d554ead931cfa9ebf4410e33e873bd084cbd8507adcfbb1208f
[2026-05-07T06:54:31.970Z INFO  baals::ledger] [LEDGER] Block validation completed successfully
[2026-05-07T06:54:31.970Z INFO  baals::ledger] [LEDGER] Starting block application
[2026-05-07T06:54:31.970Z INFO  baals::ledger] [LEDGER] Block: index=3, 
hash=1ef1f7c9009c11dde6d552743fe7073c49ff172c2c03f6e40a23cf737c065966, transactions=1
[2026-05-07T06:54:31.978Z INFO  baals::contracts] [CONTRACTS] 
5d0652ad8b40fb51f5f8139e6482f0724eb7db2725b20095ae65ab6b9ed3e719::test_method executed: gas=2, time=12.5┬╡s
[2026-05-07T06:54:31.978Z INFO  baals::ledger] [LEDGER] Contract call to 
5d0652ad8b40fb51f5f8139e6482f0724eb7db2725b20095ae65ab6b9ed3e719::test_method returned 8 bytes
[2026-05-07T06:54:31.979Z INFO  baals::runtime] Transaction submitted: 
f4b237d67243cbdf1b2d0f7ccc8f4108201023d79b3dff5aac1e01c6de732b71
[2026-05-07T06:54:31.989Z INFO  baals::runtime] Transaction submitted: 
5c356b9175ca7a675bbce58483e0792de9d6c513fb1ddb0d25a7b67ddfed329b
[2026-05-07T06:54:31.996Z INFO  baals::ledger] [LEDGER] Block application completed successfully
[2026-05-07T06:54:31.996Z INFO  baals::runtime] Block #3 produced (1 txns, 500000 gas)
[2026-05-07T06:54:31.996Z INFO  baals::runtime] [RUNTIME] Calling contract 
5d0652ad8b40fb51f5f8139e6482f0724eb7db2725b20095ae65ab6b9ed3e719 method 'test_method' from caller: 
3f77a418599d422755a25293b14ae5e2a397a835acc5cd4c17718ad142d8c2a1
[2026-05-07T06:54:31.999Z INFO  baals::runtime] Transaction submitted: 
bb7b77a14994b470513b6e82063d8670b9a06e493d283111cee1cba192d28d9e
[2026-05-07T06:54:32.004Z INFO  baals::contracts] [CONTRACTS] 
5d0652ad8b40fb51f5f8139e6482f0724eb7db2725b20095ae65ab6b9ed3e719::test_method executed: gas=2, time=10.7┬╡s
[2026-05-07T06:54:32.004Z INFO  baals::runtime] [RUNTIME] Contract call completed successfully
[2026-05-07T06:54:32.004Z INFO  baals::runtime] [RUNTIME] Calling contract 
5d0652ad8b40fb51f5f8139e6482f0724eb7db2725b20095ae65ab6b9ed3e719 method 'test_method' from caller: 
3f77a418599d422755a25293b14ae5e2a397a835acc5cd4c17718ad142d8c2a1
[2026-05-07T06:54:32.009Z INFO  baals::runtime] Transaction submitted: 
8bd2525deff3ab24854f09767105effc7e0ab7333875917c7eb7224e12bc125c
[2026-05-07T06:54:32.013Z INFO  baals::contracts] [CONTRACTS] 
5d0652ad8b40fb51f5f8139e6482f0724eb7db2725b20095ae65ab6b9ed3e719::test_method executed: gas=2, time=10.9┬╡s
[2026-05-07T06:54:32.014Z INFO  baals::runtime] [RUNTIME] Contract call completed successfully
[2026-05-07T06:54:32.014Z INFO  baals::runtime] [RUNTIME] Calling contract 
5d0652ad8b40fb51f5f8139e6482f0724eb7db2725b20095ae65ab6b9ed3e719 method 'test_method' from caller: 
95b4fecc959f13adf2b5f3ead58cd207507d7501e68c61bb10fb57a3b0594a58
[2026-05-07T06:54:32.014Z WARN  baals::contracts] [CONTRACTS] Caller 
95b4fecc959f13adf2b5f3ead58cd207507d7501e68c61bb10fb57a3b0594a58 is not the deployer of contract 
5d0652ad8b40fb51f5f8139e6482f0724eb7db2725b20095ae65ab6b9ed3e719
[2026-05-07T06:54:32.020Z INFO  baals::runtime] Transaction submitted: 
e565fc59351428a8d8c0f4fb28f8ebf84ba5d763acef550f690ab34d1cc55c40
[2026-05-07T06:54:32.020Z INFO  baals::contracts] [CONTRACTS] 
5d0652ad8b40fb51f5f8139e6482f0724eb7db2725b20095ae65ab6b9ed3e719::test_method executed: gas=2, time=9.9┬╡s
[2026-05-07T06:54:32.021Z INFO  baals::runtime] [RUNTIME] Contract call completed successfully
[2026-05-07T06:54:32.021Z INFO  baals::runtime] [RUNTIME] Calling contract 
5d0652ad8b40fb51f5f8139e6482f0724eb7db2725b20095ae65ab6b9ed3e719 method 'test_method' from caller: 
3f77a418599d422755a25293b14ae5e2a397a835acc5cd4c17718ad142d8c2a1
[2026-05-07T06:54:32.028Z INFO  baals::contracts] [CONTRACTS] 
5d0652ad8b40fb51f5f8139e6482f0724eb7db2725b20095ae65ab6b9ed3e719::test_method executed: gas=2, time=10.2┬╡s
[2026-05-07T06:54:32.028Z INFO  baals::runtime] [RUNTIME] Contract call completed successfully
[2026-05-07T06:54:32.028Z INFO  baals::runtime] [RUNTIME] Querying contract 
5d0652ad8b40fb51f5f8139e6482f0724eb7db2725b20095ae65ab6b9ed3e719 method 'test_method'
[2026-05-07T06:54:32.028Z WARN  baals::contracts] [CONTRACTS] Query caller 
0000000000000000000000000000000000000000000000000000000000000000 is not the deployer of contract 
5d0652ad8b40fb51f5f8139e6482f0724eb7db2725b20095ae65ab6b9ed3e719
[2026-05-07T06:54:32.030Z INFO  baals::runtime] Transaction submitted: 
659f91d76616e080c7604e737312a4ead28655b06e6ecfd33387097d29fc3f12
[2026-05-07T06:54:32.032Z INFO  baals::contracts] [CONTRACTS] 
5d0652ad8b40fb51f5f8139e6482f0724eb7db2725b20095ae65ab6b9ed3e719::test_method executed: gas=2, time=6.9┬╡s
[2026-05-07T06:54:32.032Z INFO  baals::runtime] [RUNTIME] Contract query completed successfully
[2026-05-07T06:54:32.032Z INFO  baals::runtime] [RUNTIME] Querying contract 
f42dd40e3efa5d284afa8bd2246aabb646c2cf840887a769ed11a22b59171ee9 method 'test_method'
[2026-05-07T06:54:32.032Z WARN  baals::contracts] [CONTRACTS] Query caller 
0000000000000000000000000000000000000000000000000000000000000000 is not the deployer of contract 
f42dd40e3efa5d284afa8bd2246aabb646c2cf840887a769ed11a22b59171ee9
[2026-05-07T06:54:32.036Z INFO  baals::contracts] [CONTRACTS] 
f42dd40e3efa5d284afa8bd2246aabb646c2cf840887a769ed11a22b59171ee9::test_method executed: gas=2, time=9.8┬╡s
[2026-05-07T06:54:32.036Z INFO  baals::runtime] [RUNTIME] Contract query completed successfully
[2026-05-07T06:54:32.036Z INFO  baals::runtime] [RUNTIME] Querying contract 
5d0652ad8b40fb51f5f8139e6482f0724eb7db2725b20095ae65ab6b9ed3e719 method 'test_method'
[2026-05-07T06:54:32.036Z WARN  baals::contracts] [CONTRACTS] Query caller 
0000000000000000000000000000000000000000000000000000000000000000 is not the deployer of contract 
5d0652ad8b40fb51f5f8139e6482f0724eb7db2725b20095ae65ab6b9ed3e719
[2026-05-07T06:54:32.039Z INFO  baals::contracts] [CONTRACTS] 
5d0652ad8b40fb51f5f8139e6482f0724eb7db2725b20095ae65ab6b9ed3e719::test_method executed: gas=2, time=5.1┬╡s
[2026-05-07T06:54:32.039Z INFO  baals::runtime] [RUNTIME] Contract query completed successfully
[2026-05-07T06:54:32.039Z INFO  integration] [TEST] test_inter_contract_result_isolation completed successfully
[2026-05-07T06:54:32.040Z INFO  baals::runtime] Transaction submitted: 
fd4d5c0623bd34487521f5d3d5e64108718955383ab715f32dc22b5586c3484c
test test_inter_contract_result_isolation ... ok
[2026-05-07T06:54:32.051Z INFO  baals::runtime] Transaction submitted: 
890274d5087f9f40f1707bb657b57e3ca9b5821cee92ab798bc258f32e874121
[2026-05-07T06:54:32.060Z INFO  baals::runtime] Transaction submitted: 
9115585fbd2e1d56516b4bf36cacd2e3e87990ae26ee4f04a8a5c7090201ceca
[2026-05-07T06:54:32.071Z INFO  baals::runtime] Transaction submitted: 
9251082bfa37461d7dc8ea2938559fd309ffeb55ad78da86e758b570ca4dbc8a
[2026-05-07T06:54:32.080Z INFO  baals::runtime] Transaction submitted: 
4012a62d92bafa186b0c2aeff38a1968a5bff8f2c0595a7916020270e1810c70
[2026-05-07T06:54:32.090Z INFO  baals::runtime] Transaction submitted: 
21ba9ea5e1beb3f56734beccf0c3f2ac8de0ca9c56e77406a0a4aba3864378d7
[2026-05-07T06:54:32.100Z INFO  baals::runtime] Transaction submitted: 
ec5c5182508cd9aa331a8a369ec354d9803dd4aa0010c798f48a93aba27cd6ec
[2026-05-07T06:54:32.110Z INFO  baals::runtime] Transaction submitted: 
c8f39d181f53412933dbd33b8823cedeba1a7d0e35291368580269a2caa7f875
[2026-05-07T06:54:32.119Z INFO  baals::runtime] Transaction submitted: 
29dd1fccc573f35d8f3cf235f3c400d9ec797d2b6df787b8653c086e6dde7f4d
[2026-05-07T06:54:32.129Z INFO  baals::runtime] Transaction submitted: 
dd747c918f7b3a90d90984d246b4cf8120bdc12efd200fa9a8335b0fecf163f6
[2026-05-07T06:54:32.139Z INFO  baals::runtime] Transaction submitted: 
5b5effa37ac8493dd892c8435a3ccfd73c7b81ed4b082329a8c933b17a67ace9
[2026-05-07T06:54:32.149Z INFO  baals::runtime] Transaction submitted: 
5a24093da20c4d4cdd62bf0b0d5be02fe99019029f2cda8dc3164083b539804e
[2026-05-07T06:54:32.159Z INFO  baals::runtime] Transaction submitted: 
1fed34837b88db1a7ef4ec2f4f3497968b696a40fc854b0c9a10c7d448c086f9
[2026-05-07T06:54:32.169Z INFO  baals::runtime] Transaction submitted: 
159c4b873d6462c09eabb23f02d0171cac2577411e3c192b9944d3914b761a00
[2026-05-07T06:54:32.178Z INFO  baals::runtime] Transaction submitted: 
fa234992c3f60e5faa06a6b95dcd797c28a4aa69ce5b535121376c7aabd0a9eb
[2026-05-07T06:54:32.188Z INFO  baals::runtime] Transaction submitted: 
c70d33720311b9d20f23a09693e5a5fe7ae6a16b306434cb1980a31359f3b96c
[2026-05-07T06:54:32.197Z INFO  baals::runtime] Transaction submitted: 
843b84bb04c8c60dc09d97cc4bcd5eea7bfb29b1112c73e9b587f2bb72a1b96f
[2026-05-07T06:54:32.207Z INFO  baals::runtime] Transaction submitted: 
2f6ff4de094ba5a3fa21bba360894e21b3c4647b253a574cde3363f65b69d4e3
[2026-05-07T06:54:32.217Z INFO  baals::runtime] Transaction submitted: 
f2b45afe6d22a2666754c09c435e62d3f6ff5e9dae26902db7056767e7def5d0
[2026-05-07T06:54:32.226Z INFO  baals::runtime] Transaction submitted: 
d1adbdde32e756e6a9fde9a7f6b7f048f9404816cfbaaa7907915a5a84572f75
[2026-05-07T06:54:32.237Z INFO  baals::runtime] Transaction submitted: 
168e1b2316a5316b3c45efdfcad233bb0bec6609d0f4ad59c0a424bdd4f1aef5
[2026-05-07T06:54:32.248Z INFO  baals::runtime] Transaction submitted: 
98bddb4931731c58e75428bf7af1df2961c63800e099137f148a385b66de9357
[2026-05-07T06:54:32.260Z INFO  baals::runtime] Transaction submitted: 
db2f2e8d330789ce8345cb7a0a28c632116c554c842cbd3e3f8376ba4af77988
[2026-05-07T06:54:32.271Z INFO  baals::runtime] Transaction submitted: 
85a3b0e41e5237bedd156990f0c431c2687122754df540fd04fe5db8edee61d2
[2026-05-07T06:54:32.283Z INFO  baals::runtime] Transaction submitted: 
b5f6d32d4a077b97ea9dfdec012adc6eacd747e9d5acf0c50d21c6186bf236b7
[2026-05-07T06:54:32.293Z INFO  baals::runtime] Transaction submitted: 
9cb76f631a1ef87ed675fa6101e5f33ac95be3a7922bb15522066fccff1472bd
[2026-05-07T06:54:32.303Z INFO  baals::runtime] Transaction submitted: 
6c597e8908b7926b11fbb37880f3f7255690c0b41178347a969ed9f0f3988c87
[2026-05-07T06:54:32.313Z INFO  baals::runtime] Transaction submitted: 
591f5b6ddfe36cfe6a1cb0732d05e831ad67ab1f148fa22c44bfc6c2084d0a43
[2026-05-07T06:54:32.323Z INFO  baals::runtime] Transaction submitted: 
8859101c1c894bb83ac8279ae261012d00ff1faeef431fdcbe4b5d97d7969e7f
[2026-05-07T06:54:32.333Z INFO  baals::runtime] Transaction submitted: 
62fef8b471bbd34d77cc92f00263aaca4eda6aacd27df97a0d7c9f3c7ff4c403
[2026-05-07T06:54:32.343Z INFO  baals::runtime] Transaction submitted: 
d94683779fca3dc1be910c63a245a05db43ea2ffb45a7f743d28c0359fac3c48
[2026-05-07T06:54:32.355Z INFO  baals::runtime] Transaction submitted: 
e6d773cfafcb2de3660e4d204721a1a4e2d82f5c4b8ed7708cf47deccb71e1c7
[2026-05-07T06:54:32.365Z INFO  baals::runtime] Transaction submitted: 
6ad6ab958b75178d7ef98a8b265af770d19cd1f04726d7d7602a72d0d0a28601
[2026-05-07T06:54:32.377Z INFO  baals::runtime] Transaction submitted: 
60a1244195245ee938205fd5ddcce67c79a7d6383850271541b4ec64f758dc6e
[2026-05-07T06:54:32.388Z INFO  baals::runtime] Transaction submitted: 
1d43112e07bee426659ee31444efd199d8fdbe509fefe86816d2cbe5fe06743e
[2026-05-07T06:54:32.400Z INFO  baals::runtime] Transaction submitted: 
55f91834f92205c09cdbbb0924edbc174cfd1c26a7a4963f8acd469fbe821fb9
[2026-05-07T06:54:32.412Z INFO  baals::runtime] Transaction submitted: 
1558d15be7ccaf76c4a5c53ae9c2d29bcc48d5ef3ed62cc348fa0123b0e7a033
[2026-05-07T06:54:32.422Z INFO  baals::runtime] Transaction submitted: 
fe1233d53230679bd070067a426d535b046856a8e3acde57ccbae45c8b977f9c
[2026-05-07T06:54:32.433Z INFO  baals::runtime] Transaction submitted: 
87bdc29c9214f5d577f3c9ae4773a210bbf2304d8dd551ce4fd3e33a5a49f53a
[2026-05-07T06:54:32.443Z INFO  baals::runtime] Transaction submitted: 
63f378409498ba47e7edd5035aa3928bf24b95efde618960643327ed24cee0f4
[2026-05-07T06:54:32.454Z INFO  baals::runtime] Transaction submitted: 
e0e9e4f4164753078297fee64b820b7d676826e93b3f6b1bc57c6462f5ec7c86
[2026-05-07T06:54:32.466Z INFO  baals::runtime] Transaction submitted: 
2cd7352fe3b8f54c65c9408db566d466002948da5ef69ee648de5f4314c74df9
[2026-05-07T06:54:32.478Z INFO  baals::runtime] Transaction submitted: 
7382c0dfd405445162fa2fdbc9ec37f7e184d4d90ff737c868bc2bc0395db041
[2026-05-07T06:54:32.490Z INFO  baals::runtime] Transaction submitted: 
e77e778553e9e62654d982cf43dfd12d56ea20fa2e910b81d3d38abba7c8f26a
[2026-05-07T06:54:32.501Z INFO  baals::runtime] Transaction submitted: 
803a065fda9eb180c8209195b722c18f310290cecc540e4e6395ead5a0ac5657
[2026-05-07T06:54:32.513Z INFO  baals::runtime] Transaction submitted: 
87c80d6ff82fc9a3c007ea07f228625b5d98efb4424f95bb8916b0396478f012
[2026-05-07T06:54:32.524Z INFO  baals::runtime] Transaction submitted: 
9e2ff66a75095e3685779aa1f7b03e7b20accfa4f0f7c99630f6c11c47715b2f
[2026-05-07T06:54:32.535Z INFO  baals::runtime] Transaction submitted: 
da026540f63d421b959af52cdcf3327fc79633b56c17a54c648217fcb5d7cc76
[2026-05-07T06:54:32.547Z INFO  baals::runtime] Transaction submitted: 
3a8c8cfba2af293de317aff92e7858b3bd1338e665a663f100d4961727ba56f5
[2026-05-07T06:54:32.558Z INFO  baals::runtime] Transaction submitted: 
f1ff0883ba49f482e012a66f865f59c59d4efff3b0a38fe800706357aca09b73
[2026-05-07T06:54:32.570Z INFO  baals::runtime] Transaction submitted: 
376b5650d500351a2a771b492c2ebee551d6f771868293e72e32e4f61e1f24e1
[2026-05-07T06:54:32.581Z INFO  baals::runtime] Transaction submitted: 
dd77a24fce77c45fe2b32f0ad51d420673fa87347e11bd01fc3851ae40906138
[2026-05-07T06:54:32.591Z INFO  baals::runtime] Transaction submitted: 
288a0a3eb730c0d70dfffa04766c680469b0906ce5cfd492f5b8cf218cc22be8
[2026-05-07T06:54:32.602Z INFO  baals::runtime] Transaction submitted: 
ca5436e6adcaa320a376b5fcf1be2d569bbc39bb6bd261c7ab29014322cff417
[2026-05-07T06:54:32.612Z INFO  baals::runtime] Transaction submitted: 
8cc06cde86fcb43a7af0d6af9f3b41affc077726c46be25ee8b0121a69ffb705
[2026-05-07T06:54:32.624Z INFO  baals::runtime] Transaction submitted: 
005b995bb098b0b9bed611dac7c80795819ebd859d52131b023dfe80e33a1039
[2026-05-07T06:54:32.636Z INFO  baals::runtime] Transaction submitted: 
aea268de4cd400c358717a163ec274737da670faa3eea8988739667e14db12dc
[2026-05-07T06:54:32.649Z INFO  baals::runtime] Transaction submitted: 
22c18c9ce05d27f2bd997dc39664d49e7be51608018f5f8032a22fe769f6346a
[2026-05-07T06:54:32.659Z INFO  baals::runtime] Transaction submitted: 
bed32d540dea7b9f61093833eda3c3ef83672f863fc670fc4c94007c961da857
[2026-05-07T06:54:32.669Z INFO  baals::runtime] Transaction submitted: 
12bf386e7857f6d183edecb43e473a822e00781ac33816b27f9d14097b223903
[2026-05-07T06:54:32.679Z INFO  baals::runtime] Transaction submitted: 
4701396a7ce56e3a9f9147e369eaebea287f5eafb9a79dfe1937676837052897
[2026-05-07T06:54:32.690Z INFO  baals::runtime] Transaction submitted: 
d3ba2cb94bec85db7a77c5a3767b538579a5a314aa7dfa26ad14dfd1f5a11a09
[2026-05-07T06:54:32.701Z INFO  baals::runtime] Transaction submitted: 
6875613396a515d06d70f8a818a18564235bf8f792f6bd811082b194721e94a5
[2026-05-07T06:54:32.713Z INFO  baals::runtime] Transaction submitted: 
a1788c976b7e43474025d9d02b0de8c196473172fa094f1801f0bebda0a19dd4
[2026-05-07T06:54:32.723Z INFO  baals::runtime] Transaction submitted: 
42ffc66b8ae62ad6f694c4b275ec423efc94304ec10acb27380cf83f49ba1f1e
[2026-05-07T06:54:32.734Z INFO  baals::runtime] Transaction submitted: 
cb2ad9379b230bd69fe77ca239229b509bc8a36243feafbb8670ba0dfe3bebeb
[2026-05-07T06:54:32.745Z INFO  baals::runtime] Transaction submitted: 
c9e864e20b400aec0d10812cb5071c00fbae9cc4b0d441d81b868be836fd266b
[2026-05-07T06:54:32.757Z INFO  baals::runtime] Transaction submitted: 
7282b8be70899f51789a6964bddbd18095e465cb6781d0d5773f65ea41321380
[2026-05-07T06:54:32.769Z INFO  baals::runtime] Transaction submitted: 
94c10720bd7cf9d29f79f7acee3a52a8673d555a1981e67e9e301f9b263759aa
[2026-05-07T06:54:32.780Z INFO  baals::runtime] Transaction submitted: 
f3cd44af436407ff4eac7ff61d3dc25430bda55f7d1d93d24727d9b8872f2bd4
[2026-05-07T06:54:32.790Z INFO  baals::runtime] Transaction submitted: 
267643c00cee80dac4b09a3985cdc654a2ff93fe9f32c583c6bcdf83a9f3c66e
[2026-05-07T06:54:32.802Z INFO  baals::runtime] Transaction submitted: 
7932b5db230896e88a4d3a5bd49d06bfd5f4c197ad208903467c8d61a6eabf05
[2026-05-07T06:54:32.804Z INFO  baals::consensus] [CONSENSUS] Starting block generation
[2026-05-07T06:54:32.804Z INFO  baals::consensus] [CONSENSUS] Previous block: index=3, 
hash=2ab35191d3662ec872c50a059daf61483cfd86efcea54a475f4bee322ea26e9e
[2026-05-07T06:54:32.804Z INFO  baals::consensus] [CONSENSUS] Selected 1 transactions (gas=100000, size=656 bytes)
[2026-05-07T06:54:32.804Z INFO  baals::consensus] [CONSENSUS] Block generation completed: index=4, 
hash=3e59ba4fc5cdec4663217e5d4e64021ea0a8b75a796cde51b56b163fb51c7734
[2026-05-07T06:54:32.804Z INFO  baals::ledger] [LEDGER] Starting block validation
[2026-05-07T06:54:32.814Z INFO  baals::runtime] Transaction submitted: 
3fcb49cc6c810c332c116abf05e0f93b21a74764046bc7e859086ee6a8014be5
[2026-05-07T06:54:32.815Z INFO  baals::ledger] [LEDGER] Block validation completed successfully
[2026-05-07T06:54:32.815Z INFO  baals::ledger] [LEDGER] Starting block application
[2026-05-07T06:54:32.815Z INFO  baals::ledger] [LEDGER] Block: index=4, 
hash=3e59ba4fc5cdec4663217e5d4e64021ea0a8b75a796cde51b56b163fb51c7734, transactions=1
[2026-05-07T06:54:32.825Z INFO  baals::runtime] Transaction submitted: 
2331520b388a64ab56e584c62c906f7a75974ef7588faf08a82245160ea16094
[2026-05-07T06:54:32.829Z INFO  baals::ledger] [LEDGER] Block application completed successfully
[2026-05-07T06:54:32.829Z INFO  baals::runtime] Block #4 produced (1 txns, 100000 gas)
[2026-05-07T06:54:32.829Z INFO  baals::runtime] [CHAIN] Reorganizing from 2 to 4 (3 blocks)
[2026-05-07T06:54:32.829Z INFO  baals::ledger] [LEDGER] Starting block validation
[2026-05-07T06:54:32.837Z INFO  baals::runtime] Transaction submitted: 
0b10269787215aac177744653d698890efeef1292f7188c5d3ce75568a3f421c
[2026-05-07T06:54:32.839Z INFO  baals::ledger] [LEDGER] Block validation completed successfully
[2026-05-07T06:54:32.839Z INFO  baals::ledger] [LEDGER] Starting block application
[2026-05-07T06:54:32.839Z INFO  baals::ledger] [LEDGER] Block: index=2, 
hash=a957a464a1817814a96199358989d2af492548d05bad6541e83b39dae90d0fe8, transactions=1
[2026-05-07T06:54:32.848Z INFO  baals::runtime] Transaction submitted: 
5f82b7614b2e3362dcd6db065a3cbc5d75dcd436474cfc811f36640a64e99ca7
[2026-05-07T06:54:32.855Z INFO  baals::ledger] [LEDGER] Block application completed successfully
[2026-05-07T06:54:32.855Z INFO  baals::ledger] [LEDGER] Starting block validation
[2026-05-07T06:54:32.860Z INFO  baals::runtime] Transaction submitted: 
57adcc52a5570b7762a105ae0ceaf79744ab1a4b671575edbd57ac18f2d8f689
[2026-05-07T06:54:32.866Z INFO  baals::ledger] [LEDGER] Block validation completed successfully
[2026-05-07T06:54:32.866Z INFO  baals::ledger] [LEDGER] Starting block application
[2026-05-07T06:54:32.866Z INFO  baals::ledger] [LEDGER] Block: index=3, 
hash=2ab35191d3662ec872c50a059daf61483cfd86efcea54a475f4bee322ea26e9e, transactions=1
[2026-05-07T06:54:32.872Z INFO  baals::runtime] Transaction submitted: 
49db0afebaa2d079ec7d89d2b8bdbd837944900fabb3688fa264c06423b43f1c
[2026-05-07T06:54:32.880Z INFO  baals::ledger] [LEDGER] Block application completed successfully
[2026-05-07T06:54:32.880Z INFO  baals::ledger] [LEDGER] Starting block validation
[2026-05-07T06:54:32.883Z INFO  baals::runtime] Transaction submitted: 
cc376dbd24a3d0da67d363c67023b74f0e682ee5628b8a785679dc085878cf56
[2026-05-07T06:54:32.890Z INFO  baals::ledger] [LEDGER] Block validation completed successfully
[2026-05-07T06:54:32.890Z INFO  baals::ledger] [LEDGER] Starting block application
[2026-05-07T06:54:32.890Z INFO  baals::ledger] [LEDGER] Block: index=4, 
hash=3e59ba4fc5cdec4663217e5d4e64021ea0a8b75a796cde51b56b163fb51c7734, transactions=1
[2026-05-07T06:54:32.895Z INFO  baals::runtime] Transaction submitted: 
14c8159b1cbf1fb6ea0a45ad855f99c99300492de07938e48640a7ea56f5e46b
[2026-05-07T06:54:32.908Z INFO  baals::runtime] Transaction submitted: 
13773fccbb87590a32e485e49c2986e5201483f8e3d61981c077343d705a7507
[2026-05-07T06:54:32.908Z INFO  baals::ledger] [LEDGER] Block application completed successfully
[2026-05-07T06:54:32.908Z INFO  baals::runtime] [CHAIN] Reorganized to height 4
[2026-05-07T06:54:32.909Z INFO  integration] [P0-5] Fork/reorg test passed successfully
test test_fork_reorg_with_common_ancestor ... ok
[2026-05-07T06:54:32.919Z INFO  baals::runtime] Transaction submitted: 
035f5a17c88ccfbdf88dc889d9659d9e1d257dae18feb7e97d3464c545673d0d
[2026-05-07T06:54:32.930Z INFO  baals::runtime] Transaction submitted: 
5d02610f787b0251b921b216961dabf506b1eb26cef7ef882647ff2a0054b820
[2026-05-07T06:54:32.940Z INFO  baals::runtime] Transaction submitted: 
26103ce18c48be9edf82ca0c37a10fed647043cd789ae9ed77b22b417da59122
[2026-05-07T06:54:32.950Z INFO  baals::runtime] Transaction submitted: 
0a3f7d50ef04901d1f98518d5003fd40fdce446e04bd96baefdf87ff0aa46733
[2026-05-07T06:54:32.961Z INFO  baals::runtime] Transaction submitted: 
b69e8664ae26199645f99db39b47dcc5da66154bc2c704713de48eb2c40f788e
[2026-05-07T06:54:32.973Z INFO  baals::runtime] Transaction submitted: 
d1306071629e0e6fc7c69818359f81bbd3b2f0344ce86eb962d0f86ed773d02b
[2026-05-07T06:54:32.985Z INFO  baals::runtime] Transaction submitted: 
45236b73f8f467d2e3c0d7974fb0dfc029d039dc43303050d8c96fa2ebc0916d
[2026-05-07T06:54:32.997Z INFO  baals::runtime] Transaction submitted: 
2e0288b9bae2805357d14b659d99f24297922150a7148226512a983f47c566b2
[2026-05-07T06:54:33.008Z INFO  baals::runtime] Transaction submitted: 
9e62d1bfbf61f2276acd34e784ed4ea6864fafd4e18320d592df727ab8ec0a19
[2026-05-07T06:54:33.018Z INFO  baals::runtime] Transaction submitted: 
c88368d08f4cb64836d29c5f1b2248917ba6b2eb113a96c3e18933d3568d71e7
[2026-05-07T06:54:33.029Z INFO  baals::runtime] Transaction submitted: 
ab956c5f1fc7c07b3a017bae3abff3919d6c3afb19b58ff071e5854ff9731eef
[2026-05-07T06:54:33.038Z INFO  baals::runtime] Transaction submitted: 
0fbfc598d74115857c4adf435a2db99247d439fb4a807c2e5b528e6c267ecba5
[2026-05-07T06:54:33.050Z INFO  baals::runtime] Transaction submitted: 
44598bb90bc3a7625894968f128626ae2ba3661bdcaf6a1f5c1967baccbc674c
[2026-05-07T06:54:33.061Z INFO  baals::runtime] Transaction submitted: 
d11dfe8d2541abf8f849bf5fa9eefba2e59e23f33a4859f0eecd270ec9bbd523
[2026-05-07T06:54:33.072Z INFO  baals::runtime] Transaction submitted: 
20823270290cacb584bfcbb0bf39e4434dda7e68d787c31d0e8468f24470514d
[2026-05-07T06:54:33.082Z INFO  baals::runtime] Transaction submitted: 
d9e534c507727854fad598049e605aa294f7ab6365956d5cbf9d5a60888d9ea5
[2026-05-07T06:54:33.092Z INFO  baals::runtime] Transaction submitted: 
41640d550aa1cefa34f5b4846dadc1299cd40d9350f45994ba19ca749f6b74ce
[2026-05-07T06:54:33.103Z INFO  baals::runtime] Transaction submitted: 
d52cf36c62e1a4022c9e5498312e8b3328387c03cef110933f76446562c224aa
[2026-05-07T06:54:33.114Z INFO  baals::runtime] Transaction submitted: 
995b2d0aa4faf53a59244ec6094a1682846a9974ab82ddfb95bad788cf23e127
[2026-05-07T06:54:33.126Z INFO  baals::runtime] Transaction submitted: 
6dd48d8d1b7d683bf48466a5a31ce0a77be3f5ab2dd34e2dc123ca4cb9a9f318
[2026-05-07T06:54:33.137Z INFO  baals::runtime] Transaction submitted: 
a46dc3ce0d065316cde83d6b36d949338850b31ced1d04737af7c2686a7a424d
[2026-05-07T06:54:33.149Z INFO  baals::runtime] Transaction submitted: 
aadfe600b88153693059a3b8ce74d151f77e0c1100dc90d902fb4efbe1bfdece
[2026-05-07T06:54:33.161Z INFO  baals::runtime] Transaction submitted: 
5f8b0c83f53b708d6e0837caf7159d6d315a84bfc5b14cd9b3c56f5469788e22
[2026-05-07T06:54:33.173Z INFO  baals::runtime] Transaction submitted: 
fa21fb9771dd29a86aeadc419a2e1e072af1c8f4d30cff2af3b3c5c1dd2dba0b
[2026-05-07T06:54:33.185Z INFO  baals::runtime] Transaction submitted: 
6a251a74e14e459ba2cf4fc83b4a4911afb9f513612eb58fe8f4bd3a446dd3f6
[2026-05-07T06:54:33.196Z INFO  baals::runtime] Transaction submitted: 
4a71588f15a0ed8b7b3d22725598baf710719aa1c7fda54c5b600539d722966d
[2026-05-07T06:54:33.208Z INFO  baals::runtime] Transaction submitted: 
e8a7c2c67fd433194c3793f2e31599c1b22230b7c0aef034f6d565adfb896569
[2026-05-07T06:54:33.220Z INFO  baals::runtime] Transaction submitted: 
f950437753759a061717516e7ededa8b22cd3841b71198c0d1d73fa042a0b057
[2026-05-07T06:54:33.231Z INFO  baals::runtime] Transaction submitted: 
707aa06ce928b927f879d85125934dfa9ef1563976ac5411f56ae5edff1985c1
[2026-05-07T06:54:33.243Z INFO  baals::runtime] Transaction submitted: 
acdbecb5c8d26820bb7c8f8d375b6a5eb87af9ec3d1326a7d6674d1627a739ac
[2026-05-07T06:54:33.255Z INFO  baals::runtime] Transaction submitted: 
e18b0d98a488a261f1c3904ba005fcd2b8f46df3a9cf525234444bb2b3969095
[2026-05-07T06:54:33.267Z INFO  baals::runtime] Transaction submitted: 
33c2d821cedc2e8edba0555926d1dc3385cab9ee9c259af6cfe7836efd99cebb
[2026-05-07T06:54:33.278Z INFO  baals::runtime] Transaction submitted: 
869901e02525020cb1ca7135764c80ab803fd375b398ff55eb82580a86c3ba01
[2026-05-07T06:54:33.289Z INFO  baals::runtime] Transaction submitted: 
6073da36ff5010b1074d3f9aaf97f59e55d7e25418b374562442e643b3c89edd
[2026-05-07T06:54:33.299Z INFO  baals::runtime] Transaction submitted: 
2a0dd076d41363cd1296adeddf769e251f25a046a9fb3d400bc070e435b08f3f
[2026-05-07T06:54:33.310Z INFO  baals::runtime] Transaction submitted: 
9a148b00baf273ea7041d71e0a677c2d99bf7a84e65b872dfcf413ff61a11199
[2026-05-07T06:54:33.322Z INFO  baals::runtime] Transaction submitted: 
689657bff50dc67308c1079accb543abeaa83e493fe46c69ab545190dabf8256
[2026-05-07T06:54:33.333Z INFO  baals::runtime] Transaction submitted: 
d681989230511c9bc11bf42da5aa832beedc0b3987fb2c20ca4f9f829740df60
[2026-05-07T06:54:33.345Z INFO  baals::runtime] Transaction submitted: 
421cb144039198fa7198bca461a501e10b3bfc23a896cfc43d2626f6a66ccc33
[2026-05-07T06:54:33.356Z INFO  baals::runtime] Transaction submitted: 
87ca89178ff7890063ae3457414a7397da671c525c6bfdfa3e0459c02f454cf0
[2026-05-07T06:54:33.366Z INFO  baals::runtime] Transaction submitted: 
4ca48745b22f4af3ba418413564f7c7637e8c1cf8675d1cdccaea6903cbf6013
[2026-05-07T06:54:33.376Z INFO  baals::runtime] Transaction submitted: 
9ef7a155e6fa0d357f79125ea7224cb61bd249ec6b5c381236ebd6e4a671cc07
[2026-05-07T06:54:33.386Z INFO  baals::runtime] Transaction submitted: 
5c7ad03170dfcd083ab6138eedd2367a7663e6a0df9fa4b39a831616f0c50ccc
[2026-05-07T06:54:33.396Z INFO  baals::runtime] Transaction submitted: 
fda51a688abad4344912a31aefdbb85fd35a8e9574b070140423bfd32232f571
[2026-05-07T06:54:33.407Z INFO  baals::runtime] Transaction submitted: 
04c9cfa91daf776e14b122d1889e555c9ec1ba448f2125ebe7bdf4e0e97cc929
[2026-05-07T06:54:33.419Z INFO  baals::runtime] Transaction submitted: 
501f7a634413d64ba5ee44325916c6349714e36c1b72f4137355c3d5e5e924db
[2026-05-07T06:54:33.429Z INFO  baals::runtime] Transaction submitted: 
209f3c4dd2e7415cc48c3bef8c77a0a86d1f9b6c69232d669193464b2ffe31d3
[2026-05-07T06:54:33.441Z INFO  baals::runtime] Transaction submitted: 
5c15b673c4f6bb1a06c6bf2834d052dd586250876710d02a36215253c474cf9e
[2026-05-07T06:54:33.453Z INFO  baals::runtime] Transaction submitted: 
c603823a38fe0bb5689f4b72f579cb01628f1c3ba2e3d5b0f3112c2778013162
[2026-05-07T06:54:33.464Z INFO  baals::runtime] Transaction submitted: 
5c4c9ab31998432af718d925c6b90f76ac02767d047b024619e6c429a5386dca
[2026-05-07T06:54:33.476Z INFO  baals::runtime] Transaction submitted: 
fbd94c378d735f4a30dea6affe567eb3a108f80d3c7812ef36d28f5f42227066
[2026-05-07T06:54:33.487Z INFO  baals::runtime] Transaction submitted: 
9c5767d7449a72babd38390042e3c314f3a6a4b9ead6261a59bade2f1c92a3dc
[2026-05-07T06:54:33.498Z INFO  baals::runtime] Transaction submitted: 
bd957444602b3ccdce5f15dff98bd5592d9d52cf1c66fd80a4be177fd05bd815
[2026-05-07T06:54:33.508Z INFO  baals::runtime] Transaction submitted: 
11670183684c1f15ddeb06539a34d492f2bfae2f1607e739908fc4678ab2093f
[2026-05-07T06:54:33.520Z INFO  baals::runtime] Transaction submitted: 
ce94425957dedca2ff6d9dab28905f7f68bc19222984c425a7a4919b2a2a53ca
[2026-05-07T06:54:33.531Z INFO  baals::runtime] Transaction submitted: 
0fe97d5db723a4004c2560a5f7e5fe78f946192c5d43f1ee1c67a6eb95c7a72a
[2026-05-07T06:54:33.543Z INFO  baals::runtime] Transaction submitted: 
d53c83a7b8b1c36b820b3df3ffe0a64ff16fdf23846daad722fb332d1b9170de
[2026-05-07T06:54:33.555Z INFO  baals::runtime] Transaction submitted: 
a88ba9a85705cc0c492f2444112d4d5108273bb8bbd43fa0d5481fbd86b24b43
[2026-05-07T06:54:33.566Z INFO  baals::runtime] Transaction submitted: 
da197253c2dbe8264bc46e1d8836a8c3f8dbca9bbafb7d9f29bbb6599e83d359
[2026-05-07T06:54:33.578Z INFO  baals::runtime] Transaction submitted: 
b7ef0ae8979aea0d300c0a467efb689a5352a85006baca239c741e8f3e72626e
[2026-05-07T06:54:33.589Z INFO  baals::runtime] Transaction submitted: 
2a025495737ca701cca88b09d09c74252b08121ed21f4dd1739c0f0b49187a4f
[2026-05-07T06:54:33.601Z INFO  baals::runtime] Transaction submitted: 
546c5b103fdcf11b4ffe328b91eb11d082e0e8fa2da7105f6666e94544556c0e
[2026-05-07T06:54:33.612Z INFO  baals::runtime] Transaction submitted: 
4ce19de24ff7c9c88105a2a9220e0edca3fa165e7d647f44ce80c97a74a01f94
[2026-05-07T06:54:33.624Z INFO  baals::runtime] Transaction submitted: 
e16b0eb9e0eebe4151fa5cafe23b8a6384446bf4188e8cb942aaefa0041f8f08
[2026-05-07T06:54:33.636Z INFO  baals::runtime] Transaction submitted: 
3ce2b4e40306c53825dd480b100219c3be6a43a21e4b1512136e673a05055d96
[2026-05-07T06:54:33.648Z INFO  baals::runtime] Transaction submitted: 
115cadff3879286af68d54d90d07bf8fd5dda6e8e4e18c240672b9d7e5640563
[2026-05-07T06:54:33.659Z INFO  baals::runtime] Transaction submitted: 
28cf829ec53cddba0315ea21e13fe0686d93770a8c1e2f121e810ac327005b5e
[2026-05-07T06:54:33.671Z INFO  baals::runtime] Transaction submitted: 
ef39fffa4807fd36f765fae3effa2b386342f0045ed5d6b9e7dd66bf83e06166
[2026-05-07T06:54:33.683Z INFO  baals::runtime] Transaction submitted: 
df6028f676466d9f3cbfa21a70d371c1404af56aac3c7977282533f4aa30f676
[2026-05-07T06:54:33.694Z INFO  baals::runtime] Transaction submitted: 
05264029f756a7321f6789b537c395be3b9a0286a03bc86ba3fb79a54b3ae64b
[2026-05-07T06:54:33.704Z INFO  baals::runtime] Transaction submitted: 
cca8f122f9912832127f7baa0c8247a1a4b00781d34df5635bc0cc6580782a28
[2026-05-07T06:54:33.715Z INFO  baals::runtime] Transaction submitted: 
e0ddfe58c19d7f34a2942a3f1e60a661d6cf6cf7063992f76d2f31534deb67d1
[2026-05-07T06:54:33.726Z INFO  baals::runtime] Transaction submitted: 
8efc893158e0a5d55b8c89b5a5e849387cdf1130df2c600b2d92ec87a2c73337
[2026-05-07T06:54:33.738Z INFO  baals::runtime] Transaction submitted: 
d2be5bdd82c9120b7bf3947953cbd7860fb20922f0ef2e407c7c16b8264dfb74
[2026-05-07T06:54:33.750Z INFO  baals::runtime] Transaction submitted: 
de7c4461ed905866994b0cf1b337edc8408d7b7072adffa052e43f6d7d3e7a5f
[2026-05-07T06:54:33.761Z INFO  baals::runtime] Transaction submitted: 
46a2acdefed365ad738b22579c362379dfff0aa6c7139617810decd4ece62565
[2026-05-07T06:54:33.771Z INFO  baals::runtime] Transaction submitted: 
b062c30afd2c190011a3372c38064e4d4cff1890935311314a79eb751ca29ca8
[2026-05-07T06:54:33.782Z INFO  baals::runtime] Transaction submitted: 
8d1aa6e60c242bd3c011b9318b093164699342d5dfe9fda069455c676b2cf6ed
[2026-05-07T06:54:33.793Z INFO  baals::runtime] Transaction submitted: 
a5d037f76b03c1d5355c07dde333a8d639ff9dec2d910efff6379ab07e7c4c69
[2026-05-07T06:54:33.803Z INFO  baals::runtime] Transaction submitted: 
f3f87fbcda967288a58ec5b6443105d0bb6e0cefc92a5e456843fe79487d62c1
[2026-05-07T06:54:33.815Z INFO  baals::runtime] Transaction submitted: 
d3dd8ef8377f9c0c89a09181021d80972252712c2a566d5e4c92d5be390ca693
[2026-05-07T06:54:33.826Z INFO  baals::runtime] Transaction submitted: 
78a0f840de45c149ad0bed59f66e05c95451c6be5c4bc2c92e01d03218758d05
[2026-05-07T06:54:33.837Z INFO  baals::runtime] Transaction submitted: 
73340895f929d15e08debe77dcbe652bf271c19dba35ebd3c6d3c3316e357efe
[2026-05-07T06:54:33.847Z INFO  baals::runtime] Transaction submitted: 
978ee14336127d349d97f1dcb307a00cb0cf702eee0b5e20f7f1eed2632e87b3
[2026-05-07T06:54:33.859Z INFO  baals::runtime] Transaction submitted: 
5438cd0a63445e6e85c980fd91107838a165218d24860ef20b84bfd6c6e797f7
[2026-05-07T06:54:33.869Z INFO  baals::runtime] Transaction submitted: 
b122ea39298c7efe4457b0c3fd79b92d1853e8e22fef9f524f12f79e832db85f
[2026-05-07T06:54:33.881Z INFO  baals::runtime] Transaction submitted: 
85443aaf4e82896244a2e4ae398d2fb933c9058578c8f73500a6af4c01eecad3
[2026-05-07T06:54:33.892Z INFO  baals::runtime] Transaction submitted: 
ea4089e0bb87a228eaff1f37bbf44f4c64211a843d48b1817fbbd9c3c7c8f5ea
[2026-05-07T06:54:33.902Z INFO  baals::runtime] Transaction submitted: 
157bc71fc4b4fa54b60e5d87825f9a1939f05bde343ce616f3ccd1c02b80179c
[2026-05-07T06:54:33.914Z INFO  baals::runtime] Transaction submitted: 
82b13640418a313e9d40608b35fbcea5f960031bc89586ebee019cdf81a4168d
[2026-05-07T06:54:33.925Z INFO  baals::runtime] Transaction submitted: 
aa13d03657e5b5596610bc825ef40c53c24b6c4316f3906d30f3f9acc1ae4655
[2026-05-07T06:54:33.937Z INFO  baals::runtime] Transaction submitted: 
e1a8063f91d1d4b05cded3c9aa703ef3b19ab2b9446924da9ac145e5b06e8445
[2026-05-07T06:54:33.949Z INFO  baals::runtime] Transaction submitted: 
9b31065efadb14194823c557ba59a46c89aa896362dad5ea5b2b5d0016a2fd38
[2026-05-07T06:54:33.961Z INFO  baals::runtime] Transaction submitted: 
5228d6fe2f0e2843a928beeae2d63077473e6490696f74369ab6e2ddd0565735
[2026-05-07T06:54:33.973Z INFO  baals::runtime] Transaction submitted: 
84f587218f05c5b6224cbc83529e3212f98a48e91cd089678acdecd9645806d2
[2026-05-07T06:54:33.985Z INFO  baals::runtime] Transaction submitted: 
f59ad8f659d0209af20a2660a97287534387ec7430745e8ef9856360b28c89d3
[2026-05-07T06:54:33.997Z INFO  baals::runtime] Transaction submitted: 
b192d6ec6f47529bf739801f1a319aae2a346ae4db62a0e8c2ca906e433b788f
[2026-05-07T06:54:34.008Z INFO  baals::runtime] Transaction submitted: 
39f1b39742879ee323ad1d5c8968f401d065eb72ab3ea06c5243065a12a7217c
[2026-05-07T06:54:34.020Z INFO  baals::runtime] Transaction submitted: 
9041fc38f964a3855ddd957d120effc885133a03bd766e7450701b0c42e4b2cc
[2026-05-07T06:54:34.032Z INFO  baals::runtime] Transaction submitted: 
b5cda4d8fec8e4dcfa738fb128b1cde303c0818927415d0e8fd6dfdd5138b5ca
[2026-05-07T06:54:34.044Z INFO  baals::runtime] Transaction submitted: 
507471ecc7d6a7eb64a275f1828178f2ff02d5c06d8c06295b93d70581c978b2
[2026-05-07T06:54:34.056Z INFO  baals::runtime] Transaction submitted: 
ea4631a2e537f94d711fe799a422471172f646950ee045cb072f482ccab4258a
[2026-05-07T06:54:34.067Z INFO  baals::runtime] Transaction submitted: 
d73cc8186624c4aaa12e1cdf80e9ef30d0756f6cf6c5f7bebc55ef42af720ff1
[2026-05-07T06:54:34.079Z INFO  baals::runtime] Transaction submitted: 
afd6b1dda221fef0b8734fd9e026fe3c68d081c3c69c485717578660511b748d
[2026-05-07T06:54:34.091Z INFO  baals::runtime] Transaction submitted: 
fa25ee19a1491fbf02780c1320b8d5a0badeeb81abb60cf27945271806e8d5b4
[2026-05-07T06:54:34.095Z INFO  integration] [TEST] Keystore round-trip passed
test test_keystore_round_trip ... ok
[2026-05-07T06:54:34.101Z INFO  baals::runtime] Transaction submitted: 
0e6c777dac0bef0f8900a8c84d51f0882c3aaa2181c90bf75539787f24695330
[2026-05-07T06:54:34.111Z INFO  baals::runtime] Transaction submitted: 
1282070a2cac4c353342f9523f4fd0679c623b71a3a2bb8ee9f5dbefb20b288a
[2026-05-07T06:54:34.121Z INFO  baals::runtime] Transaction submitted: 
0c367cabd332244b2588a961a813092e5f0ed9fb7ed9e972de50c3770b04b8d1
[2026-05-07T06:54:34.131Z INFO  baals::runtime] Transaction submitted: 
5d93b2700362760474485b77a1ada831c28f9248ee9e3c70621b2980a3612433
[2026-05-07T06:54:34.141Z INFO  baals::runtime] Transaction submitted: 
a04ef1fffdfb217d8951a7a943e655b22604b3b5ebf6aacc0fcd26c63ba7acc5
[2026-05-07T06:54:34.151Z INFO  baals::runtime] Transaction submitted: 
ee9608b8d683385f07ddb57e0044a4cd8c4d9d2bb95d43c0f029abf02da1c352
[2026-05-07T06:54:34.162Z INFO  baals::runtime] Transaction submitted: 
ac7f96d8f67c8e15d4475843c3a88c86d2b403293817e46180a387eeec607d8d
[2026-05-07T06:54:34.172Z INFO  baals::runtime] Transaction submitted: 
60d52cd961950e50ba9c3b26c8b30cfdb0d5111895deb10de00f951feed0369d
[2026-05-07T06:54:34.182Z INFO  baals::runtime] Transaction submitted: 
b96081f0b0ba303dbdeb320e47cf9df7afb7f5143179a6871bb7065f19b92b4b
[2026-05-07T06:54:34.192Z INFO  baals::runtime] Transaction submitted: 
7bb6f6f58274f75d1c727aa2fe1ca5c0639483fdb20f186246ca3798293f10f2
[2026-05-07T06:54:34.203Z INFO  baals::runtime] Transaction submitted: 
9a66f3d907927365119cc268e495a800a4675b1c82996e5d526e27f2bc8398ea
[2026-05-07T06:54:34.213Z INFO  baals::runtime] Transaction submitted: 
fd8fc5a6aefe67c29a07b6709aae47b7538967f2423a0407f02d6c2330a16332
[2026-05-07T06:54:34.223Z INFO  baals::runtime] Transaction submitted: 
cb297cb110398c105c42f2fcb6d9b76dba44a656b063c89b4cf2e69d1e9cafb3
[2026-05-07T06:54:34.234Z INFO  baals::runtime] Transaction submitted: 
f022f387377c11c65b5f539345af8f17fb39b3d4c745d74df3aea539d34c961b
[2026-05-07T06:54:34.244Z INFO  baals::runtime] Transaction submitted: 
742ef81cd448d6573985b073374332a2345a8838a1a978769b66cfca7cb79971
[2026-05-07T06:54:34.254Z INFO  baals::runtime] Transaction submitted: 
fc71a56212b5c3780e490d5bb6deda014ddd17a7802d0b81c6e1d4de849490b0
[2026-05-07T06:54:34.264Z INFO  baals::runtime] Transaction submitted: 
854db62fdaeba568a84ceec175f8ac7a564a236f86a0900fed4a25ffe386a1de
[2026-05-07T06:54:34.274Z INFO  baals::runtime] Transaction submitted: 
ad2d4a20823f668ca21842ca7b1e46619f3fafb1c385eee447bcf3143f3ef72f
[2026-05-07T06:54:34.285Z INFO  baals::runtime] Transaction submitted: 
a01ce2cf8b06278b7c911db08c3557bb9e55c084aa1367d4c8e085cd3477bc11
[2026-05-07T06:54:34.296Z INFO  baals::runtime] Transaction submitted: 
fbaba633b9c613da8bdc3c842726507a02b5bc12e5fad67a9a89c7933ab5df69
[2026-05-07T06:54:34.306Z INFO  baals::runtime] Transaction submitted: 
df433216c67a3506b57194ff924b20b63f6ebda136845cf87a4c884d0ba4a1c9
[2026-05-07T06:54:34.316Z INFO  baals::runtime] Transaction submitted: 
f328dae2314deee1e4e28ce1919acf4dd14e597cc852c0bfcf0b495c7275d6be
[2026-05-07T06:54:34.326Z INFO  baals::runtime] Transaction submitted: 
5640da21117c7edae8329bfa3326c9a90b3da0495de99fa56190cbef00090595
[2026-05-07T06:54:34.337Z INFO  baals::runtime] Transaction submitted: 
091256293a58466941af35420a3d9cf0243bd04b3d8f39674d65042df2d424c2
[2026-05-07T06:54:34.347Z INFO  baals::runtime] Transaction submitted: 
ea26f8bbedea1b2dac9811b61a57d15d61364ca57dc0de231dbef78abcae2bae
[2026-05-07T06:54:34.358Z INFO  baals::runtime] Transaction submitted: 
e1fd5f4c189a42b1dc529572182e18a79c120e32e04a7cd14b60c25854affbd6
[2026-05-07T06:54:34.368Z INFO  baals::runtime] Transaction submitted: 
2bc3261896334d8abd03e091d4bd034b3fc6fea0ef003100bb4ba8a6e5e2b971
[2026-05-07T06:54:34.378Z INFO  baals::runtime] Transaction submitted: 
ec934303ea15d4401f01e7c0639089465557909e488f9ea3805e7334fb07e0aa
[2026-05-07T06:54:34.388Z INFO  baals::runtime] Transaction submitted: 
367545585eeee3c7bbc350fb41b9699919c03bfa72dd5309b460525783f31365
[2026-05-07T06:54:34.398Z INFO  baals::runtime] Transaction submitted: 
7fe3f294d64793d658e851680bbd11cdf0bf829e07b49a65d8062631071c632f
[2026-05-07T06:54:34.409Z INFO  baals::runtime] Transaction submitted: 
fc9c893c99bed9049aa0f5463b4802bae4edacab41fda9bb5143964cc2999239
[2026-05-07T06:54:34.419Z INFO  baals::runtime] Transaction submitted: 
95af2e8f85350bd690d04f0422fdac8b1b2b7a72f6201b98fece4742cb8666a3
[2026-05-07T06:54:34.429Z INFO  baals::runtime] Transaction submitted: 
e183d843e33a463839f8860699fa6b05ebf75fb05c39f22174a8550e136d84a9
[2026-05-07T06:54:34.440Z INFO  baals::runtime] Transaction submitted: 
96d80e3e91a321c8c92f807a95d379f3e9b69373d02b72c3158299f5fb2cb583
[2026-05-07T06:54:34.449Z INFO  baals::runtime] Transaction submitted: 
aa76889777f8e94cae6256645363ec3fe2dd89114147f4d3a0e2e83a3a3287c7
[2026-05-07T06:54:34.460Z INFO  baals::runtime] Transaction submitted: 
9579ca0d1466903b1d37f6fe4160d6ab3d8c858211654c0d7ef03970cccbd05b
[2026-05-07T06:54:34.470Z INFO  baals::runtime] Transaction submitted: 
115c3e01d252a17120ed536a2b1d0d6f9a402a63e8cb4702c8f9b38892393598
[2026-05-07T06:54:34.480Z INFO  baals::runtime] Transaction submitted: 
cedf6448024baaa4b3618b69e84ff920c110326ec0fbaa1332e24ebe893cca10
[2026-05-07T06:54:34.490Z INFO  baals::runtime] Transaction submitted: 
3946b5a470c0dae105082f71c3f3d81fcf47bfe3ce636e84d4ba1272c27b7256
[2026-05-07T06:54:34.500Z INFO  baals::runtime] Transaction submitted: 
9f1aae13e9b082ccc8549840e83b2dcb2928385bfc4c8fac055887adc5374dfc
[2026-05-07T06:54:34.510Z INFO  baals::runtime] Transaction submitted: 
c7ae5730fc657cd5e7f3ff37cf9a26282d2df9e3c5f4a9967625f78e28a9ff7b
[2026-05-07T06:54:34.520Z INFO  baals::runtime] Transaction submitted: 
7e33edd91fd05a91afa0e94c10e789e824fc1ead204e0da1a51f3a29667421d0
[2026-05-07T06:54:34.530Z INFO  baals::runtime] Transaction submitted: 
6c867a3dec0703f7ecba808d9a6f31a8ab466491eb1b253e0ca0c433701d05bb
[2026-05-07T06:54:34.540Z INFO  baals::runtime] Transaction submitted: 
172ae77ca383ba6c4bd1adb365bd1aeeb3109dc2900f7d18fefa7e572fe62e03
[2026-05-07T06:54:34.550Z INFO  baals::runtime] Transaction submitted: 
4d7353f776fea205aba49433513ef959c233cce892a7772815459f5186c52a86
[2026-05-07T06:54:34.561Z INFO  baals::runtime] Transaction submitted: 
c9c9fef8a8dacac618bc4243a8f949c7c25c2512d5e0acd059a3d760efaafc1a
[2026-05-07T06:54:34.571Z INFO  baals::runtime] Transaction submitted: 
3a7592446bb15e93a81ff80944900baf6f56334d0e156761cecb3f734e5c7839
[2026-05-07T06:54:34.581Z INFO  baals::runtime] Transaction submitted: 
328ac4ccd8c18c071522e8b552267e09a4f6a841d464e0bac386e8322775e347
[2026-05-07T06:54:34.591Z INFO  baals::runtime] Transaction submitted: 
c81d83dfae97bc1f49b5582c904e830d679e63845de0e4a8fd05cd68f12058bf
[2026-05-07T06:54:34.602Z INFO  baals::runtime] Transaction submitted: 
f36935ed9ef0a9ecdbab6f0f511c88764583dfd1972d9efbde76692629d53ebc
[2026-05-07T06:54:34.612Z INFO  baals::runtime] Transaction submitted: 
290cbc99d917728ba99228b8449636d29550eedfb6ba5d719f83dc928f3d4190
[2026-05-07T06:54:34.623Z INFO  baals::runtime] Transaction submitted: 
c47992bef80fe9f00f2decae84b88791fec0a51e8d4bc55e66ab195674cd057a
[2026-05-07T06:54:34.633Z INFO  baals::runtime] Transaction submitted: 
b5f7dd616d031bacf6cdacbe85922cbc2dab0f5193c7210779052586651acd4a
[2026-05-07T06:54:34.644Z INFO  baals::runtime] Transaction submitted: 
37fc20e4f80e2e113af6d941e97275457c6271d7ca98dfb1f5ff6ac57623ddc2
[2026-05-07T06:54:34.654Z INFO  baals::runtime] Transaction submitted: 
bc4d34aafdd5e0020fb4f084ace8bc753f7b80895fe7b6cf6327d2f8737e6c2e
[2026-05-07T06:54:34.664Z INFO  baals::runtime] Transaction submitted: 
b31ed5c42fb4b6841818a751dc8cefffe5f42078b8659d4e3f8236be265f7270
[2026-05-07T06:54:34.674Z INFO  baals::runtime] Transaction submitted: 
dfed3a86b4bbcbedb8305867f28d0b4cbcb62dc996e13395ef06c31f44fda179
[2026-05-07T06:54:34.684Z INFO  baals::runtime] Transaction submitted: 
072f8613b15b59c317dbf386f70c03a12bc61df88b634e0222a683015217d9f8
[2026-05-07T06:54:34.694Z INFO  baals::runtime] Transaction submitted: 
2c3b68073f99606b20e3407de3ee7aacf84b4f3ddba5c567f7610741ebcbaee8
[2026-05-07T06:54:34.704Z INFO  baals::runtime] Transaction submitted: 
707d64617b0ef5f205ad33c0f149089c37105e8f051bc94e0e3e3aacd49b2acb
[2026-05-07T06:54:34.715Z INFO  baals::runtime] Transaction submitted: 
beb2a8d9d6ed43b872ce0c0c517597eeff3a3ad781d6985a38e2fd14d139f114
[2026-05-07T06:54:34.725Z INFO  baals::runtime] Transaction submitted: 
c27eb17a5783af477b3609cf0079b50574ab79eb8975c30f174f919c6277336c
[2026-05-07T06:54:34.735Z INFO  baals::runtime] Transaction submitted: 
528a4ded40f403865c99fcd53d60268710024df566ca266bf855684cc50ffe42
[2026-05-07T06:54:34.745Z INFO  baals::runtime] Transaction submitted: 
489a7ac688845344f20d484d9b73981f3b3aaf96beb700872615ab909f1a639a
[2026-05-07T06:54:34.755Z INFO  baals::runtime] Transaction submitted: 
036265bde0c766b9d4738a9a5fb3a1d11dcee0b69937e9a8d6bb760e835d9fbc
[2026-05-07T06:54:34.766Z INFO  baals::runtime] Transaction submitted: 
2739744db51c31c425e4aa208e2fb5042144f7d1b9235c17b88356d5ecce9484
[2026-05-07T06:54:34.776Z INFO  baals::runtime] Transaction submitted: 
26101ca87d869bbe2c4f905fb5b89016cc071a47fa33258abe8490edcc68c0b5
[2026-05-07T06:54:34.786Z INFO  baals::runtime] Transaction submitted: 
331f04e6c257290d3ec13f48ecedc2d601d9171f1c6f17b608f837f129450016
[2026-05-07T06:54:34.796Z INFO  baals::runtime] Transaction submitted: 
20a856838760e3eab69b41a4cc4499e8a4124eff134e84139d249315f1acfd45
[2026-05-07T06:54:34.806Z INFO  baals::runtime] Transaction submitted: 
ef6fc30d1c8bfd4884861c4f42bdcdef201b510f207474eee6bf84feed73cfbd
[2026-05-07T06:54:34.816Z INFO  baals::runtime] Transaction submitted: 
a36739075ebcb49fbd44e9e716b4bc66d1a1b932f90f17f9491194228c9db47c
[2026-05-07T06:54:34.827Z INFO  baals::runtime] Transaction submitted: 
c9b9361192d49509b3611a883a17d1746a5166ce8eb3cc7381e9402c6bae3415
[2026-05-07T06:54:34.837Z INFO  baals::runtime] Transaction submitted: 
7c8413ca7ed937bd390eb16cda345220c718bf460f5506d24f877c1537d99fe7
[2026-05-07T06:54:34.847Z INFO  baals::runtime] Transaction submitted: 
97b7143743634b40b7e079375bd470d97b3f4d08e4ef385944901ad030532b74
[2026-05-07T06:54:34.857Z INFO  baals::runtime] Transaction submitted: 
c9cd1f19d89ab40434b8ce021cc0db956606d11c911ea9862cb4c0298014d9bd
[2026-05-07T06:54:34.867Z INFO  baals::runtime] Transaction submitted: 
de45234581260f16ced4b05da0e8b763e902a0071379655d145f0601bf045c56
[2026-05-07T06:54:34.878Z INFO  baals::runtime] Transaction submitted: 
db4d29252ebca6d31376946f98443089711322ec53928ff3ab20d37e43374bfc
[2026-05-07T06:54:34.888Z INFO  baals::runtime] Transaction submitted: 
287c069097f57dffd8a3c2565a496191e18bfb9972a7f33d9498df1c60b01055
[2026-05-07T06:54:34.898Z INFO  baals::runtime] Transaction submitted: 
61742ab4b17e5804e7bd1b7967443bde2c2b81e8411a89bfce37518ff025dec1
[2026-05-07T06:54:34.909Z INFO  baals::runtime] Transaction submitted: 
fa27ef7eb4e26e15dfb4089a56460c851c338871b640faa35053044cae69bb5c
[2026-05-07T06:54:34.919Z INFO  baals::runtime] Transaction submitted: 
003f716c4bb337ca5a8fa84912388cd340eeb9baf921a15ae26629e84d4e8444
[2026-05-07T06:54:34.930Z INFO  baals::runtime] Transaction submitted: 
8199c49507374d74322d82642c880f9ca2a8205ccb9d7ae17496333539b7537a
[2026-05-07T06:54:34.940Z INFO  baals::runtime] Transaction submitted: 
5ad680f5226476eee41afcb5a58aadc637fef845bc221a7f5aa22cd22715211e
[2026-05-07T06:54:34.950Z INFO  baals::runtime] Transaction submitted: 
837edd238804f13d0f9e878b8c5098583ff9a8f835bff2c6be31823bf9898f11
[2026-05-07T06:54:34.961Z INFO  baals::runtime] Transaction submitted: 
18b9bd7be7013ddc69f1b8305255c6e98eda0286e48b688c67ebfbd452c6b6d3
[2026-05-07T06:54:34.971Z INFO  baals::runtime] Transaction submitted: 
2dafea7f23faa8b57ff38c861be628ddcd9bc249c8756014277df16a2211d4bd
[2026-05-07T06:54:34.981Z INFO  baals::runtime] Transaction submitted: 
6688b8b5ef0554fc7447716c5cb821e11c919f6bc9491a6fd640733039c68202
[2026-05-07T06:54:34.992Z INFO  baals::runtime] Transaction submitted: 
d19a8c8cfc6948ec4fad19502ca7ab09cc4129532721fc3d6550f0c77477a39f
[2026-05-07T06:54:35.002Z INFO  baals::runtime] Transaction submitted: 
9bc113600bb59031a26488333056d53df89d1e7906fa181dd413a4a4bd039419
[2026-05-07T06:54:35.013Z INFO  baals::runtime] Transaction submitted: 
d5aa0c8f3bf0c97f731beaf68446b703a6d65888a027ae552f58c7bf64cdea01
[2026-05-07T06:54:35.023Z INFO  baals::runtime] Transaction submitted: 
eb407ac89728c3da1558c7638bdd7acedc078d61c74bb69b3a8e7eb15d33f3cd
[2026-05-07T06:54:35.033Z INFO  baals::runtime] Transaction submitted: 
e0e8c367d4a2847f0d3840d74d45ad511e856bb55fa4a48214f4b13eff0fad34
[2026-05-07T06:54:35.043Z INFO  baals::runtime] Transaction submitted: 
b6996071ed82ab04ced2f4e4275f00d8f5de82a5f8e01893f15595094bf965b5
[2026-05-07T06:54:35.053Z INFO  baals::runtime] Transaction submitted: 
ff44677254b202accb2d812b304b738f262221015f0d1eab65f84583dfaa2da4
[2026-05-07T06:54:35.063Z INFO  baals::runtime] Transaction submitted: 
41f2a98419c0faab16fb9993e59501c0edd147cd11badeb8c475b2160f99fb41
[2026-05-07T06:54:35.073Z INFO  baals::runtime] Transaction submitted: 
973e1386a5753a5f35a4bec3f4b494a25c2a5042bc4e3da45e320b570ecb3315
[2026-05-07T06:54:35.084Z INFO  baals::runtime] Transaction submitted: 
285fffc6d8829330b3fefc3924fec4c2ede8a5626e1f389c3354a0c018642714
[2026-05-07T06:54:35.095Z INFO  baals::runtime] Transaction submitted: 
de318662ee5db1f6b90ae91d2db616e978ddfb118b3d980fc4342eecf6ab7d89
[2026-05-07T06:54:35.105Z INFO  baals::runtime] Transaction submitted: 
668dca93f91a5045fea8d48e32f047e0e1d25162e594b091ebeaf46b4fb6e764
[2026-05-07T06:54:35.115Z INFO  baals::runtime] Transaction submitted: 
0f275b6b0db4092f92053b6cd589c58c39fed4f3bb3b24c4069a5b4eca577a04
[2026-05-07T06:54:35.125Z INFO  baals::runtime] Transaction submitted: 
04d14316fcd88abdab1c8ccc221420b8528b67270c841402edb991ed9e367aee
[2026-05-07T06:54:35.135Z INFO  baals::runtime] Transaction submitted: 
71eb8a9e37c616031fce2c4b14b0d7321522726de38045cc17813db76407f347
[2026-05-07T06:54:35.145Z INFO  baals::runtime] Transaction submitted: 
e8d0f7e980f30ae3806686f227fb2cb6be7e771e0b2c9d1afb0f5595d212765b
[2026-05-07T06:54:35.155Z INFO  baals::runtime] Transaction submitted: 
b9920cbc37ac8c5d35e35df8fd90185fee0fc60242e5dc73600b92e7870de425
[2026-05-07T06:54:35.164Z INFO  baals::runtime] Transaction submitted: 
bbd663756f41683a8b2e4a321397cd661cf588706fdc31f9beb154cb43ca63d7
[2026-05-07T06:54:35.174Z INFO  baals::runtime] Transaction submitted: 
1ef45eb827219da70db69081d98a16a15757f70c0284f22d0906222a98a15b6e
[2026-05-07T06:54:35.184Z INFO  baals::runtime] Transaction submitted: 
c101bbdd381d47dfdddbf2d65e5fa9af9df9d096dd502fa90d1e6332a10d5d74
[2026-05-07T06:54:35.194Z INFO  baals::runtime] Transaction submitted: 
14439ef5ef8ba046eb3257f3890f54298e3dee152d1e8921902e82079d8c8843
[2026-05-07T06:54:35.205Z INFO  baals::runtime] Transaction submitted: 
798ecaa2b9156b496b3fe67ce5ecdef45101563a8d99e51d21822430063ecccf
[2026-05-07T06:54:35.214Z INFO  baals::runtime] Transaction submitted: 
d38d6aeab4a47e8f0ce1aef8cdaf81389c67d74e0eaed1e219393e5c980dfb91
[2026-05-07T06:54:35.224Z INFO  baals::runtime] Transaction submitted: 
19b329c073ee4c3a03bae70bb15f3919d57fc94375bb5ebbf90aec6c18947015
[2026-05-07T06:54:35.234Z INFO  baals::runtime] Transaction submitted: 
4eef3f8807806fdfce8bbe67fd881f2134a0cbebd46c5e6f265e18b31029b104
[2026-05-07T06:54:35.244Z INFO  baals::runtime] Transaction submitted: 
855eca67ed09bca62fdacb1306fa3b046121333b046c1fa1b2451ebc0255a5b3
[2026-05-07T06:54:35.254Z INFO  baals::runtime] Transaction submitted: 
054e407558a19d5dfd6b90f91eace734cf50efa663178e2247cdeb4dc292fab5
[2026-05-07T06:54:35.264Z INFO  baals::runtime] Transaction submitted: 
2e1143341b955c45be3210a5492fbd0ae2d883ed0387318d41af2147b4725a79
[2026-05-07T06:54:35.274Z INFO  baals::runtime] Transaction submitted: 
e0847db3db186491ad8f0b7f555706b96d57a05bf029f72353ef5371d98275c7
[2026-05-07T06:54:35.285Z INFO  baals::runtime] Transaction submitted: 
cbdfca653777a9e9e3e1fb1834c90f5f6c7f12149cbc0e18e72fb80a3822bb82
[2026-05-07T06:54:35.295Z INFO  baals::runtime] Transaction submitted: 
88baa9c183c57b7b4dfe61beabacbd414537fb3f7ffb0c40b38b12a5ce1e3305
[2026-05-07T06:54:35.305Z INFO  baals::runtime] Transaction submitted: 
edacd3c489850b4de50b8c3143808aca2e279bf2cf11154109adfe2a2a0bbd14
[2026-05-07T06:54:35.315Z INFO  baals::runtime] Transaction submitted: 
8c26b79e161a146ecb599aca6dbd60843f15109b270b3de9c2bdb9a0a03e536e
[2026-05-07T06:54:35.325Z INFO  baals::runtime] Transaction submitted: 
60d8de43f620a6b33a2c000591f379811c0e152fa2191b7e24ed93573b00df88
[2026-05-07T06:54:35.335Z INFO  baals::runtime] Transaction submitted: 
0c3660f42443890c412355e952a8f3c8ba1fba21ad5172570bdb10a096993786
[2026-05-07T06:54:35.345Z INFO  baals::runtime] Transaction submitted: 
143fcfe27789784cef01c7e84051c9f9901b0493b95f365ca92215aeb3862c78
[2026-05-07T06:54:35.355Z INFO  baals::runtime] Transaction submitted: 
003ec0f29eab249aeb0d54c056c089f0899e5643c3bae5c80f049c4a4c73ada3
[2026-05-07T06:54:35.366Z INFO  baals::runtime] Transaction submitted: 
02c824a0823125571496752c7355f6879d2bfaf1a23506b9e2d72dc9104f8349
[2026-05-07T06:54:35.376Z INFO  baals::runtime] Transaction submitted: 
ba405cf950b2f6efc11b8b29f18e1fb5cb5947d56cda23bec72212a29b6010bb
[2026-05-07T06:54:35.386Z INFO  baals::runtime] Transaction submitted: 
36c41859dc454ff2fb1cd25ec77c9fe70c4ff63ad16bfa92fbdba8b4def4bb9b
[2026-05-07T06:54:35.397Z INFO  baals::runtime] Transaction submitted: 
bfe4e863d00add7818217bb1506df24693c3c68c641147c0324277fc8265eeeb
[2026-05-07T06:54:35.407Z INFO  baals::runtime] Transaction submitted: 
cb713194899a3244c011a56324c6b9417e6d6f37cbf07a225ab51380a37745e8
[2026-05-07T06:54:35.418Z INFO  baals::runtime] Transaction submitted: 
4f8f4b33ece14d4038b75fe5e70401ee32d643f33c2881cbf3f910fe789dc038
[2026-05-07T06:54:35.428Z INFO  baals::runtime] Transaction submitted: 
77db32c630a0dc5750674c2d3ce0ef48c6a5839e7b89188c7808fb9122270298
[2026-05-07T06:54:35.438Z INFO  baals::runtime] Transaction submitted: 
e97874763f467484e52b928022744a11fadc09820c23e7fc745e004bcdb382d3
[2026-05-07T06:54:35.448Z INFO  baals::runtime] Transaction submitted: 
2beb3628bce532eac6f11f0138542b3c629f3e027eaf08a7392811b22ccba147
[2026-05-07T06:54:35.459Z INFO  baals::runtime] Transaction submitted: 
df66628b30cb87fc1b35eea10a0685a23f9112fbeb466e24c4332e373a1569f0
[2026-05-07T06:54:35.469Z INFO  baals::runtime] Transaction submitted: 
2bf3e54420a16277656e7eb5835c9c38f04777ffd20a5ca9a0c1aaa3c24214fd
[2026-05-07T06:54:35.479Z INFO  baals::runtime] Transaction submitted: 
cd0bd5bd7a23d210a41e129acb801e33e03963e3058a820f626196298983f09f
[2026-05-07T06:54:35.489Z INFO  baals::runtime] Transaction submitted: 
b469742c4727fadf05ea8a68ff0f290bfe3c7402a5f06046f38b0593271812af
[2026-05-07T06:54:35.499Z INFO  baals::runtime] Transaction submitted: 
4193eef244f1eadeaf48e56c7890aebf58d4ad181d15bfb5041391b1addbf414
[2026-05-07T06:54:35.510Z INFO  baals::runtime] Transaction submitted: 
564c2a2278a32ecc494dedd7bf51e749b06bf6bdb94934144dff3d187b6751d6
[2026-05-07T06:54:35.520Z INFO  baals::runtime] Transaction submitted: 
fd087b8f49049a408a25d81bc1fbc87243585c55c8bbbc0a5aad6c47d7c58034
[2026-05-07T06:54:35.530Z INFO  baals::runtime] Transaction submitted: 
7c15e916202f314db3a1d20c85d3806944bdb95af9512817ac2d05d42a297923
[2026-05-07T06:54:35.540Z INFO  baals::runtime] Transaction submitted: 
8fa3dc5eb072d938fdcfd564faed68d31f4cffad11d3cb1dea2c1e0fcf45c684
[2026-05-07T06:54:35.551Z INFO  baals::runtime] Transaction submitted: 
238174143e5edd38769dc3d505c0dc389fb7e62dea2a969c7164a8b0a4a0b7f9
[2026-05-07T06:54:35.561Z INFO  baals::runtime] Transaction submitted: 
55b310621b24263e1e87256eaafab871fb46e34ca79926ac0ed2083f8b8fbd5d
[2026-05-07T06:54:35.571Z INFO  baals::runtime] Transaction submitted: 
910b113c94a8a2a3bf065d2c71601135989b0c4fca0ad24e4d529d19ca2e5860
[2026-05-07T06:54:35.581Z INFO  baals::runtime] Transaction submitted: 
7a879cac09e13660068bbcb44b7e1a65ae93ca8763d2a1f2b0c2e4f16e1588a9
[2026-05-07T06:54:35.592Z INFO  baals::runtime] Transaction submitted: 
4a48c743e5ec1695d06205133a9938151944b66a7ccc267c69bb54ca3b5b1c9e
[2026-05-07T06:54:35.602Z INFO  baals::runtime] Transaction submitted: 
e1704e185786da3c693b0e8234a4ab85b6ce2c1aabf4278e3ec3f37f1e82e778
[2026-05-07T06:54:35.612Z INFO  baals::runtime] Transaction submitted: 
06a964783a6e5a8e716550a632212c2d60d6615cd12e00ee94990c5bee7eb462
[2026-05-07T06:54:35.622Z INFO  baals::runtime] Transaction submitted: 
cf22644068ac1420ac0a4da395d8145a14004d56a9d4a04553c1c865d4648d0c
[2026-05-07T06:54:35.632Z INFO  baals::runtime] Transaction submitted: 
c52729cbdce81a3bd1a0bc7a2d72ab266ce8de36d07bc3c2df196ac1e445d16d
[2026-05-07T06:54:35.642Z INFO  baals::runtime] Transaction submitted: 
eeef83d6df95a587685b6354e3cc31a0539b9d126767ef63d57b9f1855f704b2
[2026-05-07T06:54:35.652Z INFO  baals::runtime] Transaction submitted: 
38b185da4530bec127f712c1b3b2b109ed143c7d6ccdd510ffeaa7b106f0539e
[2026-05-07T06:54:35.663Z INFO  baals::runtime] Transaction submitted: 
4a260b08ef5dffa032e59bf7feb9d30b5c148e61cce79598187332972be61cdd
[2026-05-07T06:54:35.673Z INFO  baals::runtime] Transaction submitted: 
4933698bdfd9d26d336da08e438e674c9f92f30a32aceb4c3a1fe800a385f6e5
[2026-05-07T06:54:35.683Z INFO  baals::runtime] Transaction submitted: 
ec488541ec4103eb24772491a0624a5e8e2d5a832ae84b6efac2ca88fbdb4763
[2026-05-07T06:54:35.693Z INFO  baals::runtime] Transaction submitted: 
8f1a5cfd6c9bc726e6727aa49060737a2ed5af8af0dad42045571553ec95d21a
[2026-05-07T06:54:35.703Z INFO  baals::runtime] Transaction submitted: 
e9ff56a2eab370b6b8fdf328e4a29e447590c2e058acadc6144ed9775f0c6649
[2026-05-07T06:54:35.714Z INFO  baals::runtime] Transaction submitted: 
9423102d73944043b8ef5b7930a908226b83798a2a4cda4a5ba4c20b9c305c0b
[2026-05-07T06:54:35.724Z INFO  baals::runtime] Transaction submitted: 
0fa1b32fd9b813c74d3ecb067c8d3c2ffd29022c6a5f635a1ce2014595a52865
[2026-05-07T06:54:35.734Z INFO  baals::runtime] Transaction submitted: 
da02c12e420454a9575fa4461c55ef7b658051e9fad30009b7ace233ea3b209f
[2026-05-07T06:54:35.745Z INFO  baals::runtime] Transaction submitted: 
05089cdb3dbb14f690c6f7c4ecb555d203ff78a586cc0f6769fd75a37692e081
[2026-05-07T06:54:35.755Z INFO  baals::runtime] Transaction submitted: 
cadb959fe027d53b023d2c9c7e8a38ae7767758af523bc761b173916bd405c06
[2026-05-07T06:54:35.765Z INFO  baals::runtime] Transaction submitted: 
ee7e11d5cf745e8b61f0089ad2efea0a537816c2e5ad03ddeb7746e5181bd107
[2026-05-07T06:54:35.777Z INFO  baals::runtime] Transaction submitted: 
a8ae9cf8130346ba5bc34c488e039aae51bc430be1c6f0ae45695d52dd6751ce
[2026-05-07T06:54:35.787Z INFO  baals::runtime] Transaction submitted: 
dd8875a9eb5db8786ccfc88c18044501356129734e039311837903e774bb6804
[2026-05-07T06:54:35.797Z INFO  baals::runtime] Transaction submitted: 
3900ab15f900dfd23ccd60e54bfa79b4b8e672d9f69fe6c6a6a170159541ca42
[2026-05-07T06:54:35.807Z INFO  baals::runtime] Transaction submitted: 
7ddccfaee9fdbf56514ba51ba68a9af233d22ac40d2b566f970527f3a4b507aa
[2026-05-07T06:54:35.818Z INFO  baals::runtime] Transaction submitted: 
6b7a6a36236cd18fb37b42a0b1d14dae3fe4a03c37be6409100145540c293e7b
[2026-05-07T06:54:35.828Z INFO  baals::runtime] Transaction submitted: 
e9a573a04f862b198c285113503adacdc8ef4e39dd0ae30f2609740640ef1ea8
[2026-05-07T06:54:35.838Z INFO  baals::runtime] Transaction submitted: 
8d7aef00d97884c08bfaa4949b02accba31133cc95ea80e5da9b0cf463d6df9a
[2026-05-07T06:54:35.848Z INFO  baals::runtime] Transaction submitted: 
cc60e25ce2318c46b95623158080e175edc863e21466ea4b64b931ed73b8b182
[2026-05-07T06:54:35.858Z INFO  baals::runtime] Transaction submitted: 
49b90d48c05ae8006563f9f7685eecb9144ee85e1e9b371022f6e72cbf46abb5
[2026-05-07T06:54:35.869Z INFO  baals::runtime] Transaction submitted: 
71ac2dcf9fdd1255228121f24094b698c131665d0b4bfe49d67dd5c16142764a
[2026-05-07T06:54:35.879Z INFO  baals::runtime] Transaction submitted: 
ea1f3096bdd1ecd996737c5f2ee2a8eb6c95695b97458d1cfa05024c06cd31ee
[2026-05-07T06:54:35.890Z INFO  baals::runtime] Transaction submitted: 
d7438b613c23600c12b87fb2ca6fcc32aa21c3faf040d2b5cfb563f5e0b0990b
[2026-05-07T06:54:35.900Z INFO  baals::runtime] Transaction submitted: 
f2ba2a8f701ef5c91412471c134dd3f2d97138289e1e0ce0c42e7cf138a7f6f6
[2026-05-07T06:54:35.910Z INFO  baals::runtime] Transaction submitted: 
99dac46e4841894f2b10462cd8316282c7633d0ad168f88e776c14fb991e97cd
[2026-05-07T06:54:35.920Z INFO  baals::runtime] Transaction submitted: 
3aa331a5b2c91c1af95d362d90969ed030e3c924613f9aeb8c377e31e62dc268
[2026-05-07T06:54:35.930Z INFO  baals::runtime] Transaction submitted: 
53efbaf581addf1109f2dcaa119afeecfbc36dad855879f89472e59eb3b5c5b6
[2026-05-07T06:54:35.940Z INFO  baals::runtime] Transaction submitted: 
648f96f93ac35fd1d1d4f418d62c677facacc7b9a6519952b83dcf82e72dfa1d
[2026-05-07T06:54:35.951Z INFO  baals::runtime] Transaction submitted: 
f3870cc35fcca934c6462a214d104c73f30dc840ca7d9ce8d70798b4afe2e64f
[2026-05-07T06:54:35.961Z INFO  baals::runtime] Transaction submitted: 
0aba7cac32db37125a25759f8b0688d4f8e290a4796c5595d675557ecd62d425
[2026-05-07T06:54:35.971Z INFO  baals::runtime] Transaction submitted: 
0b3c24e033ee92cc50bacf12f6afc428e0b9d943f05cd7656a2f7f9bf62a4627
[2026-05-07T06:54:35.981Z INFO  baals::runtime] Transaction submitted: 
f4eeb4d62f00c7c698184ba39e3afb32d22c63e6cce0bfbeaddadb1f8b30642b
[2026-05-07T06:54:35.991Z INFO  baals::runtime] Transaction submitted: 
d2ad678c0f77f90d6c46398b15304a516a0d34a00f0c1f753eeeb1c28c8ef11a
[2026-05-07T06:54:36.001Z INFO  baals::runtime] Transaction submitted: 
c460f5a378e2153a928efec50be438300a147ed03e364df2cb7555f963af4d60
[2026-05-07T06:54:36.012Z INFO  baals::runtime] Transaction submitted: 
55e1c3598a9a62cb0d7d17a5077dece2c19cf262f8d7c934742ba8b58f7f31fc
[2026-05-07T06:54:36.022Z INFO  baals::runtime] Transaction submitted: 
397b2059a175dd5db24381c2c59a23f7ecbd3300cd3660f779324c2c183a1e3c
[2026-05-07T06:54:36.032Z INFO  baals::runtime] Transaction submitted: 
2da99b643284b17db26a9487c3ca877b901d1ba0d4f6e18a9a76268eb55d770a
[2026-05-07T06:54:36.042Z INFO  baals::runtime] Transaction submitted: 
00cf0694f0208fd56986fb93d5ba516315b04f3cd9001c446b9ef0bfe698c8ec
[2026-05-07T06:54:36.053Z INFO  baals::runtime] Transaction submitted: 
b7eed95e8067c116679a4f0665c72c668ce8d7a3ebec71af9514b60681b4aa9b
[2026-05-07T06:54:36.063Z INFO  baals::runtime] Transaction submitted: 
2349980c6844b8523fb3b1bada44ef3a021e44bf503965bb30aed6b0c72cf409
[2026-05-07T06:54:36.073Z INFO  baals::runtime] Transaction submitted: 
d3b7a62b27c986fe5c51241abc298e24ff21bd18a9b61bcf28c42ae3d193113d
[2026-05-07T06:54:36.083Z INFO  baals::runtime] Transaction submitted: 
21dfd21cc67d8977d9a16862d806bff49b5458698948a5aed4d1c0c1ed385e46
[2026-05-07T06:54:36.093Z INFO  baals::runtime] Transaction submitted: 
149dc5cbe74787dafb60de5724671a8217e917d3f6d1bd35e39952a0b3d0ff36
[2026-05-07T06:54:36.104Z INFO  baals::runtime] Transaction submitted: 
41f92322db90c5b38a1f97dcd4932eacc6c7c4e30c9c759f54fce96a3057c1e2
[2026-05-07T06:54:36.114Z INFO  baals::runtime] Transaction submitted: 
4daf9bed075af5a4667029df7163ec5105f7f7e2d29f56d56e25ae0ef18a950e
[2026-05-07T06:54:36.124Z INFO  baals::runtime] Transaction submitted: 
8deeb8aaaa729bd0d50f2f028c13e639ea38f572c42c2e69aa58d25171dafc84
[2026-05-07T06:54:36.135Z INFO  baals::runtime] Transaction submitted: 
14bd666ca4a5cce0c0f0dfe838cba58e4f122c882ff34915124b5172e25b3b0e
[2026-05-07T06:54:36.145Z INFO  baals::runtime] Transaction submitted: 
2e49b5252a229fe826664e090a3da5bbc41ba8d7ccd89f548bafebb3d50afefd
[2026-05-07T06:54:36.155Z INFO  baals::runtime] Transaction submitted: 
d01e24e6fca3326be6b2507c2cfee3c15983da407670530963186d1d9b316cfc
[2026-05-07T06:54:36.166Z INFO  baals::runtime] Transaction submitted: 
62ab173fa41de9ad8580ba1e860ef83515651b94a7c1809459638a6fe7a6c20b
[2026-05-07T06:54:36.176Z INFO  baals::runtime] Transaction submitted: 
a6b4b2e11bafcf2903e63f9f1a4f9b7c21d4364c9c2e93db391f83d223ca665c
[2026-05-07T06:54:36.187Z INFO  baals::runtime] Transaction submitted: 
fda181e382d15f9b8882d6b2e506cdbc7e45d64a73fd7b2140a8c18f1a9a773c
[2026-05-07T06:54:36.197Z INFO  baals::runtime] Transaction submitted: 
48c35a7639d2f695747f83e0fd9caae2fa0be686c8af3808378c00a333cb3c5a
[2026-05-07T06:54:36.207Z INFO  baals::runtime] Transaction submitted: 
34fcb4420db13879ff73940bf6d4880d5e2ffca78f088bef84fb570b95395bfd
[2026-05-07T06:54:36.218Z INFO  baals::runtime] Transaction submitted: 
785616469774051885109cd773669dccd2a6189397b47bb76e56eb4fe641b99b
[2026-05-07T06:54:36.228Z INFO  baals::runtime] Transaction submitted: 
4286f3299c246bf018ca8e6570e11897a8e2edff0ea98f6411f866daa4e67e98
[2026-05-07T06:54:36.238Z INFO  baals::runtime] Transaction submitted: 
65c8a57bf0c8b103e15eed94b1a8ab557b689946239b98694c2e79560ba0e4c4
[2026-05-07T06:54:36.249Z INFO  baals::runtime] Transaction submitted: 
c687a84d8f20043f8956d3617efedc58a1bda99a679d1082546567dc4be7908e
[2026-05-07T06:54:36.259Z INFO  baals::runtime] Transaction submitted: 
33fddc0ea3f57c6b2ab19acfbf20800831bd52e97d200b64790a21d451e67049
[2026-05-07T06:54:36.269Z INFO  baals::runtime] Transaction submitted: 
731e70a35eec5f714850d9697d78a516299e49858f47e6d2c4de8a5ceae7796d
[2026-05-07T06:54:36.280Z INFO  baals::runtime] Transaction submitted: 
9be73a0a5a14d0fa98af635a708b2abddecd0fe81a7fb52a8052988abaa7d1f8
[2026-05-07T06:54:36.290Z INFO  baals::runtime] Transaction submitted: 
93d4f4054502b8eebe3efa810eb0b464a04978d1cab90c6670749be89b10e25d
[2026-05-07T06:54:36.300Z INFO  baals::runtime] Transaction submitted: 
6ab4084287f56ed05aa35c669ab4d68aae8e1ea255c3b67277c44c3ab2cf7063
[2026-05-07T06:54:36.311Z INFO  baals::runtime] Transaction submitted: 
f68a37537f64640cf277984395a2f05c1d530aca6aea8a6613d2c3e8d3656f64
[2026-05-07T06:54:36.321Z INFO  baals::runtime] Transaction submitted: 
cc1404b145200efc8fdb5c840f74aa24ca533181f57dfae60c37b66d964f7fee
[2026-05-07T06:54:36.332Z INFO  baals::runtime] Transaction submitted: 
e59735ab2be610b9f8ba237733184c056a4835f3a9f84d67c762cd9ce4aef01a
[2026-05-07T06:54:36.342Z INFO  baals::runtime] Transaction submitted: 
b9ebdb4aead9273fc77a15b3a399b6d73b0f12668d468be7eaf7df8f338e3ee5
[2026-05-07T06:54:36.353Z INFO  baals::runtime] Transaction submitted: 
ea83fc92a53d391725203342532d980b187c88048cefc078f9edb316efb958c6
[2026-05-07T06:54:36.363Z INFO  baals::runtime] Transaction submitted: 
156d83b9fc23abc7eacc2e24f1011ba8ff75d949fd6ddcf8e203b08b92a3b52c
[2026-05-07T06:54:36.373Z INFO  baals::runtime] Transaction submitted: 
28741fde5c5740549befa29d4bcf175c6deb4e2998673b076f493da2f6029ff6
[2026-05-07T06:54:36.383Z INFO  baals::runtime] Transaction submitted: 
513b0b4394037171ab19189d810e2c7db69e9295733b885c9f6fadb6192b69c0
[2026-05-07T06:54:36.394Z INFO  baals::runtime] Transaction submitted: 
c4e13b5b986ec0939f67cfae939976eb489c5039bd54d461bb8fcdd3037e3148
[2026-05-07T06:54:36.404Z INFO  baals::runtime] Transaction submitted: 
322d69ff792c71eddbaa0e7724ed030b74d12414501aa30494d968a21355fe04
[2026-05-07T06:54:36.415Z INFO  baals::runtime] Transaction submitted: 
73b0807099ee64b7ea4e18ce18b353a24e228d7da7c55d07630b880ea0ce3455
[2026-05-07T06:54:36.425Z INFO  baals::runtime] Transaction submitted: 
0b25826a0b9e9d70b216895011843fbbea41813893409eefca0ca48ba7ad2f4e
[2026-05-07T06:54:36.435Z INFO  baals::runtime] Transaction submitted: 
7e21c8b2c6e2a0306cc21a4c61c133e5f6fa7a07f431ac075699bcf9bddb2dd9
[2026-05-07T06:54:36.444Z INFO  baals::runtime] Transaction submitted: 
0d8f89850ddc0686974ccf4f0e017c29f16d2f0992b1e69f5d46aacf62893423
[2026-05-07T06:54:36.454Z INFO  baals::runtime] Transaction submitted: 
d5e79445d88b5aab73d14fd84af7e82e593869afe04c1b251abe90498f800a86
[2026-05-07T06:54:36.465Z INFO  baals::runtime] Transaction submitted: 
373b6f3c35df6b9f4e38b0c65ab3a855443e2e8f8923dc6d366f81c4b3c62ab6
[2026-05-07T06:54:36.475Z INFO  baals::runtime] Transaction submitted: 
148edd393d35fc9946c4ce09571e1a6befa084dd50fc0990f875390807146400
[2026-05-07T06:54:36.485Z INFO  baals::runtime] Transaction submitted: 
5a66f4c8adb30f5b1168ab0c78e9363c1800913545926c616e575e6e9f0c4859
[2026-05-07T06:54:36.496Z INFO  baals::runtime] Transaction submitted: 
36cad8d958b7499a6c204919ac53e0986792e6320983f0d0dff4ffec994dd03c
[2026-05-07T06:54:36.506Z INFO  baals::runtime] Transaction submitted: 
154e7d1a48c67116630f70d742d4df1d366c799c59c578f24a4161b4a085d966
[2026-05-07T06:54:36.516Z INFO  baals::runtime] Transaction submitted: 
1a5b72667e7443f18dba5765a449301f89a3ac88343f3fd671da4fd298a515d4
[2026-05-07T06:54:36.526Z INFO  baals::runtime] Transaction submitted: 
dae016df3d226339c2715087c5ac38745d743de085675e2683219349c9132a4e
[2026-05-07T06:54:36.537Z INFO  baals::runtime] Transaction submitted: 
f0a38e6484699dceb1d07f91f5a3b784e032fff01c1255431e740de948fb91b8
[2026-05-07T06:54:36.548Z INFO  baals::runtime] Transaction submitted: 
052a44f53bcdaddb37482ac76d373106838523e5a1b1c658b5771906a6f468e5
[2026-05-07T06:54:36.558Z INFO  baals::runtime] Transaction submitted: 
0cebc06b1a61c0e84d0e66fd22335eb471be44e1ec31e09bd3531fbf58fd654b
[2026-05-07T06:54:36.569Z INFO  baals::runtime] Transaction submitted: 
ebe8935eb3df04309e3b53c05cdef65cdb5735519924b894601b8cf4e2a152cb
[2026-05-07T06:54:36.580Z INFO  baals::runtime] Transaction submitted: 
46377d9638c187f1d7f23282e58a130f1b12a1fb0d4075c04a128461f9ee46bf
[2026-05-07T06:54:36.590Z INFO  baals::runtime] Transaction submitted: 
9f9c121a1fbbd7c52b86a5272f30fcf12ec446a8bd3edb043ff83bf97638ecd7
[2026-05-07T06:54:36.600Z INFO  baals::runtime] Transaction submitted: 
3a87cfb55fbf2b5d6129eb9bb900d0c1e79cb175a957b387cde9265062259be2
[2026-05-07T06:54:36.610Z INFO  baals::runtime] Transaction submitted: 
7fd2e73f00d26fef50db8db3c4423c4de88ffaed00f2665f59c25695a399e102
[2026-05-07T06:54:36.620Z INFO  baals::runtime] Transaction submitted: 
31b4a2a57f659dd25d83f0e75a2b428a401a258f7edd1c21a76403d58b1125d0
[2026-05-07T06:54:36.630Z INFO  baals::runtime] Transaction submitted: 
52dea494278f5c7c1007fe3f19cab4a2b34e445762c3360596b72837db949025
[2026-05-07T06:54:36.640Z INFO  baals::runtime] Transaction submitted: 
e2c4336fe4d2382be516703ce70399bdd107bf951955955d7a3259ccc12a5105
[2026-05-07T06:54:36.650Z INFO  baals::runtime] Transaction submitted: 
dfed9f1c77beb40789a20bfb404181fe63c6481cc97c7bb5fd5b9c5ee5c6d7ee
[2026-05-07T06:54:36.660Z INFO  baals::runtime] Transaction submitted: 
d948a1480d7d69eb48ef95647a6ec04be9f9e73a203e1f598d1b9f472d99e036
[2026-05-07T06:54:36.670Z INFO  baals::runtime] Transaction submitted: 
6e27b82895646b2eb73316e06c6a010c8686288a5770f16b8fc744e667b4e02e
[2026-05-07T06:54:36.681Z INFO  baals::runtime] Transaction submitted: 
a88d32e50b0f808a2296bc691c9711973ead21f78aafa431e60c1b818c6aee7b
[2026-05-07T06:54:36.691Z INFO  baals::runtime] Transaction submitted: 
15a792c34c0d282bae07a0281bc3a5a34a44ee7b72a40db950dec63eb8aba00f
[2026-05-07T06:54:36.702Z INFO  baals::runtime] Transaction submitted: 
c7cea0c77fd6aa44b3df8ffa758bd719efd9aaec351b7fc2f20deee922787aee
[2026-05-07T06:54:36.712Z INFO  baals::runtime] Transaction submitted: 
e1be698217691e6a6fdcc9723ced2e6f51638cf450492fee237579a5a66491b7
[2026-05-07T06:54:36.723Z INFO  baals::runtime] Transaction submitted: 
452c232bf4b6c36a8955fff4ee737d9fe9291939caba96a70c96eb96590bec1b
[2026-05-07T06:54:36.733Z INFO  baals::runtime] Transaction submitted: 
42d115c7ce0268e91d0af2c02365ed6def6ec357c463efbd988a9f36e61ebcd0
[2026-05-07T06:54:36.743Z INFO  baals::runtime] Transaction submitted: 
f452120c53c4af1d729112342366c423a7da81e5323efa9e15a404f345c37017
[2026-05-07T06:54:36.753Z INFO  baals::runtime] Transaction submitted: 
c5c9a765a8395ffd53faab40125a747e94d5ae75512bdf2da548f21f79881194
[2026-05-07T06:54:36.764Z INFO  baals::runtime] Transaction submitted: 
b54f979b8f559097db81920f5c90760bcedc4f04000c4fc5530c5572505e4ffb
[2026-05-07T06:54:36.774Z INFO  baals::runtime] Transaction submitted: 
cd5c5669b06e6084246559d7509eea8dda2d26a942638695676bdceffb781ad9
[2026-05-07T06:54:36.784Z INFO  baals::runtime] Transaction submitted: 
3809243b2f1b5352930632462148fd4673293d8ae57c64cf68098da9c6591077
[2026-05-07T06:54:36.794Z INFO  baals::runtime] Transaction submitted: 
163670ee05ca48eddaeb60b1fae361ef33d8999dc0f629008fdef3f855ef7f83
[2026-05-07T06:54:36.804Z INFO  baals::runtime] Transaction submitted: 
8a169659c44e2ad6fa665c4900ef8f4efc931c039e252970e9c0a35458b669d2
[2026-05-07T06:54:36.815Z INFO  baals::runtime] Transaction submitted: 
aae8c2bf34236d7d2e8992c1d6273e40872581810702b5fac0af9ed2cc214f1d
[2026-05-07T06:54:36.825Z INFO  baals::runtime] Transaction submitted: 
d6120261e6037973db30936b29ae5f9c83f0524d34b58277429affd57239cbce
[2026-05-07T06:54:36.835Z INFO  baals::runtime] Transaction submitted: 
c72625bd7ab7ef128012340476fbf38f4f421237ecb22e572ade498c643303d7
[2026-05-07T06:54:36.846Z INFO  baals::runtime] Transaction submitted: 
39795d07dce38079fade368d86a6618d59aa6b5ea8300c86d5c882709d63ecb0
[2026-05-07T06:54:36.856Z INFO  baals::runtime] Transaction submitted: 
bbbdb8172a69223d69c3106f6f21ddaf0b203f89ffc1fc20c58e22855f0ce1cd
[2026-05-07T06:54:36.866Z INFO  baals::runtime] Transaction submitted: 
fc98d298585837a7301d945e7cfdb6217f6f1010e7862649f35c97f775353227
[2026-05-07T06:54:36.876Z INFO  baals::runtime] Transaction submitted: 
5c4cdb811bdf8b847d627595578dbe89ba8a1a0cf0bc4851e8b79ecf7c18bcf9
[2026-05-07T06:54:36.886Z INFO  baals::runtime] Transaction submitted: 
12e2dc6c4e659a51ef4b21ec7c65a3998710f7d6aa7afe9530ad0419651b251a
[2026-05-07T06:54:36.896Z INFO  baals::runtime] Transaction submitted: 
05e8dd6144af666e0482442108926856152cce379f1e71294d2ce38a0bbe1d4f
[2026-05-07T06:54:36.906Z INFO  baals::runtime] Transaction submitted: 
81ffeeb4aaf35f50674834d38e2810a2aee74dfdd7dd67ca132b871d7fba0068
[2026-05-07T06:54:36.917Z INFO  baals::runtime] Transaction submitted: 
32a29eec1f4233bb891c09320f6a10ca18da8d03d20cba09a7d3a3506450d341
[2026-05-07T06:54:36.929Z INFO  baals::runtime] Transaction submitted: 
8543b8d8c5e63097a3a15573a54370e77840266b4ec1907b921c250011d23a25
[2026-05-07T06:54:36.939Z INFO  baals::runtime] Transaction submitted: 
5a55770406078299ad18bb584a010e38b1cfb6d944742908d5f7b8cef1b28f6f
[2026-05-07T06:54:36.949Z INFO  baals::runtime] Transaction submitted: 
53a033c9e18c51a379ca1ed64bf565043692f5c54a2070974ab6db50192eb7d4
[2026-05-07T06:54:36.959Z INFO  baals::runtime] Transaction submitted: 
341b9c0ef8fac6a56cbb5961af61a73a158292d6b7d38f7946173f087b21bd8b
[2026-05-07T06:54:36.970Z INFO  baals::runtime] Transaction submitted: 
bd16e7ab4380e0c113256020fc24ef0ec4a2d1e423256be8a84c3fd6abe55093
[2026-05-07T06:54:36.980Z INFO  baals::runtime] Transaction submitted: 
4e674ec2d7c56f6e59de9d95a1d30f5a01b3d7bf876dae32f9dbfda34e285567
[2026-05-07T06:54:36.991Z INFO  baals::runtime] Transaction submitted: 
66ff696cb3c352f0f3c550dd1f6c3193b22f4582926dea058e3385d9ce4dbc9a
[2026-05-07T06:54:37.001Z INFO  baals::runtime] Transaction submitted: 
6d4bd9015568c579e4c88bd544b03acdaa3b06d6157e340691042157bad8dded
[2026-05-07T06:54:37.012Z INFO  baals::runtime] Transaction submitted: 
52c0fbab3052e83ce40393b4faf850d475f8d38db7d40f7271751fd1d1b87b08
[2026-05-07T06:54:37.022Z INFO  baals::runtime] Transaction submitted: 
a2f3c83e5322f628479a95229c20e78f1f931a60037f438bf75ab739a5e8b511
[2026-05-07T06:54:37.032Z INFO  baals::runtime] Transaction submitted: 
5005454071cfbe3b9ead9602d10e5032e5eff4a14d62e07cc6ae95a38d3e8d41
[2026-05-07T06:54:37.043Z INFO  baals::runtime] Transaction submitted: 
f6c140e26c0db685c259a5152873b91ecc5d3fb49ef80dad1b55646c71e91e38
[2026-05-07T06:54:37.053Z INFO  baals::runtime] Transaction submitted: 
570d700f31d1f3802c2a6786d4b6305d89f5730c904e7917280f97fd44a831fe
[2026-05-07T06:54:37.064Z INFO  baals::runtime] Transaction submitted: 
21cd5cd3fadb785a9bc1cb7347635bea9a3c2494014268b12043c5a62fdfd9d8
[2026-05-07T06:54:37.074Z INFO  baals::runtime] Transaction submitted: 
f657933409fc5879b24335c58fd311145be3e2ff0827c0d86d1dc1d9238a76dc
[2026-05-07T06:54:37.084Z INFO  baals::runtime] Transaction submitted: 
dd2622bb9812221bfdac23214d08a37ff25725dc84bcbf7cd82b2152451f9c08
[2026-05-07T06:54:37.094Z INFO  baals::runtime] Transaction submitted: 
0ae28070c8ddfcbc362a5409521b70bfa713cbb3882c7e5d43c3f21b0af95de9
[2026-05-07T06:54:37.104Z INFO  baals::runtime] Transaction submitted: 
071616d24cfba520a15007a709cdf895aa337d40474d5e8048e5b750d816bc56
[2026-05-07T06:54:37.115Z INFO  baals::runtime] Transaction submitted: 
b003e6a5b3e1db5d376ba8a5138b549ae67e44b4daf58d3d64b8858841dec38b
[2026-05-07T06:54:37.125Z INFO  baals::runtime] Transaction submitted: 
d8d2fe6b894e3516a17823130ee495b52cf7262975460419c85de4e6cf6d1786
[2026-05-07T06:54:37.134Z INFO  baals::runtime] Transaction submitted: 
ad8b19b1e7f2463169f5dfb234accc25a89e342714d0920b5936a082ab8ec267
[2026-05-07T06:54:37.144Z INFO  baals::runtime] Transaction submitted: 
143f5bc02e2755be86012d41c3377b74127dde60cc14f283b462d2a4cc2ce257
[2026-05-07T06:54:37.154Z INFO  baals::runtime] Transaction submitted: 
cba60b9b26b1aff028226cba6137e8a26359487bc50fead3bad810beafb4cb03
[2026-05-07T06:54:37.164Z INFO  baals::runtime] Transaction submitted: 
858fe4a7f2759339dc221b3144fd6f992dc26c45477760ee2a83b95e61a658cb
[2026-05-07T06:54:37.174Z INFO  baals::runtime] Transaction submitted: 
cc54328be0175ae3099b719bf742986feda88ceb3f0a2142fd8814b691b4bbb2
[2026-05-07T06:54:37.184Z INFO  baals::runtime] Transaction submitted: 
4af6411fe51228f85a1a568b9d3a3173baa742f66687402c41ff3543af8f6ab6
[2026-05-07T06:54:37.195Z INFO  baals::runtime] Transaction submitted: 
f5afbdbb8b3128306cbd0b863511d4c4046346778126c82a27834ab560e9bd1d
[2026-05-07T06:54:37.205Z INFO  baals::runtime] Transaction submitted: 
2d65f66c172e18b808ef29821cf77f2149881090ad15f75f21b4025173e00f7b
[2026-05-07T06:54:37.215Z INFO  baals::runtime] Transaction submitted: 
db1c07371d0fa940788030d54c996e546a24b556840856df80c4896ba627bf18
[2026-05-07T06:54:37.225Z INFO  baals::runtime] Transaction submitted: 
ba02a9138572200fd57c75f6d4cf1154c3482b2fc3321e6772424f5537c777d5
[2026-05-07T06:54:37.236Z INFO  baals::runtime] Transaction submitted: 
7484ecf7c914c16d6e3ed856cb36ab9af192fb771270eb5c94c79272813e4aab
[2026-05-07T06:54:37.245Z INFO  baals::runtime] Transaction submitted: 
cb6ce13281874d2e0088defc41e765956521d875ec11f94bec00934ab6cd37dc
[2026-05-07T06:54:37.255Z INFO  baals::runtime] Transaction submitted: 
84bc86039f03cc3431d0134d3611db47c30d4a4a8d106f50b19b85c9429f2a69
[2026-05-07T06:54:37.266Z INFO  baals::runtime] Transaction submitted: 
42527300c77e7925a41a7c6f364cbeedbe5b0e14bbeff228166c9cab67268a24
[2026-05-07T06:54:37.276Z INFO  baals::runtime] Transaction submitted: 
3022916e5b9a484acb6ec7b4125e8dbdd0a1848484d5cd3d9c3ea12e8a7ef1ec
[2026-05-07T06:54:37.286Z INFO  baals::runtime] Transaction submitted: 
6894d7173409e9a0eeb7395f695a191bce035a343b636c0025179319dfd16635
[2026-05-07T06:54:37.296Z INFO  baals::runtime] Transaction submitted: 
746c310e6d6041e4028685a65775a919866b2653220c1f87ff134c041609efb6
[2026-05-07T06:54:37.307Z INFO  baals::runtime] Transaction submitted: 
a071b0b155d1594151e9d53f7f80fbc3d814c58cfcb6a8798320f1e10fa3945b
[2026-05-07T06:54:37.318Z INFO  baals::runtime] Transaction submitted: 
d8bf34d2cffce22b6e28399feafd01ad07be901886d42726f50c3a3e7db9ebb8
[2026-05-07T06:54:37.328Z INFO  baals::runtime] Transaction submitted: 
6b51478dec340a1e1e484249dcee04f5ed84597de4cc72cdee8629b55f34ba6d
[2026-05-07T06:54:37.339Z INFO  baals::runtime] Transaction submitted: 
d948560ce0620e185fc691ecec2766ffe8cf50c889e52c1c0a80ceb5582ddf25
[2026-05-07T06:54:37.350Z INFO  baals::runtime] Transaction submitted: 
82eab43521d879029c45146099054b27ba3a7e61e9f793e0e31b252ab7894e95
[2026-05-07T06:54:37.360Z INFO  baals::runtime] Transaction submitted: 
642e4d15779685fe636daf00ed38a548819970173d3c706425447f31da1d3393
[2026-05-07T06:54:37.371Z INFO  baals::runtime] Transaction submitted: 
5228295556677a5c6a40332ec81df54bedd2afb44015fa4ddc480f182882cd0f
[2026-05-07T06:54:37.381Z INFO  baals::runtime] Transaction submitted: 
523dcddda38af9cbc201f4392d95940b76cbb794452423cb426c83149e2ba217
[2026-05-07T06:54:37.391Z INFO  baals::runtime] Transaction submitted: 
56a4553e0a1723a3bd7f9fcdff471ed3d3b6207fc5ba2e3163aa8d33e691641f
[2026-05-07T06:54:37.401Z INFO  baals::runtime] Transaction submitted: 
312b024dae88879fc32260220e62ed8e958399ccaad82196d9f15be79bf71952
[2026-05-07T06:54:37.412Z INFO  baals::runtime] Transaction submitted: 
2041d3f8a1819b625cd42eab542aa75dc2fee1dd9b203d933e4b45e8390cac55
[2026-05-07T06:54:37.422Z INFO  baals::runtime] Transaction submitted: 
0ffaf68097fd76dfb0a10c875e9ceb6939c97e3ad416d6b540fc1b89fe21c040
[2026-05-07T06:54:37.432Z INFO  baals::runtime] Transaction submitted: 
8f3a89a6ce97a58b202d246e781a1caec1c2e3674c44090e120ac4938bbf5477
[2026-05-07T06:54:37.442Z INFO  baals::runtime] Transaction submitted: 
26b2248ae7e27acf3e7d2c7441bec9d6692a15937eb2e1dde73fb2ea30e5c269
[2026-05-07T06:54:37.452Z INFO  baals::runtime] Transaction submitted: 
9095d7a35d6775a12f9777c07fcc992c7707e777ad9b895dc930363251ca1e97
[2026-05-07T06:54:37.462Z INFO  baals::runtime] Transaction submitted: 
47182f26d4cd3abd0d14ffbb3edd4997f7f0dd67df79a512e94484c8a25fab9d
[2026-05-07T06:54:37.472Z INFO  baals::runtime] Transaction submitted: 
c7c6302ec18e44242d560e5d747494f020df40edff5dae428a6c59e2a5addd2a
[2026-05-07T06:54:37.483Z INFO  baals::runtime] Transaction submitted: 
8727d09f95de1c8f2d8cb56c3fe9f049c4085d052532c5b03f2baf0a1a306a8d
[2026-05-07T06:54:37.493Z INFO  baals::runtime] Transaction submitted: 
9e2a033882fe0ed7e4c3a03087d6b8c6a0e392b5f52bf85bfdce5b604024cf3f
[2026-05-07T06:54:37.503Z INFO  baals::runtime] Transaction submitted: 
5028294ecde7803374d6970f1c478e5108bdcc2802a9dfffbf5b7d49f30b8fb6
[2026-05-07T06:54:37.514Z INFO  baals::runtime] Transaction submitted: 
7363a7482ff1d169026de4ca51f31bcc5f3d01e6d36b0dab01128d293970341f
[2026-05-07T06:54:37.524Z INFO  baals::runtime] Transaction submitted: 
be39bf25abc1295588ce5067e871d512236205e4efa901c531c114182c9d5494
[2026-05-07T06:54:37.534Z INFO  baals::runtime] Transaction submitted: 
2a8e609a8fdb58eea8855a1bfac2cba07e38e773a51678ba64474c69bf956474
[2026-05-07T06:54:37.544Z INFO  baals::runtime] Transaction submitted: 
c5dc32be0297da7c31381cdf050ae6cf1a4058b4f9164b959a80a1eccd6bdd06
[2026-05-07T06:54:37.555Z INFO  baals::runtime] Transaction submitted: 
130fa56ff796f9a54bf7b16c73ba4ea19cd33d699eae53b5cdc203b473caf71f
[2026-05-07T06:54:37.566Z INFO  baals::runtime] Transaction submitted: 
efe2d3c8bb25f94dbc98815386115a4aa36badcee16a597c239d7be8de32f405
[2026-05-07T06:54:37.576Z INFO  baals::runtime] Transaction submitted: 
395e30feb1da4be5fc87ad5ba3422afe57abbfc70d5ede9bba37465503ff1174
[2026-05-07T06:54:37.586Z INFO  baals::runtime] Transaction submitted: 
935bd0c20aaf55a810967737f63a9348e7c90fe842485e20de5eb4b4301661da
[2026-05-07T06:54:37.597Z INFO  baals::runtime] Transaction submitted: 
952a4b9cbf1e9f9c3eb303d29b3891c08397df3bb407245576a0c9b5dc3c4f83
[2026-05-07T06:54:37.607Z INFO  baals::runtime] Transaction submitted: 
bb23fc359563369e2a546c6c35aca112366cfe6055b81310625ed1e9cc180761
[2026-05-07T06:54:37.617Z INFO  baals::runtime] Transaction submitted: 
fea5d011221149ec79d0614e651022d99df2096f9bf01d42e40ad5107614b3d2
[2026-05-07T06:54:37.628Z INFO  baals::runtime] Transaction submitted: 
b9e1eabfb76e6c985331901c72729015da1792a24da4c243ada99f11e523ab85
[2026-05-07T06:54:37.638Z INFO  baals::runtime] Transaction submitted: 
e233fea09a63d12f9aef769190a761427229849ee0fa1e7bf7c5b74d3d5bc0ff
[2026-05-07T06:54:37.649Z INFO  baals::runtime] Transaction submitted: 
af3e43f9eeacf4432bb4a4eebf66451ad92ad3ef77d161d3249b6d8652edb638
[2026-05-07T06:54:37.659Z INFO  baals::runtime] Transaction submitted: 
5d6b29c73b6d785bd452cbf4a87a1a318d789c1050a67393af28b24124c918d5
[2026-05-07T06:54:37.669Z INFO  baals::runtime] Transaction submitted: 
9d75d82e5cf61bd7e5601fe17c0c6b16442f55739dc4dbdaf71cda294d99ec6c
[2026-05-07T06:54:37.679Z INFO  baals::runtime] Transaction submitted: 
8cc380ffaee85f9a7c2a57a2bc5f5eb6bccc03e401d6f9704b2c610159092f78
[2026-05-07T06:54:37.690Z INFO  baals::runtime] Transaction submitted: 
50ff49ee0744c2818c695d6c618fd75c79057e9209e7918df2bc8d04e5404ddc
[2026-05-07T06:54:37.701Z INFO  baals::runtime] Transaction submitted: 
02b20d14ced6041552b1ffa653ae89531dd0b236babb80bb8fdb125a8d51d7c6
[2026-05-07T06:54:37.711Z INFO  baals::runtime] Transaction submitted: 
64bbbbcf1e5d9b8e0d499904cb47ca6866c389508c835319ee0355c43f2b3b41
[2026-05-07T06:54:37.722Z INFO  baals::runtime] Transaction submitted: 
af2ba2b8cd199e0c56826cadff4341f2234f805f7fcf794928691272787acd8a
[2026-05-07T06:54:37.734Z INFO  baals::runtime] Transaction submitted: 
cb86908fcf90de09845689bd133e73724b85c1de016d80da9ca487bad0ffe783
[2026-05-07T06:54:37.745Z INFO  baals::runtime] Transaction submitted: 
64368a7f704f475953fef26b93d86d3e3e8e3493a7961018f16f6716f3eabcd4
[2026-05-07T06:54:37.755Z INFO  baals::runtime] Transaction submitted: 
2922d82352b72e1daa51aea361e299d68601105d1cb60af322686887537e4d43
[2026-05-07T06:54:37.766Z INFO  baals::runtime] Transaction submitted: 
dc20d3236a6db751ec1e3b52465e50102c8b35ebc82cf8a72ffe94b71d513d5f
[2026-05-07T06:54:37.777Z INFO  baals::runtime] Transaction submitted: 
cd43216d6f9b3205e31cd7df51ab7ff11475a63b276cb0577fd8d0a5096d2474
[2026-05-07T06:54:37.787Z INFO  baals::runtime] Transaction submitted: 
f9f34a95d09879ba69506c50e5e30a3baf15eadf849969927f1749e19f9ce499
[2026-05-07T06:54:37.798Z INFO  baals::runtime] Transaction submitted: 
cf6d989e85fd589d83d0fce6f29d669fc736daecbe0f45c5962044d53965a5bc
[2026-05-07T06:54:37.809Z INFO  baals::runtime] Transaction submitted: 
dad688e977df2cdf53f648c5c0dcbb2a0af8ef28807c307b3b139905aecc520f
[2026-05-07T06:54:37.820Z INFO  baals::runtime] Transaction submitted: 
cdd4691913c1c1e53ed0faed3c384b847762a83918737ed1d42cb645f62c4f41
[2026-05-07T06:54:37.831Z INFO  baals::runtime] Transaction submitted: 
4d1b6852bd4cabe70d117a59c9a356aca9786cb88d7d5b03fc83cd06392cddb8
[2026-05-07T06:54:37.842Z INFO  baals::runtime] Transaction submitted: 
89aada8d66bebdd8a41998dc214000f0a7154c8f28b91b405da8451010d48be1
[2026-05-07T06:54:37.852Z INFO  baals::runtime] Transaction submitted: 
887f916fb474e87a3bc02bf282e957a1fd0122b5a715a13ff433d8c9e41d48ac
[2026-05-07T06:54:37.862Z INFO  baals::runtime] Transaction submitted: 
bee9f93a6e9a43e3377792cf8f4ac342537f28e6bd0c7c8fec7ca0ca89694149
[2026-05-07T06:54:37.872Z INFO  baals::runtime] Transaction submitted: 
f624c8b905c285e976740c8198b4d74fea41d0d1530db4073f7caf28ecf8276b
[2026-05-07T06:54:37.883Z INFO  baals::runtime] Transaction submitted: 
0e1034216ffb9e0b12695559b1ba60a2500f53b405c2e8b981e2d17cdff6ebbd
[2026-05-07T06:54:37.895Z INFO  baals::runtime] Transaction submitted: 
3f73dba2fde561bcee4fe1150434e37c524f525aa9645a28515aaf6c7a3df77d
[2026-05-07T06:54:37.905Z INFO  baals::runtime] Transaction submitted: 
eaa3dd511a8e9c991980e454578c99b351be120043bd8f9a141747e113bad678
[2026-05-07T06:54:37.917Z INFO  baals::runtime] Transaction submitted: 
31628da0f00dd292172d0752d0f63e9d19a935dd7e94858bcff40c8c7d9d74e5
[2026-05-07T06:54:37.927Z INFO  baals::runtime] Transaction submitted: 
5f38c59b246c34547bf88003e7f0ed14586039fea8af66f06dfb25ab5488e268
[2026-05-07T06:54:37.937Z INFO  baals::runtime] Transaction submitted: 
8d80e9a3f0afb0d3cede9b938971ccfc6a1978e47456d1c348460b2b8f03ba03
[2026-05-07T06:54:37.947Z INFO  baals::runtime] Transaction submitted: 
964e8894e16da92339bf03ea203786d09ff2f49d34b4e1693791ab2717f52523
[2026-05-07T06:54:37.958Z INFO  baals::runtime] Transaction submitted: 
1f5ee2360e334c1a678a7ba9c0b2af5534b5976bf1dace9359eaec73b1f2ed6e
[2026-05-07T06:54:37.969Z INFO  baals::runtime] Transaction submitted: 
a5ce304b27f554a40dca1288e8e21a9fe17f7a8fdfe69fc03aea733fa96e91ea
[2026-05-07T06:54:37.979Z INFO  baals::runtime] Transaction submitted: 
6e0691da209f3974225006c5352c1201219719d6020fd4656cb9621f48835cb2
[2026-05-07T06:54:37.989Z INFO  baals::runtime] Transaction submitted: 
2d73caf47c4d35fe9c1db86f88fd38413afcfb74bb5c97a25620e92d9dec0274
[2026-05-07T06:54:38.000Z INFO  baals::runtime] Transaction submitted: 
ccde9c057fa51577906e08aa87c0456aa4bdeb4644310ff728c9ae71f1561c6a
[2026-05-07T06:54:38.011Z INFO  baals::runtime] Transaction submitted: 
e10487c8b76a2b4158a0e88ae07934bbc9776afa5cbfb87a0f8917b6b72a7efc
[2026-05-07T06:54:38.021Z INFO  baals::runtime] Transaction submitted: 
fec7de7da24c45364df3d31bdc93640bbfdc093ce00a4b908bf8db7f1828484f
[2026-05-07T06:54:38.032Z INFO  baals::runtime] Transaction submitted: 
57435e318b124f20f386397677e82f15f363bae4a963b052b0367ef07e5c8762
[2026-05-07T06:54:38.042Z INFO  baals::runtime] Transaction submitted: 
2f1f709cd903f1e56c638c91fb2221d45b50350fe9708fea4b556e60b8679361
[2026-05-07T06:54:38.053Z INFO  baals::runtime] Transaction submitted: 
2c76f086bb07b4a930c089d8637ca5b9c635538f6a6be88590fd7b8e67b0e5cb
[2026-05-07T06:54:38.064Z INFO  baals::runtime] Transaction submitted: 
6077223e02bd3327b309752834a2b188025d943d077bb58f1e08f45c26646b61
[2026-05-07T06:54:38.075Z INFO  baals::runtime] Transaction submitted: 
82e3a02471ebc5d127db0cf3c5f19edc4bcb02fbc91efe80c1760597c93bdb6e
[2026-05-07T06:54:38.086Z INFO  baals::runtime] Transaction submitted: 
53991bacfad56c106aaab7efc4ed0e725e695fabfb2b4dbe80b9174ded7ad19d
[2026-05-07T06:54:38.096Z INFO  baals::runtime] Transaction submitted: 
1f43e440ce14a7abff9f62b0d1077e69859e8ce9c1bc0dd86eae7212c78f3c66
[2026-05-07T06:54:38.107Z INFO  baals::runtime] Transaction submitted: 
f6bc6513becfc9b503ff0f22a0211c9d707e882c8efc4dc820f3fa2dfbbeda60
[2026-05-07T06:54:38.118Z INFO  baals::runtime] Transaction submitted: 
a96748692b444419417e8462a1c32bd5df69976a3f46e86c92d5573374ea68fc
[2026-05-07T06:54:38.128Z INFO  baals::runtime] Transaction submitted: 
22144ce5ff553fd09993571ad84603a82217744685b7457e50d505ef2ec5375a
[2026-05-07T06:54:38.139Z INFO  baals::runtime] Transaction submitted: 
2145e485b9448c748d2f489862f063e6e173dec086a1ee81c3c7e0adf6651c7e
[2026-05-07T06:54:38.149Z INFO  baals::runtime] Transaction submitted: 
a605296c8611bab3a4227982a68936ba93e413582ae4cc9562d44a6ff9ab0554
[2026-05-07T06:54:38.160Z INFO  baals::runtime] Transaction submitted: 
8814dcfbe487c156b990fd01d46a1e1a0c5d212d2076e48ff1d927c4b5aa3eb5
[2026-05-07T06:54:38.170Z INFO  baals::runtime] Transaction submitted: 
2bce2c72fce8765a401f1e2674980d6b67f97547e4baa6c131827b6aaedd2af1
[2026-05-07T06:54:38.181Z INFO  baals::runtime] Transaction submitted: 
dacdb50ca2e373e5623ab8383dee8940f59bef13458eb9df9e94abc297953002
[2026-05-07T06:54:38.193Z INFO  baals::runtime] Transaction submitted: 
41ad7f1a08269fca12d46be409273806001c6dbfebdb933381a7e11e3a725400
[2026-05-07T06:54:38.204Z INFO  baals::runtime] Transaction submitted: 
42e2ec8163867035290dce1f94e738e6220c68d3b118ee70d660fbf4ea1f219b
[2026-05-07T06:54:38.214Z INFO  baals::runtime] Transaction submitted: 
385b4081ec7b2165bb5eecd126ecccbb51e3d23c18ba9c07f8eaca985bf9d1cb
[2026-05-07T06:54:38.226Z INFO  baals::runtime] Transaction submitted: 
3212a09c11270d07d8f6dfac2680d0ab28cd4a2e3dfc13189e59b376e66bde84
[2026-05-07T06:54:38.237Z INFO  baals::runtime] Transaction submitted: 
d3271485d6441a4ffa3014a243cefe363a3a6f143c0901331442196e71d3b5b3
[2026-05-07T06:54:38.248Z INFO  baals::runtime] Transaction submitted: 
b518e89dc6be141d92b0af451e2fbafc7c5704b8193ddf3a28d545ea94606731
[2026-05-07T06:54:38.259Z INFO  baals::runtime] Transaction submitted: 
b9dee0cb05e7589492ac1dd21b777edf3a1dfc74dcef881e305414d4505dc6e9
[2026-05-07T06:54:38.270Z INFO  baals::runtime] Transaction submitted: 
125fef66aef22cfccb5a48f26beb6c1cb9166c9897008a8b3d4be8c728ac2879
[2026-05-07T06:54:38.281Z INFO  baals::runtime] Transaction submitted: 
e967fc5cc711d7cc1fcd62c3a1a4890757cc69ede6e2a9b2a9bce6cce653f7e7
[2026-05-07T06:54:38.294Z INFO  baals::runtime] Transaction submitted: 
34c0567272606a07cb2d3b1503f6427e761f55bf8d7b63cf04e4468ed325c663
[2026-05-07T06:54:38.305Z INFO  baals::runtime] Transaction submitted: 
9dd52ccd70a3e91b4d7e9bc9d16f3c81c133ad10ff9ef02c985ea335d58330b4
[2026-05-07T06:54:38.316Z INFO  baals::runtime] Transaction submitted: 
719d1467bc3a21057c8ade34f6968ad1a4504768d9f44502bea5023855a951fe
[2026-05-07T06:54:38.326Z INFO  baals::runtime] Transaction submitted: 
bfcb012f62d757582e8c1a10aa6ae8d4d4f1264ff29fc869ab36ae87f06969fc
[2026-05-07T06:54:38.337Z INFO  baals::runtime] Transaction submitted: 
f29184b9f5a7b7c1f45194c9b5541477b07c1539170c781a23e05d70c140ea64
[2026-05-07T06:54:38.349Z INFO  baals::runtime] Transaction submitted: 
066ef323aac34ab12f87e1a741f7d05ba2fd0870aaa04a45559d661078c9f8cc
[2026-05-07T06:54:38.361Z INFO  baals::runtime] Transaction submitted: 
11bf967c4e8579a73abd8f4d77704f42e6a25dbeee6af8a997c490090ae28961
[2026-05-07T06:54:38.371Z INFO  baals::runtime] Transaction submitted: 
75dae85784da193f486832e41e8f7a86d14df508f3a7003efd3796f879bf26e9
[2026-05-07T06:54:38.382Z INFO  baals::runtime] Transaction submitted: 
538f06b1fa2c5018a1cdd77c82ac7e757e6f04a076ad27cc4b6ae5df7c592b31
[2026-05-07T06:54:38.393Z INFO  baals::runtime] Transaction submitted: 
74821b68ca9c6507bb41ffde51ab6a2ba83f1067db1b5cb5f68ef1dc1fccf841
[2026-05-07T06:54:38.403Z INFO  baals::runtime] Transaction submitted: 
53626ccae0cf07819d41722b5e5ad392492f34651df3c75e60a768eb8ac52713
[2026-05-07T06:54:38.416Z INFO  baals::runtime] Transaction submitted: 
17cd3ec5d267d40d2d03340eb6ac93de44331f5cb40ba58b3f449620ea2fb17a
[2026-05-07T06:54:38.427Z INFO  baals::runtime] Transaction submitted: 
0c43b6f89d53a9e98991635ef214a5f15e0ac3c337f20d33839014e7c9703c6e
[2026-05-07T06:54:38.438Z INFO  baals::runtime] Transaction submitted: 
4fb8647b285ae8da997e8803b591512e4e05b5440b69c9700711b6b40273d6c4
[2026-05-07T06:54:38.449Z INFO  baals::runtime] Transaction submitted: 
586685f594f040305db5a59dac62f61fed803f2dc8af2e343a2374f116b7d7be
[2026-05-07T06:54:38.461Z INFO  baals::runtime] Transaction submitted: 
87e7508f27d87f03f492d673fe1c555aafd4ab28e7aff3cb402cb10bcbaa9490
[2026-05-07T06:54:38.475Z INFO  baals::runtime] Transaction submitted: 
b05d17f96aeba2319a0e3d9e511d23dfed4418104c786316ccdc620aa00e5524
[2026-05-07T06:54:38.485Z INFO  baals::runtime] Transaction submitted: 
11c2dacecbcec90cd65b1885f61a9fc10d91131dd485b34b516e9a09270f1fdc
[2026-05-07T06:54:38.497Z INFO  baals::runtime] Transaction submitted: 
ba5d949f7e837b827c1bd23c380cceb5101708fb6cd4b223fd917a50c83d1934
[2026-05-07T06:54:38.508Z INFO  baals::runtime] Transaction submitted: 
78a1cb297c61b40fd44d7ce6ca9a95e6673a4e8f8e70002cf5a8af3c94c6f375
[2026-05-07T06:54:38.519Z INFO  baals::runtime] Transaction submitted: 
662850af0f2dd295a654bcc6b1536f5f7312505a633f490f099ded5100ac1ede
[2026-05-07T06:54:38.529Z INFO  baals::runtime] Transaction submitted: 
f965a846b2907c56f54e7af3884a9d86d8a2fc85a46ac09c23f3c54cc17b02c3
[2026-05-07T06:54:38.540Z INFO  baals::runtime] Transaction submitted: 
d8aad5fd5594292ab93dc230287d9ac724a06c676cc4b7b7234b8af2dc291efa
[2026-05-07T06:54:38.550Z INFO  baals::runtime] Transaction submitted: 
0b316fd6156ac74c891ad2699d6de794a2b10f99cce9a1840d7f6913337358ce
[2026-05-07T06:54:38.561Z INFO  baals::runtime] Transaction submitted: 
ff6d9ed6f2a04a39c4d09bd2e042236f17b8d777628993201997ecb0aa1f3f65
[2026-05-07T06:54:38.572Z INFO  baals::runtime] Transaction submitted: 
93e3b1e0db6f4b84c6a88836a7a4efad744ecb9b679242b97ab8561b04acc3dc
[2026-05-07T06:54:38.582Z INFO  baals::runtime] Transaction submitted: 
7a4b5d622017b953dec20884a8c099909ec4435fbc33f220f7c4601bc59b5eaa
[2026-05-07T06:54:38.593Z INFO  baals::runtime] Transaction submitted: 
f5f0634f19cf466cda8bd2fb62fd7f3d3b84fa1a57c9848a87442b48d6a1be2c
[2026-05-07T06:54:38.603Z INFO  baals::runtime] Transaction submitted: 
1a746abbe84f905baabf3a5a5f50e8e2b293784360ae8eb250211720b474fe4f
[2026-05-07T06:54:38.614Z INFO  baals::runtime] Transaction submitted: 
31f35303e3fd403447acda4766941800f901d8864f05d0fd6ee2a6150e05d44e
[2026-05-07T06:54:38.624Z INFO  baals::runtime] Transaction submitted: 
f79c9ff750d1ff20c70b6796a73ce6d136c0fc5d75f7366dd7d32f094627dcce
[2026-05-07T06:54:38.635Z INFO  baals::runtime] Transaction submitted: 
522eeba95f6671d8ef6e6402a937963c25bee7d6fe4857e4dcc2ce4da8c17370
[2026-05-07T06:54:38.646Z INFO  baals::runtime] Transaction submitted: 
d0e825fa9065ea8e5d2049af81dad9c3734e82c11889fca7093a29c34dcc63e3
[2026-05-07T06:54:38.657Z INFO  baals::runtime] Transaction submitted: 
cd1e08fbe78075ae875b3f5850544575ce2b5442cc55fa4de4f637286d0c6822
[2026-05-07T06:54:38.668Z INFO  baals::runtime] Transaction submitted: 
90a117b6ac827a0c6cbc2ddef16ddf28be93db0cca14204ac4962cb051bc9030
[2026-05-07T06:54:38.678Z INFO  baals::runtime] Transaction submitted: 
ae09c4dcd609670709e62bdabb82d61139cb1d290b1449eaf784e9a726c4a8cc
[2026-05-07T06:54:38.688Z INFO  baals::runtime] Transaction submitted: 
9af84956f1edb39b6549b12d3c6441e855ba14cb841b57df4c04e69812a5d23f
[2026-05-07T06:54:38.700Z INFO  baals::runtime] Transaction submitted: 
e747fe74de88c4e1a055fd79354d152b086d2044337608e0a593b8736558ee9a
[2026-05-07T06:54:38.710Z INFO  baals::runtime] Transaction submitted: 
e64ce3c3cc008bb88775e840ebb1bfdbe821d63182002fa0604527c4fa130e4b
[2026-05-07T06:54:38.720Z INFO  baals::runtime] Transaction submitted: 
4e87a2184d9b3e3171f90e87fe52d4a040d1b0357edba2d3f9d822f58355cfb0
[2026-05-07T06:54:38.731Z INFO  baals::runtime] Transaction submitted: 
b46df3a7e4a6630e39415d73f5a8bbe57e2de630b5b570780628d6444e5c95e9
[2026-05-07T06:54:38.742Z INFO  baals::runtime] Transaction submitted: 
bf53fc97e03a2d09cd1addecf6b50a80e8ad65e8883bd3b93b5d2aec12b1a6ff
[2026-05-07T06:54:38.754Z INFO  baals::runtime] Transaction submitted: 
5888ef2f39739bf09143f20461c94bf94c41d9031e6147fd2ac807a7c9b71f26
[2026-05-07T06:54:38.765Z INFO  baals::runtime] Transaction submitted: 
f9c5744fa2b58e8099f1b3dec393acb8ed2d93bf1528eb74804e0c4da79173a5
[2026-05-07T06:54:38.775Z INFO  baals::runtime] Transaction submitted: 
7aba78145a5cd43fe76d7875576d8e40ba28903b1d4b610ba2203fe1e328f39a
[2026-05-07T06:54:38.785Z INFO  baals::runtime] Transaction submitted: 
a23244cffd3eacab1831376d27ea4a8f9e3ca681def5645d6099b7709576376f
[2026-05-07T06:54:38.796Z INFO  baals::runtime] Transaction submitted: 
aaa77af434485eb5cc8055661b06bec1a946eec0a3f6802930aa397358bec025
[2026-05-07T06:54:38.807Z INFO  baals::runtime] Transaction submitted: 
40479323274ea7408e3213ea1f0c18835f0f7cf61825247cf899d630e9d1fa07
[2026-05-07T06:54:38.818Z INFO  baals::runtime] Transaction submitted: 
f3cc802502de925987c14c1af2e98688b3bc8647e0e5206de06436cf7ef49c57
[2026-05-07T06:54:38.828Z INFO  baals::runtime] Transaction submitted: 
8725c5cf17facdc8519fc327107c9eeef88df3814bd0f65ff56fbb1cf60b9b59
[2026-05-07T06:54:38.839Z INFO  baals::runtime] Transaction submitted: 
95c900d26098b66670c22e026f02092e8841a1e817e9d42fafc4caa15977e2b9
[2026-05-07T06:54:38.850Z INFO  baals::runtime] Transaction submitted: 
e3fb15b25c16d33217e2a5ccfe9682e9041a2a048693211d7ab58a17de31f209
[2026-05-07T06:54:38.861Z INFO  baals::runtime] Transaction submitted: 
733c1402884fd7483669349f2ce52786054a5451ac10379ad02df55b1973c12e
[2026-05-07T06:54:38.871Z INFO  baals::runtime] Transaction submitted: 
19af15f75d0b8c527e63f47d8b2f01445e0b0155a8bceeb3eec1902eae23c4ab
[2026-05-07T06:54:38.882Z INFO  baals::runtime] Transaction submitted: 
d72f5510cf4de8010aa83984fbf7bd4ce940cc33a6b2948fa9566b20c098a7e1
[2026-05-07T06:54:38.893Z INFO  baals::runtime] Transaction submitted: 
2567549f72250364aaf478a41b2beaad20b0c2caa8effdcdec3b1a9a11899ab1
[2026-05-07T06:54:38.904Z INFO  baals::runtime] Transaction submitted: 
a874a3a551834cde0b7871c04d6e761f5b7d3fa329beae980a66920c6d6e353c
[2026-05-07T06:54:38.915Z INFO  baals::runtime] Transaction submitted: 
cde7a1dd3b18d77bea215b3d8e3322a7388c445e639d84e43d25fc246c5690c8
[2026-05-07T06:54:38.926Z INFO  baals::runtime] Transaction submitted: 
5893aa61d49d2b7cef5ba5cd8480cbaa2df43baae9b9032047579e2c1e3de338
[2026-05-07T06:54:38.936Z INFO  baals::runtime] Transaction submitted: 
aeebe49081dc16b05b0fd57d084ac2517e49d89b02542cda2520aa1a5bf98da0
[2026-05-07T06:54:38.948Z INFO  baals::runtime] Transaction submitted: 
3bbbcf14527977ab1c44980d68054c0eb99ad3a8f1c74c33c84a351befc279c4
[2026-05-07T06:54:38.958Z INFO  baals::runtime] Transaction submitted: 
b08f5b09500b59890d4d905354b0260496a9efbd3ba89738451f95ed4594cc87
[2026-05-07T06:54:38.969Z INFO  baals::runtime] Transaction submitted: 
a98c833958ffcafbdd3be37dcae3c1f23ea24bffc80044f3ea62a8b3cb01ee32
[2026-05-07T06:54:38.980Z INFO  baals::runtime] Transaction submitted: 
fe6b7957a88abb5e35b7c2402ed66fc3932a387713afd447ea3b355208f5176f
[2026-05-07T06:54:38.990Z INFO  baals::runtime] Transaction submitted: 
cc01cce5083afac81c645a2f04ac5aa7e52a2d5293a1a4417fca6bb5e61c45e6
[2026-05-07T06:54:39.001Z INFO  baals::runtime] Transaction submitted: 
3b05269da5887f1408048c71c66dca2474306a71eab23f68c3a9414f8f50ed36
[2026-05-07T06:54:39.012Z INFO  baals::runtime] Transaction submitted: 
4b266af0df73de7ad5ccf2060355e76ee514f387530176ff67bfe0e0bd31ebc2
[2026-05-07T06:54:39.023Z INFO  baals::runtime] Transaction submitted: 
729678393c3f25b7178417a42bc862bdff2bf8764b6b221acdfe727617c21ab2
[2026-05-07T06:54:39.034Z INFO  baals::runtime] Transaction submitted: 
876a74ceedf60fb166de5a59155a61a1ee498451a494c26a6fa7a4bae48264da
[2026-05-07T06:54:39.044Z INFO  baals::runtime] Transaction submitted: 
e7246ac60fb978bd8292ba8316c7ff8a23847810ab045307354768e6c426bea4
[2026-05-07T06:54:39.055Z INFO  baals::runtime] Transaction submitted: 
9ae5138645c2b45e6084c0315951287ea954ab02272756ef2fa1a43355e4cb0e
[2026-05-07T06:54:39.066Z INFO  baals::runtime] Transaction submitted: 
a84299946a62a3b34936a02426a2390eca3bb13310eed018020f4ca27bf5b7d9
[2026-05-07T06:54:39.076Z INFO  baals::runtime] Transaction submitted: 
408a52de95384154dcc047bd36d2ab5561febf27615e6c6cb4b952da32f6e00b
[2026-05-07T06:54:39.087Z INFO  baals::runtime] Transaction submitted: 
a919f9242bd617fc04f43bf1699ab82b1afff5e645dcfe8c5eea7b64a4d2d729
[2026-05-07T06:54:39.098Z INFO  baals::runtime] Transaction submitted: 
2041b924fbb0176c5f8a8ff6bcfe58351543767ebc5ed8902db1fcd5914a88d1
[2026-05-07T06:54:39.114Z INFO  baals::runtime] Transaction submitted: 
f1e20371ad2a72c8d541188c3bbbd2823683f334b5a946f9d67f24fe2d756fdd
[2026-05-07T06:54:39.127Z INFO  baals::runtime] Transaction submitted: 
06fdd4879aff5a47f50fb1d4a5c4109a1c4a99341dbf702c371b7195726938a0
[2026-05-07T06:54:39.138Z INFO  baals::runtime] Transaction submitted: 
63e6c95a0b6ab1df37df612b599fe4baaab70dec3e3975502475e63eacf9837b
[2026-05-07T06:54:39.150Z INFO  baals::runtime] Transaction submitted: 
a4c7e761680a1e1e00b0463462ed670e0c9555074bbbf48b2f5968464972ba6c
[2026-05-07T06:54:39.162Z INFO  baals::runtime] Transaction submitted: 
98cfcc4623ccd04114f30d12ea751f0a3cf7cbafeb8d602835fed66e6e91648a
[2026-05-07T06:54:39.175Z INFO  baals::runtime] Transaction submitted: 
8b8c3e927bc5df31c8274e93963cba5698d2dbdf5c7fd0f15a29de56b338a7e0
[2026-05-07T06:54:39.186Z INFO  baals::runtime] Transaction submitted: 
5918f2819bae2d4764f2b56d3a8155497a523d7e3ecfcdfa808907a3efbfef31
[2026-05-07T06:54:39.196Z INFO  baals::runtime] Transaction submitted: 
74a0287d2b0b227cbfdeee86680d3d5b4ec253d1c2094ecc51aea391f3a13317
[2026-05-07T06:54:39.207Z INFO  baals::runtime] Transaction submitted: 
1d38b808e4645ebaee251ebd11afc982608b1c3acf320583c52b1db7ef596952
[2026-05-07T06:54:39.218Z INFO  baals::runtime] Transaction submitted: 
7a786a55292d6be945a55dcc76e3a6f6f5bcd46f441999289456516890a41f4f
[2026-05-07T06:54:39.230Z INFO  baals::runtime] Transaction submitted: 
4b9510b76df1dcd4626c1b313643c06a084ad54dc5b9480bd95a5604a024ea9b
[2026-05-07T06:54:39.241Z INFO  baals::runtime] Transaction submitted: 
5775cd462905d8a777ff1f2fee335ee26b806c099c7a480c959503048ee6db40
[2026-05-07T06:54:39.251Z INFO  baals::runtime] Transaction submitted: 
edcac38dba81ae5f7b38c2bfdc467aabbab3375d52e48f0465c9e6b0ab24732b
[2026-05-07T06:54:39.261Z INFO  baals::runtime] Transaction submitted: 
9306292ee5a424f6e19fa08bc884b7089fcee96e676506426cbed529e11016c6
[2026-05-07T06:54:39.272Z INFO  baals::runtime] Transaction submitted: 
e42d4235d8a9e9183978cce58a7d8e83dc8f02e6dbc314ff569da8a5a365479e
[2026-05-07T06:54:39.283Z INFO  baals::runtime] Transaction submitted: 
3d521789b1bcd13eeb4e5090d2c122284c43270b2fb156fff9a5e3524e6b7005
[2026-05-07T06:54:39.294Z INFO  baals::runtime] Transaction submitted: 
3bc7f883055e83ec3ff2eb769198232b7df94031fdf4f12a0bc5a044632da513
[2026-05-07T06:54:39.304Z INFO  baals::runtime] Transaction submitted: 
b14877f1fe14f5bb37dc82123eb5b132bfe0264ec340aa9f31b2fb34f8e373ca
[2026-05-07T06:54:39.315Z INFO  baals::runtime] Transaction submitted: 
b6d838ef0de0cab09feaa94e49df29cd39e219419b3803eef9c861b7cb92a8b7
[2026-05-07T06:54:39.325Z INFO  baals::runtime] Transaction submitted: 
0625be4061d6270483ced859fab19f8fdd817e4332af25eabb7214970f930c09
[2026-05-07T06:54:39.336Z INFO  baals::runtime] Transaction submitted: 
3e09d5dfce2899c93ade66f5f559ab62ab8efc4c3274309614758244370eabca
[2026-05-07T06:54:39.347Z INFO  baals::runtime] Transaction submitted: 
674eb74b35d2a7571700f17317ffbe20268860a0158d2c00669ab694ef39c590
[2026-05-07T06:54:39.358Z INFO  baals::runtime] Transaction submitted: 
a19233d45518b318829bc7b44834110e16f6525f885be54b76421d1b4774e8a5
[2026-05-07T06:54:39.368Z INFO  baals::runtime] Transaction submitted: 
4e48fbe01d2e989677e2c95a2c9ee436216e49dbf3a4c8f0b3d74ae46f888996
[2026-05-07T06:54:39.378Z INFO  baals::runtime] Transaction submitted: 
940550e258d59f23785ef4303eee40bbd89dcbc54a43d8d0a608e4a4e8f8f97e
[2026-05-07T06:54:39.388Z INFO  baals::runtime] Transaction submitted: 
fa32c1e8364c4f56cbd7395d18497ae0fe9c1ee41a65af52831f3108d7704a24
[2026-05-07T06:54:39.399Z INFO  baals::runtime] Transaction submitted: 
b97756f3cb23ffb6f06db84e259e2c60b7a0cf7e18ba8b0700c747089259833e
[2026-05-07T06:54:39.410Z INFO  baals::runtime] Transaction submitted: 
06bed92cc11903be15575d38806999dbc84e1dc934f2e87a91192cd0e539e239
[2026-05-07T06:54:39.421Z INFO  baals::runtime] Transaction submitted: 
e8172d219636f33c4d3436afa6c41b4740769a91c76f1cf95e5bf098aba6e689
[2026-05-07T06:54:39.431Z INFO  baals::runtime] Transaction submitted: 
71cb33d35f264b0d2eb0852a6aaf6bb8d280f52ecdc2a0c19feaef2d51ac9dfd
[2026-05-07T06:54:39.441Z INFO  baals::runtime] Transaction submitted: 
bcbe728706b7376638f319a2581f5f0e9d92b4aaf11a6d48d9f1cf4f0d856225
[2026-05-07T06:54:39.451Z INFO  baals::runtime] Transaction submitted: 
9fc6cb09bca5e35dedb1b9c91aeb67a1df8861611583a4ab7e007bbfab5d8255
[2026-05-07T06:54:39.462Z INFO  baals::runtime] Transaction submitted: 
ab0b0b68a43ec15d9076012d1f1821753c385274fe259ecf6738dc7ec0dafded
[2026-05-07T06:54:39.472Z INFO  baals::runtime] Transaction submitted: 
0e9ac4999a3ba8298a4365a70d867b676b1ce8596f3871f323753aaa90cf7f38
[2026-05-07T06:54:39.482Z INFO  baals::runtime] Transaction submitted: 
edb0f820b97e085c6f6685848393505a489ce945f4dfdba8c51c07957715639f
[2026-05-07T06:54:39.493Z INFO  baals::runtime] Transaction submitted: 
6c8234715ea3ff86396583e280255800ed9fc841e0fc68c4a92bf57c2c74ac55
[2026-05-07T06:54:39.503Z INFO  baals::runtime] Transaction submitted: 
d36ebab975d24f18de60d1cd12524bca361f999d91d9a3d8afc477c07b744e12
[2026-05-07T06:54:39.513Z INFO  baals::runtime] Transaction submitted: 
e1a24e7d0b05c6aec5d58e23b4bc9025e4ecf8f90a0dc86b1a9120ff047ab112
[2026-05-07T06:54:39.524Z INFO  baals::runtime] Transaction submitted: 
8c5a4968314ac1497796380bbbd006e3a54e8ce3f735888dd7766381b7feaebb
[2026-05-07T06:54:39.534Z INFO  baals::runtime] Transaction submitted: 
cd510da7e5f0230c9ffe8997979cb6a1aaa504622e5d8b7fc1bab6b036f0a010
[2026-05-07T06:54:39.545Z INFO  baals::runtime] Transaction submitted: 
7132d901f3f73f2038254a173bba528df5b92105835d6960905fe77c71a1125c
[2026-05-07T06:54:39.555Z INFO  baals::runtime] Transaction submitted: 
df4b1e749d8f4c6760ac8b308540c51f319e8d21c26720cbdeed2302df1aead6
[2026-05-07T06:54:39.566Z INFO  baals::runtime] Transaction submitted: 
e2c31efe8414536e8ff7a06e02ddb3d187b39fe88583999b1bb189f36dd481ac
[2026-05-07T06:54:39.577Z INFO  baals::runtime] Transaction submitted: 
20c96dae1bf7e0e238ca03b2b8f9d8edad13cc890a49ae540c56e09627c1fb0f
[2026-05-07T06:54:39.587Z INFO  baals::runtime] Transaction submitted: 
22bedc3f148a38e2f50607b40f28561b664de74f2cb6ebae1caa770b328fa1ac
[2026-05-07T06:54:39.597Z INFO  baals::runtime] Transaction submitted: 
32df1d91389ad195912c5d2bf268ad1e493e5dffc914e39132af7d89e2e18771
[2026-05-07T06:54:39.607Z INFO  baals::runtime] Transaction submitted: 
6afd90282967f50d2aff7315fd9e849c62c4ce97da1fe169488283502065aee8
[2026-05-07T06:54:39.618Z INFO  baals::runtime] Transaction submitted: 
a3cadb5e3026997bd43f83c6272ea91287c48b4e0d00f4d207ea372821410417
[2026-05-07T06:54:39.628Z INFO  baals::runtime] Transaction submitted: 
90051c7f70d442efa316cb0c38f715e33a8bab3a3842a98fcc1b79056da33636
[2026-05-07T06:54:39.639Z INFO  baals::runtime] Transaction submitted: 
f634a601001faca8b4973ca1a8c856bb1512d2a961c1f4b62c5e7beb897ee0d2
[2026-05-07T06:54:39.650Z INFO  baals::runtime] Transaction submitted: 
72a91d6f90fe293b8ead5f42b39450a99e17bfd018691392469fd9cef898ad59
[2026-05-07T06:54:39.660Z INFO  baals::runtime] Transaction submitted: 
ab78c2e453133d605220d32b5953e51d2fd753f34711b8863440cc219ba3860d
[2026-05-07T06:54:39.671Z INFO  baals::runtime] Transaction submitted: 
ce1c0cda14d82a08efe7c2bc9276bd4736f845afc67f926286c774a0e3ab9987
[2026-05-07T06:54:39.681Z INFO  baals::runtime] Transaction submitted: 
6aa44936eaadd01c2addf81894f12d6a86cca1a7afacffdd04bdbf003b154994
[2026-05-07T06:54:39.691Z INFO  baals::runtime] Transaction submitted: 
b359ea9cc508668a3b0a1259cf407c7dad849c0a82dca3e7e7ca16abd62011cc
[2026-05-07T06:54:39.701Z INFO  baals::runtime] Transaction submitted: 
5236dd6bb6bcdad17d11fc14753b124faaaf8b6cf8b4c6b200aa80e70b78d7a5
[2026-05-07T06:54:39.712Z INFO  baals::runtime] Transaction submitted: 
3366034b148bde11012d5d7fabf7c7b6015dd9ef560fe146d1ebad233f59a12c
[2026-05-07T06:54:39.723Z INFO  baals::runtime] Transaction submitted: 
ef1d311759c45833b355b351a099306ee2c6bef0c14a7355420834f4f321abba
[2026-05-07T06:54:39.733Z INFO  baals::runtime] Transaction submitted: 
560dc4e63f1983f22918659da3ffe36a570893528cfc23a181ad58cbdea24658
[2026-05-07T06:54:39.744Z INFO  baals::runtime] Transaction submitted: 
3dc814575b5410be0d4bbd8f76d71e079846e8d1b51c3ac6865ff2c20e600662
[2026-05-07T06:54:39.754Z INFO  baals::runtime] Transaction submitted: 
909f16089a4a2e909021d0905297779f565ee77641e996125109b9ff7addc49b
[2026-05-07T06:54:39.765Z INFO  baals::runtime] Transaction submitted: 
3f27d98f148df9cfcd4ebd10bec3d3b051317ca3859266eaddca550b78c344ea
[2026-05-07T06:54:39.775Z INFO  baals::runtime] Transaction submitted: 
c12ab9f0b77ecdea258b07a021ba15f43f0fba1845d4e787a715fd751603c404
[2026-05-07T06:54:39.785Z INFO  baals::runtime] Transaction submitted: 
f636939aaffc81c08c5e79d346cd78e8296b75de6546e61adb5d6de2cd212c87
[2026-05-07T06:54:39.796Z INFO  baals::runtime] Transaction submitted: 
6e0c53a9e5f9b5dc2224ee50f747b8badbb53a7efa3a4da32c042ae6903d9ada
[2026-05-07T06:54:39.806Z INFO  baals::runtime] Transaction submitted: 
668a46c7ccbf5a231232378c05491e26c379ab78c4049748c748d63bedea1266
[2026-05-07T06:54:39.817Z INFO  baals::runtime] Transaction submitted: 
f61a9f7c0c9d26a843cdbb4cd5fc0b5a1d13bcf4a53a0abb1b0e233777e70efb
[2026-05-07T06:54:39.827Z INFO  baals::runtime] Transaction submitted: 
9532c9bd19665f63be74ef5586db0b15daec8001ab574a3bdf219dfe354f06db
[2026-05-07T06:54:39.837Z INFO  baals::runtime] Transaction submitted: 
5133d5d7ed0aaf55c2ca96a4b7fcde81bea679057b7054f0008759fee3c2c2c7
[2026-05-07T06:54:39.848Z INFO  baals::runtime] Transaction submitted: 
a65b30a722109fce3f7b338a3dba3f3c7d5792d6cb44a5ad61511ef6b8e63314
[2026-05-07T06:54:39.858Z INFO  baals::runtime] Transaction submitted: 
8fa4d2e0de027d2fadbc1da8262d906cecb0b1531d815f981f1bfbd0b341df47
[2026-05-07T06:54:39.868Z INFO  baals::runtime] Transaction submitted: 
356cbc781f352eb0d7a7aed89798a42ee199441d04fb711e9d5165ebf37d0de1
[2026-05-07T06:54:39.878Z INFO  baals::runtime] Transaction submitted: 
25c05635a4b1b946aab961abdf2bb18a19c4af6996241bad607d434e122f208a
[2026-05-07T06:54:39.888Z INFO  baals::runtime] Transaction submitted: 
415dc42617c4d0142ce471e555e326bec9cabc9ca49a713f3612f329a04bcd1a
[2026-05-07T06:54:39.899Z INFO  baals::runtime] Transaction submitted: 
6510869cdc541309013f1574d190cd15777ef9b2f45efd4b79950f782e0ab620
[2026-05-07T06:54:39.911Z INFO  baals::runtime] Transaction submitted: 
72f22d854eff5a1342fe1a083046645b78475342947e330a1f17cebd761c0f53
[2026-05-07T06:54:39.921Z INFO  baals::runtime] Transaction submitted: 
9568e7f897ff6fea954aaea7e81a7f5bd6c2fe2663a249681d29070d3cef0cd9
[2026-05-07T06:54:39.932Z INFO  baals::runtime] Transaction submitted: 
527ed1df9fcc8ba64d080c5347384e1fb28d3cd02fed79ba34ec73217002e62d
[2026-05-07T06:54:39.943Z INFO  baals::runtime] Transaction submitted: 
e924ab72e4923b9eaf22b6a518dd9e2491d24373b62d7026ee5dd64e03c297bd
[2026-05-07T06:54:39.953Z INFO  baals::runtime] Transaction submitted: 
59321bfed02e6afe4848be39576aa368c15c9663abe9a0c7bd845d83bea1d96e
[2026-05-07T06:54:39.964Z INFO  baals::runtime] Transaction submitted: 
1c753c00bf892bd2717745526f417b65b71c1785c41107addaa7362d627662c5
[2026-05-07T06:54:39.974Z INFO  baals::runtime] Transaction submitted: 
ef880f696a3fe800e39411c16a1bfae2a8b518ca0a72eae4ed0542adf7704368
[2026-05-07T06:54:39.985Z INFO  baals::runtime] Transaction submitted: 
bd6b26e13cf78e806ff3c382d2db076f5d24749d2139afbf3d88f276e0b59204
[2026-05-07T06:54:39.996Z INFO  baals::runtime] Transaction submitted: 
fbd55c00b70cb5ba11605a102a9bfcd2afd675ec5dc72cfe7f614768a21644cf
[2026-05-07T06:54:40.006Z INFO  baals::runtime] Transaction submitted: 
b30db9b00b2e22188676c44bc3638a325eb6b76e9d8805c8625d35ffbe65f4f3
[2026-05-07T06:54:40.016Z INFO  baals::runtime] Transaction submitted: 
19f1247ab1556f6116a43bc79cb2f8449be764543efac3a2c8889cee2112fe9e
[2026-05-07T06:54:40.027Z INFO  baals::runtime] Transaction submitted: 
c2b68077f29c2bc7f0788783f1b949b75fa9b06b29e5eec2c2f20c7a563f2b22
[2026-05-07T06:54:40.038Z INFO  baals::runtime] Transaction submitted: 
a32e50c0b8f394249cbf3af724e7ea42602c84a2b4d098307d05c82b7524ee18
[2026-05-07T06:54:40.048Z INFO  baals::runtime] Transaction submitted: 
7bd93ef19b2834133a39532c2ef4078b8139bcd56b2c2c4f75f0748090dfe297
[2026-05-07T06:54:40.058Z INFO  baals::runtime] Transaction submitted: 
e79c94d0f64bfb3a49b9c91cf173c665b144c2f326a7b69e4960e90e990b899f
[2026-05-07T06:54:40.069Z INFO  baals::runtime] Transaction submitted: 
f6c87738c4ef32b31fe386c77ce8b503f783c8f0e9816642f2113773d7d7b967
[2026-05-07T06:54:40.079Z INFO  baals::runtime] Transaction submitted: 
6fe4b0d1ecd69e908f1823c77c333092d3939ce7ecb2ccc709685407b80e0427
[2026-05-07T06:54:40.089Z INFO  baals::runtime] Transaction submitted: 
799d03c43fddcb47815356e9e8721f96e518c5844683fd0bbe4327f6586128f5
[2026-05-07T06:54:40.100Z INFO  baals::runtime] Transaction submitted: 
c048f8a3971d6620e1e0a34bbbe2af8b13dfa7ed0848fb07c347ac420e3211d8
[2026-05-07T06:54:40.110Z INFO  baals::runtime] Transaction submitted: 
8b5cabeb5f8d8495c5d6f7f586cb125288e0031a6d31bd0dcd8d03d24d927d2a
[2026-05-07T06:54:40.120Z INFO  baals::runtime] Transaction submitted: 
a7f5d45f93d94218d77663f8865739c4bf9b71440b9a5fab053d537ce64b7c21
[2026-05-07T06:54:40.131Z INFO  baals::runtime] Transaction submitted: 
69804fa3f2d347f720819eb1b178458f9a8801109e5d68c073f2b21fcaa2aa21
[2026-05-07T06:54:40.141Z INFO  baals::runtime] Transaction submitted: 
74d497d85c9f29910f034208bd1a91044e41dac55a250312f125cef9db021b67
[2026-05-07T06:54:40.151Z INFO  baals::runtime] Transaction submitted: 
c3002988fcd81f5a0b85dcb37371a05c1ec3d98c238c0c34f096767dc3753e7e
[2026-05-07T06:54:40.162Z INFO  baals::runtime] Transaction submitted: 
1ce8ba9f675853776ca4bbaa72db3288701a32ccdc7fbee4bd53ee9f2e13e135
[2026-05-07T06:54:40.172Z INFO  baals::runtime] Transaction submitted: 
83700629cc36f37e93845f56553889c97745326ae829d08b7bd9ea288fc0c0b4
[2026-05-07T06:54:40.183Z INFO  baals::runtime] Transaction submitted: 
ec7e851131bd197581722c45e83aa0e2a7cf41b183e32c3a07db902bebc25f50
[2026-05-07T06:54:40.193Z INFO  baals::runtime] Transaction submitted: 
13cbd8617d440b1929586b4274b5d9e12caf16aacd188e045c47c7d0277a4cae
[2026-05-07T06:54:40.204Z INFO  baals::runtime] Transaction submitted: 
0d49ef1b94ebab68e187a778f68436368a34386ff6d9c5d31209acf321728245
[2026-05-07T06:54:40.214Z INFO  baals::runtime] Transaction submitted: 
c40c9c3cc370b11e60119eecf2a0684f6bee2c1cf24098b3fee5851f0bfae168
[2026-05-07T06:54:40.224Z INFO  baals::runtime] Transaction submitted: 
ae2c05562e438f44734b0b51388edcfbb204855d4e710c44cf25747f01c603ae
[2026-05-07T06:54:40.235Z INFO  baals::runtime] Transaction submitted: 
765b0270db1739a88980a06ced52db5515a5e242b2fd393c002378e100f0c549
[2026-05-07T06:54:40.246Z INFO  baals::runtime] Transaction submitted: 
a7dbbfaafac9335883d5e77a2150ac377a3150c2c8c6ac3c81f701e5000e6253
[2026-05-07T06:54:40.256Z INFO  baals::runtime] Transaction submitted: 
7a3a7135bd67ae93008a4f49939d0e402cd9f77d2684ea34aed3002c6a00d048
[2026-05-07T06:54:40.266Z INFO  baals::runtime] Transaction submitted: 
a07a4397259e8b1ebc0a3806a01dbf19b9fe7d356f6ec2351651a3ef676da808
[2026-05-07T06:54:40.277Z INFO  baals::runtime] Transaction submitted: 
ddfc6ce74ad9411e7df5778cf684b2aedf5fe720c0ce2702382e9378643e52b9
[2026-05-07T06:54:40.287Z INFO  baals::runtime] Transaction submitted: 
4e55bd3e381ac52b90f4ce0404edc637a0ac6beae30b933302047ecbd2c1a7c4
[2026-05-07T06:54:40.297Z INFO  baals::runtime] Transaction submitted: 
347b8cecd6e454a5febe38153573e67d07cc82eb75f8c20b49db389038e9d23b
[2026-05-07T06:54:40.308Z INFO  baals::runtime] Transaction submitted: 
46a075bfb2be918e8f940421be83c40e31c372658c7a94627c0741854e9005c3
[2026-05-07T06:54:40.318Z INFO  baals::runtime] Transaction submitted: 
30f53ca6b620a428b1c5649ce50cccd17841d2a1b5501fdb3e8fad9971a4fdf9
[2026-05-07T06:54:40.329Z INFO  baals::runtime] Transaction submitted: 
ab3273b11593216849bff2103d11ecd0ce36e353ee2062c281bad828e0fe0e14
[2026-05-07T06:54:40.339Z INFO  baals::runtime] Transaction submitted: 
719b6c1d832a8b2cfd73667bd39c4a7789a07fc32e2a08f42663e1ed54ef6ac4
[2026-05-07T06:54:40.350Z INFO  baals::runtime] Transaction submitted: 
94cfb9e28a8bb07d1a0638fe2f2dba027de6f29807a76266f92e0f70f44ecf10
[2026-05-07T06:54:40.360Z INFO  baals::runtime] Transaction submitted: 
7e82c5b61e4c1cb5d6bb5735c4eeb8fbd7f63411d4c78bda7d3434b3bd093ead
[2026-05-07T06:54:40.371Z INFO  baals::runtime] Transaction submitted: 
931835b9b99258308eb061a45244222d31a3cdbc400ab4d0dcbb5b5f42424e97
[2026-05-07T06:54:40.381Z INFO  baals::runtime] Transaction submitted: 
1963028ef1c5cf68848847b17b2e79e9d4c6f7079d72402816a08f0250078f3e
[2026-05-07T06:54:40.392Z INFO  baals::runtime] Transaction submitted: 
a4c258c56cca10e00a12d65ad5139e0838eb1d99198e1b18fedadacf542f08d2
[2026-05-07T06:54:40.403Z INFO  baals::runtime] Transaction submitted: 
bbc8008835bc7fdf6e9c60cd04df61f60573f1b2dd6997d61d85a401186841c5
[2026-05-07T06:54:40.414Z INFO  baals::runtime] Transaction submitted: 
3088f4bd5062cf1ddd36c3187f38fbb4a70b62ce3ee662fe28578af022e21866
[2026-05-07T06:54:40.426Z INFO  baals::runtime] Transaction submitted: 
469b78ea9516d1a083ddb11c88501ba844de6bad2810e80ad962f6b3b09488bf
[2026-05-07T06:54:40.436Z INFO  baals::runtime] Transaction submitted: 
0ccee6ee7d7d2980352eafac47da789389857cb7390fc5422a32e4248cd825bc
[2026-05-07T06:54:40.447Z INFO  baals::runtime] Transaction submitted: 
6289806f72459bdb1b99bf65e53d9246cdd9f0dfbef2b80e9c104e3cac6f23f4
[2026-05-07T06:54:40.457Z INFO  baals::runtime] Transaction submitted: 
281c2b49b88fb63b2556aa9b1d5e8002ab46506f6aa7ddcdfb3f4e7db9837d06
[2026-05-07T06:54:40.468Z INFO  baals::runtime] Transaction submitted: 
c188d97322c402bcf0b6c3f058957ca06039bf6acf8a50df43e0d01ea0881e25
[2026-05-07T06:54:40.478Z INFO  baals::runtime] Transaction submitted: 
a580346c00f38637957681ae1f04a5180933531657f0669cba9ece067c26e509
[2026-05-07T06:54:40.489Z INFO  baals::runtime] Transaction submitted: 
9551a2484e7fa0d9b8ab934b2aa1a008832ec160e57ae7fc689cfc7e5cc118cb
[2026-05-07T06:54:40.499Z INFO  baals::runtime] Transaction submitted: 
9ede82be76882fb564706af61d372c189fd7886c370af229813ff71ab832e88b
[2026-05-07T06:54:40.510Z INFO  baals::runtime] Transaction submitted: 
680eceb55dfe3d1802f69fcc1486cb952e3455c38f660e5c71d59391ef6a2351
[2026-05-07T06:54:40.520Z INFO  baals::runtime] Transaction submitted: 
21f0e6f1877f71b760ce9d58004974798af6cdcef77c27b817a33479f4fc9f04
[2026-05-07T06:54:40.531Z INFO  baals::runtime] Transaction submitted: 
60821da0cc82bc48aa3f07e3e8630ee42945af98f282cd95cf01884f620a9635
[2026-05-07T06:54:40.542Z INFO  baals::runtime] Transaction submitted: 
901a0e64c80fa935a9ac416bb344cceca2ef35f6d3654114f19d151f835b51eb
[2026-05-07T06:54:40.553Z INFO  baals::runtime] Transaction submitted: 
41538bb67d6784256629d6ae1ce03663341d0f66649c1a130b9a40b06fa5b67e
[2026-05-07T06:54:40.564Z INFO  baals::runtime] Transaction submitted: 
2fbdf5a93bc8a625fbe627fa8856b2082b5abbab8674bddbe7b4865de4b10acf
[2026-05-07T06:54:40.574Z INFO  baals::runtime] Transaction submitted: 
8d9a5f9207f25462a41ede1911315af9f1b375dc302f355fc6d47c72d1dbe350
[2026-05-07T06:54:40.585Z INFO  baals::runtime] Transaction submitted: 
858dd2bc22c932410a691cd2e73226af6715b5157f59e2709e10f2d1f742fa7a
[2026-05-07T06:54:40.595Z INFO  baals::runtime] Transaction submitted: 
d1621209de3dded2873c0cdb2a7c6cf8553383addfaed6e91ea0397f8d75213f
[2026-05-07T06:54:40.605Z INFO  baals::runtime] Transaction submitted: 
66a63a2ba997ac6eae60aca51cb8c6cf93516c2075b3d720327e598a44e011ca
[2026-05-07T06:54:40.616Z INFO  baals::runtime] Transaction submitted: 
0313dbf84ab332e1c32cc6b765e623598fa2b8931a113741365e96dbb51c4770
[2026-05-07T06:54:40.627Z INFO  baals::runtime] Transaction submitted: 
5c44c2f4187d2251d377782817849b9bae799d872dd7a155973ea86c7a23ce91
[2026-05-07T06:54:40.637Z INFO  baals::runtime] Transaction submitted: 
da7978381346c6a2015c32f9d785afffffb867c059035c404a8d9da3a72bb847
[2026-05-07T06:54:40.648Z INFO  baals::runtime] Transaction submitted: 
51ea484eccefcce8e3f7eaf596b35d8a3933ee9e2e31799513a0756fbcaddc40
[2026-05-07T06:54:40.659Z INFO  baals::runtime] Transaction submitted: 
a648935df0afc37142f77f0676f11c9c149fd1afdd8121a7e390d813d4456771
[2026-05-07T06:54:40.669Z INFO  baals::runtime] Transaction submitted: 
b3b3c8335759f4e86c44c6661b8123dfe26f60dc66d541bde107c237c863cc21
[2026-05-07T06:54:40.680Z INFO  baals::runtime] Transaction submitted: 
c4b55d850ac8d54415b3fda0dcef034132a303c2d5e8d79f334daff1932964ed
[2026-05-07T06:54:40.690Z INFO  baals::runtime] Transaction submitted: 
60f7bd031285480eb42f52962a79e2850d69cacfff366f9fe096b5ea42d1abbb
[2026-05-07T06:54:40.701Z INFO  baals::runtime] Transaction submitted: 
55fe5aa234f59341bee24d87198474bf4cbcec2df0d1cee971568e1271923b79
[2026-05-07T06:54:40.712Z INFO  baals::runtime] Transaction submitted: 
fd160bd75c5bbfbbd12bde3e2fd42570530a2a708d7b9952995816980b435ff4
[2026-05-07T06:54:40.722Z INFO  baals::runtime] Transaction submitted: 
e854d3d88676a4d948360846997735c478beb99e8e1efef368d3ed84f65901e9
[2026-05-07T06:54:40.734Z INFO  baals::runtime] Transaction submitted: 
bfd76b0e91d6357a3003a6a0449bd970d1a7ced8f787adc02426a8353cb266aa
[2026-05-07T06:54:40.744Z INFO  baals::runtime] Transaction submitted: 
a5eafd0d8ae96a090e792c78205a1c257c2f99d9dbbbd263d00fdabd83c65385
[2026-05-07T06:54:40.756Z INFO  baals::runtime] Transaction submitted: 
16c7afa6c220d67eb4f9dfbf240fbffb31e6f419a2dbc2c6c06b68f57b6baa6c
[2026-05-07T06:54:40.767Z INFO  baals::runtime] Transaction submitted: 
118eb9ab20e74992c6daac926ae5b379d8771a7e2e0a219c1dc77c672ee09bc4
[2026-05-07T06:54:40.779Z INFO  baals::runtime] Transaction submitted: 
b8dcab5f817d0f122901e0a74a831539d33fe876e208e2141107554d9c01a6e0
[2026-05-07T06:54:40.789Z INFO  baals::runtime] Transaction submitted: 
42866ff6b40151c50a9516b84a852c171e9d5f4c0c5d381d5d55acf69c082407
[2026-05-07T06:54:40.801Z INFO  baals::runtime] Transaction submitted: 
514f08a77a808283f70e720b932a220fca26d1ff02def60bd3334c86b719760d
[2026-05-07T06:54:40.813Z INFO  baals::runtime] Transaction submitted: 
a3655b27da6e76beaea7dd331d42912388aa10bbec762c1e50db6fd0d14aeb68
[2026-05-07T06:54:40.824Z INFO  baals::runtime] Transaction submitted: 
bb5513469902f4d11c93af96a84386fb6c77163f2aedd0d20adec53d139ac150
[2026-05-07T06:54:40.835Z INFO  baals::runtime] Transaction submitted: 
4bbbeb68219a3371542b12a59ecba8770cc1aa744b5fb7050b0f7364da3862a9
[2026-05-07T06:54:40.846Z INFO  baals::runtime] Transaction submitted: 
89314169747970fac71303e24af5013dab50fc19baa8227b798fb56215175cfd
[2026-05-07T06:54:40.856Z INFO  baals::runtime] Transaction submitted: 
7a1092d63b90070874fc191e33e77316cd57fb6a54cbb0055cb7efc6ea93c811
[2026-05-07T06:54:40.867Z INFO  baals::runtime] Transaction submitted: 
0eabfbb1f90e87447537ed6c00f0b374725b35a14471ae596bc77d8b76bda8ea
[2026-05-07T06:54:40.878Z INFO  baals::runtime] Transaction submitted: 
1e21e11bae89fb65e8634b104ca66b589bf6470d43e16f639d29573cc103a258
[2026-05-07T06:54:40.888Z INFO  baals::runtime] Transaction submitted: 
fc422c4f94029405818df06eb69f00f1ffe250d53db1fc1e28ee1cd90992a956
[2026-05-07T06:54:40.899Z INFO  baals::runtime] Transaction submitted: 
75723eded94d893bf2ed58264c3d8776835d4f30c161a6e504f803cd3e4232ad
[2026-05-07T06:54:40.910Z INFO  baals::runtime] Transaction submitted: 
5460808a5ef1bbd6b1669ef50e3d6b29121b2c57ff76777030d377698cad7dba
[2026-05-07T06:54:40.921Z INFO  baals::runtime] Transaction submitted: 
5f9289441d799263fe1cbd4840c9ac793a531fcb59c471cb24fb25887fca7276
[2026-05-07T06:54:40.931Z INFO  baals::runtime] Transaction submitted: 
ac6ff3eba4da7f5afedbb0050f276c4d07b15b75e8e0b324b4313b404b444266
[2026-05-07T06:54:40.942Z INFO  baals::runtime] Transaction submitted: 
aa6892eee2bfaeebd5bb636d0a5d27b5d39f456cb908927a4531d92b612d9219
[2026-05-07T06:54:40.953Z INFO  baals::runtime] Transaction submitted: 
3c28fd65476e8dbea14422b4fea955a01c993274b6064e2151d93ede55c33a8a
[2026-05-07T06:54:40.964Z INFO  baals::runtime] Transaction submitted: 
9a51402a6fed0033b923639b840fa9b68eeaf70d93b177cc58edadfbc4099731
[2026-05-07T06:54:40.974Z INFO  baals::runtime] Transaction submitted: 
1fa757fc5a8ebf18f56fc6905cd0b69c0e4a8272b1182f667d9c0f88004f62fe
[2026-05-07T06:54:40.985Z INFO  baals::runtime] Transaction submitted: 
9d5f24ba90b244e1b75f12aedb4f0b8a055b8bec747bac142dae184fa1d063f1
[2026-05-07T06:54:40.995Z INFO  baals::runtime] Transaction submitted: 
cd44577ece810b74bb648aef79b776f344474dffe7b824cd656fcd21082d9aa0
[2026-05-07T06:54:41.006Z INFO  baals::runtime] Transaction submitted: 
451d541a8e6094e2f47cd6a6621e31e3027e95010e57b34ab2f0224acc91e7b0
[2026-05-07T06:54:41.006Z INFO  integration] [PERF] Transaction submission: 1000 transactions in 11.0873498s (90.19 
tps)
[2026-05-07T06:54:41.010Z INFO  baals::consensus] [CONSENSUS] Starting block generation
[2026-05-07T06:54:41.010Z INFO  baals::consensus] [CONSENSUS] Previous block: index=0, 
hash=10eef285deef7a4b7c82b22aa53589b7833df29de3814649c772bbd5c832f365
[2026-05-07T06:54:41.010Z INFO  baals::consensus] [CONSENSUS] Selected 300 transactions (gas=30000000, size=197456 
bytes)
[2026-05-07T06:54:41.012Z INFO  baals::consensus] [CONSENSUS] Block generation completed: index=1, 
hash=c215e47c70b10f16291fda6c75672ab3b9db33828aed57a51d987601c5a2e965
[2026-05-07T06:54:41.012Z INFO  baals::ledger] [LEDGER] Starting block validation
[2026-05-07T06:54:43.888Z INFO  baals::ledger] [LEDGER] Block validation completed successfully
[2026-05-07T06:54:43.889Z INFO  baals::ledger] [LEDGER] Starting block application
[2026-05-07T06:54:43.889Z INFO  baals::ledger] [LEDGER] Block: index=1, 
hash=c215e47c70b10f16291fda6c75672ab3b9db33828aed57a51d987601c5a2e965, transactions=300
[2026-05-07T06:54:43.986Z INFO  baals::ledger] [LEDGER] Block application completed successfully
[2026-05-07T06:54:43.986Z INFO  baals::runtime] Block #1 produced (300 txns, 30000000 gas)
[2026-05-07T06:54:43.995Z INFO  integration] [PERF] Block production: 1 block with 300 transactions in 2.9889157s
[2026-05-07T06:54:43.995Z INFO  integration] [TEST] Performance benchmarks completed successfully
test test_performance_benchmarks ... ok

test result: ok. 43 passed; 0 failed; 1 ignored; 0 measured; 0 filtered out; finished in 14.69s

     Running tests\wasm_fixtures.rs (target\debug\deps\wasm_fixtures-f2541ce9444c03e5.exe)

running 0 tests

test result: ok. 0 passed; 0 failed; 0 ignored; 0 measured; 0 filtered out; finished in 0.00s

   Doc-tests baals

running 0 tests

test result: ok. 0 passed; 0 failed; 0 ignored; 0 measured; 0 filtered out; finished in 0.00s

error: 1 target failed:
    `--test cli_lifecycle`
